> Task :LarozaProvider:checkKotlinGradlePluginConfigurationErrors SKIPPED
> Task :LarozaProvider:preBuild UP-TO-DATE
> Task :LarozaProvider:preDebugBuild UP-TO-DATE
> Task :LarozaProvider:generateDebugResValues UP-TO-DATE
> Task :LarozaProvider:generateDebugResources UP-TO-DATE
> Task :LarozaProvider:packageDebugResources UP-TO-DATE
> Task :LarozaProvider:parseDebugLocalResources UP-TO-DATE
> Task :LarozaProvider:generateDebugRFile UP-TO-DATE

> Task :LarozaProvider:compileDebugKotlin FAILED
.\gradlew.bat : e: file:///C:/Users/alyab/AndroidStudioProjects/streamPre-4.6/omarC/shared/src/main/k
otlin/com/cloudstream/shared/provider/BaseProvider.kt:141:21 Return type mismatch: expected 
'SearchResponse', actual 'Unit'.
At line:1 char:1
+ .\gradlew.bat :LarozaProvider:make > build_output.txt 2>&1
+ ~~~~~~~~~~~~~~~~~~~~~~~~~~~~~~~~~~~~~~~~~~~~~~~~~~~~~~~~~~
    + CategoryInfo          : NotSpecified: (e: file:///C:/U... actual 'Unit'.:String) [], RemoteExc 
   eption
    + FullyQualifiedErrorId : NativeCommandError
 

FAILURE: Build failed with an exception.

* What went wrong:
Execution failed for task ':LarozaProvider:compileDebugKotlin'.
> A failure occurred while executing 
org.jetbrains.kotlin.compilerRunner.GradleCompilerRunnerWithWorkers$GradleKotlinCompilerWorkAction
   > Compilation error. See log for more details

* Try:
> Run with --stacktrace option to get the stack trace.
> Run with --info or --debug option to get more log output.
> Run with --scan to get full insights.
> Get more help at https://help.gradle.org.

BUILD FAILED in 1s
6 actionable tasks: 1 executed, 5 up-to-date
