
[Incubating] Problems report is available at: file:///Users/mohammad/AndroidStudioProjects/cloudstream-standard-v2/omarC/build/reports/problems/problems-report.html

FAILURE: Build failed with an exception.

* What went wrong:
Cannot locate tasks that match ':app:assembleDebug' as project 'app' not found in root project 'CloudstreamPlugins'.

* Try:
> Run gradlew projects to get a list of available projects.
> For more on name expansion, please refer to https://docs.gradle.org/9.1.0/userguide/command_line_interface.html#sec:name_abbreviation in the Gradle documentation.
> Run with --stacktrace option to get the stack trace.
> Run with --info or --debug option to get more log output.
> Run with --scan to generate a Build Scan (Powered by Develocity).
> Get more help at https://help.gradle.org.

Deprecated Gradle features were used in this build, making it incompatible with Gradle 10.

You can use '--warning-mode all' to show the individual deprecation warnings and determine if they come from your own scripts or plugins.

For more on this, please refer to https://docs.gradle.org/9.1.0/userguide/command_line_interface.html#sec:command_line_warnings in the Gradle documentation.

BUILD FAILED in 723ms
