2026-02-11 16:44:33.812 31055-31055 VRI[MainAc...ty]@36c4ac com.lagradost.cloudstream3           I  ViewPostIme pointer 0
2026-02-11 16:44:33.884 31055-31055 VRI[MainAc...ty]@36c4ac com.lagradost.cloudstream3           I  ViewPostIme pointer 1
2026-02-11 16:44:33.892 31055-31055 CS3ExoPlayer            com.lagradost.cloudstream3           I  newInstance = {}
2026-02-11 16:44:33.892 31055-31055 NavComponent            com.lagradost.cloudstream3           I  Navigating to fragment: 2131362284
2026-02-11 16:44:33.894 31055-31055 ImeTracker              com.lagradost.cloudstream3           I  com.lagradost.cloudstream3:e41e184b: onRequestHide at ORIGIN_CLIENT reason HIDE_SOFT_INPUT fromUser false
2026-02-11 16:44:33.894 31055-31055 InputMethodManager_LC   com.lagradost.cloudstream3           I  hsifw() - flag : 0
2026-02-11 16:44:33.894 31055-31055 InputMethodManager_LC   com.lagradost.cloudstream3           I  hsifw() - mService.hideSoftInput
2026-02-11 16:44:33.894 31055-31055 InsetsController        com.lagradost.cloudstream3           D  hide(ime(), fromIme=false)
2026-02-11 16:44:33.894 31055-31055 ImeTracker              com.lagradost.cloudstream3           I  com.lagradost.cloudstream3:e41e184b: onCancelled at PHASE_CLIENT_ALREADY_HIDDEN
2026-02-11 16:44:33.895 31055-31055 CS3ExoPlayer            com.lagradost.cloudstream3           I  onStop
2026-02-11 16:44:33.895 31055-31055 CS3ExoPlayer            com.lagradost.cloudstream3           I  saveData
2026-02-11 16:44:33.895 31055-31055 CS3ExoPlayer            com.lagradost.cloudstream3           I  handleEvent Pause
2026-02-11 16:44:33.896 31055-31055 CS3ExoPlayer            com.lagradost.cloudstream3           I  unwrapBundle = null
2026-02-11 16:44:33.897 31055-31055 CS3ExoPlayer            com.lagradost.cloudstream3           I  unwrapBundle = Bundle[{resumePosition=0, syncData={}}]
2026-02-11 16:44:33.902 31055-31055 SurfaceView             com.lagradost.cloudstream3           D  35794458 updateSurface: has no frame
2026-02-11 16:44:33.931 31055-31055 SV[3579445...nActivity] com.lagradost.cloudstream3           I  onWindowVisibilityChanged(0) true android.view.SurfaceView{2222e1a V.E...... ......I. 0,0-0,0} of VRI[MainActivity]@36c4ac
2026-02-11 16:44:33.931 31055-31055 SurfaceView             com.lagradost.cloudstream3           D  35794458 updateSurface: has no frame
2026-02-11 16:44:33.932 31055-31055 CS3ExoPlayer            com.lagradost.cloudstream3           I  SET STYLE = SaveCaptionStyle(foregroundColor=-1, backgroundColor=0, windowColor=0, edgeType=1, edgeColor=-16777216, typeface=null, typefaceFilePath=null, elevation=20, fixedTextSize=null, edgeSize=null, removeCaptions=false, removeBloat=true, upperCase=false, bold=false, italic=false, backgroundRadius=null)
2026-02-11 16:44:33.934 31055-31055 CS3ExoPlayer            com.lagradost.cloudstream3           I  unwrapBundle = null
2026-02-11 16:44:33.934 31055-31055 CS3ExoPlayer            com.lagradost.cloudstream3           I  unwrapBundle = Bundle[{resumePosition=0, syncData={}}]
2026-02-11 16:44:33.935 31055-31055 PlayViewGen             com.lagradost.cloudstream3           I  loadLinks
2026-02-11 16:44:33.935 31055-31106 SYNCVM                  com.lagradost.cloudstream3           I  updateUserData
2026-02-11 16:44:33.935 31055-31055 CS3ExoPlayer            com.lagradost.cloudstream3           I  setActiveSubtitles 0
2026-02-11 16:44:33.935 31055-31106 ArabseedV2              com.lagradost.cloudstream3           D  [loadLinks] START data='https://asd.pics/%d9%81%d9%8a%d9%84%d9%85-%d8%b3%d9%86%d9%88-%d9%88%d8%a7%d9%8a%...'
2026-02-11 16:44:33.935 31055-31106 RequestQueue            com.lagradost.cloudstream3           D  [enqueue] Request is LEADER | domain=asd.pics, url=https://asd.pics/%d9%81%d9%8a%d9%84%d9%85-%d8%b3%d9%86%d9%88-%d9%88%d8%a7%d9%8a%
2026-02-11 16:44:33.935 31055-31106 ProviderSession         com.lagradost.cloudstream3           D  [buildHeaders] Building request headers | domain=asd.pics, cookieCount=9, hasClearance=true, isValid=true, uaHash=803669695
2026-02-11 16:44:33.936 31055-31055 CS3ExoPlayer            com.lagradost.cloudstream3           I  autoSelectFromSettings = null
2026-02-11 16:44:33.936 31055-31106 ProviderSession         com.lagradost.cloudstream3           D  [buildHeaders] Cookie header set | keys=[cf_clearance, dom3ic8zudi28v8lr6fgphwffqoz0j6c, _ga_D8NNSFR7SN, _ga, sb_page_6f4f5c3f5bfa5f5651799c658cb3556b, sb_main_6f4f5c3f5bfa5f5651799c658cb3556b, sb_count_6f4f5c3f5bfa5f5651799c658cb3556b, pp_main_6710543788e9f02584f3584d5416d1e3, pbpr0tpuw4isk85t8yg3jb2lj5vqf]
2026-02-11 16:44:33.936 31055-31106 ProviderHttp            com.lagradost.cloudstream3           D  [executeDirectRequest] Executing HTTP request | url=https://asd.pics/%d9%81%d9%8a%d9%84%d9%85-%d8%b3%d9%86%d9%88-%d9%88%d8%a7%d9%8a%, domain=asd.pics, hasCookie=true, cookieKeys=[cf_clearance, dom3ic8zudi28v8lr6fgphwffqoz0j6c, _ga_D8NNSFR7SN, _ga, sb_page_6f4f5c3f5bfa5f5651799c658cb3556b, sb_main_6f4f5c3f5bfa5f5651799c658cb3556b, sb_count_6f4f5c3f5bfa5f5651799c658cb3556b, pp_main_6710543788e9f02584f3584d5416d1e3, pbpr0tpuw4isk85t8yg3jb2lj5vqf]
2026-02-11 16:44:33.978 31055-31055 CS3ExoPlayer            com.lagradost.cloudstream3           I  reloadPlayer
2026-02-11 16:44:33.978 31055-31055 CS3ExoPlayer            com.lagradost.cloudstream3           I  releasePlayer
2026-02-11 16:44:33.978 31055-31055 CS3ExoPlayer            com.lagradost.cloudstream3           I  Handle event: PlayerAttachedEvent(player=null, source=Player)
2026-02-11 16:44:33.980 31055-31055 InsetsController        com.lagradost.cloudstream3           D  Setting requestedVisibleTypes to -16 (was -9)
2026-02-11 16:44:33.980 31055-31055 InsetsController        com.lagradost.cloudstream3           I  setRequestedVisibleTypes: visible=false, mask=statusBars navigationBars captionBar, host=com.lagradost.cloudstream3/com.lagradost.cloudstream3.MainActivity, from=android.view.InsetsController.controlAnimationUnchecked:1604 android.view.InsetsController.applyAnimation:2416 android.view.InsetsController.applyAnimation:2343 android.view.InsetsController.hide:1540 android.view.InsetsController.hide:1450 android.view.ViewRootImpl.controlInsetsForCompatibility:4170 android.view.ViewRootImpl.performTraversals:4757 android.view.ViewRootImpl.doTraversal:3924 android.view.ViewRootImpl$TraversalRunnable.run:12903 android.view.Choreographer$CallbackRecord.run:1901
2026-02-11 16:44:33.980 31055-31055 InsetsController        com.lagradost.cloudstream3           I  controlAnimationUncheckedInner: Added types=statusBars navigationBars, animType=1, host=com.lagradost.cloudstream3/com.lagradost.cloudstream3.MainActivity, from=android.view.InsetsController.controlAnimationUnchecked:1608 android.view.InsetsController.applyAnimation:2416 android.view.InsetsController.applyAnimation:2343
2026-02-11 16:44:33.981 31055-31055 BLASTBufferQueue_Java   com.lagradost.cloudstream3           I  update, w= 1440 h= 3088 mName = VRI[MainActivity]@36c4ac mNativeObject= 0xb400007b4c6eb000 sc.mNativeObject= 0xb400007ab48a2180 format= -3 caller= android.view.ViewRootImpl.updateBlastSurfaceIfNeeded:3574 android.view.ViewRootImpl.relayoutWindow:11685 android.view.ViewRootImpl.performTraversals:4804 android.view.ViewRootImpl.doTraversal:3924 android.view.ViewRootImpl$TraversalRunnable.run:12903 android.view.Choreographer$CallbackRecord.run:1901
2026-02-11 16:44:33.981 31055-31055 VRI[MainAc...ty]@36c4ac com.lagradost.cloudstream3           I  Relayout returned: old=(0,0,1440,3088) new=(0,0,1440,3088) relayoutAsync=true req=(1440,3088)0 dur=0 res=0x0 s={true 0xb400007ab4862c00} ch=false seqId=0
2026-02-11 16:44:33.981 31055-31055 VRI[MainAc...ty]@36c4ac com.lagradost.cloudstream3           I  updateBoundsLayer: t=android.view.SurfaceControl$Transaction@68b12cf sc=Surface(name=Bounds for - com.lagradost.cloudstream3/com.lagradost.cloudstream3.MainActivity@0)/@0x40c445c frame=1499
2026-02-11 16:44:33.982 31055-31055 SurfaceView             com.lagradost.cloudstream3           D  35794458 updateSurface: has no frame
2026-02-11 16:44:33.982 31055-31055 SurfaceView             com.lagradost.cloudstream3           I  35794458 Changes: creating=true format=true size=true visible=true alpha=false hint=false left=true top=true z=false attached=true lifecycleStrategy=true
2026-02-11 16:44:33.983 31055-31055 libc                    com.lagradost.cloudstream3           W  Access denied finding property "vendor.display.enable_optimal_refresh_rate"
2026-02-11 16:44:33.983 31055-31055 BufferQueueProducer     com.lagradost.cloudstream3           I  [](id:794f00000007,api:0,p:0,c:31055) setDequeueTimeout:2077252342
2026-02-11 16:44:33.983 31055-31055 BLASTBufferQueue_Java   com.lagradost.cloudstream3           I  new BLASTBufferQueue, mName= 2222e1a SurfaceView[com.lagradost.cloudstream3/com.lagradost.cloudstream3.MainActivity]@0 mNativeObject= 0xb40000785d4ef000 caller= android.view.SurfaceView.createBlastSurfaceControls:1781 android.view.SurfaceView.updateSurface:1450 android.view.SurfaceView.lambda$new$0:280 android.view.SurfaceView.$r8$lambda$NfZyM_TG8F8lqzaOVZ7noREFjzU:0 android.view.SurfaceView$$ExternalSyntheticLambda1.onPreDraw:0 android.view.ViewTreeObserver.dispatchOnPreDraw:1229 android.view.ViewRootImpl.performTraversals:5448 android.view.ViewRootImpl.doTraversal:3924 android.view.ViewRootImpl$TraversalRunnable.run:12903 android.view.Choreographer$CallbackRecord.run:1901
2026-02-11 16:44:33.983 31055-31055 BLASTBufferQueue_Java   com.lagradost.cloudstream3           I  update, w= 1440 h= 3088 mName = 2222e1a SurfaceView[com.lagradost.cloudstream3/com.lagradost.cloudstream3.MainActivity]@0 mNativeObject= 0xb40000785d4ef000 sc.mNativeObject= 0xb400007a983552c0 format= 4 caller= android.view.SurfaceView.createBlastSurfaceControls:1782 android.view.SurfaceView.updateSurface:1450 android.view.SurfaceView.lambda$new$0:280 android.view.SurfaceView.$r8$lambda$NfZyM_TG8F8lqzaOVZ7noREFjzU:0 android.view.SurfaceView$$ExternalSyntheticLambda1.onPreDraw:0 android.view.ViewTreeObserver.dispatchOnPreDraw:1229
2026-02-11 16:44:33.984 31055-31055 SurfaceView             com.lagradost.cloudstream3           I  35794458 Cur surface: Surface(name=null mNativeObject=0)/@0x1355365
2026-02-11 16:44:33.984 31055-31055 SurfaceComposerClient   com.lagradost.cloudstream3           D  setCornerRadius ## 2222e1a SurfaceView[com.lagradost.cloudstream3/com.lagradost.cloudstream3.MainActivity]@0#250630 cornerRadius=0.000000
2026-02-11 16:44:33.984 31055-31055 SV[3579445...nActivity] com.lagradost.cloudstream3           I  pST: sr = Rect(0, 0 - 1440, 3088) sw = 1440 sh = 3088
2026-02-11 16:44:33.984 31055-31055 SurfaceView             com.lagradost.cloudstream3           D  35794458 performSurfaceTransaction RenderWorker position = [0, 0, 1440, 3088] surfaceSize = 1440x3088
2026-02-11 16:44:33.984 31055-31055 libc                    com.lagradost.cloudstream3           W  Access denied finding property "vendor.display.enable_optimal_refresh_rate"
2026-02-11 16:44:33.984 31055-31055 SV[3579445...nActivity] com.lagradost.cloudstream3           I  updateSurface: mVisible = true mSurface.isValid() = true
2026-02-11 16:44:33.984 31055-31055 SV[3579445...nActivity] com.lagradost.cloudstream3           I  updateSurface: mSurfaceCreated = false surfaceChanged = true visibleChanged = true
2026-02-11 16:44:33.984 31055-31055 SurfaceView             com.lagradost.cloudstream3           I  35794458 visibleChanged -- surfaceCreated
2026-02-11 16:44:33.984 31055-31055 SV[3579445...nActivity] com.lagradost.cloudstream3           I  surfaceCreated 0 #8 android.view.SurfaceView{2222e1a V.E...... ......ID 0,0-1440,3088}
2026-02-11 16:44:33.984 31055-31055 SurfaceView             com.lagradost.cloudstream3           I  35794458 surfaceChanged -- format=4 w=1440 h=3088
2026-02-11 16:44:33.984 31055-31055 SV[3579445...nActivity] com.lagradost.cloudstream3           I  surfaceChanged (1440,3088) 0 #8 android.view.SurfaceView{2222e1a V.E...... ......ID 0,0-1440,3088}
2026-02-11 16:44:33.984 31055-31055 SurfaceView             com.lagradost.cloudstream3           I  35794458 surfaceRedrawNeeded
2026-02-11 16:44:33.984 31055-31055 SurfaceView             com.lagradost.cloudstream3           I  35794458 finishedDrawing
2026-02-11 16:44:33.984 31055-31055 SurfaceView             com.lagradost.cloudstream3           V  Layout: x=0 y=0 w=1440 h=3088, frame=Rect(0, 0 - 1440, 3088)
2026-02-11 16:44:33.984 31055-31055 VRI[MainAc...ty]@36c4ac com.lagradost.cloudstream3           I  registerCallbackForPendingTransactions
2026-02-11 16:44:33.988 31055-31077 SurfaceView             com.lagradost.cloudstream3           D  35794458 updateSurfacePosition RenderWorker, frameNr = 1499, position = [72, 154, 1368, 2934] surfaceSize = 1440x3088
2026-02-11 16:44:33.988 31055-31077 SV[3579445...nActivity] com.lagradost.cloudstream3           I  uSP: rtp = Rect(72, 154 - 1368, 2934) rtsw = 1440 rtsh = 3088
2026-02-11 16:44:33.988 31055-31077 SV[3579445...nActivity] com.lagradost.cloudstream3           I  onSSPAndSRT: pl = 72 pt = 154 sx = 0.9 sy = 0.9002591
2026-02-11 16:44:33.988 31055-31077 SV[3579445...nActivity] com.lagradost.cloudstream3           I  aOrMT: VRI[MainActivity]@36c4ac t = android.view.SurfaceControl$Transaction@4bc4dbf fN = 1499 android.view.SurfaceView.-$$Nest$mapplyOrMergeTransaction:0 android.view.SurfaceView$SurfaceViewPositionUpdateListener.positionChanged:1932 android.graphics.RenderNode$CompositePositionUpdateListener.positionChanged:401
2026-02-11 16:44:33.988 31055-31077 VRI[MainAc...ty]@36c4ac com.lagradost.cloudstream3           I  mWNT: t=0xb400007a987c2200 mBlastBufferQueue=0xb400007b4c6eb000 fn= 1499 HdrRenderState mRenderHdrSdrRatio=1.0 caller= android.view.SurfaceView.applyOrMergeTransaction:1863 android.view.SurfaceView.-$$Nest$mapplyOrMergeTransaction:0 android.view.SurfaceView$SurfaceViewPositionUpdateListener.positionChanged:1932
2026-02-11 16:44:33.989 31055-31119 VRI[MainAc...ty]@36c4ac com.lagradost.cloudstream3           I  mWNT: t=0xb400007a9853c980 mBlastBufferQueue=0xb400007b4c6eb000 fn= 1499 HdrRenderState mRenderHdrSdrRatio=1.0 caller= android.view.ViewRootImpl$10.onFrameDraw:6536 android.view.ViewRootImpl$4.onFrameDraw:2489 android.view.ThreadedRenderer$1.onFrameDraw:718
2026-02-11 16:44:33.989 31055-31055 CS3ExoPlayer            com.lagradost.cloudstream3           I  setActiveSubtitles 0
2026-02-11 16:44:33.989 31055-31055 CS3ExoPlayer            com.lagradost.cloudstream3           I  autoSelectFromSettings = null
2026-02-11 16:44:33.990 31055-31055 CS3ExoPlayer            com.lagradost.cloudstream3           I  releasePlayer
2026-02-11 16:44:33.990 31055-31055 CS3ExoPlayer            com.lagradost.cloudstream3           I  Handle event: PlayerAttachedEvent(player=null, source=Player)
2026-02-11 16:44:34.005 31055-31055 ImeTracker              com.lagradost.cloudstream3           I  com.lagradost.cloudstream3:f9a3224: onRequestHide at ORIGIN_CLIENT reason HIDE_SOFT_INPUT fromUser false
2026-02-11 16:44:34.005 31055-31055 InputMethodManager_LC   com.lagradost.cloudstream3           I  hsifw() - flag : 0
2026-02-11 16:44:34.005 31055-31055 InputMethodManager_LC   com.lagradost.cloudstream3           I  hsifw() - mService.hideSoftInput
2026-02-11 16:44:34.005 31055-31055 InsetsController        com.lagradost.cloudstream3           D  hide(ime(), fromIme=false)
2026-02-11 16:44:34.005 31055-31055 ImeTracker              com.lagradost.cloudstream3           I  com.lagradost.cloudstream3:f9a3224: onCancelled at PHASE_CLIENT_ALREADY_HIDDEN
2026-02-11 16:44:34.007 31055-31055 InsetsController        com.lagradost.cloudstream3           I  onStateChanged: host=com.lagradost.cloudstream3/com.lagradost.cloudstream3.MainActivity, from=android.view.ViewRootImpl.onInsetsStateChanged:3026, state=InsetsState: {mDisplayFrame=Rect(0, 0 - 3088, 1440), mDisplayCutout=DisplayCutout{insets=Rect(100, 0 - 0, 0) waterfall=Insets{left=0, top=0, right=0, bottom=0} boundingRect={Bounds=[Rect(0, 684 - 100, 755), Rect(0, 0 - 0, 0), Rect(0, 0 - 0, 0), Rect(0, 0 - 0, 0)]} cutoutPathParserInfo={CutoutPathParserInfo{displayWidth=1440 displayHeight=3088 physicalDisplayWidth=1440 physicalDisplayHeight=3088 density={3.75} cutoutSpec={M 0,0 H -9.466666666666667 V 26.66666666666667‬ H 9.466666666666667 V 0 H 0 Z @dp} rotation={1} scale={1.0} physicalPixelDisplaySizeRatio={1.0}}} sideOverrides={}}, mRoundedCorners=RoundedCorners{[RoundedCorner{position=TopLeft, radius=15, center=Point(15, 15)}, RoundedCorner{position=TopRight, radius=15, center=Point(3073, 15)}, RoundedCorner{position=BottomRight, radius=15, center=Point(3073, 1425)}, RoundedCorner{position=BottomLeft, radius=15, center=Point(15, 1425)}]}  mRoundedCornerFrame=Rect(0, 0 - 3088, 1440), mPrivacyIndicatorBounds=PrivacyIndicatorBounds {static bounds=Rect(2923, 0 - 3088, 113) rotation=1}, mDisplayShape=DisplayShape{ spec=-311912193 displayWidth=1440 displayHeight=3088 physicalPixelDisplaySizeRatio=1.0 rotation=1 offsetX=0 offsetY=0 scale=1.0}, mSources= { InsetsSource: {3 mType=ime mFrame=[0,0][0,0] mVisible=false mFlags= mSideHint=NONE mBoundingRects=null}, InsetsSource: {7 mType=displayCutout mFrame=[0,0][100,1440] mVisible=true mFlags= mSideHint=LEFT mBoundingRects=null}, InsetsSource: {27660001 mType=navigationBars mFrame=[2908,0][3088,1440] mVisible=true mFlags= mSideHint=RIGHT mBoundingRects=null}, InsetsSource: {27660004 mType=systemGestures mFrame=[0,0][0,0] mVisible=true mFlags= mSideHint=NONE mBoundingRects=null}, InsetsSource: {27660005 mType=mandatorySystemGestures mFrame=[2908,0][3088,1440] mVisible=true mFlags= mSideHint=RIGHT mBoundingRects=null}, InsetsSource: {27660006 mType=tappableElement mFrame=[2908,0][3088,1440] mVisible=true mFlags= mSideHint=RIGHT mBoundingRects=null}, InsetsSource: {27660024 mType=systemGestures mFrame=[0,0][0,0] mVisible=true mFlags= mSideHint=NONE mBoundingRects=null}, InsetsSource: {41f30000 mType=statusBars mFrame=[0,0][3088,113] mVisible=true mFlags= mSideHint=TOP mBoundingRects=null}, InsetsSource: {41f30005 mType=mandatorySystemGestures mFrame=[0,0][3088,113] mVisible=true mFlags= mSideHint=TOP mBoundingRects=null}, InsetsSource: {41f30006 mType=tappableElement mFrame=[0,0][3088,113] mVisible=true mFlags= mSideHint=TOP mBoundingRects=null} }
2026-02-11 16:44:34.008 31055-31055 VRI[MainAc...ty]@36c4ac com.lagradost.cloudstream3           I  handleResized, frames=ClientWindowFrames{frame=[100,0][3088,1440] display=[100,0][3088,1440] parentFrame=[0,0][0,0]} displayId=0 dragResizing=false compatScale=1.0 frameChanged=true attachedFrameChanged=false configChanged=true displayChanged=false compatScaleChanged=false dragResizingChanged=false
2026-02-11 16:44:34.008 31055-31055 VRI[MainAc...ty]@36c4ac com.lagradost.cloudstream3           I  handleResized mSyncSeqId = 0
2026-02-11 16:44:34.008 31055-31055 VRI[MainAc...ty]@36c4ac com.lagradost.cloudstream3           D  reportNextDraw android.view.ViewRootImpl.handleResized:2983 android.view.ViewRootImpl.-$$Nest$mhandleResized:0 android.view.ViewRootImpl$W.resized:14082 android.app.servertransaction.WindowStateResizeItem.execute:93 android.app.servertransaction.WindowStateTransactionItem.execute:62
2026-02-11 16:44:34.012 31055-31055 InsetsController        com.lagradost.cloudstream3           I  onStateChanged: host=com.lagradost.cloudstream3/com.lagradost.cloudstream3.MainActivity, from=android.view.ViewRootImpl.onInsetsStateChanged:3026, state=InsetsState: {mDisplayFrame=Rect(0, 0 - 3088, 1440), mDisplayCutout=DisplayCutout{insets=Rect(100, 0 - 0, 0) waterfall=Insets{left=0, top=0, right=0, bottom=0} boundingRect={Bounds=[Rect(0, 684 - 100, 755), Rect(0, 0 - 0, 0), Rect(0, 0 - 0, 0), Rect(0, 0 - 0, 0)]} cutoutPathParserInfo={CutoutPathParserInfo{displayWidth=1440 displayHeight=3088 physicalDisplayWidth=1440 physicalDisplayHeight=3088 density={3.75} cutoutSpec={M 0,0 H -9.466666666666667 V 26.66666666666667‬ H 9.466666666666667 V 0 H 0 Z @dp} rotation={1} scale={1.0} physicalPixelDisplaySizeRatio={1.0}}} sideOverrides={}}, mRoundedCorners=RoundedCorners{[RoundedCorner{position=TopLeft, radius=15, center=Point(15, 15)}, RoundedCorner{position=TopRight, radius=15, center=Point(3073, 15)}, RoundedCorner{position=BottomRight, radius=15, center=Point(3073, 1425)}, RoundedCorner{position=BottomLeft, radius=15, center=Point(15, 1425)}]}  mRoundedCornerFrame=Rect(0, 0 - 3088, 1440), mPrivacyIndicatorBounds=PrivacyIndicatorBounds {static bounds=Rect(2923, 0 - 3088, 113) rotation=1}, mDisplayShape=DisplayShape{ spec=-311912193 displayWidth=1440 displayHeight=3088 physicalPixelDisplaySizeRatio=1.0 rotation=1 offsetX=0 offsetY=0 scale=1.0}, mSources= { InsetsSource: {3 mType=ime mFrame=[0,0][0,0] mVisible=false mFlags= mSideHint=NONE mBoundingRects=null}, InsetsSource: {7 mType=displayCutout mFrame=[0,0][100,1440] mVisible=true mFlags= mSideHint=LEFT mBoundingRects=null}, InsetsSource: {27660001 mType=navigationBars mFrame=[2908,0][3088,1440] mVisible=false mFlags= mSideHint=RIGHT mBoundingRects=null}, InsetsSource: {27660004 mType=systemGestures mFrame=[0,0][0,0] mVisible=true mFlags= mSideHint=NONE mBoundingRects=null}, InsetsSource: {27660005 mType=mandatorySystemGestures mFrame=[2908,0][3088,1440] mVisible=true mFlags= mSideHint=RIGHT mBoundingRects=null}, InsetsSource: {27660006 mType=tappableElement mFrame=[2908,0][3088,1440] mVisible=true mFlags= mSideHint=RIGHT mBoundingRects=null}, InsetsSource: {27660024 mType=systemGestures mFrame=[0,0][0,0] mVisible=true mFlags= mSideHint=NONE mBoundingRects=null}, InsetsSource: {41f30000 mType=statusBars mFrame=[0,0][3088,113] mVisible=false mFlags= mSideHint=TOP mBoundingRects=null}, InsetsSource: {41f30005 mType=mandatorySystemGestures mFrame=[0,0][3088,113] mVisible=true mFlags= mSideHint=TOP mBoundingRects=null}, InsetsSource: {41f30006 mType=tappableElement mFrame=[0,0][3088,113] mVisible=true mFlags= mSideHint=TOP mBoundingRects=null} }
2026-02-11 16:44:34.013 31055-31055 BLASTBufferQueue_Java   com.lagradost.cloudstream3           I  update, w= 3088 h= 1440 mName = VRI[MainActivity]@36c4ac mNativeObject= 0xb400007b4c6eb000 sc.mNativeObject= 0xb400007a98607700 format= -3 caller= android.view.ViewRootImpl.updateBlastSurfaceIfNeeded:3574 android.view.ViewRootImpl.relayoutWindow:11685 android.view.ViewRootImpl.performTraversals:4804 android.view.ViewRootImpl.doTraversal:3924 android.view.ViewRootImpl$TraversalRunnable.run:12903 android.view.Choreographer$CallbackRecord.run:1901
2026-02-11 16:44:34.013 31055-31055 VRI[MainAc...ty]@36c4ac com.lagradost.cloudstream3           I  Relayout returned: old=(100,0,3088,1440) new=(0,0,3088,1440) relayoutAsync=false req=(2988,1440)0 dur=4 res=0x1 s={true 0xb400007ab4862c00} ch=false seqId=0
2026-02-11 16:44:34.013 31055-31055 VRI[MainAc...ty]@36c4ac com.lagradost.cloudstream3           D  mThreadedRenderer.updateSurface() mSurface={isValid=true 0xb400007ab4862c00}
2026-02-11 16:44:34.013 31055-31055 VRI[MainAc...ty]@36c4ac com.lagradost.cloudstream3           I  updateBoundsLayer: t=android.view.SurfaceControl$Transaction@68b12cf sc=Surface(name=Bounds for - com.lagradost.cloudstream3/com.lagradost.cloudstream3.MainActivity@0)/@0x40c445c frame=1502
2026-02-11 16:44:34.014 31055-31055 SurfaceView             com.lagradost.cloudstream3           I  35794458 Changes: creating=false format=false size=true visible=false alpha=false hint=true left=false top=false z=false attached=true lifecycleStrategy=false
2026-02-11 16:44:34.014 31055-31055 SurfaceView             com.lagradost.cloudstream3           I  35794458 Cur surface: Surface(name=null mNativeObject=-5476376620578937600)/@0x1355365
2026-02-11 16:44:34.014 31055-31055 SurfaceComposerClient   com.lagradost.cloudstream3           D  setCornerRadius ## 2222e1a SurfaceView[com.lagradost.cloudstream3/com.lagradost.cloudstream3.MainActivity]@0#250630 cornerRadius=0.000000
2026-02-11 16:44:34.014 31055-31055 BLASTBufferQueue_Java   com.lagradost.cloudstream3           I  update, w= 3088 h= 1440 mName = 2222e1a SurfaceView[com.lagradost.cloudstream3/com.lagradost.cloudstream3.MainActivity]@0 mNativeObject= 0xb40000785d4ef000 sc.mNativeObject= 0xb400007a983552c0 format= 4 caller= android.view.SurfaceView.setBufferSize:1703 android.view.SurfaceView.performSurfaceTransaction:1238 android.view.SurfaceView.updateSurface:1467 android.view.SurfaceView.setFrame:716 android.view.View.layout:26931 android.widget.FrameLayout.layoutChildren:345
2026-02-11 16:44:34.014 31055-31055 SV[3579445...nActivity] com.lagradost.cloudstream3           I  pST: sr = Rect(0, 0 - 3088, 1440) sw = 3088 sh = 1440
2026-02-11 16:44:34.014 31055-31055 SurfaceView             com.lagradost.cloudstream3           D  35794458 performSurfaceTransaction RenderWorker position = [0, 0, 3088, 1440] surfaceSize = 3088x1440
2026-02-11 16:44:34.014 31055-31055 SV[3579445...nActivity] com.lagradost.cloudstream3           I  updateSurface: mVisible = true mSurface.isValid() = true
2026-02-11 16:44:34.014 31055-31055 SV[3579445...nActivity] com.lagradost.cloudstream3           I  updateSurface: mSurfaceCreated = true surfaceChanged = false visibleChanged = false
2026-02-11 16:44:34.014 31055-31055 SurfaceView             com.lagradost.cloudstream3           I  35794458 surfaceChanged -- format=4 w=3088 h=1440
2026-02-11 16:44:34.014 31055-31055 SV[3579445...nActivity] com.lagradost.cloudstream3           I  surfaceChanged (3088,1440) 0 #5 android.view.SurfaceView{2222e1a V.E...... ......ID 0,0-3088,1440}
2026-02-11 16:44:34.014 31055-31055 SurfaceView             com.lagradost.cloudstream3           I  35794458 surfaceRedrawNeeded
2026-02-11 16:44:34.014 31055-31055 SurfaceView             com.lagradost.cloudstream3           I  35794458 finishedDrawing
2026-02-11 16:44:34.014 31055-31055 SurfaceView             com.lagradost.cloudstream3           V  Layout: x=0 y=0 w=3088 h=1440, frame=Rect(0, 0 - 3088, 1440)
2026-02-11 16:44:34.014 31055-31055 VRI[MainAc...ty]@36c4ac com.lagradost.cloudstream3           D  reportNextDraw android.view.ViewRootImpl.performTraversals:5443 android.view.ViewRootImpl.doTraversal:3924 android.view.ViewRootImpl$TraversalRunnable.run:12903 android.view.Choreographer$CallbackRecord.run:1901 android.view.Choreographer$CallbackRecord.run:1910
2026-02-11 16:44:34.014 31055-31055 SurfaceView             com.lagradost.cloudstream3           I  93675194 Changes: creating=false format=false size=false visible=false alpha=false hint=true left=false top=false z=false attached=true lifecycleStrategy=false
2026-02-11 16:44:34.014 31055-31055 SurfaceView             com.lagradost.cloudstream3           I  93675194 Cur surface: Surface(name=null mNativeObject=-5476376620338445568)/@0xeec7311
2026-02-11 16:44:34.014 31055-31055 SurfaceComposerClient   com.lagradost.cloudstream3           D  setCornerRadius ## 5955eba SurfaceView[com.lagradost.cloudstream3/com.lagradost.cloudstream3.MainActivity]@0#250623 cornerRadius=0.000000
2026-02-11 16:44:34.015 31055-31055 BLASTBufferQueue_Java   com.lagradost.cloudstream3           I  update, w= 1440 h= 750 mName = 5955eba SurfaceView[com.lagradost.cloudstream3/com.lagradost.cloudstream3.MainActivity]@0 mNativeObject= 0xb400007ab4942000 sc.mNativeObject= 0xb400007a98606740 format= 4 caller= android.view.SurfaceView.setBufferSize:1703 android.view.SurfaceView.performSurfaceTransaction:1238 android.view.SurfaceView.updateSurface:1467 android.view.SurfaceView.lambda$new$0:280 android.view.SurfaceView.$r8$lambda$NfZyM_TG8F8lqzaOVZ7noREFjzU:0 android.view.SurfaceView$$ExternalSyntheticLambda1.onPreDraw:0
2026-02-11 16:44:34.015 31055-31055 SV[9367519...nActivity] com.lagradost.cloudstream3           I  updateSurface: mVisible = true mSurface.isValid() = true
2026-02-11 16:44:34.015 31055-31055 SV[9367519...nActivity] com.lagradost.cloudstream3           I  updateSurface: mSurfaceCreated = true surfaceChanged = false visibleChanged = false
2026-02-11 16:44:34.015 31055-31055 SurfaceView             com.lagradost.cloudstream3           I  93675194 surfaceChanged -- format=4 w=1440 h=750
2026-02-11 16:44:34.015 31055-31055 SV[9367519...nActivity] com.lagradost.cloudstream3           I  surfaceChanged (1440,750) 0 #8 android.view.SurfaceView{5955eba V.E...... ........ 0,0-1440,750}
2026-02-11 16:44:34.015 31055-31055 SurfaceView             com.lagradost.cloudstream3           I  93675194 surfaceRedrawNeeded
2026-02-11 16:44:34.015 31055-31055 SurfaceView             com.lagradost.cloudstream3           I  93675194 finishedDrawing
2026-02-11 16:44:34.015 31055-31055 SurfaceView             com.lagradost.cloudstream3           V  Layout: x=0 y=288 w=1440 h=750, frame=Rect(0, 0 - 1440, 750)
2026-02-11 16:44:34.015 31055-31055 VRI[MainAc...ty]@36c4ac com.lagradost.cloudstream3           D  Setup new sync=wmsSync-VRI[MainActivity]@36c4ac#18
2026-02-11 16:44:34.015 31055-31055 VRI[MainAc...ty]@36c4ac com.lagradost.cloudstream3           I  Creating new active sync group VRI[MainActivity]@36c4ac#19
2026-02-11 16:44:34.016 31055-31055 VRI[MainAc...ty]@36c4ac com.lagradost.cloudstream3           D  registerCallbacksForSync syncBuffer=false
2026-02-11 16:44:34.019 31055-31077 SurfaceView             com.lagradost.cloudstream3           D  93675194 updateSurfacePosition RenderWorker, frameNr = 1502, position = [8, 302, 1432, 1044] surfaceSize = 1440x750
2026-02-11 16:44:34.019 31055-31077 SV[9367519...nActivity] com.lagradost.cloudstream3           I  uSP: rtp = Rect(8, 302 - 1432, 1044) rtsw = 1440 rtsh = 750
2026-02-11 16:44:34.019 31055-31077 SV[9367519...nActivity] com.lagradost.cloudstream3           I  onSSPAndSRT: pl = 8 pt = 302 sx = 0.98888886 sy = 0.98933333
2026-02-11 16:44:34.019 31055-31077 SV[9367519...nActivity] com.lagradost.cloudstream3           I  aOrMT: VRI[MainActivity]@36c4ac t = android.view.SurfaceControl$Transaction@2d18277 fN = 1502 android.view.SurfaceView.-$$Nest$mapplyOrMergeTransaction:0 android.view.SurfaceView$SurfaceViewPositionUpdateListener.positionChanged:1932 android.graphics.RenderNode$CompositePositionUpdateListener.positionChanged:401
2026-02-11 16:44:34.019 31055-31077 VRI[MainAc...ty]@36c4ac com.lagradost.cloudstream3           I  mWNT: t=0xb400007a98473980 mBlastBufferQueue=0xb400007b4c6eb000 fn= 1502 HdrRenderState mRenderHdrSdrRatio=1.0 caller= android.view.SurfaceView.applyOrMergeTransaction:1863 android.view.SurfaceView.-$$Nest$mapplyOrMergeTransaction:0 android.view.SurfaceView$SurfaceViewPositionUpdateListener.positionChanged:1932
2026-02-11 16:44:34.019 31055-31077 SurfaceView             com.lagradost.cloudstream3           D  35794458 updateSurfacePosition RenderWorker, frameNr = 1502, position = [63, 135, 2880, 1450] surfaceSize = 3088x1440
2026-02-11 16:44:34.019 31055-31077 SV[3579445...nActivity] com.lagradost.cloudstream3           I  uSP: rtp = Rect(63, 135 - 2880, 1450) rtsw = 3088 rtsh = 1440
2026-02-11 16:44:34.019 31055-31077 SV[3579445...nActivity] com.lagradost.cloudstream3           I  onSSPAndSRT: pl = 63 pt = 135 sx = 0.9122409 sy = 0.9131944
2026-02-11 16:44:34.019 31055-31077 SV[3579445...nActivity] com.lagradost.cloudstream3           I  aOrMT: VRI[MainActivity]@36c4ac t = android.view.SurfaceControl$Transaction@3ea24af fN = 1502 android.view.SurfaceView.-$$Nest$mapplyOrMergeTransaction:0 android.view.SurfaceView$SurfaceViewPositionUpdateListener.positionChanged:1932 android.graphics.RenderNode$CompositePositionUpdateListener.positionChanged:401
2026-02-11 16:44:34.019 31055-31077 VRI[MainAc...ty]@36c4ac com.lagradost.cloudstream3           I  mWNT: t=0xb40000785d000c00 mBlastBufferQueue=0xb400007b4c6eb000 fn= 1502 HdrRenderState mRenderHdrSdrRatio=1.0 caller= android.view.SurfaceView.applyOrMergeTransaction:1863 android.view.SurfaceView.-$$Nest$mapplyOrMergeTransaction:0 android.view.SurfaceView$SurfaceViewPositionUpdateListener.positionChanged:1932
2026-02-11 16:44:34.019 31055-31118 VRI[MainAc...ty]@36c4ac com.lagradost.cloudstream3           D  Received frameDrawingCallback syncResult=0 frameNum=1502.
2026-02-11 16:44:34.019 31055-31118 VRI[MainAc...ty]@36c4ac com.lagradost.cloudstream3           I  mWNT: t=0xb40000785d002a00 mBlastBufferQueue=0xb400007b4c6eb000 fn= 1502 HdrRenderState mRenderHdrSdrRatio=1.0 caller= android.view.ViewRootImpl$12.onFrameDraw:15441 android.view.ThreadedRenderer$1.onFrameDraw:718 <bottom of call stack>
2026-02-11 16:44:34.019 31055-31118 VRI[MainAc...ty]@36c4ac com.lagradost.cloudstream3           I  Setting up sync and frameCommitCallback
2026-02-11 16:44:34.031 31055-31077 VRI[MainAc...ty]@36c4ac com.lagradost.cloudstream3           I  Received frameCommittedCallback lastAttemptedDrawFrameNum=1502 didProduceBuffer=true
2026-02-11 16:44:34.031 31055-31055 VRI[MainAc...ty]@36c4ac com.lagradost.cloudstream3           D  reportDrawFinished seqId=0
2026-02-11 16:44:34.032 31055-31055 VRI[MainAc...ty]@36c4ac com.lagradost.cloudstream3           I  handleResized, frames=ClientWindowFrames{frame=[0,0][3088,1440] display=[0,0][3088,1440] parentFrame=[0,0][0,0]} displayId=0 dragResizing=false compatScale=1.0 frameChanged=false attachedFrameChanged=false configChanged=false displayChanged=false compatScaleChanged=false dragResizingChanged=false
2026-02-11 16:44:34.032 31055-31055 VRI[MainAc...ty]@36c4ac com.lagradost.cloudstream3           I  handleResized mSyncSeqId = 0
2026-02-11 16:44:34.032 31055-31055 VRI[MainAc...ty]@36c4ac com.lagradost.cloudstream3           D  reportNextDraw android.view.ViewRootImpl.handleResized:2983 android.view.ViewRootImpl.-$$Nest$mhandleResized:0 android.view.ViewRootImpl$W.resized:14082 android.app.servertransaction.WindowStateResizeItem.execute:93 android.app.servertransaction.WindowStateTransactionItem.execute:62
2026-02-11 16:44:34.032 31055-31055 VRI[MainAc...ty]@36c4ac com.lagradost.cloudstream3           I  handleResized, frames=ClientWindowFrames{frame=[0,0][3088,1440] display=[0,0][3088,1440] parentFrame=[0,0][0,0]} displayId=0 dragResizing=false compatScale=1.0 frameChanged=false attachedFrameChanged=false configChanged=false displayChanged=false compatScaleChanged=false dragResizingChanged=false
2026-02-11 16:44:34.032 31055-31055 VRI[MainAc...ty]@36c4ac com.lagradost.cloudstream3           I  handleResized mSyncSeqId = 0
2026-02-11 16:44:34.032 31055-31055 VRI[MainAc...ty]@36c4ac com.lagradost.cloudstream3           D  reportNextDraw android.view.ViewRootImpl.handleResized:2983 android.view.ViewRootImpl.-$$Nest$mhandleResized:0 android.view.ViewRootImpl$W.resized:14082 android.app.servertransaction.WindowStateResizeItem.execute:93 android.app.servertransaction.WindowStateTransactionItem.execute:62
2026-02-11 16:44:34.037 31055-31055 VRI[MainAc...ty]@36c4ac com.lagradost.cloudstream3           D  Setup new sync=wmsSync-VRI[MainActivity]@36c4ac#20
2026-02-11 16:44:34.037 31055-31055 VRI[MainAc...ty]@36c4ac com.lagradost.cloudstream3           I  Creating new active sync group VRI[MainActivity]@36c4ac#21
2026-02-11 16:44:34.037 31055-31055 VRI[MainAc...ty]@36c4ac com.lagradost.cloudstream3           D  registerCallbacksForSync syncBuffer=false
2026-02-11 16:44:34.038 31055-31119 VRI[MainAc...ty]@36c4ac com.lagradost.cloudstream3           D  Received frameDrawingCallback syncResult=0 frameNum=1503.
2026-02-11 16:44:34.038 31055-31119 VRI[MainAc...ty]@36c4ac com.lagradost.cloudstream3           I  Setting up sync and frameCommitCallback
2026-02-11 16:44:34.041 31055-31077 VRI[MainAc...ty]@36c4ac com.lagradost.cloudstream3           I  Received frameCommittedCallback lastAttemptedDrawFrameNum=1503 didProduceBuffer=true
2026-02-11 16:44:34.041 31055-31055 VRI[MainAc...ty]@36c4ac com.lagradost.cloudstream3           D  reportDrawFinished seqId=0
2026-02-11 16:44:34.041 31055-31055 InsetsController        com.lagradost.cloudstream3           I  onStateChanged: host=com.lagradost.cloudstream3/com.lagradost.cloudstream3.MainActivity, from=android.view.ViewRootImpl.onInsetsStateChanged:3026, state=InsetsState: {mDisplayFrame=Rect(0, 0 - 3088, 1440), mDisplayCutout=DisplayCutout{insets=Rect(100, 0 - 0, 0) waterfall=Insets{left=0, top=0, right=0, bottom=0} boundingRect={Bounds=[Rect(0, 684 - 100, 755), Rect(0, 0 - 0, 0), Rect(0, 0 - 0, 0), Rect(0, 0 - 0, 0)]} cutoutPathParserInfo={CutoutPathParserInfo{displayWidth=1440 displayHeight=3088 physicalDisplayWidth=1440 physicalDisplayHeight=3088 density={3.75} cutoutSpec={M 0,0 H -9.466666666666667 V 26.66666666666667‬ H 9.466666666666667 V 0 H 0 Z @dp} rotation={1} scale={1.0} physicalPixelDisplaySizeRatio={1.0}}} sideOverrides={}}, mRoundedCorners=RoundedCorners{[RoundedCorner{position=TopLeft, radius=15, center=Point(15, 15)}, RoundedCorner{position=TopRight, radius=15, center=Point(3073, 15)}, RoundedCorner{position=BottomRight, radius=15, center=Point(3073, 1425)}, RoundedCorner{position=BottomLeft, radius=15, center=Point(15, 1425)}]}  mRoundedCornerFrame=Rect(0, 0 - 3088, 1440), mPrivacyIndicatorBounds=PrivacyIndicatorBounds {static bounds=Rect(2923, 0 - 3088, 113) rotation=1}, mDisplayShape=DisplayShape{ spec=-311912193 displayWidth=1440 displayHeight=3088 physicalPixelDisplaySizeRatio=1.0 rotation=1 offsetX=0 offsetY=0 scale=1.0}, mSources= { InsetsSource: {3 mType=ime mFrame=[0,0][0,0] mVisible=false mFlags= mSideHint=NONE mBoundingRects=null}, InsetsSource: {7 mType=displayCutout mFrame=[0,0][100,1440] mVisible=true mFlags= mSideHint=LEFT mBoundingRects=null}, InsetsSource: {27660001 mType=navigationBars mFrame=[2908,0][3088,1440] mVisible=false mFlags= mSideHint=RIGHT mBoundingRects=null}, InsetsSource: {27660004 mType=systemGestures mFrame=[0,0][0,0] mVisible=true mFlags= mSideHint=NONE mBoundingRects=null}, InsetsSource: {27660005 mType=mandatorySystemGestures mFrame=[2908,0][3088,1440] mVisible=true mFlags= mSideHint=RIGHT mBoundingRects=null}, InsetsSource: {27660006 mType=tappableElement mFrame=[2908,0][3088,1440] mVisible=true mFlags= mSideHint=RIGHT mBoundingRects=null}, InsetsSource: {27660024 mType=systemGestures mFrame=[0,0][0,0] mVisible=true mFlags= mSideHint=NONE mBoundingRects=null}, InsetsSource: {41f30000 mType=statusBars mFrame=[0,0][3088,113] mVisible=false mFlags= mSideHint=TOP mBoundingRects=null}, InsetsSource: {41f30005 mType=mandatorySystemGestures mFrame=[0,0][3088,113] mVisible=true mFlags= mSideHint=TOP mBoundingRects=null}, InsetsSource: {41f30006 mType=tappableElement mFrame=[0,0][3088,113] mVisible=true mFlags= mSideHint=TOP mBoundingRects=null} }
2026-02-11 16:44:34.041 31055-31055 VRI[MainAc...ty]@36c4ac com.lagradost.cloudstream3           I  handleResized, frames=ClientWindowFrames{frame=[0,0][3088,1440] display=[0,0][3088,1440] parentFrame=[0,0][0,0]} displayId=0 dragResizing=false compatScale=1.0 frameChanged=false attachedFrameChanged=false configChanged=false displayChanged=false compatScaleChanged=false dragResizingChanged=false
2026-02-11 16:44:34.041 31055-31055 VRI[MainAc...ty]@36c4ac com.lagradost.cloudstream3           I  handleResized mSyncSeqId = 0
2026-02-11 16:44:34.041 31055-31055 VRI[MainAc...ty]@36c4ac com.lagradost.cloudstream3           D  reportNextDraw android.view.ViewRootImpl.handleResized:2983 android.view.ViewRootImpl.-$$Nest$mhandleResized:0 android.view.ViewRootImpl$W.resized:14082 android.app.servertransaction.WindowStateResizeItem.execute:93 android.app.servertransaction.WindowStateTransactionItem.execute:62
2026-02-11 16:44:34.042 31055-31055 VRI[MainAc...ty]@36c4ac com.lagradost.cloudstream3           D  Setup new sync=wmsSync-VRI[MainActivity]@36c4ac#22
2026-02-11 16:44:34.042 31055-31055 VRI[MainAc...ty]@36c4ac com.lagradost.cloudstream3           I  Creating new active sync group VRI[MainActivity]@36c4ac#23
2026-02-11 16:44:34.062 31055-31055 VRI[MainAc...ty]@36c4ac com.lagradost.cloudstream3           D  registerCallbacksForSync syncBuffer=false
2026-02-11 16:44:34.065 31055-31077 SurfaceView             com.lagradost.cloudstream3           D  93675194 updateSurfacePosition RenderWorker, frameNr = 1506, position = [24, 327, 1416, 1052] surfaceSize = 1440x750
2026-02-11 16:44:34.065 31055-31077 SV[9367519...nActivity] com.lagradost.cloudstream3           I  uSP: rtp = Rect(24, 327 - 1416, 1052) rtsw = 1440 rtsh = 750
2026-02-11 16:44:34.065 31055-31077 SV[9367519...nActivity] com.lagradost.cloudstream3           I  onSSPAndSRT: pl = 24 pt = 327 sx = 0.96666664 sy = 0.96666664
2026-02-11 16:44:34.065 31055-31077 SV[9367519...nActivity] com.lagradost.cloudstream3           I  aOrMT: VRI[MainActivity]@36c4ac t = android.view.SurfaceControl$Transaction@2d18277 fN = 1506 android.view.SurfaceView.-$$Nest$mapplyOrMergeTransaction:0 android.view.SurfaceView$SurfaceViewPositionUpdateListener.positionChanged:1932 android.graphics.RenderNode$CompositePositionUpdateListener.positionChanged:401
2026-02-11 16:44:34.065 31055-31077 VRI[MainAc...ty]@36c4ac com.lagradost.cloudstream3           I  mWNT: t=0xb400007a98473980 mBlastBufferQueue=0xb400007b4c6eb000 fn= 1506 HdrRenderState mRenderHdrSdrRatio=1.0 caller= android.view.SurfaceView.applyOrMergeTransaction:1863 android.view.SurfaceView.-$$Nest$mapplyOrMergeTransaction:0 android.view.SurfaceView$SurfaceViewPositionUpdateListener.positionChanged:1932
2026-02-11 16:44:34.065 31055-31077 SurfaceView             com.lagradost.cloudstream3           D  35794458 updateSurfacePosition RenderWorker, frameNr = 1506, position = [47, 102, 2931, 1447] surfaceSize = 3088x1440
2026-02-11 16:44:34.065 31055-31077 SV[3579445...nActivity] com.lagradost.cloudstream3           I  uSP: rtp = Rect(47, 102 - 2931, 1447) rtsw = 3088 rtsh = 1440
2026-02-11 16:44:34.065 31055-31077 SV[3579445...nActivity] com.lagradost.cloudstream3           I  onSSPAndSRT: pl = 47 pt = 102 sx = 0.93393785 sy = 0.9340278
2026-02-11 16:44:34.065 31055-31077 SV[3579445...nActivity] com.lagradost.cloudstream3           I  aOrMT: VRI[MainActivity]@36c4ac t = android.view.SurfaceControl$Transaction@3ea24af fN = 1506 android.view.SurfaceView.-$$Nest$mapplyOrMergeTransaction:0 android.view.SurfaceView$SurfaceViewPositionUpdateListener.positionChanged:1932 android.graphics.RenderNode$CompositePositionUpdateListener.positionChanged:401
2026-02-11 16:44:34.065 31055-31077 VRI[MainAc...ty]@36c4ac com.lagradost.cloudstream3           I  mWNT: t=0xb40000785d000c00 mBlastBufferQueue=0xb400007b4c6eb000 fn= 1506 HdrRenderState mRenderHdrSdrRatio=1.0 caller= android.view.SurfaceView.applyOrMergeTransaction:1863 android.view.SurfaceView.-$$Nest$mapplyOrMergeTransaction:0 android.view.SurfaceView$SurfaceViewPositionUpdateListener.positionChanged:1932
2026-02-11 16:44:34.066 31055-31118 VRI[MainAc...ty]@36c4ac com.lagradost.cloudstream3           D  Received frameDrawingCallback syncResult=0 frameNum=1506.
2026-02-11 16:44:34.066 31055-31118 VRI[MainAc...ty]@36c4ac com.lagradost.cloudstream3           I  Setting up sync and frameCommitCallback
2026-02-11 16:44:34.067 31055-31077 VRI[MainAc...ty]@36c4ac com.lagradost.cloudstream3           I  Received frameCommittedCallback lastAttemptedDrawFrameNum=1506 didProduceBuffer=true
2026-02-11 16:44:34.067 31055-31055 VRI[MainAc...ty]@36c4ac com.lagradost.cloudstream3           D  reportDrawFinished seqId=0
2026-02-11 16:44:34.068 31055-31077 SurfaceView             com.lagradost.cloudstream3           D  93675194 updateSurfacePosition RenderWorker, frameNr = 1507, position = [29, 336, 1411, 1056] surfaceSize = 1440x750
2026-02-11 16:44:34.068 31055-31077 SV[9367519...nActivity] com.lagradost.cloudstream3           I  uSP: rtp = Rect(29, 336 - 1411, 1056) rtsw = 1440 rtsh = 750
2026-02-11 16:44:34.068 31055-31077 SV[9367519...nActivity] com.lagradost.cloudstream3           I  onSSPAndSRT: pl = 29 pt = 336 sx = 0.9597222 sy = 0.96
2026-02-11 16:44:34.068 31055-31077 SV[9367519...nActivity] com.lagradost.cloudstream3           I  aOrMT: VRI[MainActivity]@36c4ac t = android.view.SurfaceControl$Transaction@2d18277 fN = 1507 android.view.SurfaceView.-$$Nest$mapplyOrMergeTransaction:0 android.view.SurfaceView$SurfaceViewPositionUpdateListener.positionChanged:1932 android.graphics.RenderNode$CompositePositionUpdateListener.positionChanged:401
2026-02-11 16:44:34.068 31055-31077 VRI[MainAc...ty]@36c4ac com.lagradost.cloudstream3           I  mWNT: t=0xb400007a98473980 mBlastBufferQueue=0xb400007b4c6eb000 fn= 1507 HdrRenderState mRenderHdrSdrRatio=1.0 caller= android.view.SurfaceView.applyOrMergeTransaction:1863 android.view.SurfaceView.-$$Nest$mapplyOrMergeTransaction:0 android.view.SurfaceView$SurfaceViewPositionUpdateListener.positionChanged:1932
2026-02-11 16:44:34.068 31055-31077 SurfaceView             com.lagradost.cloudstream3           D  35794458 updateSurfacePosition RenderWorker, frameNr = 1507, position = [42, 90, 2950, 1447] surfaceSize = 3088x1440
2026-02-11 16:44:34.068 31055-31077 SV[3579445...nActivity] com.lagradost.cloudstream3           I  uSP: rtp = Rect(42, 90 - 2950, 1447) rtsw = 3088 rtsh = 1440
2026-02-11 16:44:34.068 31055-31077 SV[3579445...nActivity] com.lagradost.cloudstream3           I  onSSPAndSRT: pl = 42 pt = 90 sx = 0.9417098 sy = 0.9423611
2026-02-11 16:44:34.068 31055-31077 SV[3579445...nActivity] com.lagradost.cloudstream3           I  aOrMT: VRI[MainActivity]@36c4ac t = android.view.SurfaceControl$Transaction@3ea24af fN = 1507 android.view.SurfaceView.-$$Nest$mapplyOrMergeTransaction:0 android.view.SurfaceView$SurfaceViewPositionUpdateListener.positionChanged:1932 android.graphics.RenderNode$CompositePositionUpdateListener.positionChanged:401
2026-02-11 16:44:34.068 31055-31077 VRI[MainAc...ty]@36c4ac com.lagradost.cloudstream3           I  mWNT: t=0xb40000785d000c00 mBlastBufferQueue=0xb400007b4c6eb000 fn= 1507 HdrRenderState mRenderHdrSdrRatio=1.0 caller= android.view.SurfaceView.applyOrMergeTransaction:1863 android.view.SurfaceView.-$$Nest$mapplyOrMergeTransaction:0 android.view.SurfaceView$SurfaceViewPositionUpdateListener.positionChanged:1932
2026-02-11 16:44:34.073 31055-31077 SurfaceView             com.lagradost.cloudstream3           D  93675194 updateSurfacePosition RenderWorker, frameNr = 1507, position = [48, 366, 1392, 1067] surfaceSize = 1440x750
2026-02-11 16:44:34.073 31055-31077 SV[9367519...nActivity] com.lagradost.cloudstream3           I  uSP: rtp = Rect(48, 366 - 1392, 1067) rtsw = 1440 rtsh = 750
2026-02-11 16:44:34.073 31055-31077 SV[9367519...nActivity] com.lagradost.cloudstream3           I  onSSPAndSRT: pl = 48 pt = 366 sx = 0.93333334 sy = 0.9346667
2026-02-11 16:44:34.073 31055-31077 SV[9367519...nActivity] com.lagradost.cloudstream3           I  aOrMT: VRI[MainActivity]@36c4ac t = android.view.SurfaceControl$Transaction@2d18277 fN = 1507 android.view.SurfaceView.-$$Nest$mapplyOrMergeTransaction:0 android.view.SurfaceView$SurfaceViewPositionUpdateListener.positionChanged:1932 android.graphics.RenderNode$CompositePositionUpdateListener.positionChanged:401
2026-02-11 16:44:34.073 31055-31077 VRI[MainAc...ty]@36c4ac com.lagradost.cloudstream3           I  mWNT: t=0xb400007a98473980 mBlastBufferQueue=0xb400007b4c6eb000 fn= 1507 HdrRenderState mRenderHdrSdrRatio=1.0 caller= android.view.SurfaceView.applyOrMergeTransaction:1863 android.view.SurfaceView.-$$Nest$mapplyOrMergeTransaction:0 android.view.SurfaceView$SurfaceViewPositionUpdateListener.positionChanged:1932
2026-02-11 16:44:34.073 31055-31077 SurfaceView             com.lagradost.cloudstream3           D  35794458 updateSurfacePosition RenderWorker, frameNr = 1507, position = [23, 50, 3011, 1444] surfaceSize = 3088x1440
2026-02-11 16:44:34.073 31055-31077 SV[3579445...nActivity] com.lagradost.cloudstream3           I  uSP: rtp = Rect(23, 50 - 3011, 1444) rtsw = 3088 rtsh = 1440
2026-02-11 16:44:34.073 31055-31077 SV[3579445...nActivity] com.lagradost.cloudstream3           I  onSSPAndSRT: pl = 23 pt = 50 sx = 0.96761656 sy = 0.96805555
2026-02-11 16:44:34.073 31055-31077 SV[3579445...nActivity] com.lagradost.cloudstream3           I  aOrMT: VRI[MainActivity]@36c4ac t = android.view.SurfaceControl$Transaction@3ea24af fN = 1507 android.view.SurfaceView.-$$Nest$mapplyOrMergeTransaction:0 android.view.SurfaceView$SurfaceViewPositionUpdateListener.positionChanged:1932 android.graphics.RenderNode$CompositePositionUpdateListener.positionChanged:401
2026-02-11 16:44:34.073 31055-31077 VRI[MainAc...ty]@36c4ac com.lagradost.cloudstream3           I  mWNT: t=0xb40000785d000c00 mBlastBufferQueue=0xb400007b4c6eb000 fn= 1507 HdrRenderState mRenderHdrSdrRatio=1.0 caller= android.view.SurfaceView.applyOrMergeTransaction:1863 android.view.SurfaceView.-$$Nest$mapplyOrMergeTransaction:0 android.view.SurfaceView$SurfaceViewPositionUpdateListener.positionChanged:1932
2026-02-11 16:44:34.081 31055-31077 SurfaceView             com.lagradost.cloudstream3           D  93675194 updateSurfacePosition RenderWorker, frameNr = 1508, position = [54, 375, 1386, 1070] surfaceSize = 1440x750
2026-02-11 16:44:34.081 31055-31077 SV[9367519...nActivity] com.lagradost.cloudstream3           I  uSP: rtp = Rect(54, 375 - 1386, 1070) rtsw = 1440 rtsh = 750
2026-02-11 16:44:34.081 31055-31077 SV[9367519...nActivity] com.lagradost.cloudstream3           I  onSSPAndSRT: pl = 54 pt = 375 sx = 0.925 sy = 0.9266667
2026-02-11 16:44:34.081 31055-31077 SV[9367519...nActivity] com.lagradost.cloudstream3           I  aOrMT: VRI[MainActivity]@36c4ac t = android.view.SurfaceControl$Transaction@2d18277 fN = 1508 android.view.SurfaceView.-$$Nest$mapplyOrMergeTransaction:0 android.view.SurfaceView$SurfaceViewPositionUpdateListener.positionChanged:1932 android.graphics.RenderNode$CompositePositionUpdateListener.positionChanged:401
