2026-02-11 15:40:28.690 15870-15870 VRI[MainAc...ty]@e9225f com.lagradost.cloudstream3           I  ViewPostIme pointer 0
2026-02-11 15:40:28.691 15870-15870 VRI[MainAc...ty]@e9225f com.lagradost.cloudstream3           I  call setFrameRateCategory for touch hint category=high hint, reason=touch, vri=VRI[MainActivity]@e9225f
2026-02-11 15:40:28.729 15870-15870 VRI[MainAc...ty]@e9225f com.lagradost.cloudstream3           I  ViewPostIme pointer 1
2026-02-11 15:40:28.737 15870-15870 CS3ExoPlayer            com.lagradost.cloudstream3           I  newInstance = {}
2026-02-11 15:40:28.737 15870-15870 NavComponent            com.lagradost.cloudstream3           I  Navigating to fragment: 2131362284
2026-02-11 15:40:28.738 15870-15870 ImeTracker              com.lagradost.cloudstream3           I  com.lagradost.cloudstream3:ced0fda5: onRequestHide at ORIGIN_CLIENT reason HIDE_SOFT_INPUT fromUser false
2026-02-11 15:40:28.738 15870-15870 InputMethodManager_LC   com.lagradost.cloudstream3           I  hsifw() - flag : 0
2026-02-11 15:40:28.738 15870-15870 InputMethodManager_LC   com.lagradost.cloudstream3           I  hsifw() - mService.hideSoftInput
2026-02-11 15:40:28.738 15870-15870 InsetsController        com.lagradost.cloudstream3           D  hide(ime(), fromIme=false)
2026-02-11 15:40:28.738 15870-15870 ImeTracker              com.lagradost.cloudstream3           I  com.lagradost.cloudstream3:ced0fda5: onCancelled at PHASE_CLIENT_ALREADY_HIDDEN
2026-02-11 15:40:28.739 15870-15870 CS3ExoPlayer            com.lagradost.cloudstream3           I  onStop
2026-02-11 15:40:28.740 15870-15870 CS3ExoPlayer            com.lagradost.cloudstream3           I  saveData
2026-02-11 15:40:28.740 15870-15870 CS3ExoPlayer            com.lagradost.cloudstream3           I  handleEvent Pause
2026-02-11 15:40:28.741 15870-15870 CS3ExoPlayer            com.lagradost.cloudstream3           I  unwrapBundle = null
2026-02-11 15:40:28.741 15870-15870 CS3ExoPlayer            com.lagradost.cloudstream3           I  unwrapBundle = Bundle[{resumePosition=0, syncData={}}]
2026-02-11 15:40:28.746 15870-15870 SurfaceView             com.lagradost.cloudstream3           D  258224364 updateSurface: has no frame
2026-02-11 15:40:28.779 15870-15870 SV[2582243...nActivity] com.lagradost.cloudstream3           I  onWindowVisibilityChanged(0) true android.view.SurfaceView{f6430ec V.E...... ......I. 0,0-0,0} of VRI[MainActivity]@e9225f
2026-02-11 15:40:28.779 15870-15870 SurfaceView             com.lagradost.cloudstream3           D  258224364 updateSurface: has no frame
2026-02-11 15:40:28.780 15870-15870 CS3ExoPlayer            com.lagradost.cloudstream3           I  SET STYLE = SaveCaptionStyle(foregroundColor=-1, backgroundColor=0, windowColor=0, edgeType=1, edgeColor=-16777216, typeface=null, typefaceFilePath=null, elevation=20, fixedTextSize=null, edgeSize=null, removeCaptions=false, removeBloat=true, upperCase=false, bold=false, italic=false, backgroundRadius=null)
2026-02-11 15:40:28.783 15870-15870 CS3ExoPlayer            com.lagradost.cloudstream3           I  unwrapBundle = null
2026-02-11 15:40:28.783 15870-15870 CS3ExoPlayer            com.lagradost.cloudstream3           I  unwrapBundle = Bundle[{resumePosition=0, syncData={}}]
2026-02-11 15:40:28.783 15870-15870 PlayViewGen             com.lagradost.cloudstream3           I  loadLinks
2026-02-11 15:40:28.783 15870-15907 SYNCVM                  com.lagradost.cloudstream3           I  updateUserData
2026-02-11 15:40:28.783 15870-15870 CS3ExoPlayer            com.lagradost.cloudstream3           I  setActiveSubtitles 0
2026-02-11 15:40:28.784 15870-15907 ArabseedV2              com.lagradost.cloudstream3           D  [loadLinks] START data='https://asd.pics/%d9%81%d9%8a%d9%84%d9%85-%d8%b3%d9%86%d9%88-%d9%88%d8%a7%d9%8a%...'
2026-02-11 15:40:28.784 15870-15907 RequestQueue            com.lagradost.cloudstream3           D  [enqueue] Request is LEADER | domain=asd.pics, url=https://asd.pics/%d9%81%d9%8a%d9%84%d9%85-%d8%b3%d9%86%d9%88-%d9%88%d8%a7%d9%8a%
2026-02-11 15:40:28.784 15870-15870 CS3ExoPlayer            com.lagradost.cloudstream3           I  autoSelectFromSettings = null
2026-02-11 15:40:28.784 15870-15907 ProviderSession         com.lagradost.cloudstream3           D  [buildHeaders] Building request headers | domain=asd.pics, cookieCount=9, hasClearance=true, isValid=true, uaHash=803669695
2026-02-11 15:40:28.784 15870-15907 ProviderSession         com.lagradost.cloudstream3           D  [buildHeaders] Cookie header set | keys=[cf_clearance, dom3ic8zudi28v8lr6fgphwffqoz0j6c, _ga_D8NNSFR7SN, _ga, sb_page_6f4f5c3f5bfa5f5651799c658cb3556b, sb_main_6f4f5c3f5bfa5f5651799c658cb3556b, sb_count_6f4f5c3f5bfa5f5651799c658cb3556b, pp_main_6710543788e9f02584f3584d5416d1e3, pbpr0tpuw4isk85t8yg3jb2lj5vqf]
2026-02-11 15:40:28.785 15870-15907 ProviderHttp            com.lagradost.cloudstream3           D  [executeDirectRequest] Executing HTTP request | url=https://asd.pics/%d9%81%d9%8a%d9%84%d9%85-%d8%b3%d9%86%d9%88-%d9%88%d8%a7%d9%8a%, domain=asd.pics, hasCookie=true, cookieKeys=[cf_clearance, dom3ic8zudi28v8lr6fgphwffqoz0j6c, _ga_D8NNSFR7SN, _ga, sb_page_6f4f5c3f5bfa5f5651799c658cb3556b, sb_main_6f4f5c3f5bfa5f5651799c658cb3556b, sb_count_6f4f5c3f5bfa5f5651799c658cb3556b, pp_main_6710543788e9f02584f3584d5416d1e3, pbpr0tpuw4isk85t8yg3jb2lj5vqf]
2026-02-11 15:40:28.833 15870-15870 CS3ExoPlayer            com.lagradost.cloudstream3           I  reloadPlayer
2026-02-11 15:40:28.833 15870-15870 CS3ExoPlayer            com.lagradost.cloudstream3           I  releasePlayer
2026-02-11 15:40:28.833 15870-15870 CS3ExoPlayer            com.lagradost.cloudstream3           I  Handle event: PlayerAttachedEvent(player=null, source=Player)
2026-02-11 15:40:28.835 15870-15870 InsetsController        com.lagradost.cloudstream3           D  Setting requestedVisibleTypes to -16 (was -9)
2026-02-11 15:40:28.835 15870-15870 InsetsController        com.lagradost.cloudstream3           I  setRequestedVisibleTypes: visible=false, mask=statusBars navigationBars captionBar, host=com.lagradost.cloudstream3/com.lagradost.cloudstream3.MainActivity, from=android.view.InsetsController.controlAnimationUnchecked:1604 android.view.InsetsController.applyAnimation:2416 android.view.InsetsController.applyAnimation:2343 android.view.InsetsController.hide:1540 android.view.InsetsController.hide:1450 android.view.ViewRootImpl.controlInsetsForCompatibility:4170 android.view.ViewRootImpl.performTraversals:4757 android.view.ViewRootImpl.doTraversal:3924 android.view.ViewRootImpl$TraversalRunnable.run:12903 android.view.Choreographer$CallbackRecord.run:1901
2026-02-11 15:40:28.835 15870-15870 InsetsController        com.lagradost.cloudstream3           I  controlAnimationUncheckedInner: Added types=statusBars navigationBars, animType=1, host=com.lagradost.cloudstream3/com.lagradost.cloudstream3.MainActivity, from=android.view.InsetsController.controlAnimationUnchecked:1608 android.view.InsetsController.applyAnimation:2416 android.view.InsetsController.applyAnimation:2343
2026-02-11 15:40:28.836 15870-15870 BLASTBufferQueue_Java   com.lagradost.cloudstream3           I  update, w= 1440 h= 3088 mName = VRI[MainActivity]@e9225f mNativeObject= 0xb400007b4562d000 sc.mNativeObject= 0xb400007b457eb980 format= -3 caller= android.view.ViewRootImpl.updateBlastSurfaceIfNeeded:3574 android.view.ViewRootImpl.relayoutWindow:11685 android.view.ViewRootImpl.performTraversals:4804 android.view.ViewRootImpl.doTraversal:3924 android.view.ViewRootImpl$TraversalRunnable.run:12903 android.view.Choreographer$CallbackRecord.run:1901
2026-02-11 15:40:28.836 15870-15870 VRI[MainAc...ty]@e9225f com.lagradost.cloudstream3           I  Relayout returned: old=(0,0,1440,3088) new=(0,0,1440,3088) relayoutAsync=true req=(1440,3088)0 dur=1 res=0x0 s={true 0xb400007b583a9c00} ch=false seqId=0
2026-02-11 15:40:28.836 15870-15870 VRI[MainAc...ty]@e9225f com.lagradost.cloudstream3           I  updateBoundsLayer: t=android.view.SurfaceControl$Transaction@41dfc4b sc=Surface(name=Bounds for - com.lagradost.cloudstream3/com.lagradost.cloudstream3.MainActivity@0)/@0xa57628 frame=1823
2026-02-11 15:40:28.836 15870-15870 SurfaceView             com.lagradost.cloudstream3           D  258224364 updateSurface: has no frame
2026-02-11 15:40:28.836 15870-15870 SurfaceView             com.lagradost.cloudstream3           I  258224364 Changes: creating=true format=true size=true visible=true alpha=false hint=false left=true top=true z=false attached=true lifecycleStrategy=true
2026-02-11 15:40:28.837 15870-15870 libc                    com.lagradost.cloudstream3           W  Access denied finding property "vendor.display.enable_optimal_refresh_rate"
2026-02-11 15:40:28.837 15870-15870 BufferQueueProducer     com.lagradost.cloudstream3           I  [](id:3dfe00000008,api:0,p:0,c:15870) setDequeueTimeout:2077252342
2026-02-11 15:40:28.837 15870-15870 BLASTBufferQueue_Java   com.lagradost.cloudstream3           I  new BLASTBufferQueue, mName= f6430ec SurfaceView[com.lagradost.cloudstream3/com.lagradost.cloudstream3.MainActivity]@0 mNativeObject= 0xb400007a99dd5000 caller= android.view.SurfaceView.createBlastSurfaceControls:1781 android.view.SurfaceView.updateSurface:1450 android.view.SurfaceView.lambda$new$0:280 android.view.SurfaceView.$r8$lambda$NfZyM_TG8F8lqzaOVZ7noREFjzU:0 android.view.SurfaceView$$ExternalSyntheticLambda1.onPreDraw:0 android.view.ViewTreeObserver.dispatchOnPreDraw:1229 android.view.ViewRootImpl.performTraversals:5448 android.view.ViewRootImpl.doTraversal:3924 android.view.ViewRootImpl$TraversalRunnable.run:12903 android.view.Choreographer$CallbackRecord.run:1901
2026-02-11 15:40:28.837 15870-15870 BLASTBufferQueue_Java   com.lagradost.cloudstream3           I  update, w= 1440 h= 3088 mName = f6430ec SurfaceView[com.lagradost.cloudstream3/com.lagradost.cloudstream3.MainActivity]@0 mNativeObject= 0xb400007a99dd5000 sc.mNativeObject= 0xb400007a999ad140 format= 4 caller= android.view.SurfaceView.createBlastSurfaceControls:1782 android.view.SurfaceView.updateSurface:1450 android.view.SurfaceView.lambda$new$0:280 android.view.SurfaceView.$r8$lambda$NfZyM_TG8F8lqzaOVZ7noREFjzU:0 android.view.SurfaceView$$ExternalSyntheticLambda1.onPreDraw:0 android.view.ViewTreeObserver.dispatchOnPreDraw:1229
2026-02-11 15:40:28.838 15870-15870 SurfaceView             com.lagradost.cloudstream3           I  258224364 Cur surface: Surface(name=null mNativeObject=0)/@0xb63af41
2026-02-11 15:40:28.838 15870-15870 SurfaceComposerClient   com.lagradost.cloudstream3           D  setCornerRadius ## f6430ec SurfaceView[com.lagradost.cloudstream3/com.lagradost.cloudstream3.MainActivity]@0#249607 cornerRadius=0.000000
2026-02-11 15:40:28.838 15870-15870 SV[2582243...nActivity] com.lagradost.cloudstream3           I  pST: sr = Rect(0, 0 - 1440, 3088) sw = 1440 sh = 3088
2026-02-11 15:40:28.838 15870-15870 SurfaceView             com.lagradost.cloudstream3           D  258224364 performSurfaceTransaction RenderWorker position = [0, 0, 1440, 3088] surfaceSize = 1440x3088
2026-02-11 15:40:28.838 15870-15870 libc                    com.lagradost.cloudstream3           W  Access denied finding property "vendor.display.enable_optimal_refresh_rate"
2026-02-11 15:40:28.838 15870-15870 SV[2582243...nActivity] com.lagradost.cloudstream3           I  updateSurface: mVisible = true mSurface.isValid() = true
2026-02-11 15:40:28.838 15870-15870 SV[2582243...nActivity] com.lagradost.cloudstream3           I  updateSurface: mSurfaceCreated = false surfaceChanged = true visibleChanged = true
2026-02-11 15:40:28.838 15870-15870 SurfaceView             com.lagradost.cloudstream3           I  258224364 visibleChanged -- surfaceCreated
2026-02-11 15:40:28.838 15870-15870 SV[2582243...nActivity] com.lagradost.cloudstream3           I  surfaceCreated 0 #8 android.view.SurfaceView{f6430ec V.E...... ......ID 0,0-1440,3088}
2026-02-11 15:40:28.838 15870-15870 SurfaceView             com.lagradost.cloudstream3           I  258224364 surfaceChanged -- format=4 w=1440 h=3088
2026-02-11 15:40:28.838 15870-15870 SV[2582243...nActivity] com.lagradost.cloudstream3           I  surfaceChanged (1440,3088) 0 #8 android.view.SurfaceView{f6430ec V.E...... ......ID 0,0-1440,3088}
2026-02-11 15:40:28.838 15870-15870 SurfaceView             com.lagradost.cloudstream3           I  258224364 surfaceRedrawNeeded
2026-02-11 15:40:28.838 15870-15870 SurfaceView             com.lagradost.cloudstream3           I  258224364 finishedDrawing
2026-02-11 15:40:28.838 15870-15870 SurfaceView             com.lagradost.cloudstream3           V  Layout: x=0 y=0 w=1440 h=3088, frame=Rect(0, 0 - 1440, 3088)
2026-02-11 15:40:28.838 15870-15870 VRI[MainAc...ty]@e9225f com.lagradost.cloudstream3           I  registerCallbackForPendingTransactions
2026-02-11 15:40:28.839 15870-15892 SurfaceView             com.lagradost.cloudstream3           D  258224364 updateSurfacePosition RenderWorker, frameNr = 1823, position = [72, 154, 1368, 2934] surfaceSize = 1440x3088
2026-02-11 15:40:28.839 15870-15892 SV[2582243...nActivity] com.lagradost.cloudstream3           I  uSP: rtp = Rect(72, 154 - 1368, 2934) rtsw = 1440 rtsh = 3088
2026-02-11 15:40:28.839 15870-15892 SV[2582243...nActivity] com.lagradost.cloudstream3           I  onSSPAndSRT: pl = 72 pt = 154 sx = 0.9 sy = 0.9002591
2026-02-11 15:40:28.839 15870-15892 SV[2582243...nActivity] com.lagradost.cloudstream3           I  aOrMT: VRI[MainActivity]@e9225f t = android.view.SurfaceControl$Transaction@494ecca fN = 1823 android.view.SurfaceView.-$$Nest$mapplyOrMergeTransaction:0 android.view.SurfaceView$SurfaceViewPositionUpdateListener.positionChanged:1932 android.graphics.RenderNode$CompositePositionUpdateListener.positionChanged:401
2026-02-11 15:40:28.839 15870-15892 VRI[MainAc...ty]@e9225f com.lagradost.cloudstream3           I  mWNT: t=0xb400007a99ae8b80 mBlastBufferQueue=0xb400007b4562d000 fn= 1823 HdrRenderState mRenderHdrSdrRatio=1.0 caller= android.view.SurfaceView.applyOrMergeTransaction:1863 android.view.SurfaceView.-$$Nest$mapplyOrMergeTransaction:0 android.view.SurfaceView$SurfaceViewPositionUpdateListener.positionChanged:1932
2026-02-11 15:40:28.841 15870-15927 VRI[MainAc...ty]@e9225f com.lagradost.cloudstream3           I  mWNT: t=0xb400007a99ae7200 mBlastBufferQueue=0xb400007b4562d000 fn= 1823 HdrRenderState mRenderHdrSdrRatio=1.0 caller= android.view.ViewRootImpl$10.onFrameDraw:6536 android.view.ViewRootImpl$4.onFrameDraw:2489 android.view.ThreadedRenderer$1.onFrameDraw:718
2026-02-11 15:40:28.843 15870-15870 CS3ExoPlayer            com.lagradost.cloudstream3           I  setActiveSubtitles 0
2026-02-11 15:40:28.843 15870-15870 CS3ExoPlayer            com.lagradost.cloudstream3           I  autoSelectFromSettings = null
2026-02-11 15:40:28.843 15870-15870 CS3ExoPlayer            com.lagradost.cloudstream3           I  releasePlayer
2026-02-11 15:40:28.843 15870-15870 CS3ExoPlayer            com.lagradost.cloudstream3           I  Handle event: PlayerAttachedEvent(player=null, source=Player)
2026-02-11 15:40:28.848 15870-15870 ImeTracker              com.lagradost.cloudstream3           I  com.lagradost.cloudstream3:b135b75: onRequestHide at ORIGIN_CLIENT reason HIDE_SOFT_INPUT fromUser false
2026-02-11 15:40:28.848 15870-15870 InputMethodManager_LC   com.lagradost.cloudstream3           I  hsifw() - flag : 0
2026-02-11 15:40:28.848 15870-15870 InputMethodManager_LC   com.lagradost.cloudstream3           I  hsifw() - mService.hideSoftInput
2026-02-11 15:40:28.848 15870-15870 InsetsController        com.lagradost.cloudstream3           D  hide(ime(), fromIme=false)
2026-02-11 15:40:28.848 15870-15870 ImeTracker              com.lagradost.cloudstream3           I  com.lagradost.cloudstream3:b135b75: onCancelled at PHASE_CLIENT_ALREADY_HIDDEN
2026-02-11 15:40:28.849 15870-15870 InsetsController        com.lagradost.cloudstream3           I  onStateChanged: host=com.lagradost.cloudstream3/com.lagradost.cloudstream3.MainActivity, from=android.view.ViewRootImpl.onInsetsStateChanged:3026, state=InsetsState: {mDisplayFrame=Rect(0, 0 - 3088, 1440), mDisplayCutout=DisplayCutout{insets=Rect(100, 0 - 0, 0) waterfall=Insets{left=0, top=0, right=0, bottom=0} boundingRect={Bounds=[Rect(0, 684 - 100, 755), Rect(0, 0 - 0, 0), Rect(0, 0 - 0, 0), Rect(0, 0 - 0, 0)]} cutoutPathParserInfo={CutoutPathParserInfo{displayWidth=1440 displayHeight=3088 physicalDisplayWidth=1440 physicalDisplayHeight=3088 density={3.75} cutoutSpec={M 0,0 H -9.466666666666667 V 26.66666666666667‬ H 9.466666666666667 V 0 H 0 Z @dp} rotation={1} scale={1.0} physicalPixelDisplaySizeRatio={1.0}}} sideOverrides={}}, mRoundedCorners=RoundedCorners{[RoundedCorner{position=TopLeft, radius=15, center=Point(15, 15)}, RoundedCorner{position=TopRight, radius=15, center=Point(3073, 15)}, RoundedCorner{position=BottomRight, radius=15, center=Point(3073, 1425)}, RoundedCorner{position=BottomLeft, radius=15, center=Point(15, 1425)}]}  mRoundedCornerFrame=Rect(0, 0 - 3088, 1440), mPrivacyIndicatorBounds=PrivacyIndicatorBounds {static bounds=Rect(2923, 0 - 3088, 113) rotation=1}, mDisplayShape=DisplayShape{ spec=-311912193 displayWidth=1440 displayHeight=3088 physicalPixelDisplaySizeRatio=1.0 rotation=1 offsetX=0 offsetY=0 scale=1.0}, mSources= { InsetsSource: {3 mType=ime mFrame=[0,0][0,0] mVisible=false mFlags= mSideHint=NONE mBoundingRects=null}, InsetsSource: {7 mType=displayCutout mFrame=[0,0][100,1440] mVisible=true mFlags= mSideHint=LEFT mBoundingRects=null}, InsetsSource: {27660001 mType=navigationBars mFrame=[2908,0][3088,1440] mVisible=true mFlags= mSideHint=RIGHT mBoundingRects=null}, InsetsSource: {27660004 mType=systemGestures mFrame=[0,0][0,0] mVisible=true mFlags= mSideHint=NONE mBoundingRects=null}, InsetsSource: {27660005 mType=mandatorySystemGestures mFrame=[2908,0][3088,1440] mVisible=true mFlags= mSideHint=RIGHT mBoundingRects=null}, InsetsSource: {27660006 mType=tappableElement mFrame=[2908,0][3088,1440] mVisible=true mFlags= mSideHint=RIGHT mBoundingRects=null}, InsetsSource: {27660024 mType=systemGestures mFrame=[0,0][0,0] mVisible=true mFlags= mSideHint=NONE mBoundingRects=null}, InsetsSource: {41f30000 mType=statusBars mFrame=[0,0][3088,113] mVisible=true mFlags= mSideHint=TOP mBoundingRects=null}, InsetsSource: {41f30005 mType=mandatorySystemGestures mFrame=[0,0][3088,113] mVisible=true mFlags= mSideHint=TOP mBoundingRects=null}, InsetsSource: {41f30006 mType=tappableElement mFrame=[0,0][3088,113] mVisible=true mFlags= mSideHint=TOP mBoundingRects=null} }
2026-02-11 15:40:28.849 15870-15870 VRI[MainAc...ty]@e9225f com.lagradost.cloudstream3           I  handleResized, frames=ClientWindowFrames{frame=[100,0][3088,1440] display=[100,0][3088,1440] parentFrame=[0,0][0,0]} displayId=0 dragResizing=false compatScale=1.0 frameChanged=true attachedFrameChanged=false configChanged=true displayChanged=false compatScaleChanged=false dragResizingChanged=false
2026-02-11 15:40:28.850 15870-15870 VRI[MainAc...ty]@e9225f com.lagradost.cloudstream3           I  handleResized mSyncSeqId = 0
2026-02-11 15:40:28.850 15870-15870 VRI[MainAc...ty]@e9225f com.lagradost.cloudstream3           D  reportNextDraw android.view.ViewRootImpl.handleResized:2983 android.view.ViewRootImpl.-$$Nest$mhandleResized:0 android.view.ViewRootImpl$W.resized:14082 android.app.servertransaction.WindowStateResizeItem.execute:93 android.app.servertransaction.WindowStateTransactionItem.execute:62
2026-02-11 15:40:28.854 15870-15870 InsetsController        com.lagradost.cloudstream3           I  onStateChanged: host=com.lagradost.cloudstream3/com.lagradost.cloudstream3.MainActivity, from=android.view.ViewRootImpl.onInsetsStateChanged:3026, state=InsetsState: {mDisplayFrame=Rect(0, 0 - 3088, 1440), mDisplayCutout=DisplayCutout{insets=Rect(100, 0 - 0, 0) waterfall=Insets{left=0, top=0, right=0, bottom=0} boundingRect={Bounds=[Rect(0, 684 - 100, 755), Rect(0, 0 - 0, 0), Rect(0, 0 - 0, 0), Rect(0, 0 - 0, 0)]} cutoutPathParserInfo={CutoutPathParserInfo{displayWidth=1440 displayHeight=3088 physicalDisplayWidth=1440 physicalDisplayHeight=3088 density={3.75} cutoutSpec={M 0,0 H -9.466666666666667 V 26.66666666666667‬ H 9.466666666666667 V 0 H 0 Z @dp} rotation={1} scale={1.0} physicalPixelDisplaySizeRatio={1.0}}} sideOverrides={}}, mRoundedCorners=RoundedCorners{[RoundedCorner{position=TopLeft, radius=15, center=Point(15, 15)}, RoundedCorner{position=TopRight, radius=15, center=Point(3073, 15)}, RoundedCorner{position=BottomRight, radius=15, center=Point(3073, 1425)}, RoundedCorner{position=BottomLeft, radius=15, center=Point(15, 1425)}]}  mRoundedCornerFrame=Rect(0, 0 - 3088, 1440), mPrivacyIndicatorBounds=PrivacyIndicatorBounds {static bounds=Rect(2923, 0 - 3088, 113) rotation=1}, mDisplayShape=DisplayShape{ spec=-311912193 displayWidth=1440 displayHeight=3088 physicalPixelDisplaySizeRatio=1.0 rotation=1 offsetX=0 offsetY=0 scale=1.0}, mSources= { InsetsSource: {3 mType=ime mFrame=[0,0][0,0] mVisible=false mFlags= mSideHint=NONE mBoundingRects=null}, InsetsSource: {7 mType=displayCutout mFrame=[0,0][100,1440] mVisible=true mFlags= mSideHint=LEFT mBoundingRects=null}, InsetsSource: {27660001 mType=navigationBars mFrame=[2908,0][3088,1440] mVisible=false mFlags= mSideHint=RIGHT mBoundingRects=null}, InsetsSource: {27660004 mType=systemGestures mFrame=[0,0][0,0] mVisible=true mFlags= mSideHint=NONE mBoundingRects=null}, InsetsSource: {27660005 mType=mandatorySystemGestures mFrame=[2908,0][3088,1440] mVisible=true mFlags= mSideHint=RIGHT mBoundingRects=null}, InsetsSource: {27660006 mType=tappableElement mFrame=[2908,0][3088,1440] mVisible=true mFlags= mSideHint=RIGHT mBoundingRects=null}, InsetsSource: {27660024 mType=systemGestures mFrame=[0,0][0,0] mVisible=true mFlags= mSideHint=NONE mBoundingRects=null}, InsetsSource: {41f30000 mType=statusBars mFrame=[0,0][3088,113] mVisible=false mFlags= mSideHint=TOP mBoundingRects=null}, InsetsSource: {41f30005 mType=mandatorySystemGestures mFrame=[0,0][3088,113] mVisible=true mFlags= mSideHint=TOP mBoundingRects=null}, InsetsSource: {41f30006 mType=tappableElement mFrame=[0,0][3088,113] mVisible=true mFlags= mSideHint=TOP mBoundingRects=null} }
2026-02-11 15:40:28.855 15870-15870 BLASTBufferQueue_Java   com.lagradost.cloudstream3           I  update, w= 3088 h= 1440 mName = VRI[MainActivity]@e9225f mNativeObject= 0xb400007b4562d000 sc.mNativeObject= 0xb400007a99bbc780 format= -3 caller= android.view.ViewRootImpl.updateBlastSurfaceIfNeeded:3574 android.view.ViewRootImpl.relayoutWindow:11685 android.view.ViewRootImpl.performTraversals:4804 android.view.ViewRootImpl.doTraversal:3924 android.view.ViewRootImpl$TraversalRunnable.run:12903 android.view.Choreographer$CallbackRecord.run:1901
2026-02-11 15:40:28.855 15870-15870 VRI[MainAc...ty]@e9225f com.lagradost.cloudstream3           I  Relayout returned: old=(100,0,3088,1440) new=(0,0,3088,1440) relayoutAsync=false req=(2988,1440)0 dur=5 res=0x1 s={true 0xb400007b583a9c00} ch=false seqId=0
2026-02-11 15:40:28.856 15870-15870 VRI[MainAc...ty]@e9225f com.lagradost.cloudstream3           D  mThreadedRenderer.updateSurface() mSurface={isValid=true 0xb400007b583a9c00}
2026-02-11 15:40:28.856 15870-15870 VRI[MainAc...ty]@e9225f com.lagradost.cloudstream3           I  updateBoundsLayer: t=android.view.SurfaceControl$Transaction@41dfc4b sc=Surface(name=Bounds for - com.lagradost.cloudstream3/com.lagradost.cloudstream3.MainActivity@0)/@0xa57628 frame=1826
2026-02-11 15:40:28.856 15870-15870 SurfaceView             com.lagradost.cloudstream3           I  258224364 Changes: creating=false format=false size=true visible=false alpha=false hint=true left=false top=false z=false attached=true lifecycleStrategy=false
2026-02-11 15:40:28.856 15870-15870 SurfaceView             com.lagradost.cloudstream3           I  258224364 Cur surface: Surface(name=null mNativeObject=-5476376617434907136)/@0xb63af41
2026-02-11 15:40:28.856 15870-15870 SurfaceComposerClient   com.lagradost.cloudstream3           D  setCornerRadius ## f6430ec SurfaceView[com.lagradost.cloudstream3/com.lagradost.cloudstream3.MainActivity]@0#249607 cornerRadius=0.000000
2026-02-11 15:40:28.857 15870-15870 BLASTBufferQueue_Java   com.lagradost.cloudstream3           I  update, w= 3088 h= 1440 mName = f6430ec SurfaceView[com.lagradost.cloudstream3/com.lagradost.cloudstream3.MainActivity]@0 mNativeObject= 0xb400007a99dd5000 sc.mNativeObject= 0xb400007a999ad140 format= 4 caller= android.view.SurfaceView.setBufferSize:1703 android.view.SurfaceView.performSurfaceTransaction:1238 android.view.SurfaceView.updateSurface:1467 android.view.SurfaceView.setFrame:716 android.view.View.layout:26931 android.widget.FrameLayout.layoutChildren:345
2026-02-11 15:40:28.857 15870-15870 SV[2582243...nActivity] com.lagradost.cloudstream3           I  pST: sr = Rect(0, 0 - 3088, 1440) sw = 3088 sh = 1440
2026-02-11 15:40:28.857 15870-15870 SurfaceView             com.lagradost.cloudstream3           D  258224364 performSurfaceTransaction RenderWorker position = [0, 0, 3088, 1440] surfaceSize = 3088x1440
2026-02-11 15:40:28.857 15870-15870 SV[2582243...nActivity] com.lagradost.cloudstream3           I  updateSurface: mVisible = true mSurface.isValid() = true
2026-02-11 15:40:28.857 15870-15870 SV[2582243...nActivity] com.lagradost.cloudstream3           I  updateSurface: mSurfaceCreated = true surfaceChanged = false visibleChanged = false
2026-02-11 15:40:28.857 15870-15870 SurfaceView             com.lagradost.cloudstream3           I  258224364 surfaceChanged -- format=4 w=3088 h=1440
2026-02-11 15:40:28.857 15870-15870 SV[2582243...nActivity] com.lagradost.cloudstream3           I  surfaceChanged (3088,1440) 0 #5 android.view.SurfaceView{f6430ec V.E...... ......ID 0,0-3088,1440}
2026-02-11 15:40:28.857 15870-15870 SurfaceView             com.lagradost.cloudstream3           I  258224364 surfaceRedrawNeeded
2026-02-11 15:40:28.857 15870-15870 SurfaceView             com.lagradost.cloudstream3           I  258224364 finishedDrawing
2026-02-11 15:40:28.857 15870-15870 SurfaceView             com.lagradost.cloudstream3           V  Layout: x=0 y=0 w=3088 h=1440, frame=Rect(0, 0 - 3088, 1440)
2026-02-11 15:40:28.857 15870-15870 VRI[MainAc...ty]@e9225f com.lagradost.cloudstream3           D  reportNextDraw android.view.ViewRootImpl.performTraversals:5443 android.view.ViewRootImpl.doTraversal:3924 android.view.ViewRootImpl$TraversalRunnable.run:12903 android.view.Choreographer$CallbackRecord.run:1901 android.view.Choreographer$CallbackRecord.run:1910
2026-02-11 15:40:28.857 15870-15870 SurfaceView             com.lagradost.cloudstream3           I  65670202 Changes: creating=false format=false size=false visible=false alpha=false hint=true left=false top=false z=false attached=true lifecycleStrategy=false
2026-02-11 15:40:28.857 15870-15870 SurfaceView             com.lagradost.cloudstream3           I  65670202 Cur surface: Surface(name=null mNativeObject=-5476376629805829120)/@0x3ecc2f5
2026-02-11 15:40:28.857 15870-15870 SurfaceComposerClient   com.lagradost.cloudstream3           D  setCornerRadius ## 3ea0c3a SurfaceView[com.lagradost.cloudstream3/com.lagradost.cloudstream3.MainActivity]@0#249600 cornerRadius=0.000000
2026-02-11 15:40:28.857 15870-15870 BLASTBufferQueue_Java   com.lagradost.cloudstream3           I  update, w= 1440 h= 750 mName = 3ea0c3a SurfaceView[com.lagradost.cloudstream3/com.lagradost.cloudstream3.MainActivity]@0 mNativeObject= 0xb400007b457d4000 sc.mNativeObject= 0xb400007a99bbc240 format= 4 caller= android.view.SurfaceView.setBufferSize:1703 android.view.SurfaceView.performSurfaceTransaction:1238 android.view.SurfaceView.updateSurface:1467 android.view.SurfaceView.lambda$new$0:280 android.view.SurfaceView.$r8$lambda$NfZyM_TG8F8lqzaOVZ7noREFjzU:0 android.view.SurfaceView$$ExternalSyntheticLambda1.onPreDraw:0
2026-02-11 15:40:28.857 15870-15870 SV[6567020...nActivity] com.lagradost.cloudstream3           I  updateSurface: mVisible = true mSurface.isValid() = true
2026-02-11 15:40:28.857 15870-15870 SV[6567020...nActivity] com.lagradost.cloudstream3           I  updateSurface: mSurfaceCreated = true surfaceChanged = false visibleChanged = false
2026-02-11 15:40:28.857 15870-15870 SurfaceView             com.lagradost.cloudstream3           I  65670202 surfaceChanged -- format=4 w=1440 h=750
2026-02-11 15:40:28.857 15870-15870 SV[6567020...nActivity] com.lagradost.cloudstream3           I  surfaceChanged (1440,750) 0 #8 android.view.SurfaceView{3ea0c3a V.E...... ........ 0,0-1440,750}
2026-02-11 15:40:28.857 15870-15870 SurfaceView             com.lagradost.cloudstream3           I  65670202 surfaceRedrawNeeded
2026-02-11 15:40:28.857 15870-15870 SurfaceView             com.lagradost.cloudstream3           I  65670202 finishedDrawing
2026-02-11 15:40:28.857 15870-15870 SurfaceView             com.lagradost.cloudstream3           V  Layout: x=0 y=288 w=1440 h=750, frame=Rect(0, 0 - 1440, 750)
2026-02-11 15:40:28.857 15870-15870 VRI[MainAc...ty]@e9225f com.lagradost.cloudstream3           D  Setup new sync=wmsSync-VRI[MainActivity]@e9225f#20
2026-02-11 15:40:28.857 15870-15870 VRI[MainAc...ty]@e9225f com.lagradost.cloudstream3           I  Creating new active sync group VRI[MainActivity]@e9225f#21
2026-02-11 15:40:28.858 15870-15870 VRI[MainAc...ty]@e9225f com.lagradost.cloudstream3           D  registerCallbacksForSync syncBuffer=false
2026-02-11 15:40:28.858 15870-15892 SurfaceView             com.lagradost.cloudstream3           D  65670202 updateSurfacePosition RenderWorker, frameNr = 1826, position = [2, 291, 1438, 1040] surfaceSize = 1440x750
2026-02-11 15:40:28.859 15870-15892 SV[6567020...nActivity] com.lagradost.cloudstream3           I  uSP: rtp = Rect(2, 291 - 1438, 1040) rtsw = 1440 rtsh = 750
2026-02-11 15:40:28.859 15870-15892 SV[6567020...nActivity] com.lagradost.cloudstream3           I  onSSPAndSRT: pl = 2 pt = 291 sx = 0.99722224 sy = 0.99866664
2026-02-11 15:40:28.859 15870-15892 SV[6567020...nActivity] com.lagradost.cloudstream3           I  aOrMT: VRI[MainActivity]@e9225f t = android.view.SurfaceControl$Transaction@6496efb fN = 1826 android.view.SurfaceView.-$$Nest$mapplyOrMergeTransaction:0 android.view.SurfaceView$SurfaceViewPositionUpdateListener.positionChanged:1932 android.graphics.RenderNode$CompositePositionUpdateListener.positionChanged:401
2026-02-11 15:40:28.859 15870-15892 VRI[MainAc...ty]@e9225f com.lagradost.cloudstream3           I  mWNT: t=0xb400007b583cff80 mBlastBufferQueue=0xb400007b4562d000 fn= 1826 HdrRenderState mRenderHdrSdrRatio=1.0 caller= android.view.SurfaceView.applyOrMergeTransaction:1863 android.view.SurfaceView.-$$Nest$mapplyOrMergeTransaction:0 android.view.SurfaceView$SurfaceViewPositionUpdateListener.positionChanged:1932
2026-02-11 15:40:28.859 15870-15892 SurfaceView             com.lagradost.cloudstream3           D  258224364 updateSurfacePosition RenderWorker, frameNr = 1826, position = [69, 150, 2858, 1451] surfaceSize = 3088x1440
2026-02-11 15:40:28.859 15870-15892 SV[2582243...nActivity] com.lagradost.cloudstream3           I  uSP: rtp = Rect(69, 150 - 2858, 1451) rtsw = 3088 rtsh = 1440
2026-02-11 15:40:28.859 15870-15892 SV[2582243...nActivity] com.lagradost.cloudstream3           I  onSSPAndSRT: pl = 69 pt = 150 sx = 0.90317357 sy = 0.90347224
2026-02-11 15:40:28.859 15870-15892 SV[2582243...nActivity] com.lagradost.cloudstream3           I  aOrMT: VRI[MainActivity]@e9225f t = android.view.SurfaceControl$Transaction@d777c2b fN = 1826 android.view.SurfaceView.-$$Nest$mapplyOrMergeTransaction:0 android.view.SurfaceView$SurfaceViewPositionUpdateListener.positionChanged:1932 android.graphics.RenderNode$CompositePositionUpdateListener.positionChanged:401
2026-02-11 15:40:28.859 15870-15892 VRI[MainAc...ty]@e9225f com.lagradost.cloudstream3           I  mWNT: t=0xb400007a99ae7080 mBlastBufferQueue=0xb400007b4562d000 fn= 1826 HdrRenderState mRenderHdrSdrRatio=1.0 caller= android.view.SurfaceView.applyOrMergeTransaction:1863 android.view.SurfaceView.-$$Nest$mapplyOrMergeTransaction:0 android.view.SurfaceView$SurfaceViewPositionUpdateListener.positionChanged:1932
2026-02-11 15:40:28.859 15870-15926 VRI[MainAc...ty]@e9225f com.lagradost.cloudstream3           D  Received frameDrawingCallback syncResult=0 frameNum=1826.
2026-02-11 15:40:28.859 15870-15926 VRI[MainAc...ty]@e9225f com.lagradost.cloudstream3           I  mWNT: t=0xb400007aa20d3a00 mBlastBufferQueue=0xb400007b4562d000 fn= 1826 HdrRenderState mRenderHdrSdrRatio=1.0 caller= android.view.ViewRootImpl$12.onFrameDraw:15441 android.view.ThreadedRenderer$1.onFrameDraw:718 <bottom of call stack>
2026-02-11 15:40:28.859 15870-15926 VRI[MainAc...ty]@e9225f com.lagradost.cloudstream3           I  Setting up sync and frameCommitCallback
2026-02-11 15:40:28.869 15870-15892 VRI[MainAc...ty]@e9225f com.lagradost.cloudstream3           I  Received frameCommittedCallback lastAttemptedDrawFrameNum=1826 didProduceBuffer=true
2026-02-11 15:40:28.869 15870-15870 VRI[MainAc...ty]@e9225f com.lagradost.cloudstream3           D  reportDrawFinished seqId=0
2026-02-11 15:40:28.876 15870-15870 VRI[MainAc...ty]@e9225f com.lagradost.cloudstream3           I  handleResized, frames=ClientWindowFrames{frame=[0,0][3088,1440] display=[0,0][3088,1440] parentFrame=[0,0][0,0]} displayId=0 dragResizing=false compatScale=1.0 frameChanged=false attachedFrameChanged=false configChanged=false displayChanged=false compatScaleChanged=false dragResizingChanged=false
2026-02-11 15:40:28.876 15870-15870 VRI[MainAc...ty]@e9225f com.lagradost.cloudstream3           I  handleResized mSyncSeqId = 0
2026-02-11 15:40:28.876 15870-15870 VRI[MainAc...ty]@e9225f com.lagradost.cloudstream3           D  reportNextDraw android.view.ViewRootImpl.handleResized:2983 android.view.ViewRootImpl.-$$Nest$mhandleResized:0 android.view.ViewRootImpl$W.resized:14082 android.app.servertransaction.WindowStateResizeItem.execute:93 android.app.servertransaction.WindowStateTransactionItem.execute:62
2026-02-11 15:40:28.876 15870-15870 VRI[MainAc...ty]@e9225f com.lagradost.cloudstream3           I  handleResized, frames=ClientWindowFrames{frame=[0,0][3088,1440] display=[0,0][3088,1440] parentFrame=[0,0][0,0]} displayId=0 dragResizing=false compatScale=1.0 frameChanged=false attachedFrameChanged=false configChanged=false displayChanged=false compatScaleChanged=false dragResizingChanged=false
2026-02-11 15:40:28.876 15870-15870 VRI[MainAc...ty]@e9225f com.lagradost.cloudstream3           I  handleResized mSyncSeqId = 0
2026-02-11 15:40:28.876 15870-15870 VRI[MainAc...ty]@e9225f com.lagradost.cloudstream3           D  reportNextDraw android.view.ViewRootImpl.handleResized:2983 android.view.ViewRootImpl.-$$Nest$mhandleResized:0 android.view.ViewRootImpl$W.resized:14082 android.app.servertransaction.WindowStateResizeItem.execute:93 android.app.servertransaction.WindowStateTransactionItem.execute:62
2026-02-11 15:40:28.878 15870-15870 VRI[MainAc...ty]@e9225f com.lagradost.cloudstream3           D  Setup new sync=wmsSync-VRI[MainActivity]@e9225f#22
2026-02-11 15:40:28.878 15870-15870 VRI[MainAc...ty]@e9225f com.lagradost.cloudstream3           I  Creating new active sync group VRI[MainActivity]@e9225f#23
2026-02-11 15:40:28.891 15870-15870 VRI[MainAc...ty]@e9225f com.lagradost.cloudstream3           D  registerCallbacksForSync syncBuffer=false
2026-02-11 15:40:28.894 15870-15927 VRI[MainAc...ty]@e9225f com.lagradost.cloudstream3           D  Received frameDrawingCallback syncResult=0 frameNum=1829.
2026-02-11 15:40:28.894 15870-15927 VRI[MainAc...ty]@e9225f com.lagradost.cloudstream3           I  Setting up sync and frameCommitCallback
2026-02-11 15:40:28.896 15870-15892 VRI[MainAc...ty]@e9225f com.lagradost.cloudstream3           I  Received frameCommittedCallback lastAttemptedDrawFrameNum=1829 didProduceBuffer=true
2026-02-11 15:40:28.896 15870-15870 VRI[MainAc...ty]@e9225f com.lagradost.cloudstream3           D  reportDrawFinished seqId=0
2026-02-11 15:40:28.897 15870-15892 SurfaceView             com.lagradost.cloudstream3           D  65670202 updateSurfacePosition RenderWorker, frameNr = 1830, position = [18, 317, 1422, 1049] surfaceSize = 1440x750
2026-02-11 15:40:28.897 15870-15892 SV[6567020...nActivity] com.lagradost.cloudstream3           I  uSP: rtp = Rect(18, 317 - 1422, 1049) rtsw = 1440 rtsh = 750
2026-02-11 15:40:28.897 15870-15892 SV[6567020...nActivity] com.lagradost.cloudstream3           I  onSSPAndSRT: pl = 18 pt = 317 sx = 0.975 sy = 0.976
2026-02-11 15:40:28.897 15870-15892 SV[6567020...nActivity] com.lagradost.cloudstream3           I  aOrMT: VRI[MainActivity]@e9225f t = android.view.SurfaceControl$Transaction@6496efb fN = 1830 android.view.SurfaceView.-$$Nest$mapplyOrMergeTransaction:0 android.view.SurfaceView$SurfaceViewPositionUpdateListener.positionChanged:1932 android.graphics.RenderNode$CompositePositionUpdateListener.positionChanged:401
2026-02-11 15:40:28.897 15870-15892 VRI[MainAc...ty]@e9225f com.lagradost.cloudstream3           I  mWNT: t=0xb400007b583cff80 mBlastBufferQueue=0xb400007b4562d000 fn= 1830 HdrRenderState mRenderHdrSdrRatio=1.0 caller= android.view.SurfaceView.applyOrMergeTransaction:1863 android.view.SurfaceView.-$$Nest$mapplyOrMergeTransaction:0 android.view.SurfaceView$SurfaceViewPositionUpdateListener.positionChanged:1932
2026-02-11 15:40:28.897 15870-15892 SurfaceView             com.lagradost.cloudstream3           D  258224364 updateSurfacePosition RenderWorker, frameNr = 1830, position = [54, 115, 2911, 1448] surfaceSize = 3088x1440
2026-02-11 15:40:28.897 15870-15892 SV[2582243...nActivity] com.lagradost.cloudstream3           I  uSP: rtp = Rect(54, 115 - 2911, 1448) rtsw = 3088 rtsh = 1440
2026-02-11 15:40:28.897 15870-15892 SV[2582243...nActivity] com.lagradost.cloudstream3           I  onSSPAndSRT: pl = 54 pt = 115 sx = 0.9251943 sy = 0.92569447
2026-02-11 15:40:28.897 15870-15892 SV[2582243...nActivity] com.lagradost.cloudstream3           I  aOrMT: VRI[MainActivity]@e9225f t = android.view.SurfaceControl$Transaction@d777c2b fN = 1830 android.view.SurfaceView.-$$Nest$mapplyOrMergeTransaction:0 android.view.SurfaceView$SurfaceViewPositionUpdateListener.positionChanged:1932 android.graphics.RenderNode$CompositePositionUpdateListener.positionChanged:401
2026-02-11 15:40:28.897 15870-15892 VRI[MainAc...ty]@e9225f com.lagradost.cloudstream3           I  mWNT: t=0xb400007a99ae7080 mBlastBufferQueue=0xb400007b4562d000 fn= 1830 HdrRenderState mRenderHdrSdrRatio=1.0 caller= android.view.SurfaceView.applyOrMergeTransaction:1863 android.view.SurfaceView.-$$Nest$mapplyOrMergeTransaction:0 android.view.SurfaceView$SurfaceViewPositionUpdateListener.positionChanged:1932
2026-02-11 15:40:28.901 15870-15892 SurfaceView             com.lagradost.cloudstream3           D  65670202 updateSurfacePosition RenderWorker, frameNr = 1830, position = [29, 335, 1411, 1055] surfaceSize = 1440x750
2026-02-11 15:40:28.901 15870-15892 SV[6567020...nActivity] com.lagradost.cloudstream3           I  uSP: rtp = Rect(29, 335 - 1411, 1055) rtsw = 1440 rtsh = 750
2026-02-11 15:40:28.901 15870-15892 SV[6567020...nActivity] com.lagradost.cloudstream3           I  onSSPAndSRT: pl = 29 pt = 335 sx = 0.9597222 sy = 0.96
2026-02-11 15:40:28.901 15870-15892 SV[6567020...nActivity] com.lagradost.cloudstream3           I  aOrMT: VRI[MainActivity]@e9225f t = android.view.SurfaceControl$Transaction@6496efb fN = 1830 android.view.SurfaceView.-$$Nest$mapplyOrMergeTransaction:0 android.view.SurfaceView$SurfaceViewPositionUpdateListener.positionChanged:1932 android.graphics.RenderNode$CompositePositionUpdateListener.positionChanged:401
2026-02-11 15:40:28.901 15870-15892 VRI[MainAc...ty]@e9225f com.lagradost.cloudstream3           I  mWNT: t=0xb400007b583cff80 mBlastBufferQueue=0xb400007b4562d000 fn= 1830 HdrRenderState mRenderHdrSdrRatio=1.0 caller= android.view.SurfaceView.applyOrMergeTransaction:1863 android.view.SurfaceView.-$$Nest$mapplyOrMergeTransaction:0 android.view.SurfaceView$SurfaceViewPositionUpdateListener.positionChanged:1932
2026-02-11 15:40:28.901 15870-15892 SurfaceView             com.lagradost.cloudstream3           D  258224364 updateSurfacePosition RenderWorker, frameNr = 1830, position = [42, 91, 2948, 1447] surfaceSize = 3088x1440
2026-02-11 15:40:28.901 15870-15892 SV[2582243...nActivity] com.lagradost.cloudstream3           I  uSP: rtp = Rect(42, 91 - 2948, 1447) rtsw = 3088 rtsh = 1440
2026-02-11 15:40:28.901 15870-15892 SV[2582243...nActivity] com.lagradost.cloudstream3           I  onSSPAndSRT: pl = 42 pt = 91 sx = 0.94106215 sy = 0.94166666
2026-02-11 15:40:28.901 15870-15892 SV[2582243...nActivity] com.lagradost.cloudstream3           I  aOrMT: VRI[MainActivity]@e9225f t = android.view.SurfaceControl$Transaction@d777c2b fN = 1830 android.view.SurfaceView.-$$Nest$mapplyOrMergeTransaction:0 android.view.SurfaceView$SurfaceViewPositionUpdateListener.positionChanged:1932 android.graphics.RenderNode$CompositePositionUpdateListener.positionChanged:401
2026-02-11 15:40:28.901 15870-15892 VRI[MainAc...ty]@e9225f com.lagradost.cloudstream3           I  mWNT: t=0xb400007a99ae7080 mBlastBufferQueue=0xb400007b4562d000 fn= 1830 HdrRenderState mRenderHdrSdrRatio=1.0 caller= android.view.SurfaceView.applyOrMergeTransaction:1863 android.view.SurfaceView.-$$Nest$mapplyOrMergeTransaction:0 android.view.SurfaceView$SurfaceViewPositionUpdateListener.positionChanged:1932
2026-02-11 15:40:28.910 15870-15892 SurfaceView             com.lagradost.cloudstream3           D  65670202 updateSurfacePosition RenderWorker, frameNr = 1831, position = [36, 346, 1404, 1059] surfaceSize = 1440x750
2026-02-11 15:40:28.910 15870-15892 SV[6567020...nActivity] com.lagradost.cloudstream3           I  uSP: rtp = Rect(36, 346 - 1404, 1059) rtsw = 1440 rtsh = 750
2026-02-11 15:40:28.910 15870-15892 SV[6567020...nActivity] com.lagradost.cloudstream3           I  onSSPAndSRT: pl = 36 pt = 346 sx = 0.95 sy = 0.95066667
2026-02-11 15:40:28.910 15870-15892 SV[6567020...nActivity] com.lagradost.cloudstream3           I  aOrMT: VRI[MainActivity]@e9225f t = android.view.SurfaceControl$Transaction@6496efb fN = 1831 android.view.SurfaceView.-$$Nest$mapplyOrMergeTransaction:0 android.view.SurfaceView$SurfaceViewPositionUpdateListener.positionChanged:1932 android.graphics.RenderNode$CompositePositionUpdateListener.positionChanged:401
2026-02-11 15:40:28.910 15870-15892 VRI[MainAc...ty]@e9225f com.lagradost.cloudstream3           I  mWNT: t=0xb400007b583cff80 mBlastBufferQueue=0xb400007b4562d000 fn= 1831 HdrRenderState mRenderHdrSdrRatio=1.0 caller= android.view.SurfaceView.applyOrMergeTransaction:1863 android.view.SurfaceView.-$$Nest$mapplyOrMergeTransaction:0 android.view.SurfaceView$SurfaceViewPositionUpdateListener.positionChanged:1932
2026-02-11 15:40:28.910 15870-15892 SurfaceView             com.lagradost.cloudstream3           D  258224364 updateSurfacePosition RenderWorker, frameNr = 1831, position = [36, 77, 2970, 1446] surfaceSize = 3088x1440
2026-02-11 15:40:28.910 15870-15892 SV[2582243...nActivity] com.lagradost.cloudstream3           I  uSP: rtp = Rect(36, 77 - 2970, 1446) rtsw = 3088 rtsh = 1440
2026-02-11 15:40:28.910 15870-15892 SV[2582243...nActivity] com.lagradost.cloudstream3           I  onSSPAndSRT: pl = 36 pt = 77 sx = 0.9501295 sy = 0.95069444
2026-02-11 15:40:28.910 15870-15892 SV[2582243...nActivity] com.lagradost.cloudstream3           I  aOrMT: VRI[MainActivity]@e9225f t = android.view.SurfaceControl$Transaction@d777c2b fN = 1831 android.view.SurfaceView.-$$Nest$mapplyOrMergeTransaction:0 android.view.SurfaceView$SurfaceViewPositionUpdateListener.positionChanged:1932 android.graphics.RenderNode$CompositePositionUpdateListener.positionChanged:401
2026-02-11 15:40:28.910 15870-15892 VRI[MainAc...ty]@e9225f com.lagradost.cloudstream3           I  mWNT: t=0xb400007a99ae7080 mBlastBufferQueue=0xb400007b4562d000 fn= 1831 HdrRenderState mRenderHdrSdrRatio=1.0 caller= android.view.SurfaceView.applyOrMergeTransaction:1863 android.view.SurfaceView.-$$Nest$mapplyOrMergeTransaction:0 android.view.SurfaceView$SurfaceViewPositionUpdateListener.positionChanged:1932
2026-02-11 15:40:28.917 15870-15892 SurfaceView             com.lagradost.cloudstream3           D  65670202 updateSurfacePosition RenderWorker, frameNr = 1832, position = [42, 356, 1398, 1063] surfaceSize = 1440x750
2026-02-11 15:40:28.917 15870-15892 SV[6567020...nActivity] com.lagradost.cloudstream3           I  uSP: rtp = Rect(42, 356 - 1398, 1063) rtsw = 1440 rtsh = 750
2026-02-11 15:40:28.918 15870-15892 SV[6567020...nActivity] com.lagradost.cloudstream3           I  onSSPAndSRT: pl = 42 pt = 356 sx = 0.94166666 sy = 0.94266665
2026-02-11 15:40:28.918 15870-15892 SV[6567020...nActivity] com.lagradost.cloudstream3           I  aOrMT: VRI[MainActivity]@e9225f t = android.view.SurfaceControl$Transaction@6496efb fN = 1832 android.view.SurfaceView.-$$Nest$mapplyOrMergeTransaction:0 android.view.SurfaceView$SurfaceViewPositionUpdateListener.positionChanged:1932 android.graphics.RenderNode$CompositePositionUpdateListener.positionChanged:401
2026-02-11 15:40:28.918 15870-15892 VRI[MainAc...ty]@e9225f com.lagradost.cloudstream3           I  mWNT: t=0xb400007b583cff80 mBlastBufferQueue=0xb400007b4562d000 fn= 1832 HdrRenderState mRenderHdrSdrRatio=1.0 caller= android.view.SurfaceView.applyOrMergeTransaction:1863 android.view.SurfaceView.-$$Nest$mapplyOrMergeTransaction:0 android.view.SurfaceView$SurfaceViewPositionUpdateListener.positionChanged:1932
2026-02-11 15:40:28.918 15870-15892 SurfaceView             com.lagradost.cloudstream3           D  258224364 updateSurfacePosition RenderWorker, frameNr = 1832, position = [29, 64, 2990, 1445] surfaceSize = 3088x1440
2026-02-11 15:40:28.918 15870-15892 SV[2582243...nActivity] com.lagradost.cloudstream3           I  uSP: rtp = Rect(29, 64 - 2990, 1445) rtsw = 3088 rtsh = 1440
2026-02-11 15:40:28.918 15870-15892 SV[2582243...nActivity] com.lagradost.cloudstream3           I  onSSPAndSRT: pl = 29 pt = 64 sx = 0.95887303 sy = 0.95902777
2026-02-11 15:40:28.918 15870-15892 SV[2582243...nActivity] com.lagradost.cloudstream3           I  aOrMT: VRI[MainActivity]@e9225f t = android.view.SurfaceControl$Transaction@d777c2b fN = 1832 android.view.SurfaceView.-$$Nest$mapplyOrMergeTransaction:0 android.view.SurfaceView$SurfaceViewPositionUpdateListener.positionChanged:1932 android.graphics.RenderNode$CompositePositionUpdateListener.positionChanged:401
2026-02-11 15:40:28.918 15870-15892 VRI[MainAc...ty]@e9225f com.lagradost.cloudstream3           I  mWNT: t=0xb400007a99ae7080 mBlastBufferQueue=0xb400007b4562d000 fn= 1832 HdrRenderState mRenderHdrSdrRatio=1.0 caller= android.view.SurfaceView.applyOrMergeTransaction:1863 android.view.SurfaceView.-$$Nest$mapplyOrMergeTransaction:0 android.view.SurfaceView$SurfaceViewPositionUpdateListener.positionChanged:1932
2026-02-11 15:40:28.926 15870-15892 SurfaceView             com.lagradost.cloudstream3           D  65670202 updateSurfacePosition RenderWorker, frameNr = 1833, position = [47, 365, 1393, 1066] surfaceSize = 1440x750
2026-02-11 15:40:28.926 15870-15892 SV[6567020...nActivity] com.lagradost.cloudstream3           I  uSP: rtp = Rect(47, 365 - 1393, 1066) rtsw = 1440 rtsh = 750
2026-02-11 15:40:28.926 15870-15892 SV[6567020...nActivity] com.lagradost.cloudstream3           I  onSSPAndSRT: pl = 47 pt = 365 sx = 0.93472224 sy = 0.9346667
2026-02-11 15:40:28.926 15870-15892 SV[6567020...nActivity] com.lagradost.cloudstream3           I  aOrMT: VRI[MainActivity]@e9225f t = android.view.SurfaceControl$Transaction@6496efb fN = 1833 android.view.SurfaceView.-$$Nest$mapplyOrMergeTransaction:0 android.view.SurfaceView$SurfaceViewPositionUpdateListener.positionChanged:1932 android.graphics.RenderNode$CompositePositionUpdateListener.positionChanged:401
2026-02-11 15:40:28.926 15870-15892 VRI[MainAc...ty]@e9225f com.lagradost.cloudstream3           I  mWNT: t=0xb400007b583cff80 mBlastBufferQueue=0xb400007b4562d000 fn= 1833 HdrRenderState mRenderHdrSdrRatio=1.0 caller= android.view.SurfaceView.applyOrMergeTransaction:1863 android.view.SurfaceView.-$$Nest$mapplyOrMergeTransaction:0 android.view.SurfaceView$SurfaceViewPositionUpdateListener.positionChanged:1932
2026-02-11 15:40:28.926 15870-15892 SurfaceView             com.lagradost.cloudstream3           D  258224364 updateSurfacePosition RenderWorker, frameNr = 1833, position = [24, 51, 3009, 1444] surfaceSize = 3088x1440
2026-02-11 15:40:28.926 15870-15892 SV[2582243...nActivity] com.lagradost.cloudstream3           I  uSP: rtp = Rect(24, 51 - 3009, 1444) rtsw = 3088 rtsh = 1440
2026-02-11 15:40:28.926 15870-15892 SV[2582243...nActivity] com.lagradost.cloudstream3           I  onSSPAndSRT: pl = 24 pt = 51 sx = 0.96664506 sy = 0.9673611
2026-02-11 15:40:28.926 15870-15892 SV[2582243...nActivity] com.lagradost.cloudstream3           I  aOrMT: VRI[MainActivity]@e9225f t = android.view.SurfaceControl$Transaction@d777c2b fN = 1833 android.view.SurfaceView.-$$Nest$mapplyOrMergeTransaction:0 android.view.SurfaceView$SurfaceViewPositionUpdateListener.positionChanged:1932 android.graphics.RenderNode$CompositePositionUpdateListener.positionChanged:401
2026-02-11 15:40:28.926 15870-15892 VRI[MainAc...ty]@e9225f com.lagradost.cloudstream3           I  mWNT: t=0xb400007a99ae7080 mBlastBufferQueue=0xb400007b4562d000 fn= 1833 HdrRenderState mRenderHdrSdrRatio=1.0 caller= android.view.SurfaceView.applyOrMergeTransaction:1863 android.view.SurfaceView.-$$Nest$mapplyOrMergeTransaction:0 android.view.SurfaceView$SurfaceViewPositionUpdateListener.positionChanged:1932
2026-02-11 15:40:28.935 15870-15892 SurfaceView             com.lagradost.cloudstream3           D  65670202 updateSurfacePosition RenderWorker, frameNr = 1834, position = [54, 375, 1386, 1070] surfaceSize = 1440x750
