2026-02-11 16:04:26.569 22094-22094 InsetsController        com.lagradost.cloudstream3           I  onStateChanged: host=com.lagradost.cloudstream3/com.lagradost.cloudstream3.MainActivity, from=android.view.ViewRootImpl.onInsetsStateChanged:3026, state=InsetsState: {mDisplayFrame=Rect(0, 0 - 3088, 1440), mDisplayCutout=DisplayCutout{insets=Rect(100, 0 - 0, 0) waterfall=Insets{left=0, top=0, right=0, bottom=0} boundingRect={Bounds=[Rect(0, 684 - 100, 755), Rect(0, 0 - 0, 0), Rect(0, 0 - 0, 0), Rect(0, 0 - 0, 0)]} cutoutPathParserInfo={CutoutPathParserInfo{displayWidth=1440 displayHeight=3088 physicalDisplayWidth=1440 physicalDisplayHeight=3088 density={3.75} cutoutSpec={M 0,0 H -9.466666666666667 V 26.66666666666667‬ H 9.466666666666667 V 0 H 0 Z @dp} rotation={1} scale={1.0} physicalPixelDisplaySizeRatio={1.0}}} sideOverrides={}}, mRoundedCorners=RoundedCorners{[RoundedCorner{position=TopLeft, radius=15, center=Point(15, 15)}, RoundedCorner{position=TopRight, radius=15, center=Point(3073, 15)}, RoundedCorner{position=BottomRight, radius=15, center=Point(3073, 1425)}, RoundedCorner{position=BottomLeft, radius=15, center=Point(15, 1425)}]}  mRoundedCornerFrame=Rect(0, 0 - 3088, 1440), mPrivacyIndicatorBounds=PrivacyIndicatorBounds {static bounds=Rect(2923, 0 - 3088, 113) rotation=1}, mDisplayShape=DisplayShape{ spec=-311912193 displayWidth=1440 displayHeight=3088 physicalPixelDisplaySizeRatio=1.0 rotation=1 offsetX=0 offsetY=0 scale=1.0}, mSources= { InsetsSource: {3 mType=ime mFrame=[0,0][0,0] mVisible=false mFlags= mSideHint=NONE mBoundingRects=null}, InsetsSource: {7 mType=displayCutout mFrame=[0,0][100,1440] mVisible=true mFlags= mSideHint=LEFT mBoundingRects=null}, InsetsSource: {27660001 mType=navigationBars mFrame=[2908,0][3088,1440] mVisible=false mFlags= mSideHint=RIGHT mBoundingRects=null}, InsetsSource: {27660004 mType=systemGestures mFrame=[0,0][0,0] mVisible=true mFlags= mSideHint=NONE mBoundingRects=null}, InsetsSource: {27660005 mType=mandatorySystemGestures mFrame=[2908,0][3088,1440] mVisible=true mFlags= mSideHint=RIGHT mBoundingRects=null}, InsetsSource: {27660006 mType=tappableElement mFrame=[2908,0][3088,1440] mVisible=true mFlags= mSideHint=RIGHT mBoundingRects=null}, InsetsSource: {27660024 mType=systemGestures mFrame=[0,0][0,0] mVisible=true mFlags= mSideHint=NONE mBoundingRects=null}, InsetsSource: {41f30000 mType=statusBars mFrame=[0,0][3088,113] mVisible=false mFlags= mSideHint=TOP mBoundingRects=null}, InsetsSource: {41f30005 mType=mandatorySystemGestures mFrame=[0,0][3088,113] mVisible=true mFlags= mSideHint=TOP mBoundingRects=null}, InsetsSource: {41f30006 mType=tappableElement mFrame=[0,0][3088,113] mVisible=true mFlags= mSideHint=TOP mBoundingRects=null} }
2026-02-11 16:04:26.569 22094-22094 VRI[MainAc...ty]@e9225f com.lagradost.cloudstream3           I  handleResized, frames=ClientWindowFrames{frame=[0,0][3088,1440] display=[0,0][3088,1440] parentFrame=[0,0][0,0]} displayId=0 dragResizing=false compatScale=1.0 frameChanged=false attachedFrameChanged=false configChanged=false displayChanged=false compatScaleChanged=false dragResizingChanged=false
2026-02-11 16:04:26.570 22094-22094 VRI[MainAc...ty]@e9225f com.lagradost.cloudstream3           D  mThreadedRenderer.initializeIfNeeded()#2 mSurface={isValid=true 0xb400007b404d2000}
2026-02-11 16:04:26.571 22094-22094 InputMethodManagerUtils com.lagradost.cloudstream3           D  startInputInner - Id : 0
2026-02-11 16:04:26.571 22094-22094 InputMethodManager      com.lagradost.cloudstream3           I  startInputInner - IInputMethodManagerGlobalInvoker.startInputOrWindowGainedFocus
2026-02-11 16:04:26.573 22094-23174 InputTransport          com.lagradost.cloudstream3           D  Input channel constructed: 'ClientS', fd=514
2026-02-11 16:04:26.585 22094-22094 InsetsController        com.lagradost.cloudstream3           I  onStateChanged: host=com.lagradost.cloudstream3/com.lagradost.cloudstream3.MainActivity, from=android.view.ViewRootImpl.onInsetsStateChanged:3026, state=InsetsState: {mDisplayFrame=Rect(0, 0 - 3088, 1440), mDisplayCutout=DisplayCutout{insets=Rect(100, 0 - 0, 0) waterfall=Insets{left=0, top=0, right=0, bottom=0} boundingRect={Bounds=[Rect(0, 684 - 100, 755), Rect(0, 0 - 0, 0), Rect(0, 0 - 0, 0), Rect(0, 0 - 0, 0)]} cutoutPathParserInfo={CutoutPathParserInfo{displayWidth=1440 displayHeight=3088 physicalDisplayWidth=1440 physicalDisplayHeight=3088 density={3.75} cutoutSpec={M 0,0 H -9.466666666666667 V 26.66666666666667‬ H 9.466666666666667 V 0 H 0 Z @dp} rotation={1} scale={1.0} physicalPixelDisplaySizeRatio={1.0}}} sideOverrides={}}, mRoundedCorners=RoundedCorners{[RoundedCorner{position=TopLeft, radius=15, center=Point(15, 15)}, RoundedCorner{position=TopRight, radius=15, center=Point(3073, 15)}, RoundedCorner{position=BottomRight, radius=15, center=Point(3073, 1425)}, RoundedCorner{position=BottomLeft, radius=15, center=Point(15, 1425)}]}  mRoundedCornerFrame=Rect(0, 0 - 3088, 1440), mPrivacyIndicatorBounds=PrivacyIndicatorBounds {static bounds=Rect(2923, 0 - 3088, 113) rotation=1}, mDisplayShape=DisplayShape{ spec=-311912193 displayWidth=1440 displayHeight=3088 physicalPixelDisplaySizeRatio=1.0 rotation=1 offsetX=0 offsetY=0 scale=1.0}, mSources= { InsetsSource: {7 mType=displayCutout mFrame=[0,0][100,1440] mVisible=true mFlags= mSideHint=LEFT mBoundingRects=null}, InsetsSource: {27660001 mType=navigationBars mFrame=[2908,0][3088,1440] mVisible=false mFlags= mSideHint=RIGHT mBoundingRects=null}, InsetsSource: {27660004 mType=systemGestures mFrame=[0,0][0,0] mVisible=true mFlags= mSideHint=NONE mBoundingRects=null}, InsetsSource: {27660005 mType=mandatorySystemGestures mFrame=[2908,0][3088,1440] mVisible=true mFlags= mSideHint=RIGHT mBoundingRects=null}, InsetsSource: {27660006 mType=tappableElement mFrame=[2908,0][3088,1440] mVisible=true mFlags= mSideHint=RIGHT mBoundingRects=null}, InsetsSource: {27660024 mType=systemGestures mFrame=[0,0][0,0] mVisible=true mFlags= mSideHint=NONE mBoundingRects=null}, InsetsSource: {41f30000 mType=statusBars mFrame=[0,0][3088,113] mVisible=false mFlags= mSideHint=TOP mBoundingRects=null}, InsetsSource: {41f30005 mType=mandatorySystemGestures mFrame=[0,0][3088,113] mVisible=true mFlags= mSideHint=TOP mBoundingRects=null}, InsetsSource: {41f30006 mType=tappableElement mFrame=[0,0][3088,113] mVisible=true mFlags= mSideHint=TOP mBoundingRects=null} }
2026-02-11 16:04:26.700  2223-2269  WindowManager           system_server                        E  win=Window{2bdcd3d u0 com.lagradost.cloudstream3/com.lagradost.cloudstream3.MainActivity EXITING} destroySurfaces: appStopped=false cleanupOnResume=false win.mWindowRemovalAllowed=true win.mRemoveOnExit=true win.mViewVisibility=0 caller=com.android.server.wm.WindowState.onExitAnimationDone:224 com.android.server.wm.WindowState.onAnimationFinished:161 com.android.server.wm.WindowContainer$$ExternalSyntheticLambda8.onAnimationFinished:3 com.android.server.wm.SurfaceAnimator$$ExternalSyntheticLambda0.onAnimationFinished:69 com.android.server.wm.LocalAnimationAdapter$$ExternalSyntheticLambda0.run:10 android.os.Handler.handleCallback:995 android.os.Handler.dispatchMessage:103
2026-02-11 16:04:26.708  1890-1890  SurfaceFlinger          surfaceflinger                       E  alpha changed 0.004 -> 0.000 - Surface(name=2bdcd3d com.lagradost.cloudstream3/com.lagradost.cloudstream3.MainActivity)/@0xbd50524 - animation-leash of window_animation#249843
2026-02-11 16:04:26.759 22094-22094 VRI[MainAc...ty]@e9225f com.lagradost.cloudstream3           I  call setFrameRateCategory for touch hint category=no preference, reason=boost timeout, vri=VRI[MainActivity]@e9225f
2026-02-11 16:04:26.918 22094-22094 InsetsController        com.lagradost.cloudstream3           I  cancelAnimation: types=statusBars navigationBars, animType=1, host=com.lagradost.cloudstream3/com.lagradost.cloudstream3.MainActivity, from=android.view.InsetsController.notifyFinished:2006 android.view.InsetsAnimationThreadControlRunner$1.lambda$notifyFinished$0:82 android.view.InsetsAnimationThreadControlRunner$1.$r8$lambda$cDFF0h4Ncq-8EXdGszv69jrUu7c:0
2026-02-11 16:04:26.967 22094-23174 MediaHTTPConnection     com.lagradost.cloudstream3           I  [1005352] - setReadTimeout and setConnectTimeout with 8000ms
2026-02-11 16:04:27.092 22094-23174 MediaHTTPConnection     com.lagradost.cloudstream3           I  [1005352] - response code = 206
2026-02-11 16:04:27.125 22094-22094 VideoSnifferJS          com.lagradost.cloudstream3           W  The resource https://4.adsco.re:2087/ was preloaded using link preload but not used within a few seconds from the window's load event. Please make sure it has an appropriate `as` value and it is preloaded intentionally. [https://savefiles.com/dl:0]
2026-02-11 16:04:27.125 22094-22094 VideoSnifferJS          com.lagradost.cloudstream3           W  The resource https://6.adsco.re/ was preloaded using link preload but not used within a few seconds from the window's load event. Please make sure it has an appropriate `as` value and it is preloaded intentionally. [https://savefiles.com/dl:0]
2026-02-11 16:04:27.125 22094-22094 VideoSnifferJS          com.lagradost.cloudstream3           W  The resource https://4.adsco.re/ was preloaded using link preload but not used within a few seconds from the window's load event. Please make sure it has an appropriate `as` value and it is preloaded intentionally. [https://savefiles.com/dl:0]
2026-02-11 16:04:27.126 22094-22094 VideoSnifferJS          com.lagradost.cloudstream3           W  The resource https://6.adsco.re:2087/ was preloaded using link preload but not used within a few seconds from the window's load event. Please make sure it has an appropriate `as` value and it is preloaded intentionally. [https://savefiles.com/dl:0]
2026-02-11 16:04:27.202 22094-22094 VRI[MainAc...ty]@e9225f com.lagradost.cloudstream3           I  ViewPostIme pointer 0
2026-02-11 16:04:27.203 22094-22094 VRI[MainAc...ty]@e9225f com.lagradost.cloudstream3           I  call setFrameRateCategory for touch hint category=high hint, reason=touch, vri=VRI[MainActivity]@e9225f
2026-02-11 16:04:27.260 22094-22094 VRI[MainAc...ty]@e9225f com.lagradost.cloudstream3           I  handleResized, frames=ClientWindowFrames{frame=[0,0][3088,1440] display=[0,0][3088,1440] parentFrame=[0,0][0,0]} displayId=0 dragResizing=false compatScale=1.0 frameChanged=false attachedFrameChanged=false configChanged=false displayChanged=false compatScaleChanged=false dragResizingChanged=false
2026-02-11 16:04:27.303 22094-22094 VRI[MainAc...ty]@e9225f com.lagradost.cloudstream3           I  ViewPostIme pointer 1
2026-02-11 16:04:27.531 22094-22153 MediaMetadataRetriever  com.lagradost.cloudstream3           V  setDataSource return(0)
2026-02-11 16:04:27.532 22094-22153 MediaMetadataRetriever  com.lagradost.cloudstream3           V  getFrameAtTime: time(0 us) option(2) colorFormat(1) metaOnly(0)
2026-02-11 16:04:27.631 22094-23175 MediaHTTPConnection     com.lagradost.cloudstream3           I  [0] - setReadTimeout and setConnectTimeout with 8000ms
2026-02-11 16:04:27.655 22094-22094 WindowOnBackDispatcher  com.lagradost.cloudstream3           D  onBackInvoked, callback=androidx.activity.OnBackPressedDispatcher$Api34Impl$createOnBackAnimationCallback$1@b6db32f
2026-02-11 16:04:27.655 22094-22094 popFragment             com.lagradost.cloudstream3           D  Destroying Fragment
2026-02-11 16:04:27.657 22094-22094 ImeTracker              com.lagradost.cloudstream3           I  com.lagradost.cloudstream3:521661ae: onRequestHide at ORIGIN_CLIENT reason HIDE_SOFT_INPUT fromUser false
2026-02-11 16:04:27.657 22094-22094 InputMethodManager_LC   com.lagradost.cloudstream3           I  hsifw() - flag : 0
2026-02-11 16:04:27.658 22094-22094 InputMethodManager_LC   com.lagradost.cloudstream3           I  hsifw() - mService.hideSoftInput
2026-02-11 16:04:27.658 22094-22094 InsetsController        com.lagradost.cloudstream3           D  hide(ime(), fromIme=false)
2026-02-11 16:04:27.658 22094-22094 ImeTracker              com.lagradost.cloudstream3           I  com.lagradost.cloudstream3:521661ae: onCancelled at PHASE_CLIENT_ALREADY_HIDDEN
2026-02-11 16:04:27.658 22094-22094 CS3ExoPlayer            com.lagradost.cloudstream3           I  onStop
2026-02-11 16:04:27.658 22094-22094 CS3ExoPlayer            com.lagradost.cloudstream3           I  saveData
2026-02-11 16:04:27.659 22094-22094 CS3ExoPlayer            com.lagradost.cloudstream3           I  Handle event: PositionEvent(source=Player, fromMs=3056, toMs=3056, durationMs=6320150)
2026-02-11 16:04:27.659 22094-22094 CS3ExoPlayer            com.lagradost.cloudstream3           I  handleEvent Pause
2026-02-11 16:04:27.659 22094-22094 CS3ExoPlayer            com.lagradost.cloudstream3           I  Handle event: PauseEvent(source=Player)
2026-02-11 16:04:27.667 22094-22094 ScrollView              com.lagradost.cloudstream3           D  initGoToTop
2026-02-11 16:04:27.679 22094-23175 MediaHTTPConnection     com.lagradost.cloudstream3           I  [0] - response code = 200
2026-02-11 16:04:27.704 22094-22094 SurfaceView             com.lagradost.cloudstream3           D  42404073 updateSurface: has no frame
2026-02-11 16:04:27.746 22094-22094 Kumiho-Kumiho           com.lagradost.cloudstream3           I  getPackageName: com.lagradost.cloudstream3
2026-02-11 16:04:27.747 22094-22094 Kumiho-Kumiho           com.lagradost.cloudstream3           I  getPackageName: com.lagradost.cloudstream3
2026-02-11 16:04:27.750 22094-22094 SV[4240407...nActivity] com.lagradost.cloudstream3           I  onWindowVisibilityChanged(0) true android.view.SurfaceView{28708e9 V.E...... ......I. 0,0-0,0} of VRI[MainActivity]@e9225f
2026-02-11 16:04:27.750 22094-22094 SurfaceView             com.lagradost.cloudstream3           D  42404073 updateSurface: has no frame
2026-02-11 16:04:27.751 22094-22094 CS3ExoPlayer            com.lagradost.cloudstream3           I  SET STYLE = SaveCaptionStyle(foregroundColor=-1, backgroundColor=0, windowColor=0, edgeType=1, edgeColor=-16777216, typeface=null, typefaceFilePath=null, elevation=20, fixedTextSize=null, edgeSize=null, removeCaptions=false, removeBloat=true, upperCase=false, bold=false, italic=false, backgroundRadius=null)
2026-02-11 16:04:27.753 22094-22094 ImeTracker              com.lagradost.cloudstream3           I  com.lagradost.cloudstream3:94a60653: onRequestHide at ORIGIN_CLIENT reason HIDE_SOFT_INPUT fromUser false
2026-02-11 16:04:27.753 22094-22094 InputMethodManager_LC   com.lagradost.cloudstream3           I  hsifw() - flag : 0
2026-02-11 16:04:27.753 22094-22094 InputMethodManager_LC   com.lagradost.cloudstream3           I  hsifw() - mService.hideSoftInput
2026-02-11 16:04:27.753 22094-22094 InsetsController        com.lagradost.cloudstream3           D  hide(ime(), fromIme=false)
2026-02-11 16:04:27.753 22094-22094 ImeTracker              com.lagradost.cloudstream3           I  com.lagradost.cloudstream3:94a60653: onCancelled at PHASE_CLIENT_ALREADY_HIDDEN
2026-02-11 16:04:27.753 22094-22170 SYNCVM                  com.lagradost.cloudstream3           I  addFromUrl = https://asd.pics/%d9%81%d9%8a%d9%84%d9%85-%d8%b3%d9%86%d9%88-%d9%88%d8%a7%d9%8a%d8%aa-2025/
2026-02-11 16:04:27.753 22094-22170 SYNCUTIL                com.lagradost.cloudstream3           I  getIdsFromUrl https://asd.pics/%d9%81%d9%8a%d9%84%d9%85-%d8%b3%d9%86%d9%88-%d9%88%d8%a7%d9%8a%d8%aa-2025/
2026-02-11 16:04:27.756 22094-22094 SV[4240407...nActivity] com.lagradost.cloudstream3           I  onWindowVisibilityChanged(8) false android.view.SurfaceView{28708e9 V.E...... ......I. 0,0-0,0} of VRI[MainActivity]@e9225f
2026-02-11 16:04:27.756 22094-22094 SurfaceView             com.lagradost.cloudstream3           D  42404073 updateSurface: has no frame
2026-02-11 16:04:27.756 22094-22094 SurfaceView             com.lagradost.cloudstream3           I  42404073 Detaching SV
2026-02-11 16:04:27.756 22094-22094 SurfaceView             com.lagradost.cloudstream3           D  42404073 updateSurface: has no frame
2026-02-11 16:04:27.756 22094-22094 SV[4240407...nActivity] com.lagradost.cloudstream3           I  onDetachedFromWindow: tryReleaseSurfaces()
2026-02-11 16:04:27.756 22094-22094 SV[4240407...nActivity] com.lagradost.cloudstream3           I  releaseSurfaces: viewRoot = VRI[MainActivity]@e9225f
2026-02-11 16:04:27.757 22094-22094 SV[4240407...nActivity] com.lagradost.cloudstream3           I  onWindowVisibilityChanged(0) true android.view.SurfaceView{28708e9 V.E...... ......I. 0,0-0,0} of VRI[MainActivity]@e9225f
2026-02-11 16:04:27.757 22094-22094 SurfaceView             com.lagradost.cloudstream3           D  42404073 updateSurface: has no frame
2026-02-11 16:04:27.795 22094-22094 InsetsController        com.lagradost.cloudstream3           D  Setting requestedVisibleTypes to -15 (was -16)
2026-02-11 16:04:27.795 22094-22094 InsetsController        com.lagradost.cloudstream3           I  setRequestedVisibleTypes: visible=true, mask=statusBars, host=com.lagradost.cloudstream3/com.lagradost.cloudstream3.MainActivity, from=android.view.InsetsController.controlAnimationUnchecked:1604 android.view.InsetsController.applyAnimation:2416 android.view.InsetsController.applyAnimation:2343 android.view.InsetsController.show:1422 android.view.InsetsController.show:1335 com.lagradost.cloudstream3.CommonActivity$$ExternalSyntheticApiModelOutline0.m$1:0 com.lagradost.cloudstream3.utils.UIHelper.changeStatusBarState:445 com.lagradost.cloudstream3.utils.UIHelper.showSystemUI:479 com.lagradost.cloudstream3.ui.player.FullScreenPlayer.exitFullscreen:487 com.lagradost.cloudstream3.ui.result.ResultTrailerPlayer.updateFullscreen:154
2026-02-11 16:04:27.796 22094-22094 CoilImgLoader           com.lagradost.cloudstream3           E  Error loading image: coil3.request.NullRequestDataException: The request's data is null.
2026-02-11 16:04:27.796 22094-22094 CoilImgLoader           com.lagradost.cloudstream3           E  Error loading image: coil3.request.NullRequestDataException: The request's data is null.
2026-02-11 16:04:27.799 22094-22152 SYNCVM                  com.lagradost.cloudstream3           I  addFromUrl = https://asd.pics/%d9%81%d9%8a%d9%84%d9%85-%d8%b3%d9%86%d9%88-%d9%88%d8%a7%d9%8a%d8%aa-2025/
2026-02-11 16:04:27.799 22094-22152 SYNCUTIL                com.lagradost.cloudstream3           I  getIdsFromUrl https://asd.pics/%d9%81%d9%8a%d9%84%d9%85-%d8%b3%d9%86%d9%88-%d9%88%d8%a7%d9%8a%d8%aa-2025/
2026-02-11 16:04:27.802 22094-22094 CS3ExoPlayer            com.lagradost.cloudstream3           I  reloadPlayer
2026-02-11 16:04:27.802 22094-22094 CS3ExoPlayer            com.lagradost.cloudstream3           I  releasePlayer
2026-02-11 16:04:27.802 22094-22094 CS3ExoPlayer            com.lagradost.cloudstream3           I  Handle event: PlayerAttachedEvent(player=null, source=Player)
2026-02-11 16:04:27.808 22094-22094 InsetsController        com.lagradost.cloudstream3           D  Setting requestedVisibleTypes to -9 (was -15)
2026-02-11 16:04:27.808 22094-22094 InsetsController        com.lagradost.cloudstream3           I  setRequestedVisibleTypes: visible=true, mask=navigationBars captionBar, host=com.lagradost.cloudstream3/com.lagradost.cloudstream3.MainActivity, from=android.view.InsetsController.controlAnimationUnchecked:1604 android.view.InsetsController.applyAnimation:2416 android.view.InsetsController.applyAnimation:2343 android.view.InsetsController.show:1422 android.view.InsetsController.show:1335 android.view.ViewRootImpl.controlInsetsForCompatibility:4173 android.view.ViewRootImpl.performTraversals:4757 android.view.ViewRootImpl.doTraversal:3924 android.view.ViewRootImpl$TraversalRunnable.run:12903 android.view.Choreographer$CallbackRecord.run:1901
2026-02-11 16:04:27.812 22094-22094 InsetsController        com.lagradost.cloudstream3           I  onStateChanged: host=com.lagradost.cloudstream3/com.lagradost.cloudstream3.MainActivity, from=android.view.ViewRootImpl.onInsetsStateChanged:3026, state=InsetsState: {mDisplayFrame=Rect(0, 0 - 1440, 3088), mDisplayCutout=DisplayCutout{insets=Rect(0, 100 - 0, 0) waterfall=Insets{left=0, top=0, right=0, bottom=0} boundingRect={Bounds=[Rect(0, 0 - 0, 0), Rect(685, 0 - 756, 100), Rect(0, 0 - 0, 0), Rect(0, 0 - 0, 0)]} cutoutPathParserInfo={CutoutPathParserInfo{displayWidth=1440 displayHeight=3088 physicalDisplayWidth=1440 physicalDisplayHeight=3088 density={3.75} cutoutSpec={M 0,0 H -9.466666666666667 V 26.66666666666667‬ H 9.466666666666667 V 0 H 0 Z @dp} rotation={0} scale={1.0} physicalPixelDisplaySizeRatio={1.0}}} sideOverrides={}}, mRoundedCorners=RoundedCorners{[RoundedCorner{position=TopLeft, radius=15, center=Point(15, 15)}, RoundedCorner{position=TopRight, radius=15, center=Point(1425, 15)}, RoundedCorner{position=BottomRight, radius=15, center=Point(1425, 3073)}, RoundedCorner{position=BottomLeft, radius=15, center=Point(15, 3073)}]}  mRoundedCornerFrame=Rect(0, 0 - 1440, 3088), mPrivacyIndicatorBounds=PrivacyIndicatorBounds {static bounds=Rect(1275, 0 - 1440, 100) rotation=0}, mDisplayShape=DisplayShape{ spec=-311912193 displayWidth=1440 displayHeight=3088 physicalPixelDisplaySizeRatio=1.0 rotation=0 offsetX=0 offsetY=0 scale=1.0}, mSources= { InsetsSource: {3 mType=ime mFrame=[0,0][0,0] mVisible=false mFlags= mSideHint=NONE mBoundingRects=null}, InsetsSource: {27 mType=displayCutout mFrame=[0,0][1440,100] mVisible=true mFlags= mSideHint=TOP mBoundingRects=null}, InsetsSource: {27660001 mType=navigationBars mFrame=[0,2908][1440,3088] mVisible=true mFlags= mSideHint=BOTTOM mBoundingRects=null}, InsetsSource: {27660004 mType=systemGestures mFrame=[0,0][0,0] mVisible=true mFlags= mSideHint=NONE mBoundingRects=null}, InsetsSource: {27660005 mType=mandatorySystemGestures mFrame=[0,2908][1440,3088] mVisible=true mFlags= mSideHint=BOTTOM mBoundingRects=null}, InsetsSource: {27660006 mType=tappableElement mFrame=[0,2908][1440,3088] mVisible=true mFlags= mSideHint=BOTTOM mBoundingRects=null}, InsetsSource: {27660024 mType=systemGestures mFrame=[0,0][0,0] mVisible=true mFlags= mSideHint=NONE mBoundingRects=null}, InsetsSource: {41f30000 mType=statusBars mFrame=[0,0][1440,100] mVisible=true mFlags= mSideHint=TOP mBoundingRects=null}, InsetsSource: {41f30005 mType=mandatorySystemGestures mFrame=[0,0][1440,145] mVisible=true mFlags= mSideHint=TOP mBoundingRects=null}, InsetsSource: {41f30006 mType=tappableElement mFrame=[0,0][1440,100] mVisible=true mFlags= mSideHint=TOP mBoundingRects=null} }
2026-02-11 16:04:27.813 22094-22094 BLASTBufferQueue_Java   com.lagradost.cloudstream3           I  update, w= 1440 h= 3088 mName = VRI[MainActivity]@e9225f mNativeObject= 0xb400007b51a57000 sc.mNativeObject= 0xb4000078443ec540 format= -3 caller= android.view.ViewRootImpl.updateBlastSurfaceIfNeeded:3574 android.view.ViewRootImpl.relayoutWindow:11685 android.view.ViewRootImpl.performTraversals:4804 android.view.ViewRootImpl.doTraversal:3924 android.view.ViewRootImpl$TraversalRunnable.run:12903 android.view.Choreographer$CallbackRecord.run:1901
2026-02-11 16:04:27.813 22094-22094 VRI[MainAc...ty]@e9225f com.lagradost.cloudstream3           I  Relayout returned: old=(0,0,3088,1440) new=(0,0,1440,3088) relayoutAsync=false req=(3088,1440)0 dur=4 res=0x1 s={true 0xb400007b404d2000} ch=false seqId=0
2026-02-11 16:04:27.816 22094-22094 ImeTracker              com.lagradost.cloudstream3           I  com.lagradost.cloudstream3:3e9be06d: onRequestHide at ORIGIN_CLIENT reason HIDE_SOFT_INPUT fromUser false
2026-02-11 16:04:27.816 22094-22094 InputMethodManager_LC   com.lagradost.cloudstream3           I  hsifw() - flag : 0
2026-02-11 16:04:27.816 22094-22094 InputMethodManager_LC   com.lagradost.cloudstream3           I  hsifw() - mService.hideSoftInput
2026-02-11 16:04:27.816 22094-22094 InsetsController        com.lagradost.cloudstream3           D  hide(ime(), fromIme=false)
2026-02-11 16:04:27.816 22094-22094 ImeTracker              com.lagradost.cloudstream3           I  com.lagradost.cloudstream3:3e9be06d: onCancelled at PHASE_CLIENT_ALREADY_HIDDEN
2026-02-11 16:04:27.817 22094-22094 VRI[MainAc...ty]@e9225f com.lagradost.cloudstream3           D  mThreadedRenderer.updateSurface() mSurface={isValid=true 0xb400007b404d2000}
2026-02-11 16:04:27.821 22094-22094 VRI[MainAc...ty]@e9225f com.lagradost.cloudstream3           I  updateBoundsLayer: t=android.view.SurfaceControl$Transaction@6496efb sc=Surface(name=Bounds for - com.lagradost.cloudstream3/com.lagradost.cloudstream3.MainActivity@0)/@0xe36eb18 frame=3240
2026-02-11 16:04:27.821 22094-22094 SurfaceView             com.lagradost.cloudstream3           D  42404073 updateSurface: has no frame
2026-02-11 16:04:27.821 22094-22094 View                    com.lagradost.cloudstream3           W  requestLayout() improperly called by android.widget.FrameLayout{58e7d1 I.E...... ......I. 0,0-0,0 #7f0a0515 app:id/start_panel} during layout: running second layout pass
2026-02-11 16:04:27.821 22094-22094 View                    com.lagradost.cloudstream3           W  requestLayout() improperly called by android.widget.FrameLayout{9229236 I.E...... ......ID 1440,0-1440,2607 #7f0a0174 app:id/end_panel} during layout: running second layout pass
2026-02-11 16:04:27.822 22094-22094 VRI[MainAc...ty]@e9225f com.lagradost.cloudstream3           D  reportNextDraw android.view.ViewRootImpl.performTraversals:5443 android.view.ViewRootImpl.doTraversal:3924 android.view.ViewRootImpl$TraversalRunnable.run:12903 android.view.Choreographer$CallbackRecord.run:1901 android.view.Choreographer$CallbackRecord.run:1910
2026-02-11 16:04:27.822 22094-22094 SurfaceView             com.lagradost.cloudstream3           I  42404073 Changes: creating=true format=true size=true visible=true alpha=false hint=true left=true top=true z=false attached=true lifecycleStrategy=true
2026-02-11 16:04:27.823 22094-22094 libc                    com.lagradost.cloudstream3           W  Access denied finding property "vendor.display.enable_optimal_refresh_rate"
2026-02-11 16:04:27.823 22094-22094 BufferQueueProducer     com.lagradost.cloudstream3           I  [](id:564e0000000a,api:0,p:0,c:22094) setDequeueTimeout:2077252342
2026-02-11 16:04:27.823 22094-22094 BLASTBufferQueue_Java   com.lagradost.cloudstream3           I  new BLASTBufferQueue, mName= 28708e9 SurfaceView[com.lagradost.cloudstream3/com.lagradost.cloudstream3.MainActivity]@0 mNativeObject= 0xb400007a9d2f9000 caller= android.view.SurfaceView.createBlastSurfaceControls:1781 android.view.SurfaceView.updateSurface:1450 android.view.SurfaceView.lambda$new$0:280 android.view.SurfaceView.$r8$lambda$NfZyM_TG8F8lqzaOVZ7noREFjzU:0 android.view.SurfaceView$$ExternalSyntheticLambda1.onPreDraw:0 android.view.ViewTreeObserver.dispatchOnPreDraw:1229 android.view.ViewRootImpl.performTraversals:5448 android.view.ViewRootImpl.doTraversal:3924 android.view.ViewRootImpl$TraversalRunnable.run:12903 android.view.Choreographer$CallbackRecord.run:1901
2026-02-11 16:04:27.823 22094-22094 BLASTBufferQueue_Java   com.lagradost.cloudstream3           I  update, w= 1440 h= 750 mName = 28708e9 SurfaceView[com.lagradost.cloudstream3/com.lagradost.cloudstream3.MainActivity]@0 mNativeObject= 0xb400007a9d2f9000 sc.mNativeObject= 0xb4000078443ecf00 format= 4 caller= android.view.SurfaceView.createBlastSurfaceControls:1782 android.view.SurfaceView.updateSurface:1450 android.view.SurfaceView.lambda$new$0:280 android.view.SurfaceView.$r8$lambda$NfZyM_TG8F8lqzaOVZ7noREFjzU:0 android.view.SurfaceView$$ExternalSyntheticLambda1.onPreDraw:0 android.view.ViewTreeObserver.dispatchOnPreDraw:1229
2026-02-11 16:04:27.823 22094-22094 SurfaceView             com.lagradost.cloudstream3           I  42404073 Cur surface: Surface(name=null mNativeObject=0)/@0x12a8aa4
2026-02-11 16:04:27.823 22094-22094 SurfaceComposerClient   com.lagradost.cloudstream3           D  setCornerRadius ## 28708e9 SurfaceView[com.lagradost.cloudstream3/com.lagradost.cloudstream3.MainActivity]@0#249853 cornerRadius=0.000000
2026-02-11 16:04:27.823 22094-22094 SV[4240407...nActivity] com.lagradost.cloudstream3           I  pST: sr = Rect(0, 301 - 1440, 1051) sw = 1440 sh = 750
2026-02-11 16:04:27.823 22094-22094 SurfaceView             com.lagradost.cloudstream3           D  42404073 performSurfaceTransaction RenderWorker position = [0, 301, 1440, 1051] surfaceSize = 1440x750
2026-02-11 16:04:27.823 22094-22094 libc                    com.lagradost.cloudstream3           W  Access denied finding property "vendor.display.enable_optimal_refresh_rate"
2026-02-11 16:04:27.823 22094-22094 SV[4240407...nActivity] com.lagradost.cloudstream3           I  updateSurface: mVisible = true mSurface.isValid() = true
2026-02-11 16:04:27.823 22094-22094 SV[4240407...nActivity] com.lagradost.cloudstream3           I  updateSurface: mSurfaceCreated = false surfaceChanged = true visibleChanged = true
2026-02-11 16:04:27.823 22094-22094 SurfaceView             com.lagradost.cloudstream3           I  42404073 visibleChanged -- surfaceCreated
2026-02-11 16:04:27.823 22094-22094 SV[4240407...nActivity] com.lagradost.cloudstream3           I  surfaceCreated 0 #8 android.view.SurfaceView{28708e9 V.E...... ......ID 0,0-1440,750}
2026-02-11 16:04:27.823 22094-22094 SurfaceView             com.lagradost.cloudstream3           I  42404073 surfaceChanged -- format=4 w=1440 h=750
2026-02-11 16:04:27.823 22094-22094 SV[4240407...nActivity] com.lagradost.cloudstream3           I  surfaceChanged (1440,750) 0 #8 android.view.SurfaceView{28708e9 V.E...... ......ID 0,0-1440,750}
2026-02-11 16:04:27.823 22094-22094 SurfaceView             com.lagradost.cloudstream3           I  42404073 surfaceRedrawNeeded
2026-02-11 16:04:27.823 22094-22094 SurfaceView             com.lagradost.cloudstream3           I  42404073 finishedDrawing
2026-02-11 16:04:27.823 22094-22094 SurfaceView             com.lagradost.cloudstream3           V  Layout: x=0 y=301 w=1440 h=750, frame=Rect(0, 0 - 1440, 750)
2026-02-11 16:04:27.823 22094-22094 VRI[MainAc...ty]@e9225f com.lagradost.cloudstream3           D  Setup new sync=wmsSync-VRI[MainActivity]@e9225f#30
2026-02-11 16:04:27.823 22094-22094 VRI[MainAc...ty]@e9225f com.lagradost.cloudstream3           I  Creating new active sync group VRI[MainActivity]@e9225f#31
2026-02-11 16:04:27.824 22094-22094 VRI[MainAc...ty]@e9225f com.lagradost.cloudstream3           D  registerCallbacksForSync syncBuffer=false
2026-02-11 16:04:27.827 22094-22138 SurfaceView             com.lagradost.cloudstream3           D  42404073 updateSurfacePosition RenderWorker, frameNr = 3240, position = [72, 416, 1368, 1092] surfaceSize = 1440x750
2026-02-11 16:04:27.827 22094-22138 SV[4240407...nActivity] com.lagradost.cloudstream3           I  uSP: rtp = Rect(72, 416 - 1368, 1092) rtsw = 1440 rtsh = 750
2026-02-11 16:04:27.827 22094-22138 SV[4240407...nActivity] com.lagradost.cloudstream3           I  onSSPAndSRT: pl = 72 pt = 416 sx = 0.9 sy = 0.90133333
2026-02-11 16:04:27.827 22094-22138 SV[4240407...nActivity] com.lagradost.cloudstream3           I  aOrMT: VRI[MainActivity]@e9225f t = android.view.SurfaceControl$Transaction@cd7ad10 fN = 3240 android.view.SurfaceView.-$$Nest$mapplyOrMergeTransaction:0 android.view.SurfaceView$SurfaceViewPositionUpdateListener.positionChanged:1932 android.graphics.RenderNode$CompositePositionUpdateListener.positionChanged:401
2026-02-11 16:04:27.827 22094-22138 VRI[MainAc...ty]@e9225f com.lagradost.cloudstream3           I  mWNT: t=0xb400007866295500 mBlastBufferQueue=0xb400007b51a57000 fn= 3240 HdrRenderState mRenderHdrSdrRatio=1.0 caller= android.view.SurfaceView.applyOrMergeTransaction:1863 android.view.SurfaceView.-$$Nest$mapplyOrMergeTransaction:0 android.view.SurfaceView$SurfaceViewPositionUpdateListener.positionChanged:1932
2026-02-11 16:04:27.828 22094-22189 VRI[MainAc...ty]@e9225f com.lagradost.cloudstream3           D  Received frameDrawingCallback syncResult=0 frameNum=3240.
2026-02-11 16:04:27.828 22094-22189 VRI[MainAc...ty]@e9225f com.lagradost.cloudstream3           I  mWNT: t=0xb400007866295c80 mBlastBufferQueue=0xb400007b51a57000 fn= 3240 HdrRenderState mRenderHdrSdrRatio=1.0 caller= android.view.ViewRootImpl$12.onFrameDraw:15441 android.view.ThreadedRenderer$1.onFrameDraw:718 <bottom of call stack>
2026-02-11 16:04:27.828 22094-22189 VRI[MainAc...ty]@e9225f com.lagradost.cloudstream3           I  Setting up sync and frameCommitCallback
2026-02-11 16:04:27.831 22094-22138 VRI[MainAc...ty]@e9225f com.lagradost.cloudstream3           I  Received frameCommittedCallback lastAttemptedDrawFrameNum=3240 didProduceBuffer=true
2026-02-11 16:04:27.831 22094-22094 VRI[MainAc...ty]@e9225f com.lagradost.cloudstream3           D  reportDrawFinished seqId=0
2026-02-11 16:04:27.836 22094-22094 VRI[MainAc...ty]@e9225f com.lagradost.cloudstream3           I  handleResized, frames=ClientWindowFrames{frame=[0,0][1440,3088] display=[0,0][1440,3088] parentFrame=[0,0][0,0]} displayId=0 dragResizing=false compatScale=1.0 frameChanged=false attachedFrameChanged=false configChanged=false displayChanged=false compatScaleChanged=false dragResizingChanged=false
2026-02-11 16:04:27.836 22094-22094 VRI[MainAc...ty]@e9225f com.lagradost.cloudstream3           I  handleResized mSyncSeqId = 0
2026-02-11 16:04:27.836 22094-22094 VRI[MainAc...ty]@e9225f com.lagradost.cloudstream3           D  reportNextDraw android.view.ViewRootImpl.handleResized:2983 android.view.ViewRootImpl.-$$Nest$mhandleResized:0 android.view.ViewRootImpl$W.resized:14082 android.app.servertransaction.WindowStateResizeItem.execute:93 android.app.servertransaction.WindowStateTransactionItem.execute:62
2026-02-11 16:04:27.837 22094-22094 VRI[MainAc...ty]@e9225f com.lagradost.cloudstream3           I  handleResized, frames=ClientWindowFrames{frame=[0,0][1440,3088] display=[0,0][1440,3088] parentFrame=[0,0][0,0]} displayId=0 dragResizing=false compatScale=1.0 frameChanged=false attachedFrameChanged=false configChanged=false displayChanged=false compatScaleChanged=false dragResizingChanged=false
2026-02-11 16:04:27.837 22094-22094 VRI[MainAc...ty]@e9225f com.lagradost.cloudstream3           I  handleResized mSyncSeqId = 0
2026-02-11 16:04:27.837 22094-22094 VRI[MainAc...ty]@e9225f com.lagradost.cloudstream3           D  reportNextDraw android.view.ViewRootImpl.handleResized:2983 android.view.ViewRootImpl.-$$Nest$mhandleResized:0 android.view.ViewRootImpl$W.resized:14082 android.app.servertransaction.WindowStateResizeItem.execute:93 android.app.servertransaction.WindowStateTransactionItem.execute:62
2026-02-11 16:04:27.839 22094-22094 BLASTBufferQueue_Java   com.lagradost.cloudstream3           I  update, w= 1440 h= 3088 mName = VRI[MainActivity]@e9225f mNativeObject= 0xb400007b51a57000 sc.mNativeObject= 0xb4000078443ec540 format= -3 caller= android.view.ViewRootImpl.updateBlastSurfaceIfNeeded:3574 android.view.ViewRootImpl.relayoutWindow:11685 android.view.ViewRootImpl.performTraversals:4804 android.view.ViewRootImpl.doTraversal:3924 android.view.ViewRootImpl$TraversalRunnable.run:12903 android.view.Choreographer$CallbackRecord.run:1901
2026-02-11 16:04:27.839 22094-22094 VRI[MainAc...ty]@e9225f com.lagradost.cloudstream3           I  Relayout returned: old=(0,0,1440,3088) new=(0,0,1440,3088) relayoutAsync=true req=(1440,3088)0 dur=1 res=0x0 s={true 0xb400007b404d2000} ch=false seqId=0
2026-02-11 16:04:27.839 22094-22094 SurfaceView             com.lagradost.cloudstream3           I  47521992 Changes: creating=false format=false size=false visible=false alpha=false hint=true left=false top=false z=false attached=true lifecycleStrategy=false
2026-02-11 16:04:27.839 22094-22094 SurfaceView             com.lagradost.cloudstream3           I  47521992 Cur surface: Surface(name=null mNativeObject=-5476376629773629184)/@0x5939971
2026-02-11 16:04:27.839 22094-22094 SurfaceComposerClient   com.lagradost.cloudstream3           D  setCornerRadius ## 2d520c8 SurfaceView[com.lagradost.cloudstream3/com.lagradost.cloudstream3.MainActivity]@0#249819 cornerRadius=0.000000
2026-02-11 16:04:27.839 22094-22094 BLASTBufferQueue_Java   com.lagradost.cloudstream3           I  update, w= 2560 h= 1440 mName = 2d520c8 SurfaceView[com.lagradost.cloudstream3/com.lagradost.cloudstream3.MainActivity]@0 mNativeObject= 0xb400007b403d7000 sc.mNativeObject= 0xb400007a9d2c8d00 format= 4 caller= android.view.SurfaceView.setBufferSize:1703 android.view.SurfaceView.performSurfaceTransaction:1238 android.view.SurfaceView.updateSurface:1467 android.view.SurfaceView.lambda$new$0:280 android.view.SurfaceView.$r8$lambda$NfZyM_TG8F8lqzaOVZ7noREFjzU:0 android.view.SurfaceView$$ExternalSyntheticLambda1.onPreDraw:0
2026-02-11 16:04:27.839 22094-22094 SV[4752199...nActivity] com.lagradost.cloudstream3           I  updateSurface: mVisible = true mSurface.isValid() = true
2026-02-11 16:04:27.840 22094-22094 SV[4752199...nActivity] com.lagradost.cloudstream3           I  updateSurface: mSurfaceCreated = true surfaceChanged = false visibleChanged = false
2026-02-11 16:04:27.840 22094-22094 SurfaceView             com.lagradost.cloudstream3           I  47521992 surfaceChanged -- format=4 w=2560 h=1440
2026-02-11 16:04:27.840 22094-22094 SV[4752199...nActivity] com.lagradost.cloudstream3           I  surfaceChanged (2560,1440) 1 #8 android.view.SurfaceView{2d520c8 V.E...... ........ 0,0-2560,1440}
2026-02-11 16:04:27.840 22094-22094 SurfaceView             com.lagradost.cloudstream3           I  47521992 surfaceRedrawNeeded
2026-02-11 16:04:27.840 22094-22094 SurfaceView             com.lagradost.cloudstream3           I  47521992 finishedDrawing
2026-02-11 16:04:27.840 22094-22094 SurfaceView             com.lagradost.cloudstream3           V  Layout: x=264 y=0 w=2560 h=1440, frame=Rect(0, 0 - 2560, 1440)
2026-02-11 16:04:27.840 22094-22094 SurfaceView             com.lagradost.cloudstream3           I  42404073 Changes: creating=false format=false size=false visible=false alpha=false hint=true left=false top=false z=false attached=true lifecycleStrategy=false
2026-02-11 16:04:27.840 22094-22094 SurfaceView             com.lagradost.cloudstream3           I  42404073 Cur surface: Surface(name=null mNativeObject=-5476376629772222208)/@0x12a8aa4
2026-02-11 16:04:27.840 22094-22094 SurfaceComposerClient   com.lagradost.cloudstream3           D  setCornerRadius ## 28708e9 SurfaceView[com.lagradost.cloudstream3/com.lagradost.cloudstream3.MainActivity]@0#249853 cornerRadius=0.000000
2026-02-11 16:04:27.840 22094-22094 BLASTBufferQueue_Java   com.lagradost.cloudstream3           I  update, w= 1440 h= 750 mName = 28708e9 SurfaceView[com.lagradost.cloudstream3/com.lagradost.cloudstream3.MainActivity]@0 mNativeObject= 0xb400007a9d2f9000 sc.mNativeObject= 0xb4000078443ecf00 format= 4 caller= android.view.SurfaceView.setBufferSize:1703 android.view.SurfaceView.performSurfaceTransaction:1238 android.view.SurfaceView.updateSurface:1467 android.view.SurfaceView.lambda$new$0:280 android.view.SurfaceView.$r8$lambda$NfZyM_TG8F8lqzaOVZ7noREFjzU:0 android.view.SurfaceView$$ExternalSyntheticLambda1.onPreDraw:0
2026-02-11 16:04:27.840 22094-22094 SV[4240407...nActivity] com.lagradost.cloudstream3           I  updateSurface: mVisible = true mSurface.isValid() = true
2026-02-11 16:04:27.840 22094-22094 SV[4240407...nActivity] com.lagradost.cloudstream3           I  updateSurface: mSurfaceCreated = true surfaceChanged = false visibleChanged = false
2026-02-11 16:04:27.840 22094-22094 SurfaceView             com.lagradost.cloudstream3           I  42404073 surfaceChanged -- format=4 w=1440 h=750
2026-02-11 16:04:27.840 22094-22094 SV[4240407...nActivity] com.lagradost.cloudstream3           I  surfaceChanged (1440,750) 0 #8 android.view.SurfaceView{28708e9 V.E...... ........ 0,0-1440,750}
2026-02-11 16:04:27.840 22094-22094 SurfaceView             com.lagradost.cloudstream3           I  42404073 surfaceRedrawNeeded
2026-02-11 16:04:27.840 22094-22094 SurfaceView             com.lagradost.cloudstream3           I  42404073 finishedDrawing
2026-02-11 16:04:27.840 22094-22094 SurfaceView             com.lagradost.cloudstream3           V  Layout: x=0 y=301 w=1440 h=750, frame=Rect(0, 0 - 1440, 750)
2026-02-11 16:04:27.840 22094-22094 VRI[MainAc...ty]@e9225f com.lagradost.cloudstream3           D  Setup new sync=wmsSync-VRI[MainActivity]@e9225f#34
2026-02-11 16:04:27.840 22094-22094 VRI[MainAc...ty]@e9225f com.lagradost.cloudstream3           I  Creating new active sync group VRI[MainActivity]@e9225f#35
2026-02-11 16:04:27.840 22094-22094 VRI[MainAc...ty]@e9225f com.lagradost.cloudstream3           D  registerCallbacksForSync syncBuffer=false
2026-02-11 16:04:27.841 22094-22190 VRI[MainAc...ty]@e9225f com.lagradost.cloudstream3           D  Received frameDrawingCallback syncResult=0 frameNum=3241.
2026-02-11 16:04:27.841 22094-22190 VRI[MainAc...ty]@e9225f com.lagradost.cloudstream3           I  mWNT: t=0xb4000078662ac000 mBlastBufferQueue=0xb400007b51a57000 fn= 3241 HdrRenderState mRenderHdrSdrRatio=1.0 caller= android.view.ViewRootImpl$12.onFrameDraw:15441 android.view.ThreadedRenderer$1.onFrameDraw:718 <bottom of call stack>
2026-02-11 16:04:27.841 22094-22190 VRI[MainAc...ty]@e9225f com.lagradost.cloudstream3           I  Setting up sync and frameCommitCallback
2026-02-11 16:04:27.844 22094-22138 VRI[MainAc...ty]@e9225f com.lagradost.cloudstream3           I  Received frameCommittedCallback lastAttemptedDrawFrameNum=3241 didProduceBuffer=true
2026-02-11 16:04:27.844 22094-22094 VRI[MainAc...ty]@e9225f com.lagradost.cloudstream3           D  reportDrawFinished seqId=0
2026-02-11 16:04:27.844 22094-22094 VRI[MainAc...ty]@e9225f com.lagradost.cloudstream3           I  handleResized, frames=ClientWindowFrames{frame=[0,0][1440,3088] display=[0,0][1440,3088] parentFrame=[0,0][0,0]} displayId=0 dragResizing=false compatScale=1.0 frameChanged=false attachedFrameChanged=false configChanged=false displayChanged=false compatScaleChanged=false dragResizingChanged=false
2026-02-11 16:04:27.844 22094-22094 VRI[MainAc...ty]@e9225f com.lagradost.cloudstream3           I  handleResized mSyncSeqId = 0
2026-02-11 16:04:27.844 22094-22094 VRI[MainAc...ty]@e9225f com.lagradost.cloudstream3           D  reportNextDraw android.view.ViewRootImpl.handleResized:2983 android.view.ViewRootImpl.-$$Nest$mhandleResized:0 android.view.ViewRootImpl$W.resized:14082 android.app.servertransaction.WindowStateResizeItem.execute:93 android.app.servertransaction.WindowStateTransactionItem.execute:62
2026-02-11 16:04:27.844 22094-22094 InsetsSourceConsumer    com.lagradost.cloudstream3           I  applyRequestedVisibilityToControl: visible=true, type=statusBars, host=com.lagradost.cloudstream3/com.lagradost.cloudstream3.MainActivity
2026-02-11 16:04:27.848 22094-22094 VRI[MainAc...ty]@e9225f com.lagradost.cloudstream3           D  Setup new sync=wmsSync-VRI[MainActivity]@e9225f#36
2026-02-11 16:04:27.848 22094-22094 VRI[MainAc...ty]@e9225f com.lagradost.cloudstream3           I  Creating new active sync group VRI[MainActivity]@e9225f#37
2026-02-11 16:04:27.849 22094-22094 VRI[MainAc...ty]@e9225f com.lagradost.cloudstream3           D  registerCallbacksForSync syncBuffer=false
2026-02-11 16:04:27.849 22094-22138 SurfaceView             com.lagradost.cloudstream3           D  42404073 updateSurfacePosition RenderWorker, frameNr = 3242, position = [63, 403, 1377, 1087] surfaceSize = 1440x750
2026-02-11 16:04:27.849 22094-22138 SV[4240407...nActivity] com.lagradost.cloudstream3           I  uSP: rtp = Rect(63, 403 - 1377, 1087) rtsw = 1440 rtsh = 750
2026-02-11 16:04:27.849 22094-22138 SV[4240407...nActivity] com.lagradost.cloudstream3           I  onSSPAndSRT: pl = 63 pt = 403 sx = 0.9125 sy = 0.912
2026-02-11 16:04:27.849 22094-22138 SV[4240407...nActivity] com.lagradost.cloudstream3           I  aOrMT: VRI[MainActivity]@e9225f t = android.view.SurfaceControl$Transaction@cd7ad10 fN = 3242 android.view.SurfaceView.-$$Nest$mapplyOrMergeTransaction:0 android.view.SurfaceView$SurfaceViewPositionUpdateListener.positionChanged:1932 android.graphics.RenderNode$CompositePositionUpdateListener.positionChanged:401
2026-02-11 16:04:27.850 22094-22138 VRI[MainAc...ty]@e9225f com.lagradost.cloudstream3           I  mWNT: t=0xb400007866295500 mBlastBufferQueue=0xb400007b51a57000 fn= 3242 HdrRenderState mRenderHdrSdrRatio=1.0 caller= android.view.SurfaceView.applyOrMergeTransaction:1863 android.view.SurfaceView.-$$Nest$mapplyOrMergeTransaction:0 android.view.SurfaceView$SurfaceViewPositionUpdateListener.positionChanged:1932
2026-02-11 16:04:27.850 22094-22138 SurfaceView             com.lagradost.cloudstream3           D  47521992 updateSurfacePosition RenderWorker, frameNr = 3242, position = [278, 8, 2810, 1432] surfaceSize = 2560x1440
2026-02-11 16:04:27.850 22094-22138 SV[4752199...nActivity] com.lagradost.cloudstream3           I  uSP: rtp = Rect(278, 8 - 2810, 1432) rtsw = 2560 rtsh = 1440
2026-02-11 16:04:27.850 22094-22138 SV[4752199...nActivity] com.lagradost.cloudstream3           I  onSSPAndSRT: pl = 278 pt = 8 sx = 0.9890625 sy = 0.98888886
2026-02-11 16:04:27.850 22094-22138 SV[4752199...nActivity] com.lagradost.cloudstream3           I  aOrMT: VRI[MainActivity]@e9225f t = android.view.SurfaceControl$Transaction@265ee1e fN = 3242 android.view.SurfaceView.-$$Nest$mapplyOrMergeTransaction:0 android.view.SurfaceView$SurfaceViewPositionUpdateListener.positionChanged:1932 android.graphics.RenderNode$CompositePositionUpdateListener.positionChanged:401
2026-02-11 16:04:27.850 22094-22138 VRI[MainAc...ty]@e9225f com.lagradost.cloudstream3           I  mWNT: t=0xb400007b40508f00 mBlastBufferQueue=0xb400007b51a57000 fn= 3242 HdrRenderState mRenderHdrSdrRatio=1.0 caller= android.view.SurfaceView.applyOrMergeTransaction:1863 android.view.SurfaceView.-$$Nest$mapplyOrMergeTransaction:0 android.view.SurfaceView$SurfaceViewPositionUpdateListener.positionChanged:1932
2026-02-11 16:04:27.851 22094-22189 VRI[MainAc...ty]@e9225f com.lagradost.cloudstream3           D  Received frameDrawingCallback syncResult=0 frameNum=3242.
2026-02-11 16:04:27.851 22094-22189 VRI[MainAc...ty]@e9225f com.lagradost.cloudstream3           I  Setting up sync and frameCommitCallback
2026-02-11 16:04:27.866 22094-22138 VRI[MainAc...ty]@e9225f com.lagradost.cloudstream3           I  Received frameCommittedCallback lastAttemptedDrawFrameNum=3242 didProduceBuffer=true
2026-02-11 16:04:27.866 22094-22094 VRI[MainAc...ty]@e9225f com.lagradost.cloudstream3           D  reportDrawFinished seqId=0
2026-02-11 16:04:27.867 22094-22138 SurfaceView             com.lagradost.cloudstream3           D  42404073 updateSurfacePosition RenderWorker, frameNr = 3243, position = [58, 395, 1382, 1084] surfaceSize = 1440x750
2026-02-11 16:04:27.867 22094-22138 SV[4240407...nActivity] com.lagradost.cloudstream3           I  uSP: rtp = Rect(58, 395 - 1382, 1084) rtsw = 1440 rtsh = 750
2026-02-11 16:04:27.867 22094-22138 SV[4240407...nActivity] com.lagradost.cloudstream3           I  onSSPAndSRT: pl = 58 pt = 395 sx = 0.91944444 sy = 0.91866666
2026-02-11 16:04:27.867 22094-22138 SV[4240407...nActivity] com.lagradost.cloudstream3           I  aOrMT: VRI[MainActivity]@e9225f t = android.view.SurfaceControl$Transaction@cd7ad10 fN = 3243 android.view.SurfaceView.-$$Nest$mapplyOrMergeTransaction:0 android.view.SurfaceView$SurfaceViewPositionUpdateListener.positionChanged:1932 android.graphics.RenderNode$CompositePositionUpdateListener.positionChanged:401
2026-02-11 16:04:27.867 22094-22138 VRI[MainAc...ty]@e9225f com.lagradost.cloudstream3           I  mWNT: t=0xb400007866295500 mBlastBufferQueue=0xb400007b51a57000 fn= 3243 HdrRenderState mRenderHdrSdrRatio=1.0 caller= android.view.SurfaceView.applyOrMergeTransaction:1863 android.view.SurfaceView.-$$Nest$mapplyOrMergeTransaction:0 android.view.SurfaceView$SurfaceViewPositionUpdateListener.positionChanged:1932
2026-02-11 16:04:27.867 22094-22138 SurfaceView             com.lagradost.cloudstream3           D  47521992 updateSurfacePosition RenderWorker, frameNr = 3243, position = [287, 13, 2801, 1427] surfaceSize = 2560x1440
2026-02-11 16:04:27.867 22094-22138 SV[4752199...nActivity] com.lagradost.cloudstream3           I  uSP: rtp = Rect(287, 13 - 2801, 1427) rtsw = 2560 rtsh = 1440
2026-02-11 16:04:27.867 22094-22138 SV[4752199...nActivity] com.lagradost.cloudstream3           I  onSSPAndSRT: pl = 287 pt = 13 sx = 0.9820312 sy = 0.98194444
2026-02-11 16:04:27.867 22094-22138 SV[4752199...nActivity] com.lagradost.cloudstream3           I  aOrMT: VRI[MainActivity]@e9225f t = android.view.SurfaceControl$Transaction@265ee1e fN = 3243 android.view.SurfaceView.-$$Nest$mapplyOrMergeTransaction:0 android.view.SurfaceView$SurfaceViewPositionUpdateListener.positionChanged:1932 android.graphics.RenderNode$CompositePositionUpdateListener.positionChanged:401
2026-02-11 16:04:27.867 22094-22138 VRI[MainAc...ty]@e9225f com.lagradost.cloudstream3           I  mWNT: t=0xb400007b40508f00 mBlastBufferQueue=0xb400007b51a57000 fn= 3243 HdrRenderState mRenderHdrSdrRatio=1.0 caller= android.view.SurfaceView.applyOrMergeTransaction:1863 android.view.SurfaceView.-$$Nest$mapplyOrMergeTransaction:0 android.view.SurfaceView$SurfaceViewPositionUpdateListener.positionChanged:1932
2026-02-11 16:04:27.875 22094-22138 SurfaceView             com.lagradost.cloudstream3           D  42404073 updateSurfacePosition RenderWorker, frameNr = 3244, position = [42, 368, 1398, 1075] surfaceSize = 1440x750
2026-02-11 16:04:27.875 22094-22138 SV[4240407...nActivity] com.lagradost.cloudstream3           I  uSP: rtp = Rect(42, 368 - 1398, 1075) rtsw = 1440 rtsh = 750
2026-02-11 16:04:27.875 22094-22138 SV[4240407...nActivity] com.lagradost.cloudstream3           I  onSSPAndSRT: pl = 42 pt = 368 sx = 0.94166666 sy = 0.94266665
