2026-02-11 16:04:06.530 22094-22094 VRI[MainAc...ty]@e9225f com.lagradost.cloudstream3           I  call setFrameRateCategory for touch hint category=no preference, reason=boost timeout, vri=VRI[MainActivity]@e9225f
2026-02-11 16:04:06.677 22094-22094 VRI[MainAc...ty]@e9225f com.lagradost.cloudstream3           I  ViewPostIme pointer 0
2026-02-11 16:04:06.679 22094-22094 VRI[MainAc...ty]@e9225f com.lagradost.cloudstream3           I  call setFrameRateCategory for touch hint category=high hint, reason=touch, vri=VRI[MainActivity]@e9225f
2026-02-11 16:04:06.733 22094-22094 VRI[MainAc...ty]@e9225f com.lagradost.cloudstream3           I  ViewPostIme pointer 1
2026-02-11 16:04:06.742 22094-22094 CS3ExoPlayer            com.lagradost.cloudstream3           I  newInstance = {}
2026-02-11 16:04:06.742 22094-22094 NavComponent            com.lagradost.cloudstream3           I  Navigating to fragment: 2131362284
2026-02-11 16:04:06.745 22094-22094 ImeTracker              com.lagradost.cloudstream3           I  com.lagradost.cloudstream3:e940c598: onRequestHide at ORIGIN_CLIENT reason HIDE_SOFT_INPUT fromUser false
2026-02-11 16:04:06.745 22094-22094 InputMethodManager_LC   com.lagradost.cloudstream3           I  hsifw() - flag : 0
2026-02-11 16:04:06.745 22094-22094 InputMethodManager_LC   com.lagradost.cloudstream3           I  hsifw() - mService.hideSoftInput
2026-02-11 16:04:06.745 22094-22094 InsetsController        com.lagradost.cloudstream3           D  hide(ime(), fromIme=false)
2026-02-11 16:04:06.745 22094-22094 ImeTracker              com.lagradost.cloudstream3           I  com.lagradost.cloudstream3:e940c598: onCancelled at PHASE_CLIENT_ALREADY_HIDDEN
2026-02-11 16:04:06.747 22094-22094 CS3ExoPlayer            com.lagradost.cloudstream3           I  onStop
2026-02-11 16:04:06.747 22094-22094 CS3ExoPlayer            com.lagradost.cloudstream3           I  saveData
2026-02-11 16:04:06.747 22094-22094 CS3ExoPlayer            com.lagradost.cloudstream3           I  handleEvent Pause
2026-02-11 16:04:06.748 22094-22094 CS3ExoPlayer            com.lagradost.cloudstream3           I  unwrapBundle = null
2026-02-11 16:04:06.748 22094-22094 CS3ExoPlayer            com.lagradost.cloudstream3           I  unwrapBundle = Bundle[{resumePosition=0, syncData={}}]
2026-02-11 16:04:06.754 22094-22094 SurfaceView             com.lagradost.cloudstream3           D  47521992 updateSurface: has no frame
2026-02-11 16:04:06.787 22094-22094 SV[4752199...nActivity] com.lagradost.cloudstream3           I  onWindowVisibilityChanged(0) true android.view.SurfaceView{2d520c8 V.E...... ......I. 0,0-0,0} of VRI[MainActivity]@e9225f
2026-02-11 16:04:06.787 22094-22094 SurfaceView             com.lagradost.cloudstream3           D  47521992 updateSurface: has no frame
2026-02-11 16:04:06.788 22094-22094 CS3ExoPlayer            com.lagradost.cloudstream3           I  SET STYLE = SaveCaptionStyle(foregroundColor=-1, backgroundColor=0, windowColor=0, edgeType=1, edgeColor=-16777216, typeface=null, typefaceFilePath=null, elevation=20, fixedTextSize=null, edgeSize=null, removeCaptions=false, removeBloat=true, upperCase=false, bold=false, italic=false, backgroundRadius=null)
2026-02-11 16:04:06.790 22094-22094 CS3ExoPlayer            com.lagradost.cloudstream3           I  unwrapBundle = null
2026-02-11 16:04:06.790 22094-22094 CS3ExoPlayer            com.lagradost.cloudstream3           I  unwrapBundle = Bundle[{resumePosition=0, syncData={}}]
2026-02-11 16:04:06.790 22094-22094 PlayViewGen             com.lagradost.cloudstream3           I  loadLinks
2026-02-11 16:04:06.790 22094-22153 SYNCVM                  com.lagradost.cloudstream3           I  updateUserData
2026-02-11 16:04:06.791 22094-22153 ArabseedV2              com.lagradost.cloudstream3           D  [loadLinks] START data='https://asd.pics/%d9%81%d9%8a%d9%84%d9%85-%d8%b3%d9%86%d9%88-%d9%88%d8%a7%d9%8a%...'
2026-02-11 16:04:06.791 22094-22094 CS3ExoPlayer            com.lagradost.cloudstream3           I  setActiveSubtitles 0
2026-02-11 16:04:06.791 22094-22153 RequestQueue            com.lagradost.cloudstream3           D  [enqueue] Request is LEADER | domain=asd.pics, url=https://asd.pics/%d9%81%d9%8a%d9%84%d9%85-%d8%b3%d9%86%d9%88-%d9%88%d8%a7%d9%8a%
2026-02-11 16:04:06.792 22094-22153 ProviderSession         com.lagradost.cloudstream3           D  [buildHeaders] Building request headers | domain=asd.pics, cookieCount=9, hasClearance=true, isValid=true, uaHash=803669695
2026-02-11 16:04:06.792 22094-22094 CS3ExoPlayer            com.lagradost.cloudstream3           I  autoSelectFromSettings = null
2026-02-11 16:04:06.792 22094-22153 ProviderSession         com.lagradost.cloudstream3           D  [buildHeaders] Cookie header set | keys=[cf_clearance, dom3ic8zudi28v8lr6fgphwffqoz0j6c, _ga_D8NNSFR7SN, _ga, sb_page_6f4f5c3f5bfa5f5651799c658cb3556b, sb_main_6f4f5c3f5bfa5f5651799c658cb3556b, sb_count_6f4f5c3f5bfa5f5651799c658cb3556b, pp_main_6710543788e9f02584f3584d5416d1e3, pbpr0tpuw4isk85t8yg3jb2lj5vqf]
2026-02-11 16:04:06.792 22094-22153 ProviderHttp            com.lagradost.cloudstream3           D  [executeDirectRequest] Executing HTTP request | url=https://asd.pics/%d9%81%d9%8a%d9%84%d9%85-%d8%b3%d9%86%d9%88-%d9%88%d8%a7%d9%8a%, domain=asd.pics, hasCookie=true, cookieKeys=[cf_clearance, dom3ic8zudi28v8lr6fgphwffqoz0j6c, _ga_D8NNSFR7SN, _ga, sb_page_6f4f5c3f5bfa5f5651799c658cb3556b, sb_main_6f4f5c3f5bfa5f5651799c658cb3556b, sb_count_6f4f5c3f5bfa5f5651799c658cb3556b, pp_main_6710543788e9f02584f3584d5416d1e3, pbpr0tpuw4isk85t8yg3jb2lj5vqf]
2026-02-11 16:04:06.843 22094-22094 CS3ExoPlayer            com.lagradost.cloudstream3           I  reloadPlayer
2026-02-11 16:04:06.843 22094-22094 CS3ExoPlayer            com.lagradost.cloudstream3           I  releasePlayer
2026-02-11 16:04:06.844 22094-22094 CS3ExoPlayer            com.lagradost.cloudstream3           I  Handle event: PlayerAttachedEvent(player=null, source=Player)
2026-02-11 16:04:06.851 22094-22094 InsetsController        com.lagradost.cloudstream3           D  Setting requestedVisibleTypes to -16 (was -9)
2026-02-11 16:04:06.851 22094-22094 InsetsController        com.lagradost.cloudstream3           I  setRequestedVisibleTypes: visible=false, mask=statusBars navigationBars captionBar, host=com.lagradost.cloudstream3/com.lagradost.cloudstream3.MainActivity, from=android.view.InsetsController.controlAnimationUnchecked:1604 android.view.InsetsController.applyAnimation:2416 android.view.InsetsController.applyAnimation:2343 android.view.InsetsController.hide:1540 android.view.InsetsController.hide:1450 android.view.ViewRootImpl.controlInsetsForCompatibility:4170 android.view.ViewRootImpl.performTraversals:4757 android.view.ViewRootImpl.doTraversal:3924 android.view.ViewRootImpl$TraversalRunnable.run:12903 android.view.Choreographer$CallbackRecord.run:1901
2026-02-11 16:04:06.852 22094-22094 InsetsController        com.lagradost.cloudstream3           I  controlAnimationUncheckedInner: Added types=statusBars navigationBars, animType=1, host=com.lagradost.cloudstream3/com.lagradost.cloudstream3.MainActivity, from=android.view.InsetsController.controlAnimationUnchecked:1608 android.view.InsetsController.applyAnimation:2416 android.view.InsetsController.applyAnimation:2343
2026-02-11 16:04:06.853 22094-22094 BLASTBufferQueue_Java   com.lagradost.cloudstream3           I  update, w= 1440 h= 3088 mName = VRI[MainActivity]@e9225f mNativeObject= 0xb400007b51a57000 sc.mNativeObject= 0xb400007b404b9480 format= -3 caller= android.view.ViewRootImpl.updateBlastSurfaceIfNeeded:3574 android.view.ViewRootImpl.relayoutWindow:11685 android.view.ViewRootImpl.performTraversals:4804 android.view.ViewRootImpl.doTraversal:3924 android.view.ViewRootImpl$TraversalRunnable.run:12903 android.view.Choreographer$CallbackRecord.run:1901
2026-02-11 16:04:06.853 22094-22094 VRI[MainAc...ty]@e9225f com.lagradost.cloudstream3           I  Relayout returned: old=(0,0,1440,3088) new=(0,0,1440,3088) relayoutAsync=true req=(1440,3088)0 dur=0 res=0x0 s={true 0xb400007b404d2000} ch=false seqId=0
2026-02-11 16:04:06.859 22094-22094 VRI[MainAc...ty]@e9225f com.lagradost.cloudstream3           I  updateBoundsLayer: t=android.view.SurfaceControl$Transaction@6496efb sc=Surface(name=Bounds for - com.lagradost.cloudstream3/com.lagradost.cloudstream3.MainActivity@0)/@0xe36eb18 frame=1986
2026-02-11 16:04:06.859 22094-22094 SurfaceView             com.lagradost.cloudstream3           D  47521992 updateSurface: has no frame
2026-02-11 16:04:06.860 22094-22094 SurfaceView             com.lagradost.cloudstream3           I  47521992 Changes: creating=true format=true size=true visible=true alpha=false hint=false left=true top=true z=false attached=true lifecycleStrategy=true
2026-02-11 16:04:06.860 22094-22094 libc                    com.lagradost.cloudstream3           W  Access denied finding property "vendor.display.enable_optimal_refresh_rate"
2026-02-11 16:04:06.860 22094-22094 BufferQueueProducer     com.lagradost.cloudstream3           I  [](id:564e00000007,api:0,p:0,c:22094) setDequeueTimeout:2077252342
2026-02-11 16:04:06.860 22094-22094 BLASTBufferQueue_Java   com.lagradost.cloudstream3           I  new BLASTBufferQueue, mName= 2d520c8 SurfaceView[com.lagradost.cloudstream3/com.lagradost.cloudstream3.MainActivity]@0 mNativeObject= 0xb400007b403d7000 caller= android.view.SurfaceView.createBlastSurfaceControls:1781 android.view.SurfaceView.updateSurface:1450 android.view.SurfaceView.lambda$new$0:280 android.view.SurfaceView.$r8$lambda$NfZyM_TG8F8lqzaOVZ7noREFjzU:0 android.view.SurfaceView$$ExternalSyntheticLambda1.onPreDraw:0 android.view.ViewTreeObserver.dispatchOnPreDraw:1229 android.view.ViewRootImpl.performTraversals:5448 android.view.ViewRootImpl.doTraversal:3924 android.view.ViewRootImpl$TraversalRunnable.run:12903 android.view.Choreographer$CallbackRecord.run:1901
2026-02-11 16:04:06.861 22094-22094 BLASTBufferQueue_Java   com.lagradost.cloudstream3           I  update, w= 1440 h= 3088 mName = 2d520c8 SurfaceView[com.lagradost.cloudstream3/com.lagradost.cloudstream3.MainActivity]@0 mNativeObject= 0xb400007b403d7000 sc.mNativeObject= 0xb400007a9d2c8d00 format= 4 caller= android.view.SurfaceView.createBlastSurfaceControls:1782 android.view.SurfaceView.updateSurface:1450 android.view.SurfaceView.lambda$new$0:280 android.view.SurfaceView.$r8$lambda$NfZyM_TG8F8lqzaOVZ7noREFjzU:0 android.view.SurfaceView$$ExternalSyntheticLambda1.onPreDraw:0 android.view.ViewTreeObserver.dispatchOnPreDraw:1229
2026-02-11 16:04:06.861 22094-22094 SurfaceView             com.lagradost.cloudstream3           I  47521992 Cur surface: Surface(name=null mNativeObject=0)/@0x5939971
2026-02-11 16:04:06.861 22094-22094 SurfaceComposerClient   com.lagradost.cloudstream3           D  setCornerRadius ## 2d520c8 SurfaceView[com.lagradost.cloudstream3/com.lagradost.cloudstream3.MainActivity]@0#249819 cornerRadius=0.000000
2026-02-11 16:04:06.861 22094-22094 SV[4752199...nActivity] com.lagradost.cloudstream3           I  pST: sr = Rect(0, 0 - 1440, 3088) sw = 1440 sh = 3088
2026-02-11 16:04:06.861 22094-22094 SurfaceView             com.lagradost.cloudstream3           D  47521992 performSurfaceTransaction RenderWorker position = [0, 0, 1440, 3088] surfaceSize = 1440x3088
2026-02-11 16:04:06.861 22094-22094 libc                    com.lagradost.cloudstream3           W  Access denied finding property "vendor.display.enable_optimal_refresh_rate"
2026-02-11 16:04:06.861 22094-22094 SV[4752199...nActivity] com.lagradost.cloudstream3           I  updateSurface: mVisible = true mSurface.isValid() = true
2026-02-11 16:04:06.861 22094-22094 SV[4752199...nActivity] com.lagradost.cloudstream3           I  updateSurface: mSurfaceCreated = false surfaceChanged = true visibleChanged = true
2026-02-11 16:04:06.861 22094-22094 SurfaceView             com.lagradost.cloudstream3           I  47521992 visibleChanged -- surfaceCreated
2026-02-11 16:04:06.861 22094-22094 SV[4752199...nActivity] com.lagradost.cloudstream3           I  surfaceCreated 0 #8 android.view.SurfaceView{2d520c8 V.E...... ......ID 0,0-1440,3088}
2026-02-11 16:04:06.861 22094-22094 SurfaceView             com.lagradost.cloudstream3           I  47521992 surfaceChanged -- format=4 w=1440 h=3088
2026-02-11 16:04:06.861 22094-22094 SV[4752199...nActivity] com.lagradost.cloudstream3           I  surfaceChanged (1440,3088) 0 #8 android.view.SurfaceView{2d520c8 V.E...... ......ID 0,0-1440,3088}
2026-02-11 16:04:06.861 22094-22094 SurfaceView             com.lagradost.cloudstream3           I  47521992 surfaceRedrawNeeded
2026-02-11 16:04:06.861 22094-22094 SurfaceView             com.lagradost.cloudstream3           I  47521992 finishedDrawing
2026-02-11 16:04:06.861 22094-22094 SurfaceView             com.lagradost.cloudstream3           V  Layout: x=0 y=0 w=1440 h=3088, frame=Rect(0, 0 - 1440, 3088)
2026-02-11 16:04:06.861 22094-22094 VRI[MainAc...ty]@e9225f com.lagradost.cloudstream3           I  registerCallbackForPendingTransactions
2026-02-11 16:04:06.862 22094-22138 SurfaceView             com.lagradost.cloudstream3           D  47521992 updateSurfacePosition RenderWorker, frameNr = 1987, position = [72, 154, 1368, 2934] surfaceSize = 1440x3088
2026-02-11 16:04:06.862 22094-22138 SV[4752199...nActivity] com.lagradost.cloudstream3           I  uSP: rtp = Rect(72, 154 - 1368, 2934) rtsw = 1440 rtsh = 3088
2026-02-11 16:04:06.862 22094-22138 SV[4752199...nActivity] com.lagradost.cloudstream3           I  onSSPAndSRT: pl = 72 pt = 154 sx = 0.9 sy = 0.9002591
2026-02-11 16:04:06.862 22094-22138 SV[4752199...nActivity] com.lagradost.cloudstream3           I  aOrMT: VRI[MainActivity]@e9225f t = android.view.SurfaceControl$Transaction@83b783a fN = 1987 android.view.SurfaceView.-$$Nest$mapplyOrMergeTransaction:0 android.view.SurfaceView$SurfaceViewPositionUpdateListener.positionChanged:1932 android.graphics.RenderNode$CompositePositionUpdateListener.positionChanged:401
2026-02-11 16:04:06.862 22094-22138 VRI[MainAc...ty]@e9225f com.lagradost.cloudstream3           I  mWNT: t=0xb400007a9d647600 mBlastBufferQueue=0xb400007b51a57000 fn= 1987 HdrRenderState mRenderHdrSdrRatio=1.0 caller= android.view.SurfaceView.applyOrMergeTransaction:1863 android.view.SurfaceView.-$$Nest$mapplyOrMergeTransaction:0 android.view.SurfaceView$SurfaceViewPositionUpdateListener.positionChanged:1932
2026-02-11 16:04:06.862 22094-22190 VRI[MainAc...ty]@e9225f com.lagradost.cloudstream3           I  mWNT: t=0xb400007a9d649880 mBlastBufferQueue=0xb400007b51a57000 fn= 1987 HdrRenderState mRenderHdrSdrRatio=1.0 caller= android.view.ViewRootImpl$10.onFrameDraw:6536 android.view.ViewRootImpl$4.onFrameDraw:2489 android.view.ThreadedRenderer$1.onFrameDraw:718
2026-02-11 16:04:06.863 22094-22094 CS3ExoPlayer            com.lagradost.cloudstream3           I  setActiveSubtitles 0
2026-02-11 16:04:06.863 22094-22094 CS3ExoPlayer            com.lagradost.cloudstream3           I  autoSelectFromSettings = null
2026-02-11 16:04:06.863 22094-22094 CS3ExoPlayer            com.lagradost.cloudstream3           I  releasePlayer
2026-02-11 16:04:06.863 22094-22094 CS3ExoPlayer            com.lagradost.cloudstream3           I  Handle event: PlayerAttachedEvent(player=null, source=Player)
2026-02-11 16:04:06.871 22094-22094 ImeTracker              com.lagradost.cloudstream3           I  com.lagradost.cloudstream3:5172420e: onRequestHide at ORIGIN_CLIENT reason HIDE_SOFT_INPUT fromUser false
2026-02-11 16:04:06.871 22094-22094 InputMethodManager_LC   com.lagradost.cloudstream3           I  hsifw() - flag : 0
2026-02-11 16:04:06.871 22094-22094 InputMethodManager_LC   com.lagradost.cloudstream3           I  hsifw() - mService.hideSoftInput
2026-02-11 16:04:06.871 22094-22094 InsetsController        com.lagradost.cloudstream3           D  hide(ime(), fromIme=false)
2026-02-11 16:04:06.871 22094-22094 ImeTracker              com.lagradost.cloudstream3           I  com.lagradost.cloudstream3:5172420e: onCancelled at PHASE_CLIENT_ALREADY_HIDDEN
2026-02-11 16:04:06.875 22094-22094 InsetsController        com.lagradost.cloudstream3           I  onStateChanged: host=com.lagradost.cloudstream3/com.lagradost.cloudstream3.MainActivity, from=android.view.ViewRootImpl.onInsetsStateChanged:3026, state=InsetsState: {mDisplayFrame=Rect(0, 0 - 3088, 1440), mDisplayCutout=DisplayCutout{insets=Rect(100, 0 - 0, 0) waterfall=Insets{left=0, top=0, right=0, bottom=0} boundingRect={Bounds=[Rect(0, 684 - 100, 755), Rect(0, 0 - 0, 0), Rect(0, 0 - 0, 0), Rect(0, 0 - 0, 0)]} cutoutPathParserInfo={CutoutPathParserInfo{displayWidth=1440 displayHeight=3088 physicalDisplayWidth=1440 physicalDisplayHeight=3088 density={3.75} cutoutSpec={M 0,0 H -9.466666666666667 V 26.66666666666667‬ H 9.466666666666667 V 0 H 0 Z @dp} rotation={1} scale={1.0} physicalPixelDisplaySizeRatio={1.0}}} sideOverrides={}}, mRoundedCorners=RoundedCorners{[RoundedCorner{position=TopLeft, radius=15, center=Point(15, 15)}, RoundedCorner{position=TopRight, radius=15, center=Point(3073, 15)}, RoundedCorner{position=BottomRight, radius=15, center=Point(3073, 1425)}, RoundedCorner{position=BottomLeft, radius=15, center=Point(15, 1425)}]}  mRoundedCornerFrame=Rect(0, 0 - 3088, 1440), mPrivacyIndicatorBounds=PrivacyIndicatorBounds {static bounds=Rect(2923, 0 - 3088, 113) rotation=1}, mDisplayShape=DisplayShape{ spec=-311912193 displayWidth=1440 displayHeight=3088 physicalPixelDisplaySizeRatio=1.0 rotation=1 offsetX=0 offsetY=0 scale=1.0}, mSources= { InsetsSource: {3 mType=ime mFrame=[0,0][0,0] mVisible=false mFlags= mSideHint=NONE mBoundingRects=null}, InsetsSource: {7 mType=displayCutout mFrame=[0,0][100,1440] mVisible=true mFlags= mSideHint=LEFT mBoundingRects=null}, InsetsSource: {27660001 mType=navigationBars mFrame=[2908,0][3088,1440] mVisible=true mFlags= mSideHint=RIGHT mBoundingRects=null}, InsetsSource: {27660004 mType=systemGestures mFrame=[0,0][0,0] mVisible=true mFlags= mSideHint=NONE mBoundingRects=null}, InsetsSource: {27660005 mType=mandatorySystemGestures mFrame=[2908,0][3088,1440] mVisible=true mFlags= mSideHint=RIGHT mBoundingRects=null}, InsetsSource: {27660006 mType=tappableElement mFrame=[2908,0][3088,1440] mVisible=true mFlags= mSideHint=RIGHT mBoundingRects=null}, InsetsSource: {27660024 mType=systemGestures mFrame=[0,0][0,0] mVisible=true mFlags= mSideHint=NONE mBoundingRects=null}, InsetsSource: {41f30000 mType=statusBars mFrame=[0,0][3088,113] mVisible=true mFlags= mSideHint=TOP mBoundingRects=null}, InsetsSource: {41f30005 mType=mandatorySystemGestures mFrame=[0,0][3088,113] mVisible=true mFlags= mSideHint=TOP mBoundingRects=null}, InsetsSource: {41f30006 mType=tappableElement mFrame=[0,0][3088,113] mVisible=true mFlags= mSideHint=TOP mBoundingRects=null} }
2026-02-11 16:04:06.875 22094-22094 VRI[MainAc...ty]@e9225f com.lagradost.cloudstream3           I  handleResized, frames=ClientWindowFrames{frame=[100,0][3088,1440] display=[100,0][3088,1440] parentFrame=[0,0][0,0]} displayId=0 dragResizing=false compatScale=1.0 frameChanged=true attachedFrameChanged=false configChanged=true displayChanged=false compatScaleChanged=false dragResizingChanged=false
2026-02-11 16:04:06.875 22094-22094 VRI[MainAc...ty]@e9225f com.lagradost.cloudstream3           I  handleResized mSyncSeqId = 0
2026-02-11 16:04:06.875 22094-22094 VRI[MainAc...ty]@e9225f com.lagradost.cloudstream3           D  reportNextDraw android.view.ViewRootImpl.handleResized:2983 android.view.ViewRootImpl.-$$Nest$mhandleResized:0 android.view.ViewRootImpl$W.resized:14082 android.app.servertransaction.WindowStateResizeItem.execute:93 android.app.servertransaction.WindowStateTransactionItem.execute:62
2026-02-11 16:04:06.875 22094-22094 InsetsController        com.lagradost.cloudstream3           I  onStateChanged: host=com.lagradost.cloudstream3/com.lagradost.cloudstream3.MainActivity, from=android.view.ViewRootImpl.onInsetsStateChanged:3026, state=InsetsState: {mDisplayFrame=Rect(0, 0 - 3088, 1440), mDisplayCutout=DisplayCutout{insets=Rect(100, 0 - 0, 0) waterfall=Insets{left=0, top=0, right=0, bottom=0} boundingRect={Bounds=[Rect(0, 684 - 100, 755), Rect(0, 0 - 0, 0), Rect(0, 0 - 0, 0), Rect(0, 0 - 0, 0)]} cutoutPathParserInfo={CutoutPathParserInfo{displayWidth=1440 displayHeight=3088 physicalDisplayWidth=1440 physicalDisplayHeight=3088 density={3.75} cutoutSpec={M 0,0 H -9.466666666666667 V 26.66666666666667‬ H 9.466666666666667 V 0 H 0 Z @dp} rotation={1} scale={1.0} physicalPixelDisplaySizeRatio={1.0}}} sideOverrides={}}, mRoundedCorners=RoundedCorners{[RoundedCorner{position=TopLeft, radius=15, center=Point(15, 15)}, RoundedCorner{position=TopRight, radius=15, center=Point(3073, 15)}, RoundedCorner{position=BottomRight, radius=15, center=Point(3073, 1425)}, RoundedCorner{position=BottomLeft, radius=15, center=Point(15, 1425)}]}  mRoundedCornerFrame=Rect(0, 0 - 3088, 1440), mPrivacyIndicatorBounds=PrivacyIndicatorBounds {static bounds=Rect(2923, 0 - 3088, 113) rotation=1}, mDisplayShape=DisplayShape{ spec=-311912193 displayWidth=1440 displayHeight=3088 physicalPixelDisplaySizeRatio=1.0 rotation=1 offsetX=0 offsetY=0 scale=1.0}, mSources= { InsetsSource: {3 mType=ime mFrame=[0,0][0,0] mVisible=false mFlags= mSideHint=NONE mBoundingRects=null}, InsetsSource: {7 mType=displayCutout mFrame=[0,0][100,1440] mVisible=true mFlags= mSideHint=LEFT mBoundingRects=null}, InsetsSource: {27660001 mType=navigationBars mFrame=[2908,0][3088,1440] mVisible=false mFlags= mSideHint=RIGHT mBoundingRects=null}, InsetsSource: {27660004 mType=systemGestures mFrame=[0,0][0,0] mVisible=true mFlags= mSideHint=NONE mBoundingRects=null}, InsetsSource: {27660005 mType=mandatorySystemGestures mFrame=[2908,0][3088,1440] mVisible=true mFlags= mSideHint=RIGHT mBoundingRects=null}, InsetsSource: {27660006 mType=tappableElement mFrame=[2908,0][3088,1440] mVisible=true mFlags= mSideHint=RIGHT mBoundingRects=null}, InsetsSource: {27660024 mType=systemGestures mFrame=[0,0][0,0] mVisible=true mFlags= mSideHint=NONE mBoundingRects=null}, InsetsSource: {41f30000 mType=statusBars mFrame=[0,0][3088,113] mVisible=false mFlags= mSideHint=TOP mBoundingRects=null}, InsetsSource: {41f30005 mType=mandatorySystemGestures mFrame=[0,0][3088,113] mVisible=true mFlags= mSideHint=TOP mBoundingRects=null}, InsetsSource: {41f30006 mType=tappableElement mFrame=[0,0][3088,113] mVisible=true mFlags= mSideHint=TOP mBoundingRects=null} }
2026-02-11 16:04:06.875 22094-22094 VRI[MainAc...ty]@e9225f com.lagradost.cloudstream3           I  handleResized, frames=ClientWindowFrames{frame=[0,0][3088,1440] display=[0,0][3088,1440] parentFrame=[0,0][0,0]} displayId=0 dragResizing=false compatScale=1.0 frameChanged=true attachedFrameChanged=false configChanged=false displayChanged=false compatScaleChanged=false dragResizingChanged=false
2026-02-11 16:04:06.875 22094-22094 VRI[MainAc...ty]@e9225f com.lagradost.cloudstream3           I  handleResized mSyncSeqId = 0
2026-02-11 16:04:06.875 22094-22094 VRI[MainAc...ty]@e9225f com.lagradost.cloudstream3           D  reportNextDraw android.view.ViewRootImpl.handleResized:2983 android.view.ViewRootImpl.-$$Nest$mhandleResized:0 android.view.ViewRootImpl$W.resized:14082 android.app.servertransaction.WindowStateResizeItem.execute:93 android.app.servertransaction.WindowStateTransactionItem.execute:62
2026-02-11 16:04:06.878 22094-22094 InsetsController        com.lagradost.cloudstream3           I  onStateChanged: host=com.lagradost.cloudstream3/com.lagradost.cloudstream3.MainActivity, from=android.view.ViewRootImpl.onInsetsStateChanged:3026, state=InsetsState: {mDisplayFrame=Rect(0, 0 - 3088, 1440), mDisplayCutout=DisplayCutout{insets=Rect(100, 0 - 0, 0) waterfall=Insets{left=0, top=0, right=0, bottom=0} boundingRect={Bounds=[Rect(0, 684 - 100, 755), Rect(0, 0 - 0, 0), Rect(0, 0 - 0, 0), Rect(0, 0 - 0, 0)]} cutoutPathParserInfo={CutoutPathParserInfo{displayWidth=1440 displayHeight=3088 physicalDisplayWidth=1440 physicalDisplayHeight=3088 density={3.75} cutoutSpec={M 0,0 H -9.466666666666667 V 26.66666666666667‬ H 9.466666666666667 V 0 H 0 Z @dp} rotation={1} scale={1.0} physicalPixelDisplaySizeRatio={1.0}}} sideOverrides={}}, mRoundedCorners=RoundedCorners{[RoundedCorner{position=TopLeft, radius=15, center=Point(15, 15)}, RoundedCorner{position=TopRight, radius=15, center=Point(3073, 15)}, RoundedCorner{position=BottomRight, radius=15, center=Point(3073, 1425)}, RoundedCorner{position=BottomLeft, radius=15, center=Point(15, 1425)}]}  mRoundedCornerFrame=Rect(0, 0 - 3088, 1440), mPrivacyIndicatorBounds=PrivacyIndicatorBounds {static bounds=Rect(2923, 0 - 3088, 113) rotation=1}, mDisplayShape=DisplayShape{ spec=-311912193 displayWidth=1440 displayHeight=3088 physicalPixelDisplaySizeRatio=1.0 rotation=1 offsetX=0 offsetY=0 scale=1.0}, mSources= { InsetsSource: {3 mType=ime mFrame=[0,0][0,0] mVisible=false mFlags= mSideHint=NONE mBoundingRects=null}, InsetsSource: {7 mType=displayCutout mFrame=[0,0][100,1440] mVisible=true mFlags= mSideHint=LEFT mBoundingRects=null}, InsetsSource: {27660001 mType=navigationBars mFrame=[2908,0][3088,1440] mVisible=false mFlags= mSideHint=RIGHT mBoundingRects=null}, InsetsSource: {27660004 mType=systemGestures mFrame=[0,0][0,0] mVisible=true mFlags= mSideHint=NONE mBoundingRects=null}, InsetsSource: {27660005 mType=mandatorySystemGestures mFrame=[2908,0][3088,1440] mVisible=true mFlags= mSideHint=RIGHT mBoundingRects=null}, InsetsSource: {27660006 mType=tappableElement mFrame=[2908,0][3088,1440] mVisible=true mFlags= mSideHint=RIGHT mBoundingRects=null}, InsetsSource: {27660024 mType=systemGestures mFrame=[0,0][0,0] mVisible=true mFlags= mSideHint=NONE mBoundingRects=null}, InsetsSource: {41f30000 mType=statusBars mFrame=[0,0][3088,113] mVisible=false mFlags= mSideHint=TOP mBoundingRects=null}, InsetsSource: {41f30005 mType=mandatorySystemGestures mFrame=[0,0][3088,113] mVisible=true mFlags= mSideHint=TOP mBoundingRects=null}, InsetsSource: {41f30006 mType=tappableElement mFrame=[0,0][3088,113] mVisible=true mFlags= mSideHint=TOP mBoundingRects=null} }
2026-02-11 16:04:06.878 22094-22094 BLASTBufferQueue_Java   com.lagradost.cloudstream3           I  update, w= 3088 h= 1440 mName = VRI[MainActivity]@e9225f mNativeObject= 0xb400007b51a57000 sc.mNativeObject= 0xb400007a9d565000 format= -3 caller= android.view.ViewRootImpl.updateBlastSurfaceIfNeeded:3574 android.view.ViewRootImpl.relayoutWindow:11685 android.view.ViewRootImpl.performTraversals:4804 android.view.ViewRootImpl.doTraversal:3924 android.view.ViewRootImpl$TraversalRunnable.run:12903 android.view.Choreographer$CallbackRecord.run:1901
2026-02-11 16:04:06.878 22094-22094 VRI[MainAc...ty]@e9225f com.lagradost.cloudstream3           I  Relayout returned: old=(0,0,3088,1440) new=(0,0,3088,1440) relayoutAsync=false req=(3088,1440)0 dur=2 res=0x1 s={true 0xb400007b404d2000} ch=false seqId=0
2026-02-11 16:04:06.879 22094-22094 VRI[MainAc...ty]@e9225f com.lagradost.cloudstream3           D  mThreadedRenderer.updateSurface() mSurface={isValid=true 0xb400007b404d2000}
2026-02-11 16:04:06.879 22094-22094 VRI[MainAc...ty]@e9225f com.lagradost.cloudstream3           I  updateBoundsLayer: t=android.view.SurfaceControl$Transaction@6496efb sc=Surface(name=Bounds for - com.lagradost.cloudstream3/com.lagradost.cloudstream3.MainActivity@0)/@0xe36eb18 frame=1989
2026-02-11 16:04:06.880 22094-22094 SurfaceView             com.lagradost.cloudstream3           I  47521992 Changes: creating=false format=false size=true visible=false alpha=false hint=true left=false top=false z=false attached=true lifecycleStrategy=false
2026-02-11 16:04:06.880 22094-22094 SurfaceView             com.lagradost.cloudstream3           I  47521992 Cur surface: Surface(name=null mNativeObject=-5476376629773629184)/@0x5939971
2026-02-11 16:04:06.880 22094-22094 SurfaceComposerClient   com.lagradost.cloudstream3           D  setCornerRadius ## 2d520c8 SurfaceView[com.lagradost.cloudstream3/com.lagradost.cloudstream3.MainActivity]@0#249819 cornerRadius=0.000000
2026-02-11 16:04:06.881 22094-22094 BLASTBufferQueue_Java   com.lagradost.cloudstream3           I  update, w= 3088 h= 1440 mName = 2d520c8 SurfaceView[com.lagradost.cloudstream3/com.lagradost.cloudstream3.MainActivity]@0 mNativeObject= 0xb400007b403d7000 sc.mNativeObject= 0xb400007a9d2c8d00 format= 4 caller= android.view.SurfaceView.setBufferSize:1703 android.view.SurfaceView.performSurfaceTransaction:1238 android.view.SurfaceView.updateSurface:1467 android.view.SurfaceView.setFrame:716 android.view.View.layout:26931 android.widget.FrameLayout.layoutChildren:345
2026-02-11 16:04:06.881 22094-22094 SV[4752199...nActivity] com.lagradost.cloudstream3           I  pST: sr = Rect(0, 0 - 3088, 1440) sw = 3088 sh = 1440
2026-02-11 16:04:06.881 22094-22094 SurfaceView             com.lagradost.cloudstream3           D  47521992 performSurfaceTransaction RenderWorker position = [0, 0, 3088, 1440] surfaceSize = 3088x1440
2026-02-11 16:04:06.881 22094-22094 SV[4752199...nActivity] com.lagradost.cloudstream3           I  updateSurface: mVisible = true mSurface.isValid() = true
2026-02-11 16:04:06.881 22094-22094 SV[4752199...nActivity] com.lagradost.cloudstream3           I  updateSurface: mSurfaceCreated = true surfaceChanged = false visibleChanged = false
2026-02-11 16:04:06.881 22094-22094 SurfaceView             com.lagradost.cloudstream3           I  47521992 surfaceChanged -- format=4 w=3088 h=1440
2026-02-11 16:04:06.881 22094-22094 SV[4752199...nActivity] com.lagradost.cloudstream3           I  surfaceChanged (3088,1440) 0 #5 android.view.SurfaceView{2d520c8 V.E...... ......ID 0,0-3088,1440}
2026-02-11 16:04:06.881 22094-22094 SurfaceView             com.lagradost.cloudstream3           I  47521992 surfaceRedrawNeeded
2026-02-11 16:04:06.881 22094-22094 SurfaceView             com.lagradost.cloudstream3           I  47521992 finishedDrawing
2026-02-11 16:04:06.881 22094-22094 SurfaceView             com.lagradost.cloudstream3           V  Layout: x=0 y=0 w=3088 h=1440, frame=Rect(0, 0 - 3088, 1440)
2026-02-11 16:04:06.881 22094-22094 VRI[MainAc...ty]@e9225f com.lagradost.cloudstream3           D  reportNextDraw android.view.ViewRootImpl.performTraversals:5443 android.view.ViewRootImpl.doTraversal:3924 android.view.ViewRootImpl$TraversalRunnable.run:12903 android.view.Choreographer$CallbackRecord.run:1901 android.view.Choreographer$CallbackRecord.run:1910
2026-02-11 16:04:06.881 22094-22094 SurfaceView             com.lagradost.cloudstream3           I  124654413 Changes: creating=false format=false size=false visible=false alpha=false hint=true left=false top=false z=false attached=true lifecycleStrategy=false
2026-02-11 16:04:06.881 22094-22094 SurfaceView             com.lagradost.cloudstream3           I  124654413 Cur surface: Surface(name=null mNativeObject=-5476376620487156224)/@0x86cd723
2026-02-11 16:04:06.881 22094-22094 SurfaceComposerClient   com.lagradost.cloudstream3           D  setCornerRadius ## 76e134d SurfaceView[com.lagradost.cloudstream3/com.lagradost.cloudstream3.MainActivity]@0#249812 cornerRadius=0.000000
2026-02-11 16:04:06.882 22094-22094 BLASTBufferQueue_Java   com.lagradost.cloudstream3           I  update, w= 1440 h= 750 mName = 76e134d SurfaceView[com.lagradost.cloudstream3/com.lagradost.cloudstream3.MainActivity]@0 mNativeObject= 0xb400007aa942d000 sc.mNativeObject= 0xb400007a9d2c6780 format= 4 caller= android.view.SurfaceView.setBufferSize:1703 android.view.SurfaceView.performSurfaceTransaction:1238 android.view.SurfaceView.updateSurface:1467 android.view.SurfaceView.lambda$new$0:280 android.view.SurfaceView.$r8$lambda$NfZyM_TG8F8lqzaOVZ7noREFjzU:0 android.view.SurfaceView$$ExternalSyntheticLambda1.onPreDraw:0
2026-02-11 16:04:06.882 22094-22094 SV[1246544...nActivity] com.lagradost.cloudstream3           I  updateSurface: mVisible = true mSurface.isValid() = true
2026-02-11 16:04:06.882 22094-22094 SV[1246544...nActivity] com.lagradost.cloudstream3           I  updateSurface: mSurfaceCreated = true surfaceChanged = false visibleChanged = false
2026-02-11 16:04:06.882 22094-22094 SurfaceView             com.lagradost.cloudstream3           I  124654413 surfaceChanged -- format=4 w=1440 h=750
2026-02-11 16:04:06.882 22094-22094 SV[1246544...nActivity] com.lagradost.cloudstream3           I  surfaceChanged (1440,750) 0 #8 android.view.SurfaceView{76e134d V.E...... ........ 0,0-1440,750}
2026-02-11 16:04:06.882 22094-22094 SurfaceView             com.lagradost.cloudstream3           I  124654413 surfaceRedrawNeeded
2026-02-11 16:04:06.882 22094-22094 SurfaceView             com.lagradost.cloudstream3           I  124654413 finishedDrawing
2026-02-11 16:04:06.882 22094-22094 SurfaceView             com.lagradost.cloudstream3           V  Layout: x=0 y=288 w=1440 h=750, frame=Rect(0, 0 - 1440, 750)
2026-02-11 16:04:06.882 22094-22094 VRI[MainAc...ty]@e9225f com.lagradost.cloudstream3           D  Setup new sync=wmsSync-VRI[MainActivity]@e9225f#18
2026-02-11 16:04:06.882 22094-22094 VRI[MainAc...ty]@e9225f com.lagradost.cloudstream3           I  Creating new active sync group VRI[MainActivity]@e9225f#19
2026-02-11 16:04:06.882 22094-22094 VRI[MainAc...ty]@e9225f com.lagradost.cloudstream3           D  registerCallbacksForSync syncBuffer=false
2026-02-11 16:04:06.883 22094-22138 SurfaceView             com.lagradost.cloudstream3           D  124654413 updateSurfacePosition RenderWorker, frameNr = 1989, position = [8, 301, 1432, 1043] surfaceSize = 1440x750
2026-02-11 16:04:06.883 22094-22138 SV[1246544...nActivity] com.lagradost.cloudstream3           I  uSP: rtp = Rect(8, 301 - 1432, 1043) rtsw = 1440 rtsh = 750
2026-02-11 16:04:06.883 22094-22138 SV[1246544...nActivity] com.lagradost.cloudstream3           I  onSSPAndSRT: pl = 8 pt = 301 sx = 0.98888886 sy = 0.98933333
2026-02-11 16:04:06.883 22094-22138 SV[1246544...nActivity] com.lagradost.cloudstream3           I  aOrMT: VRI[MainActivity]@e9225f t = android.view.SurfaceControl$Transaction@c1161d9 fN = 1989 android.view.SurfaceView.-$$Nest$mapplyOrMergeTransaction:0 android.view.SurfaceView$SurfaceViewPositionUpdateListener.positionChanged:1932 android.graphics.RenderNode$CompositePositionUpdateListener.positionChanged:401
2026-02-11 16:04:06.883 22094-22138 VRI[MainAc...ty]@e9225f com.lagradost.cloudstream3           I  mWNT: t=0xb400007b40314880 mBlastBufferQueue=0xb400007b51a57000 fn= 1989 HdrRenderState mRenderHdrSdrRatio=1.0 caller= android.view.SurfaceView.applyOrMergeTransaction:1863 android.view.SurfaceView.-$$Nest$mapplyOrMergeTransaction:0 android.view.SurfaceView$SurfaceViewPositionUpdateListener.positionChanged:1932
2026-02-11 16:04:06.883 22094-22138 SurfaceView             com.lagradost.cloudstream3           D  47521992 updateSurfacePosition RenderWorker, frameNr = 1989, position = [63, 136, 2879, 1450] surfaceSize = 3088x1440
2026-02-11 16:04:06.883 22094-22138 SV[4752199...nActivity] com.lagradost.cloudstream3           I  uSP: rtp = Rect(63, 136 - 2879, 1450) rtsw = 3088 rtsh = 1440
2026-02-11 16:04:06.883 22094-22138 SV[4752199...nActivity] com.lagradost.cloudstream3           I  onSSPAndSRT: pl = 63 pt = 136 sx = 0.9119171 sy = 0.9125
2026-02-11 16:04:06.883 22094-22138 SV[4752199...nActivity] com.lagradost.cloudstream3           I  aOrMT: VRI[MainActivity]@e9225f t = android.view.SurfaceControl$Transaction@f8263ea fN = 1989 android.view.SurfaceView.-$$Nest$mapplyOrMergeTransaction:0 android.view.SurfaceView$SurfaceViewPositionUpdateListener.positionChanged:1932 android.graphics.RenderNode$CompositePositionUpdateListener.positionChanged:401
2026-02-11 16:04:06.883 22094-22138 VRI[MainAc...ty]@e9225f com.lagradost.cloudstream3           I  mWNT: t=0xb400007a8f37d080 mBlastBufferQueue=0xb400007b51a57000 fn= 1989 HdrRenderState mRenderHdrSdrRatio=1.0 caller= android.view.SurfaceView.applyOrMergeTransaction:1863 android.view.SurfaceView.-$$Nest$mapplyOrMergeTransaction:0 android.view.SurfaceView$SurfaceViewPositionUpdateListener.positionChanged:1932
2026-02-11 16:04:06.883 22094-22189 VRI[MainAc...ty]@e9225f com.lagradost.cloudstream3           D  Received frameDrawingCallback syncResult=0 frameNum=1989.
2026-02-11 16:04:06.883 22094-22189 VRI[MainAc...ty]@e9225f com.lagradost.cloudstream3           I  mWNT: t=0xb400007a8f37db00 mBlastBufferQueue=0xb400007b51a57000 fn= 1989 HdrRenderState mRenderHdrSdrRatio=1.0 caller= android.view.ViewRootImpl$12.onFrameDraw:15441 android.view.ThreadedRenderer$1.onFrameDraw:718 <bottom of call stack>
2026-02-11 16:04:06.883 22094-22189 VRI[MainAc...ty]@e9225f com.lagradost.cloudstream3           I  Setting up sync and frameCommitCallback
2026-02-11 16:04:06.894 22094-22138 VRI[MainAc...ty]@e9225f com.lagradost.cloudstream3           I  Received frameCommittedCallback lastAttemptedDrawFrameNum=1989 didProduceBuffer=true
2026-02-11 16:04:06.894 22094-22094 VRI[MainAc...ty]@e9225f com.lagradost.cloudstream3           D  reportDrawFinished seqId=0
2026-02-11 16:04:06.926 22094-22138 SurfaceView             com.lagradost.cloudstream3           D  124654413 updateSurfacePosition RenderWorker, frameNr = 1992, position = [23, 325, 1417, 1052] surfaceSize = 1440x750
2026-02-11 16:04:06.926 22094-22138 SV[1246544...nActivity] com.lagradost.cloudstream3           I  uSP: rtp = Rect(23, 325 - 1417, 1052) rtsw = 1440 rtsh = 750
2026-02-11 16:04:06.926 22094-22138 SV[1246544...nActivity] com.lagradost.cloudstream3           I  onSSPAndSRT: pl = 23 pt = 325 sx = 0.96805555 sy = 0.96933335
2026-02-11 16:04:06.926 22094-22138 SV[1246544...nActivity] com.lagradost.cloudstream3           I  aOrMT: VRI[MainActivity]@e9225f t = android.view.SurfaceControl$Transaction@c1161d9 fN = 1992 android.view.SurfaceView.-$$Nest$mapplyOrMergeTransaction:0 android.view.SurfaceView$SurfaceViewPositionUpdateListener.positionChanged:1932 android.graphics.RenderNode$CompositePositionUpdateListener.positionChanged:401
2026-02-11 16:04:06.926 22094-22138 VRI[MainAc...ty]@e9225f com.lagradost.cloudstream3           I  mWNT: t=0xb400007b40314880 mBlastBufferQueue=0xb400007b51a57000 fn= 1992 HdrRenderState mRenderHdrSdrRatio=1.0 caller= android.view.SurfaceView.applyOrMergeTransaction:1863 android.view.SurfaceView.-$$Nest$mapplyOrMergeTransaction:0 android.view.SurfaceView$SurfaceViewPositionUpdateListener.positionChanged:1932
2026-02-11 16:04:06.926 22094-22138 SurfaceView             com.lagradost.cloudstream3           D  47521992 updateSurfacePosition RenderWorker, frameNr = 1992, position = [48, 104, 2929, 1448] surfaceSize = 3088x1440
2026-02-11 16:04:06.926 22094-22138 SV[4752199...nActivity] com.lagradost.cloudstream3           I  uSP: rtp = Rect(48, 104 - 2929, 1448) rtsw = 3088 rtsh = 1440
2026-02-11 16:04:06.926 22094-22138 SV[4752199...nActivity] com.lagradost.cloudstream3           I  onSSPAndSRT: pl = 48 pt = 104 sx = 0.9329663 sy = 0.93333334
2026-02-11 16:04:06.926 22094-22138 SV[4752199...nActivity] com.lagradost.cloudstream3           I  aOrMT: VRI[MainActivity]@e9225f t = android.view.SurfaceControl$Transaction@f8263ea fN = 1992 android.view.SurfaceView.-$$Nest$mapplyOrMergeTransaction:0 android.view.SurfaceView$SurfaceViewPositionUpdateListener.positionChanged:1932 android.graphics.RenderNode$CompositePositionUpdateListener.positionChanged:401
2026-02-11 16:04:06.926 22094-22138 VRI[MainAc...ty]@e9225f com.lagradost.cloudstream3           I  mWNT: t=0xb400007a8f37d080 mBlastBufferQueue=0xb400007b51a57000 fn= 1992 HdrRenderState mRenderHdrSdrRatio=1.0 caller= android.view.SurfaceView.applyOrMergeTransaction:1863 android.view.SurfaceView.-$$Nest$mapplyOrMergeTransaction:0 android.view.SurfaceView$SurfaceViewPositionUpdateListener.positionChanged:1932
2026-02-11 16:04:06.930 22094-22138 SurfaceView             com.lagradost.cloudstream3           D  124654413 updateSurfacePosition RenderWorker, frameNr = 1993, position = [42, 356, 1398, 1063] surfaceSize = 1440x750
2026-02-11 16:04:06.930 22094-22138 SV[1246544...nActivity] com.lagradost.cloudstream3           I  uSP: rtp = Rect(42, 356 - 1398, 1063) rtsw = 1440 rtsh = 750
2026-02-11 16:04:06.930 22094-22138 SV[1246544...nActivity] com.lagradost.cloudstream3           I  onSSPAndSRT: pl = 42 pt = 356 sx = 0.94166666 sy = 0.94266665
2026-02-11 16:04:06.930 22094-22138 SV[1246544...nActivity] com.lagradost.cloudstream3           I  aOrMT: VRI[MainActivity]@e9225f t = android.view.SurfaceControl$Transaction@c1161d9 fN = 1993 android.view.SurfaceView.-$$Nest$mapplyOrMergeTransaction:0 android.view.SurfaceView$SurfaceViewPositionUpdateListener.positionChanged:1932 android.graphics.RenderNode$CompositePositionUpdateListener.positionChanged:401
2026-02-11 16:04:06.930 22094-22138 VRI[MainAc...ty]@e9225f com.lagradost.cloudstream3           I  mWNT: t=0xb400007b40314880 mBlastBufferQueue=0xb400007b51a57000 fn= 1993 HdrRenderState mRenderHdrSdrRatio=1.0 caller= android.view.SurfaceView.applyOrMergeTransaction:1863 android.view.SurfaceView.-$$Nest$mapplyOrMergeTransaction:0 android.view.SurfaceView$SurfaceViewPositionUpdateListener.positionChanged:1932
2026-02-11 16:04:06.930 22094-22138 SurfaceView             com.lagradost.cloudstream3           D  47521992 updateSurfacePosition RenderWorker, frameNr = 1993, position = [29, 64, 2990, 1445] surfaceSize = 3088x1440
2026-02-11 16:04:06.930 22094-22138 SV[4752199...nActivity] com.lagradost.cloudstream3           I  uSP: rtp = Rect(29, 64 - 2990, 1445) rtsw = 3088 rtsh = 1440
2026-02-11 16:04:06.930 22094-22138 SV[4752199...nActivity] com.lagradost.cloudstream3           I  onSSPAndSRT: pl = 29 pt = 64 sx = 0.95887303 sy = 0.95902777
2026-02-11 16:04:06.930 22094-22138 SV[4752199...nActivity] com.lagradost.cloudstream3           I  aOrMT: VRI[MainActivity]@e9225f t = android.view.SurfaceControl$Transaction@f8263ea fN = 1993 android.view.SurfaceView.-$$Nest$mapplyOrMergeTransaction:0 android.view.SurfaceView$SurfaceViewPositionUpdateListener.positionChanged:1932 android.graphics.RenderNode$CompositePositionUpdateListener.positionChanged:401
2026-02-11 16:04:06.930 22094-22138 VRI[MainAc...ty]@e9225f com.lagradost.cloudstream3           I  mWNT: t=0xb400007a8f37d080 mBlastBufferQueue=0xb400007b51a57000 fn= 1993 HdrRenderState mRenderHdrSdrRatio=1.0 caller= android.view.SurfaceView.applyOrMergeTransaction:1863 android.view.SurfaceView.-$$Nest$mapplyOrMergeTransaction:0 android.view.SurfaceView$SurfaceViewPositionUpdateListener.positionChanged:1932
2026-02-11 16:04:06.939 22094-22138 SurfaceView             com.lagradost.cloudstream3           D  124654413 updateSurfacePosition RenderWorker, frameNr = 1994, position = [47, 365, 1393, 1066] surfaceSize = 1440x750
2026-02-11 16:04:06.939 22094-22138 SV[1246544...nActivity] com.lagradost.cloudstream3           I  uSP: rtp = Rect(47, 365 - 1393, 1066) rtsw = 1440 rtsh = 750
2026-02-11 16:04:06.939 22094-22138 SV[1246544...nActivity] com.lagradost.cloudstream3           I  onSSPAndSRT: pl = 47 pt = 365 sx = 0.93472224 sy = 0.9346667
2026-02-11 16:04:06.939 22094-22138 SV[1246544...nActivity] com.lagradost.cloudstream3           I  aOrMT: VRI[MainActivity]@e9225f t = android.view.SurfaceControl$Transaction@c1161d9 fN = 1994 android.view.SurfaceView.-$$Nest$mapplyOrMergeTransaction:0 android.view.SurfaceView$SurfaceViewPositionUpdateListener.positionChanged:1932 android.graphics.RenderNode$CompositePositionUpdateListener.positionChanged:401
2026-02-11 16:04:06.939 22094-22138 VRI[MainAc...ty]@e9225f com.lagradost.cloudstream3           I  mWNT: t=0xb400007b40314880 mBlastBufferQueue=0xb400007b51a57000 fn= 1994 HdrRenderState mRenderHdrSdrRatio=1.0 caller= android.view.SurfaceView.applyOrMergeTransaction:1863 android.view.SurfaceView.-$$Nest$mapplyOrMergeTransaction:0 android.view.SurfaceView$SurfaceViewPositionUpdateListener.positionChanged:1932
2026-02-11 16:04:06.939 22094-22138 SurfaceView             com.lagradost.cloudstream3           D  47521992 updateSurfacePosition RenderWorker, frameNr = 1994, position = [24, 51, 3009, 1444] surfaceSize = 3088x1440
2026-02-11 16:04:06.939 22094-22138 SV[4752199...nActivity] com.lagradost.cloudstream3           I  uSP: rtp = Rect(24, 51 - 3009, 1444) rtsw = 3088 rtsh = 1440
2026-02-11 16:04:06.939 22094-22138 SV[4752199...nActivity] com.lagradost.cloudstream3           I  onSSPAndSRT: pl = 24 pt = 51 sx = 0.96664506 sy = 0.9673611
2026-02-11 16:04:06.939 22094-22138 SV[4752199...nActivity] com.lagradost.cloudstream3           I  aOrMT: VRI[MainActivity]@e9225f t = android.view.SurfaceControl$Transaction@f8263ea fN = 1994 android.view.SurfaceView.-$$Nest$mapplyOrMergeTransaction:0 android.view.SurfaceView$SurfaceViewPositionUpdateListener.positionChanged:1932 android.graphics.RenderNode$CompositePositionUpdateListener.positionChanged:401
2026-02-11 16:04:06.939 22094-22138 VRI[MainAc...ty]@e9225f com.lagradost.cloudstream3           I  mWNT: t=0xb400007a8f37d080 mBlastBufferQueue=0xb400007b51a57000 fn= 1994 HdrRenderState mRenderHdrSdrRatio=1.0 caller= android.view.SurfaceView.applyOrMergeTransaction:1863 android.view.SurfaceView.-$$Nest$mapplyOrMergeTransaction:0 android.view.SurfaceView$SurfaceViewPositionUpdateListener.positionChanged:1932
2026-02-11 16:04:06.946 22094-22138 SurfaceView             com.lagradost.cloudstream3           D  124654413 updateSurfacePosition RenderWorker, frameNr = 1995, position = [53, 374, 1387, 1069] surfaceSize = 1440x750
2026-02-11 16:04:06.946 22094-22138 SV[1246544...nActivity] com.lagradost.cloudstream3           I  uSP: rtp = Rect(53, 374 - 1387, 1069) rtsw = 1440 rtsh = 750
2026-02-11 16:04:06.946 22094-22138 SV[1246544...nActivity] com.lagradost.cloudstream3           I  onSSPAndSRT: pl = 53 pt = 374 sx = 0.92638886 sy = 0.9266667
2026-02-11 16:04:06.946 22094-22138 SV[1246544...nActivity] com.lagradost.cloudstream3           I  aOrMT: VRI[MainActivity]@e9225f t = android.view.SurfaceControl$Transaction@c1161d9 fN = 1995 android.view.SurfaceView.-$$Nest$mapplyOrMergeTransaction:0 android.view.SurfaceView$SurfaceViewPositionUpdateListener.positionChanged:1932 android.graphics.RenderNode$CompositePositionUpdateListener.positionChanged:401
2026-02-11 16:04:06.946 22094-22138 VRI[MainAc...ty]@e9225f com.lagradost.cloudstream3           I  mWNT: t=0xb400007b40314880 mBlastBufferQueue=0xb400007b51a57000 fn= 1995 HdrRenderState mRenderHdrSdrRatio=1.0 caller= android.view.SurfaceView.applyOrMergeTransaction:1863 android.view.SurfaceView.-$$Nest$mapplyOrMergeTransaction:0 android.view.SurfaceView$SurfaceViewPositionUpdateListener.positionChanged:1932
2026-02-11 16:04:06.946 22094-22138 SurfaceView             com.lagradost.cloudstream3           D  47521992 updateSurfacePosition RenderWorker, frameNr = 1995, position = [18, 40, 3027, 1443] surfaceSize = 3088x1440
2026-02-11 16:04:06.946 22094-22138 SV[4752199...nActivity] com.lagradost.cloudstream3           I  uSP: rtp = Rect(18, 40 - 3027, 1443) rtsw = 3088 rtsh = 1440
2026-02-11 16:04:06.946 22094-22138 SV[4752199...nActivity] com.lagradost.cloudstream3           I  onSSPAndSRT: pl = 18 pt = 40 sx = 0.9744171 sy = 0.97430557
2026-02-11 16:04:06.946 22094-22138 SV[4752199...nActivity] com.lagradost.cloudstream3           I  aOrMT: VRI[MainActivity]@e9225f t = android.view.SurfaceControl$Transaction@f8263ea fN = 1995 android.view.SurfaceView.-$$Nest$mapplyOrMergeTransaction:0 android.view.SurfaceView$SurfaceViewPositionUpdateListener.positionChanged:1932 android.graphics.RenderNode$CompositePositionUpdateListener.positionChanged:401
2026-02-11 16:04:06.946 22094-22138 VRI[MainAc...ty]@e9225f com.lagradost.cloudstream3           I  mWNT: t=0xb400007a8f37d080 mBlastBufferQueue=0xb400007b51a57000 fn= 1995 HdrRenderState mRenderHdrSdrRatio=1.0 caller= android.view.SurfaceView.applyOrMergeTransaction:1863 android.view.SurfaceView.-$$Nest$mapplyOrMergeTransaction:0 android.view.SurfaceView$SurfaceViewPositionUpdateListener.positionChanged:1932
2026-02-11 16:04:06.954 22094-22138 SurfaceView             com.lagradost.cloudstream3           D  124654413 updateSurfacePosition RenderWorker, frameNr = 1996, position = [58, 383, 1382, 1073] surfaceSize = 1440x750
2026-02-11 16:04:06.954 22094-22138 SV[1246544...nActivity] com.lagradost.cloudstream3           I  uSP: rtp = Rect(58, 383 - 1382, 1073) rtsw = 1440 rtsh = 750
2026-02-11 16:04:06.954 22094-22138 SV[1246544...nActivity] com.lagradost.cloudstream3           I  onSSPAndSRT: pl = 58 pt = 383 sx = 0.91944444 sy = 0.92
2026-02-11 16:04:06.954 22094-22138 SV[1246544...nActivity] com.lagradost.cloudstream3           I  aOrMT: VRI[MainActivity]@e9225f t = android.view.SurfaceControl$Transaction@c1161d9 fN = 1996 android.view.SurfaceView.-$$Nest$mapplyOrMergeTransaction:0 android.view.SurfaceView$SurfaceViewPositionUpdateListener.positionChanged:1932 android.graphics.RenderNode$CompositePositionUpdateListener.positionChanged:401
2026-02-11 16:04:06.955 22094-22138 VRI[MainAc...ty]@e9225f com.lagradost.cloudstream3           I  mWNT: t=0xb400007b40314880 mBlastBufferQueue=0xb400007b51a57000 fn= 1996 HdrRenderState mRenderHdrSdrRatio=1.0 caller= android.view.SurfaceView.applyOrMergeTransaction:1863 android.view.SurfaceView.-$$Nest$mapplyOrMergeTransaction:0 android.view.SurfaceView$SurfaceViewPositionUpdateListener.positionChanged:1932
2026-02-11 16:04:06.955 22094-22138 SurfaceView             com.lagradost.cloudstream3           D  47521992 updateSurfacePosition RenderWorker, frameNr = 1996, position = [13, 27, 3046, 1442] surfaceSize = 3088x1440
2026-02-11 16:04:06.955 22094-22138 SV[4752199...nActivity] com.lagradost.cloudstream3           I  uSP: rtp = Rect(13, 27 - 3046, 1442) rtsw = 3088 rtsh = 1440
2026-02-11 16:04:06.955 22094-22138 SV[4752199...nActivity] com.lagradost.cloudstream3           I  onSSPAndSRT: pl = 13 pt = 27 sx = 0.9821891 sy = 0.9826389
