2026-02-10 18:34:33.490 10642-10679 SV[2517679...nActivity] com.lagradost.cloudstream3           I  aOrMT: VRI[MainActivity]@bb02080 t = android.view.SurfaceControl$Transaction@cf3e58b fN = 842 android.view.SurfaceView.-$$Nest$mapplyOrMergeTransaction:0 android.view.SurfaceView$SurfaceViewPositionUpdateListener.positionChanged:1932 android.graphics.RenderNode$CompositePositionUpdateListener.positionChanged:401
2026-02-10 18:34:33.490 10642-10679 VRI[MainAc...y]@bb02080 com.lagradost.cloudstream3           I  mWNT: t=0xb400007a992ca800 mBlastBufferQueue=0xb400007aa8fb3000 fn= 842 HdrRenderState mRenderHdrSdrRatio=1.0 caller= android.view.SurfaceView.applyOrMergeTransaction:1863 android.view.SurfaceView.-$$Nest$mapplyOrMergeTransaction:0 android.view.SurfaceView$SurfaceViewPositionUpdateListener.positionChanged:1932
2026-02-10 18:34:33.490 10642-10679 SurfaceView             com.lagradost.cloudstream3           D  219759608 updateSurfacePosition RenderWorker, frameNr = 842, position = [18, 38, 3029, 1443] surfaceSize = 3088x1440
2026-02-10 18:34:33.490 10642-10679 SV[2197596...nActivity] com.lagradost.cloudstream3           I  uSP: rtp = Rect(18, 38 - 3029, 1443) rtsw = 3088 rtsh = 1440
2026-02-10 18:34:33.490 10642-10679 SV[2197596...nActivity] com.lagradost.cloudstream3           I  onSSPAndSRT: pl = 18 pt = 38 sx = 0.97506475 sy = 0.9756944
2026-02-10 18:34:33.490 10642-10679 SV[2197596...nActivity] com.lagradost.cloudstream3           I  aOrMT: VRI[MainActivity]@bb02080 t = android.view.SurfaceControl$Transaction@5898db7 fN = 842 android.view.SurfaceView.-$$Nest$mapplyOrMergeTransaction:0 android.view.SurfaceView$SurfaceViewPositionUpdateListener.positionChanged:1932 android.graphics.RenderNode$CompositePositionUpdateListener.positionChanged:401
2026-02-10 18:34:33.490 10642-10679 VRI[MainAc...y]@bb02080 com.lagradost.cloudstream3           I  mWNT: t=0xb400007a9947b480 mBlastBufferQueue=0xb400007aa8fb3000 fn= 842 HdrRenderState mRenderHdrSdrRatio=1.0 caller= android.view.SurfaceView.applyOrMergeTransaction:1863 android.view.SurfaceView.-$$Nest$mapplyOrMergeTransaction:0 android.view.SurfaceView$SurfaceViewPositionUpdateListener.positionChanged:1932
2026-02-10 18:34:33.497 10642-10679 SurfaceView             com.lagradost.cloudstream3           D  251767904 updateSurfacePosition RenderWorker, frameNr = 843, position = [58, 383, 1382, 1073] surfaceSize = 1440x750
2026-02-10 18:34:33.497 10642-10679 SV[2517679...nActivity] com.lagradost.cloudstream3           I  uSP: rtp = Rect(58, 383 - 1382, 1073) rtsw = 1440 rtsh = 750
2026-02-10 18:34:33.497 10642-10679 SV[2517679...nActivity] com.lagradost.cloudstream3           I  onSSPAndSRT: pl = 58 pt = 383 sx = 0.91944444 sy = 0.92
2026-02-10 18:34:33.497 10642-10679 SV[2517679...nActivity] com.lagradost.cloudstream3           I  aOrMT: VRI[MainActivity]@bb02080 t = android.view.SurfaceControl$Transaction@cf3e58b fN = 843 android.view.SurfaceView.-$$Nest$mapplyOrMergeTransaction:0 android.view.SurfaceView$SurfaceViewPositionUpdateListener.positionChanged:1932 android.graphics.RenderNode$CompositePositionUpdateListener.positionChanged:401
2026-02-10 18:34:33.497 10642-10679 VRI[MainAc...y]@bb02080 com.lagradost.cloudstream3           I  mWNT: t=0xb400007a992ca800 mBlastBufferQueue=0xb400007aa8fb3000 fn= 843 HdrRenderState mRenderHdrSdrRatio=1.0 caller= android.view.SurfaceView.applyOrMergeTransaction:1863 android.view.SurfaceView.-$$Nest$mapplyOrMergeTransaction:0 android.view.SurfaceView$SurfaceViewPositionUpdateListener.positionChanged:1932
2026-02-10 18:34:33.497 10642-10679 SurfaceView             com.lagradost.cloudstream3           D  219759608 updateSurfacePosition RenderWorker, frameNr = 843, position = [13, 27, 3046, 1442] surfaceSize = 3088x1440
2026-02-10 18:34:33.497 10642-10679 SV[2197596...nActivity] com.lagradost.cloudstream3           I  uSP: rtp = Rect(13, 27 - 3046, 1442) rtsw = 3088 rtsh = 1440
2026-02-10 18:34:33.497 10642-10679 SV[2197596...nActivity] com.lagradost.cloudstream3           I  onSSPAndSRT: pl = 13 pt = 27 sx = 0.9821891 sy = 0.9826389
2026-02-10 18:34:33.497 10642-10679 SV[2197596...nActivity] com.lagradost.cloudstream3           I  aOrMT: VRI[MainActivity]@bb02080 t = android.view.SurfaceControl$Transaction@5898db7 fN = 843 android.view.SurfaceView.-$$Nest$mapplyOrMergeTransaction:0 android.view.SurfaceView$SurfaceViewPositionUpdateListener.positionChanged:1932 android.graphics.RenderNode$CompositePositionUpdateListener.positionChanged:401
2026-02-10 18:34:33.497 10642-10679 VRI[MainAc...y]@bb02080 com.lagradost.cloudstream3           I  mWNT: t=0xb400007a9947b480 mBlastBufferQueue=0xb400007aa8fb3000 fn= 843 HdrRenderState mRenderHdrSdrRatio=1.0 caller= android.view.SurfaceView.applyOrMergeTransaction:1863 android.view.SurfaceView.-$$Nest$mapplyOrMergeTransaction:0 android.view.SurfaceView$SurfaceViewPositionUpdateListener.positionChanged:1932
2026-02-10 18:34:33.505 10642-10679 SurfaceView             com.lagradost.cloudstream3           D  251767904 updateSurfacePosition RenderWorker, frameNr = 844, position = [63, 391, 1377, 1075] surfaceSize = 1440x750
2026-02-10 18:34:33.505 10642-10679 SV[2517679...nActivity] com.lagradost.cloudstream3           I  uSP: rtp = Rect(63, 391 - 1377, 1075) rtsw = 1440 rtsh = 750
2026-02-10 18:34:33.505 10642-10679 SV[2517679...nActivity] com.lagradost.cloudstream3           I  onSSPAndSRT: pl = 63 pt = 391 sx = 0.9125 sy = 0.912
2026-02-10 18:34:33.505 10642-10679 SV[2517679...nActivity] com.lagradost.cloudstream3           I  aOrMT: VRI[MainActivity]@bb02080 t = android.view.SurfaceControl$Transaction@cf3e58b fN = 844 android.view.SurfaceView.-$$Nest$mapplyOrMergeTransaction:0 android.view.SurfaceView$SurfaceViewPositionUpdateListener.positionChanged:1932 android.graphics.RenderNode$CompositePositionUpdateListener.positionChanged:401
2026-02-10 18:34:33.505 10642-10679 VRI[MainAc...y]@bb02080 com.lagradost.cloudstream3           I  mWNT: t=0xb400007a992ca800 mBlastBufferQueue=0xb400007aa8fb3000 fn= 844 HdrRenderState mRenderHdrSdrRatio=1.0 caller= android.view.SurfaceView.applyOrMergeTransaction:1863 android.view.SurfaceView.-$$Nest$mapplyOrMergeTransaction:0 android.view.SurfaceView$SurfaceViewPositionUpdateListener.positionChanged:1932
2026-02-10 18:34:33.505 10642-10679 SurfaceView             com.lagradost.cloudstream3           D  219759608 updateSurfacePosition RenderWorker, frameNr = 844, position = [8, 17, 3061, 1442] surfaceSize = 3088x1440
2026-02-10 18:34:33.505 10642-10679 SV[2197596...nActivity] com.lagradost.cloudstream3           I  uSP: rtp = Rect(8, 17 - 3061, 1442) rtsw = 3088 rtsh = 1440
2026-02-10 18:34:33.505 10642-10679 SV[2197596...nActivity] com.lagradost.cloudstream3           I  onSSPAndSRT: pl = 8 pt = 17 sx = 0.9886658 sy = 0.9895833
2026-02-10 18:34:33.506 10642-10679 SV[2197596...nActivity] com.lagradost.cloudstream3           I  aOrMT: VRI[MainActivity]@bb02080 t = android.view.SurfaceControl$Transaction@5898db7 fN = 844 android.view.SurfaceView.-$$Nest$mapplyOrMergeTransaction:0 android.view.SurfaceView$SurfaceViewPositionUpdateListener.positionChanged:1932 android.graphics.RenderNode$CompositePositionUpdateListener.positionChanged:401
2026-02-10 18:34:33.506 10642-10679 VRI[MainAc...y]@bb02080 com.lagradost.cloudstream3           I  mWNT: t=0xb400007a9947b480 mBlastBufferQueue=0xb400007aa8fb3000 fn= 844 HdrRenderState mRenderHdrSdrRatio=1.0 caller= android.view.SurfaceView.applyOrMergeTransaction:1863 android.view.SurfaceView.-$$Nest$mapplyOrMergeTransaction:0 android.view.SurfaceView$SurfaceViewPositionUpdateListener.positionChanged:1932
2026-02-10 18:34:33.514 10642-10679 SurfaceView             com.lagradost.cloudstream3           D  251767904 updateSurfacePosition RenderWorker, frameNr = 845, position = [67, 396, 1373, 1077] surfaceSize = 1440x750
2026-02-10 18:34:33.514 10642-10679 SV[2517679...nActivity] com.lagradost.cloudstream3           I  uSP: rtp = Rect(67, 396 - 1373, 1077) rtsw = 1440 rtsh = 750
2026-02-10 18:34:33.514 10642-10679 SV[2517679...nActivity] com.lagradost.cloudstream3           I  onSSPAndSRT: pl = 67 pt = 396 sx = 0.90694445 sy = 0.908
2026-02-10 18:34:33.514 10642-10679 SV[2517679...nActivity] com.lagradost.cloudstream3           I  aOrMT: VRI[MainActivity]@bb02080 t = android.view.SurfaceControl$Transaction@cf3e58b fN = 845 android.view.SurfaceView.-$$Nest$mapplyOrMergeTransaction:0 android.view.SurfaceView$SurfaceViewPositionUpdateListener.positionChanged:1932 android.graphics.RenderNode$CompositePositionUpdateListener.positionChanged:401
2026-02-10 18:34:33.514 10642-10679 VRI[MainAc...y]@bb02080 com.lagradost.cloudstream3           I  mWNT: t=0xb400007a992ca800 mBlastBufferQueue=0xb400007aa8fb3000 fn= 845 HdrRenderState mRenderHdrSdrRatio=1.0 caller= android.view.SurfaceView.applyOrMergeTransaction:1863 android.view.SurfaceView.-$$Nest$mapplyOrMergeTransaction:0 android.view.SurfaceView$SurfaceViewPositionUpdateListener.positionChanged:1932
2026-02-10 18:34:33.514 10642-10679 SurfaceView             com.lagradost.cloudstream3           D  219759608 updateSurfacePosition RenderWorker, frameNr = 845, position = [4, 10, 3073, 1441] surfaceSize = 3088x1440
2026-02-10 18:34:33.514 10642-10679 SV[2197596...nActivity] com.lagradost.cloudstream3           I  uSP: rtp = Rect(4, 10 - 3073, 1441) rtsw = 3088 rtsh = 1440
2026-02-10 18:34:33.514 10642-10679 SV[2197596...nActivity] com.lagradost.cloudstream3           I  onSSPAndSRT: pl = 4 pt = 10 sx = 0.99384713 sy = 0.99375
2026-02-10 18:34:33.514 10642-10679 SV[2197596...nActivity] com.lagradost.cloudstream3           I  aOrMT: VRI[MainActivity]@bb02080 t = android.view.SurfaceControl$Transaction@5898db7 fN = 845 android.view.SurfaceView.-$$Nest$mapplyOrMergeTransaction:0 android.view.SurfaceView$SurfaceViewPositionUpdateListener.positionChanged:1932 android.graphics.RenderNode$CompositePositionUpdateListener.positionChanged:401
2026-02-10 18:34:33.514 10642-10679 VRI[MainAc...y]@bb02080 com.lagradost.cloudstream3           I  mWNT: t=0xb400007a9947b480 mBlastBufferQueue=0xb400007aa8fb3000 fn= 845 HdrRenderState mRenderHdrSdrRatio=1.0 caller= android.view.SurfaceView.applyOrMergeTransaction:1863 android.view.SurfaceView.-$$Nest$mapplyOrMergeTransaction:0 android.view.SurfaceView$SurfaceViewPositionUpdateListener.positionChanged:1932
2026-02-10 18:34:33.523 10642-10679 SurfaceView             com.lagradost.cloudstream3           D  251767904 updateSurfacePosition RenderWorker, frameNr = 846, position = [69, 400, 1371, 1079] surfaceSize = 1440x750
2026-02-10 18:34:33.523 10642-10679 SV[2517679...nActivity] com.lagradost.cloudstream3           I  uSP: rtp = Rect(69, 400 - 1371, 1079) rtsw = 1440 rtsh = 750
2026-02-10 18:34:33.523 10642-10679 SV[2517679...nActivity] com.lagradost.cloudstream3           I  onSSPAndSRT: pl = 69 pt = 400 sx = 0.90416664 sy = 0.90533334
2026-02-10 18:34:33.523 10642-10679 SV[2517679...nActivity] com.lagradost.cloudstream3           I  aOrMT: VRI[MainActivity]@bb02080 t = android.view.SurfaceControl$Transaction@cf3e58b fN = 846 android.view.SurfaceView.-$$Nest$mapplyOrMergeTransaction:0 android.view.SurfaceView$SurfaceViewPositionUpdateListener.positionChanged:1932 android.graphics.RenderNode$CompositePositionUpdateListener.positionChanged:401
2026-02-10 18:34:33.523 10642-10679 VRI[MainAc...y]@bb02080 com.lagradost.cloudstream3           I  mWNT: t=0xb400007a992ca800 mBlastBufferQueue=0xb400007aa8fb3000 fn= 846 HdrRenderState mRenderHdrSdrRatio=1.0 caller= android.view.SurfaceView.applyOrMergeTransaction:1863 android.view.SurfaceView.-$$Nest$mapplyOrMergeTransaction:0 android.view.SurfaceView$SurfaceViewPositionUpdateListener.positionChanged:1932
2026-02-10 18:34:33.523 10642-10679 SurfaceView             com.lagradost.cloudstream3           D  219759608 updateSurfacePosition RenderWorker, frameNr = 846, position = [2, 4, 3081, 1441] surfaceSize = 3088x1440
2026-02-10 18:34:33.523 10642-10679 SV[2197596...nActivity] com.lagradost.cloudstream3           I  uSP: rtp = Rect(2, 4 - 3081, 1441) rtsw = 3088 rtsh = 1440
2026-02-10 18:34:33.523 10642-10679 SV[2197596...nActivity] com.lagradost.cloudstream3           I  onSSPAndSRT: pl = 2 pt = 4 sx = 0.9970855 sy = 0.99791664
2026-02-10 18:34:33.523 10642-10679 SV[2197596...nActivity] com.lagradost.cloudstream3           I  aOrMT: VRI[MainActivity]@bb02080 t = android.view.SurfaceControl$Transaction@5898db7 fN = 846 android.view.SurfaceView.-$$Nest$mapplyOrMergeTransaction:0 android.view.SurfaceView$SurfaceViewPositionUpdateListener.positionChanged:1932 android.graphics.RenderNode$CompositePositionUpdateListener.positionChanged:401
2026-02-10 18:34:33.523 10642-10679 VRI[MainAc...y]@bb02080 com.lagradost.cloudstream3           I  mWNT: t=0xb400007a9947b480 mBlastBufferQueue=0xb400007aa8fb3000 fn= 846 HdrRenderState mRenderHdrSdrRatio=1.0 caller= android.view.SurfaceView.applyOrMergeTransaction:1863 android.view.SurfaceView.-$$Nest$mapplyOrMergeTransaction:0 android.view.SurfaceView$SurfaceViewPositionUpdateListener.positionChanged:1932
2026-02-10 18:34:33.530 10642-10679 SurfaceView             com.lagradost.cloudstream3           D  251767904 updateSurfacePosition RenderWorker, frameNr = 847, position = [71, 403, 1369, 1080] surfaceSize = 1440x750
2026-02-10 18:34:33.530 10642-10679 SV[2517679...nActivity] com.lagradost.cloudstream3           I  uSP: rtp = Rect(71, 403 - 1369, 1080) rtsw = 1440 rtsh = 750
2026-02-10 18:34:33.530 10642-10679 SV[2517679...nActivity] com.lagradost.cloudstream3           I  onSSPAndSRT: pl = 71 pt = 403 sx = 0.9013889 sy = 0.9026667
2026-02-10 18:34:33.530 10642-10679 SV[2517679...nActivity] com.lagradost.cloudstream3           I  aOrMT: VRI[MainActivity]@bb02080 t = android.view.SurfaceControl$Transaction@cf3e58b fN = 847 android.view.SurfaceView.-$$Nest$mapplyOrMergeTransaction:0 android.view.SurfaceView$SurfaceViewPositionUpdateListener.positionChanged:1932 android.graphics.RenderNode$CompositePositionUpdateListener.positionChanged:401
2026-02-10 18:34:33.530 10642-10679 VRI[MainAc...y]@bb02080 com.lagradost.cloudstream3           I  mWNT: t=0xb400007a992ca800 mBlastBufferQueue=0xb400007aa8fb3000 fn= 847 HdrRenderState mRenderHdrSdrRatio=1.0 caller= android.view.SurfaceView.applyOrMergeTransaction:1863 android.view.SurfaceView.-$$Nest$mapplyOrMergeTransaction:0 android.view.SurfaceView$SurfaceViewPositionUpdateListener.positionChanged:1932
2026-02-10 18:34:33.530 10642-10679 SurfaceView             com.lagradost.cloudstream3           D  219759608 updateSurfacePosition RenderWorker, frameNr = 847, position = [0, 1, 3087, 1441] surfaceSize = 3088x1440
2026-02-10 18:34:33.530 10642-10679 SV[2197596...nActivity] com.lagradost.cloudstream3           I  uSP: rtp = Rect(0, 1 - 3087, 1441) rtsw = 3088 rtsh = 1440
2026-02-10 18:34:33.530 10642-10679 SV[2197596...nActivity] com.lagradost.cloudstream3           I  onSSPAndSRT: pl = 0 pt = 1 sx = 0.99967617 sy = 1.0
2026-02-10 18:34:33.530 10642-10679 SV[2197596...nActivity] com.lagradost.cloudstream3           I  aOrMT: VRI[MainActivity]@bb02080 t = android.view.SurfaceControl$Transaction@5898db7 fN = 847 android.view.SurfaceView.-$$Nest$mapplyOrMergeTransaction:0 android.view.SurfaceView$SurfaceViewPositionUpdateListener.positionChanged:1932 android.graphics.RenderNode$CompositePositionUpdateListener.positionChanged:401
2026-02-10 18:34:33.530 10642-10679 VRI[MainAc...y]@bb02080 com.lagradost.cloudstream3           I  mWNT: t=0xb400007a9947b480 mBlastBufferQueue=0xb400007aa8fb3000 fn= 847 HdrRenderState mRenderHdrSdrRatio=1.0 caller= android.view.SurfaceView.applyOrMergeTransaction:1863 android.view.SurfaceView.-$$Nest$mapplyOrMergeTransaction:0 android.view.SurfaceView$SurfaceViewPositionUpdateListener.positionChanged:1932
2026-02-10 18:34:33.531 10642-10642 SV[2517679...nActivity] com.lagradost.cloudstream3           I  onWindowVisibilityChanged(8) false android.view.SurfaceView{f01ac60 V.E...... ........ 0,0-1440,750} of VRI[MainActivity]@bb02080
2026-02-10 18:34:33.533 10642-10642 SurfaceView             com.lagradost.cloudstream3           I  251767904 Changes: creating=false format=false size=false visible=true alpha=false hint=false left=false top=false z=false attached=true lifecycleStrategy=false
2026-02-10 18:34:33.534 10642-10642 SurfaceView             com.lagradost.cloudstream3           I  251767904 Cur surface: Surface(name=null mNativeObject=-5476376620247499008)/@0x62d1305
2026-02-10 18:34:33.534 10642-10642 SurfaceComposerClient   com.lagradost.cloudstream3           D  setCornerRadius ## f01ac60 SurfaceView[com.lagradost.cloudstream3/com.lagradost.cloudstream3.MainActivity]@0#240969 cornerRadius=0.000000
2026-02-10 18:34:33.534 10642-10642 SV[2517679...nActivity] com.lagradost.cloudstream3           I  updateSurface: mVisible = false mSurface.isValid() = true
2026-02-10 18:34:33.534 10642-10642 SV[2517679...nActivity] com.lagradost.cloudstream3           I  updateSurface: mSurfaceCreated = true surfaceChanged = false visibleChanged = true
2026-02-10 18:34:33.534 10642-10642 SurfaceView             com.lagradost.cloudstream3           V  Layout: x=0 y=288 w=1440 h=750, frame=Rect(0, 0 - 1440, 750)
2026-02-10 18:34:33.534 10642-10642 SurfaceView             com.lagradost.cloudstream3           I  251767904 Detaching SV
2026-02-10 18:34:33.534 10642-10642 SurfaceView             com.lagradost.cloudstream3           I  251767904 Changes: creating=false format=false size=false visible=false alpha=false hint=false left=false top=false z=false attached=false lifecycleStrategy=false
2026-02-10 18:34:33.534 10642-10642 SurfaceView             com.lagradost.cloudstream3           I  251767904 Cur surface: Surface(name=null mNativeObject=-5476376620247499008)/@0x62d1305
2026-02-10 18:34:33.534 10642-10642 SurfaceComposerClient   com.lagradost.cloudstream3           D  setCornerRadius ## f01ac60 SurfaceView[com.lagradost.cloudstream3/com.lagradost.cloudstream3.MainActivity]@0#240969 cornerRadius=0.000000
2026-02-10 18:34:33.534 10642-10642 SurfaceView             com.lagradost.cloudstream3           I  251767904 surfaceDestroyed
2026-02-10 18:34:33.534 10642-10642 SV[2517679...nActivity] com.lagradost.cloudstream3           I  surfaceDestroyed callback.size 0 #4 android.view.SurfaceView{f01ac60 V.E...... ........ 0,0-1440,750}
2026-02-10 18:34:33.534 10642-10642 SV[2517679...nActivity] com.lagradost.cloudstream3           I  updateSurface: mVisible = false mSurface.isValid() = true
2026-02-10 18:34:33.534 10642-10642 SV[2517679...nActivity] com.lagradost.cloudstream3           I  releaseSurfaces: viewRoot = VRI[MainActivity]@bb02080
2026-02-10 18:34:33.534 10642-10642 SurfaceView             com.lagradost.cloudstream3           V  Layout: x=0 y=288 w=1440 h=750, frame=Rect(0, 0 - 1440, 750)
2026-02-10 18:34:33.534 10642-10642 SV[2517679...nActivity] com.lagradost.cloudstream3           I  onDetachedFromWindow: tryReleaseSurfaces()
2026-02-10 18:34:33.534 10642-10642 SV[2517679...nActivity] com.lagradost.cloudstream3           I  releaseSurfaces: viewRoot = VRI[MainActivity]@bb02080
2026-02-10 18:34:33.538 10642-10642 VRI[MainAc...y]@bb02080 com.lagradost.cloudstream3           I  registerCallbackForPendingTransactions
2026-02-10 18:34:33.538 10642-10679 SurfaceView             com.lagradost.cloudstream3           D  219759608 updateSurfacePosition RenderWorker, frameNr = 848, position = [0, 0, 3088, 1440] surfaceSize = 3088x1440
2026-02-10 18:34:33.538 10642-10679 SV[2197596...nActivity] com.lagradost.cloudstream3           I  uSP: rtp = Rect(0, 0 - 3088, 1440) rtsw = 3088 rtsh = 1440
2026-02-10 18:34:33.538 10642-10679 SV[2197596...nActivity] com.lagradost.cloudstream3           I  onSSPAndSRT: pl = 0 pt = 0 sx = 1.0 sy = 1.0
2026-02-10 18:34:33.539 10642-10679 SV[2197596...nActivity] com.lagradost.cloudstream3           I  aOrMT: VRI[MainActivity]@bb02080 t = android.view.SurfaceControl$Transaction@5898db7 fN = 848 android.view.SurfaceView.-$$Nest$mapplyOrMergeTransaction:0 android.view.SurfaceView$SurfaceViewPositionUpdateListener.positionChanged:1932 android.graphics.RenderNode$CompositePositionUpdateListener.positionChanged:401
2026-02-10 18:34:33.539 10642-10679 VRI[MainAc...y]@bb02080 com.lagradost.cloudstream3           I  mWNT: t=0xb400007a9947b480 mBlastBufferQueue=0xb400007aa8fb3000 fn= 848 HdrRenderState mRenderHdrSdrRatio=1.0 caller= android.view.SurfaceView.applyOrMergeTransaction:1863 android.view.SurfaceView.-$$Nest$mapplyOrMergeTransaction:0 android.view.SurfaceView$SurfaceViewPositionUpdateListener.positionChanged:1932
2026-02-10 18:34:33.539 10642-10679 SurfaceView             com.lagradost.cloudstream3           D  115561127 windowPositionLost, frameNr = 848
2026-02-10 18:34:33.539 10642-10719 VRI[MainAc...y]@bb02080 com.lagradost.cloudstream3           I  mWNT: t=0xb400007a9947cb00 mBlastBufferQueue=0xb400007aa8fb3000 fn= 848 HdrRenderState mRenderHdrSdrRatio=1.0 caller= android.view.ViewRootImpl$10.onFrameDraw:6536 android.view.ViewRootImpl$4.onFrameDraw:2489 android.view.ThreadedRenderer$1.onFrameDraw:718
2026-02-10 18:34:33.626 10642-10642 InsetsController        com.lagradost.cloudstream3           I  onStateChanged: host=com.lagradost.cloudstream3/com.lagradost.cloudstream3.MainActivity, from=android.view.ViewRootImpl.onInsetsStateChanged:3026, state=InsetsState: {mDisplayFrame=Rect(0, 0 - 3088, 1440), mDisplayCutout=DisplayCutout{insets=Rect(100, 0 - 0, 0) waterfall=Insets{left=0, top=0, right=0, bottom=0} boundingRect={Bounds=[Rect(0, 684 - 100, 755), Rect(0, 0 - 0, 0), Rect(0, 0 - 0, 0), Rect(0, 0 - 0, 0)]} cutoutPathParserInfo={CutoutPathParserInfo{displayWidth=1440 displayHeight=3088 physicalDisplayWidth=1440 physicalDisplayHeight=3088 density={3.75} cutoutSpec={M 0,0 H -9.466666666666667 V 26.66666666666667‬ H 9.466666666666667 V 0 H 0 Z @dp} rotation={1} scale={1.0} physicalPixelDisplaySizeRatio={1.0}}} sideOverrides={}}, mRoundedCorners=RoundedCorners{[RoundedCorner{position=TopLeft, radius=15, center=Point(15, 15)}, RoundedCorner{position=TopRight, radius=15, center=Point(3073, 15)}, RoundedCorner{position=BottomRight, radius=15, center=Point(3073, 1425)}, RoundedCorner{position=BottomLeft, radius=15, center=Point(15, 1425)}]}  mRoundedCornerFrame=Rect(0, 0 - 3088, 1440), mPrivacyIndicatorBounds=PrivacyIndicatorBounds {static bounds=Rect(2923, 0 - 3088, 113) rotation=1}, mDisplayShape=DisplayShape{ spec=-311912193 displayWidth=1440 displayHeight=3088 physicalPixelDisplaySizeRatio=1.0 rotation=1 offsetX=0 offsetY=0 scale=1.0}, mSources= { InsetsSource: {3 mType=ime mFrame=[0,0][0,0] mVisible=false mFlags= mSideHint=NONE mBoundingRects=null}, InsetsSource: {7 mType=displayCutout mFrame=[0,0][100,1440] mVisible=true mFlags= mSideHint=LEFT mBoundingRects=null}, InsetsSource: {27660001 mType=navigationBars mFrame=[2908,0][3088,1440] mVisible=false mFlags= mSideHint=RIGHT mBoundingRects=null}, InsetsSource: {27660004 mType=systemGestures mFrame=[0,0][0,0] mVisible=true mFlags= mSideHint=NONE mBoundingRects=null}, InsetsSource: {27660005 mType=mandatorySystemGestures mFrame=[2908,0][3088,1440] mVisible=true mFlags= mSideHint=RIGHT mBoundingRects=null}, InsetsSource: {27660006 mType=tappableElement mFrame=[2908,0][3088,1440] mVisible=true mFlags= mSideHint=RIGHT mBoundingRects=null}, InsetsSource: {27660024 mType=systemGestures mFrame=[0,0][0,0] mVisible=true mFlags= mSideHint=NONE mBoundingRects=null}, InsetsSource: {41f30000 mType=statusBars mFrame=[0,0][3088,113] mVisible=false mFlags= mSideHint=TOP mBoundingRects=null}, InsetsSource: {41f30005 mType=mandatorySystemGestures mFrame=[0,0][3088,113] mVisible=true mFlags= mSideHint=TOP mBoundingRects=null}, InsetsSource: {41f30006 mType=tappableElement mFrame=[0,0][3088,113] mVisible=true mFlags= mSideHint=TOP mBoundingRects=null} }
2026-02-10 18:34:33.626 10642-10642 InsetsController        com.lagradost.cloudstream3           I  cancelAnimation: types=statusBars navigationBars, animType=1, host=com.lagradost.cloudstream3/com.lagradost.cloudstream3.MainActivity, from=android.view.InsetsController.cancelExistingControllers:1974 android.view.InsetsController.onControlsChanged:1228 android.view.ViewRootImpl.onActiveControlsChanged:3056
2026-02-10 18:34:33.779 10642-10705 RequestQueue            com.lagradost.cloudstream3           I  [executeAsLeader] Leader SUCCESS | domain=asd.pics
2026-02-10 18:34:33.784 10642-10705 ArabseedV2              com.lagradost.cloudstream3           D  [loadLinks] Watch page resolved. Parsing sources...
2026-02-10 18:34:33.794 10642-10705 ArabseedV2              com.lagradost.cloudstream3           D  [loadLinks] Qualities: [1080, 720, 480], Default: 480
2026-02-10 18:34:33.794 10642-10705 ArabseedV2              com.lagradost.cloudstream3           D  [loadLinks] GlobalPostID: N/A, CSRF: FOUND
2026-02-10 18:34:33.794 10642-10705 ArabseedV2              com.lagradost.cloudstream3           I  [loadLinks] Collected 15 sources. Starting sequential processing...
2026-02-10 18:34:33.794 10642-10705 ArabseedV2              com.lagradost.cloudstream3           I  [loadLinks] Resolving Lazy URL: https://arabseed-lazy.com/?post_id=831802&quality=1080&server=1&csrf_token=29664af2be&base=https://asd.pics
2026-02-10 18:34:33.794 10642-10705 ProviderSession         com.lagradost.cloudstream3           D  [buildHeaders] Building request headers | domain=asd.pics, cookieCount=9, hasClearance=true, isValid=true, uaHash=803669695
2026-02-10 18:34:33.794 10642-10705 ProviderSession         com.lagradost.cloudstream3           D  [buildHeaders] Cookie header set | keys=[_ga, cf_clearance, dom3ic8zudi28v8lr6fgphwffqoz0j6c, sb_page_6f4f5c3f5bfa5f5651799c658cb3556b, sb_main_6f4f5c3f5bfa5f5651799c658cb3556b, sb_count_6f4f5c3f5bfa5f5651799c658cb3556b, _ga_D8NNSFR7SN, pp_main_6710543788e9f02584f3584d5416d1e3, pbpr0tpuw4isk85t8yg3jb2lj5vqf]
2026-02-10 18:34:33.794 10642-10705 ProviderHttp            com.lagradost.cloudstream3           D  [executePostRequest] Executing POST request | url=https://asd.pics/get__watch__server/, domain=asd.pics, hasCookie=true
2026-02-10 18:34:33.929 10642-10642 InsetsController        com.lagradost.cloudstream3           I  onStateChanged: host=com.lagradost.cloudstream3/com.lagradost.cloudstream3.MainActivity, from=android.view.ViewRootImpl.onInsetsStateChanged:3026, state=InsetsState: {mDisplayFrame=Rect(0, 0 - 3088, 1440), mDisplayCutout=DisplayCutout{insets=Rect(0, 0 - 100, 0) waterfall=Insets{left=0, top=0, right=0, bottom=0} boundingRect={Bounds=[Rect(0, 0 - 0, 0), Rect(0, 0 - 0, 0), Rect(2988, 685 - 3088, 756), Rect(0, 0 - 0, 0)]} cutoutPathParserInfo={CutoutPathParserInfo{displayWidth=1440 displayHeight=3088 physicalDisplayWidth=1440 physicalDisplayHeight=3088 density={3.75} cutoutSpec={M 0,0 H -9.466666666666667 V 26.66666666666667‬ H 9.466666666666667 V 0 H 0 Z @dp} rotation={3} scale={1.0} physicalPixelDisplaySizeRatio={1.0}}} sideOverrides={}}, mRoundedCorners=RoundedCorners{[RoundedCorner{position=TopLeft, radius=15, center=Point(15, 15)}, RoundedCorner{position=TopRight, radius=15, center=Point(3073, 15)}, RoundedCorner{position=BottomRight, radius=15, center=Point(3073, 1425)}, RoundedCorner{position=BottomLeft, radius=15, center=Point(15, 1425)}]}  mRoundedCornerFrame=Rect(0, 0 - 3088, 1440), mPrivacyIndicatorBounds=PrivacyIndicatorBounds {static bounds=Rect(2823, 0 - 2988, 113) rotation=3}, mDisplayShape=DisplayShape{ spec=-311912193 displayWidth=1440 displayHeight=3088 physicalPixelDisplaySizeRatio=1.0 rotation=3 offsetX=0 offsetY=0 scale=1.0}, mSources= { InsetsSource: {3 mType=ime mFrame=[0,0][0,0] mVisible=false mFlags= mSideHint=NONE mBoundingRects=null}, InsetsSource: {47 mType=displayCutout mFrame=[2988,0][3088,1440] mVisible=true mFlags= mSideHint=RIGHT mBoundingRects=null}, InsetsSource: {27660001 mType=navigationBars mFrame=[0,0][180,1440] mVisible=false mFlags= mSideHint=LEFT mBoundingRects=null}, InsetsSource: {27660004 mType=systemGestures mFrame=[0,0][0,0] mVisible=true mFlags= mSideHint=NONE mBoundingRects=null}, InsetsSource: {27660005 mType=mandatorySystemGestures mFrame=[0,0][180,1440] mVisible=true mFlags= mSideHint=LEFT mBoundingRects=null}, InsetsSource: {27660006 mType=tappableElement mFrame=[0,0][180,1440] mVisible=true mFlags= mSideHint=LEFT mBoundingRects=null}, InsetsSource: {27660024 mType=systemGestures mFrame=[0,0][0,0] mVisible=true mFlags= mSideHint=NONE mBoundingRects=null}, InsetsSource: {41f30000 mType=statusBars mFrame=[0,0][3088,113] mVisible=false mFlags= mSideHint=TOP mBoundingRects=null}, InsetsSource: {41f30005 mType=mandatorySystemGestures mFrame=[0,0][3088,113] mVisible=true mFlags= mSideHint=TOP mBoundingRects=null}, InsetsSource: {41f30006 mType=tappableElement mFrame=[0,0][3088,113] mVisible=true mFlags= mSideHint=TOP mBoundingRects=null} }
2026-02-10 18:34:33.929 10642-10642 VRI[MainAc...y]@bb02080 com.lagradost.cloudstream3           I  handleResized, frames=ClientWindowFrames{frame=[0,0][3088,1440] display=[0,0][3088,1440] parentFrame=[0,0][0,0]} displayId=0 dragResizing=false compatScale=1.0 frameChanged=false attachedFrameChanged=false configChanged=true displayChanged=false compatScaleChanged=false dragResizingChanged=false
2026-02-10 18:34:33.929 10642-10642 VRI[MainAc...y]@bb02080 com.lagradost.cloudstream3           I  handleResized mSyncSeqId = 0
2026-02-10 18:34:33.929 10642-10642 VRI[MainAc...y]@bb02080 com.lagradost.cloudstream3           D  reportNextDraw android.view.ViewRootImpl.handleResized:2983 android.view.ViewRootImpl.-$$Nest$mhandleResized:0 android.view.ViewRootImpl$W.resized:14082 android.app.servertransaction.WindowStateResizeItem.execute:93 android.app.servertransaction.WindowStateTransactionItem.execute:62
2026-02-10 18:34:33.940 10642-10642 BLASTBufferQueue_Java   com.lagradost.cloudstream3           I  update, w= 3088 h= 1440 mName = VRI[MainActivity]@bb02080 mNativeObject= 0xb400007aa8fb3000 sc.mNativeObject= 0xb400007834117940 format= -3 caller= android.view.ViewRootImpl.updateBlastSurfaceIfNeeded:3574 android.view.ViewRootImpl.relayoutWindow:11685 android.view.ViewRootImpl.performTraversals:4804 android.view.ViewRootImpl.doTraversal:3924 android.view.ViewRootImpl$TraversalRunnable.run:12903 android.view.Choreographer$CallbackRecord.run:1901
2026-02-10 18:34:33.940 10642-10642 VRI[MainAc...y]@bb02080 com.lagradost.cloudstream3           I  Relayout returned: old=(0,0,3088,1440) new=(0,0,3088,1440) relayoutAsync=true req=(3088,1440)0 dur=5 res=0x0 s={true 0xb400007a9de20000} ch=false seqId=0
2026-02-10 18:34:33.940 10642-10642 VRI[MainAc...y]@bb02080 com.lagradost.cloudstream3           D  mThreadedRenderer.updateSurface() mSurface={isValid=true 0xb400007a9de20000}
2026-02-10 18:34:33.940 10642-10642 SurfaceView             com.lagradost.cloudstream3           I  219759608 Changes: creating=false format=false size=false visible=false alpha=false hint=true left=false top=false z=false attached=true lifecycleStrategy=false
2026-02-10 18:34:33.941 10642-10642 SurfaceView             com.lagradost.cloudstream3           I  219759608 Cur surface: Surface(name=null mNativeObject=-5476376620247487488)/@0x8d1fd30
2026-02-10 18:34:33.941 10642-10642 SurfaceComposerClient   com.lagradost.cloudstream3           D  setCornerRadius ## d1943f8 SurfaceView[com.lagradost.cloudstream3/com.lagradost.cloudstream3.MainActivity]@0#240975 cornerRadius=0.000000
2026-02-10 18:34:33.941 10642-10642 BLASTBufferQueue_Java   com.lagradost.cloudstream3           I  update, w= 3088 h= 1440 mName = d1943f8 SurfaceView[com.lagradost.cloudstream3/com.lagradost.cloudstream3.MainActivity]@0 mNativeObject= 0xb4000078327e2000 sc.mNativeObject= 0xb4000078342d4380 format= 4 caller= android.view.SurfaceView.setBufferSize:1703 android.view.SurfaceView.performSurfaceTransaction:1238 android.view.SurfaceView.updateSurface:1467 android.view.SurfaceView.setFrame:716 android.view.View.layout:26931 android.widget.FrameLayout.layoutChildren:345
2026-02-10 18:34:33.941 10642-10642 SV[2197596...nActivity] com.lagradost.cloudstream3           I  updateSurface: mVisible = true mSurface.isValid() = true
2026-02-10 18:34:33.941 10642-10642 SV[2197596...nActivity] com.lagradost.cloudstream3           I  updateSurface: mSurfaceCreated = true surfaceChanged = false visibleChanged = false
2026-02-10 18:34:33.941 10642-10642 SurfaceView             com.lagradost.cloudstream3           I  219759608 surfaceChanged -- format=4 w=3088 h=1440
2026-02-10 18:34:33.941 10642-10642 SV[2197596...nActivity] com.lagradost.cloudstream3           I  surfaceChanged (3088,1440) 0 #5 android.view.SurfaceView{d1943f8 V.E...... ......I. 0,0-3088,1440}
2026-02-10 18:34:33.941 10642-10642 SurfaceView             com.lagradost.cloudstream3           I  219759608 surfaceRedrawNeeded
2026-02-10 18:34:33.942 10642-10642 SurfaceView             com.lagradost.cloudstream3           I  219759608 finishedDrawing
2026-02-10 18:34:33.942 10642-10642 SurfaceView             com.lagradost.cloudstream3           V  Layout: x=0 y=0 w=3088 h=1440, frame=Rect(0, 0 - 3088, 1440)
2026-02-10 18:34:33.942 10642-10642 VRI[MainAc...y]@bb02080 com.lagradost.cloudstream3           D  Setup new sync=wmsSync-VRI[MainActivity]@bb02080#11
2026-02-10 18:34:33.942 10642-10642 VRI[MainAc...y]@bb02080 com.lagradost.cloudstream3           I  Creating new active sync group VRI[MainActivity]@bb02080#12
2026-02-10 18:34:33.942 10642-10642 VRI[MainAc...y]@bb02080 com.lagradost.cloudstream3           D  registerCallbacksForSync syncBuffer=false
2026-02-10 18:34:33.942 10642-10720 VRI[MainAc...y]@bb02080 com.lagradost.cloudstream3           D  Received frameDrawingCallback syncResult=0 frameNum=896.
2026-02-10 18:34:33.943 10642-10720 VRI[MainAc...y]@bb02080 com.lagradost.cloudstream3           I  mWNT: t=0xb400007a9947db80 mBlastBufferQueue=0xb400007aa8fb3000 fn= 896 HdrRenderState mRenderHdrSdrRatio=1.0 caller= android.view.ViewRootImpl$12.onFrameDraw:15441 android.view.ThreadedRenderer$1.onFrameDraw:718 <bottom of call stack>
2026-02-10 18:34:33.943 10642-10720 VRI[MainAc...y]@bb02080 com.lagradost.cloudstream3           I  Setting up sync and frameCommitCallback
2026-02-10 18:34:33.944 10642-10679 VRI[MainAc...y]@bb02080 com.lagradost.cloudstream3           I  Received frameCommittedCallback lastAttemptedDrawFrameNum=896 didProduceBuffer=true
2026-02-10 18:34:33.945 10642-10642 VRI[MainAc...y]@bb02080 com.lagradost.cloudstream3           D  reportDrawFinished seqId=0
2026-02-10 18:34:33.946 10642-10652 st.cloudstream3         com.lagradost.cloudstream3           I  Background concurrent mark compact GC freed 28MB AllocSpace bytes, 164(21MB) LOS objects, 51% free, 45MB/93MB, paused 449us,1.097ms total 166.817ms
2026-02-10 18:34:33.952 10642-10642 InsetsSourceConsumer    com.lagradost.cloudstream3           I  applyRequestedVisibilityToControl: visible=false, type=navigationBars, host=com.lagradost.cloudstream3/com.lagradost.cloudstream3.MainActivity
2026-02-10 18:34:33.953 10642-10653 InputTransport          com.lagradost.cloudstream3           D  Input channel destroyed: 'ClientS', fd=181
2026-02-10 18:34:33.953 10642-10653 InputTransport          com.lagradost.cloudstream3           D  Input channel destroyed: 'ClientS', fd=351
2026-02-10 18:34:33.954 10642-10653 InputTransport          com.lagradost.cloudstream3           D  Input channel destroyed: 'ClientS', fd=162
2026-02-10 18:34:34.049 10642-10705 ArabseedV2              com.lagradost.cloudstream3           I  [loadLinks] Processing source: https://savefiles.com/e/bmzga12wpyk9
2026-02-10 18:34:34.049 10642-10705 ArabseedV2              com.lagradost.cloudstream3           D  [loadLinks] STEP 1: Trying standard extractors...
2026-02-10 18:34:34.416 10642-11121 WebViewStrategy         com.lagradost.cloudstream3           D  [isVideoUrl] URL blacklisted | url=https://asd.pics/favicon.ico
2026-02-10 18:34:34.681 10642-10642 VRI[MainAc...y]@bb02080 com.lagradost.cloudstream3           I  ViewPostIme pointer 0
2026-02-10 18:34:34.758 10642-10642 VRI[MainAc...y]@bb02080 com.lagradost.cloudstream3           I  ViewPostIme pointer 1
2026-02-10 18:34:36.417 10642-11121 WebViewStrategy         com.lagradost.cloudstream3           D  [isVideoUrl] URL blacklisted | url=https://asd.pics/favicon.ico
2026-02-10 18:34:37.759 10642-10642 VRI[MainAc...y]@bb02080 com.lagradost.cloudstream3           I  call setFrameRateCategory for touch hint category=no preference, reason=boost timeout, vri=VRI[MainActivity]@bb02080
2026-02-10 18:34:39.077 10642-10642 InsetsController        com.lagradost.cloudstream3           I  onStateChanged: host=com.lagradost.cloudstream3/com.lagradost.cloudstream3.MainActivity, from=android.view.ViewRootImpl.onInsetsStateChanged:3026, state=InsetsState: {mDisplayFrame=Rect(0, 0 - 3088, 1440), mDisplayCutout=DisplayCutout{insets=Rect(100, 0 - 0, 0) waterfall=Insets{left=0, top=0, right=0, bottom=0} boundingRect={Bounds=[Rect(0, 684 - 100, 755), Rect(0, 0 - 0, 0), Rect(0, 0 - 0, 0), Rect(0, 0 - 0, 0)]} cutoutPathParserInfo={CutoutPathParserInfo{displayWidth=1440 displayHeight=3088 physicalDisplayWidth=1440 physicalDisplayHeight=3088 density={3.75} cutoutSpec={M 0,0 H -9.466666666666667 V 26.66666666666667‬ H 9.466666666666667 V 0 H 0 Z @dp} rotation={1} scale={1.0} physicalPixelDisplaySizeRatio={1.0}}} sideOverrides={}}, mRoundedCorners=RoundedCorners{[RoundedCorner{position=TopLeft, radius=15, center=Point(15, 15)}, RoundedCorner{position=TopRight, radius=15, center=Point(3073, 15)}, RoundedCorner{position=BottomRight, radius=15, center=Point(3073, 1425)}, RoundedCorner{position=BottomLeft, radius=15, center=Point(15, 1425)}]}  mRoundedCornerFrame=Rect(0, 0 - 3088, 1440), mPrivacyIndicatorBounds=PrivacyIndicatorBounds {static bounds=Rect(2923, 0 - 3088, 113) rotation=1}, mDisplayShape=DisplayShape{ spec=-311912193 displayWidth=1440 displayHeight=3088 physicalPixelDisplaySizeRatio=1.0 rotation=1 offsetX=0 offsetY=0 scale=1.0}, mSources= { InsetsSource: {3 mType=ime mFrame=[0,0][0,0] mVisible=false mFlags= mSideHint=NONE mBoundingRects=null}, InsetsSource: {7 mType=displayCutout mFrame=[0,0][100,1440] mVisible=true mFlags= mSideHint=LEFT mBoundingRects=null}, InsetsSource: {27660001 mType=navigationBars mFrame=[2908,0][3088,1440] mVisible=false mFlags= mSideHint=RIGHT mBoundingRects=null}, InsetsSource: {27660004 mType=systemGestures mFrame=[0,0][0,0] mVisible=true mFlags= mSideHint=NONE mBoundingRects=null}, InsetsSource: {27660005 mType=mandatorySystemGestures mFrame=[2908,0][3088,1440] mVisible=true mFlags= mSideHint=RIGHT mBoundingRects=null}, InsetsSource: {27660006 mType=tappableElement mFrame=[2908,0][3088,1440] mVisible=true mFlags= mSideHint=RIGHT mBoundingRects=null}, InsetsSource: {27660024 mType=systemGestures mFrame=[0,0][0,0] mVisible=true mFlags= mSideHint=NONE mBoundingRects=null}, InsetsSource: {41f30000 mType=statusBars mFrame=[0,0][3088,113] mVisible=false mFlags= mSideHint=TOP mBoundingRects=null}, InsetsSource: {41f30005 mType=mandatorySystemGestures mFrame=[0,0][3088,113] mVisible=true mFlags= mSideHint=TOP mBoundingRects=null}, InsetsSource: {41f30006 mType=tappableElement mFrame=[0,0][3088,113] mVisible=true mFlags= mSideHint=TOP mBoundingRects=null} }
2026-02-10 18:34:39.077 10642-10642 VRI[MainAc...y]@bb02080 com.lagradost.cloudstream3           I  handleResized, frames=ClientWindowFrames{frame=[0,0][3088,1440] display=[0,0][3088,1440] parentFrame=[0,0][0,0]} displayId=0 dragResizing=false compatScale=1.0 frameChanged=false attachedFrameChanged=false configChanged=true displayChanged=false compatScaleChanged=false dragResizingChanged=false
2026-02-10 18:34:39.077 10642-10642 VRI[MainAc...y]@bb02080 com.lagradost.cloudstream3           I  handleResized mSyncSeqId = 0
2026-02-10 18:34:39.077 10642-10642 VRI[MainAc...y]@bb02080 com.lagradost.cloudstream3           D  reportNextDraw android.view.ViewRootImpl.handleResized:2983 android.view.ViewRootImpl.-$$Nest$mhandleResized:0 android.view.ViewRootImpl$W.resized:14082 android.app.servertransaction.WindowStateResizeItem.execute:93 android.app.servertransaction.WindowStateTransactionItem.execute:62
2026-02-10 18:34:39.093 10642-10642 BLASTBufferQueue_Java   com.lagradost.cloudstream3           I  update, w= 3088 h= 1440 mName = VRI[MainActivity]@bb02080 mNativeObject= 0xb400007aa8fb3000 sc.mNativeObject= 0xb400007834117940 format= -3 caller= android.view.ViewRootImpl.updateBlastSurfaceIfNeeded:3574 android.view.ViewRootImpl.relayoutWindow:11685 android.view.ViewRootImpl.performTraversals:4804 android.view.ViewRootImpl.doTraversal:3924 android.view.ViewRootImpl$TraversalRunnable.run:12903 android.view.Choreographer$CallbackRecord.run:1901
2026-02-10 18:34:39.093 10642-10642 VRI[MainAc...y]@bb02080 com.lagradost.cloudstream3           I  Relayout returned: old=(0,0,3088,1440) new=(0,0,3088,1440) relayoutAsync=true req=(3088,1440)0 dur=12 res=0x0 s={true 0xb400007a9de20000} ch=false seqId=0
2026-02-10 18:34:39.094 10642-10642 VRI[MainAc...y]@bb02080 com.lagradost.cloudstream3           D  mThreadedRenderer.updateSurface() mSurface={isValid=true 0xb400007a9de20000}
2026-02-10 18:34:39.094 10642-10642 SurfaceView             com.lagradost.cloudstream3           I  219759608 Changes: creating=false format=false size=false visible=false alpha=false hint=true left=false top=false z=false attached=true lifecycleStrategy=false
2026-02-10 18:34:39.094 10642-10642 SurfaceView             com.lagradost.cloudstream3           I  219759608 Cur surface: Surface(name=null mNativeObject=-5476376620247487488)/@0x8d1fd30
2026-02-10 18:34:39.094 10642-10642 SurfaceComposerClient   com.lagradost.cloudstream3           D  setCornerRadius ## d1943f8 SurfaceView[com.lagradost.cloudstream3/com.lagradost.cloudstream3.MainActivity]@0#240975 cornerRadius=0.000000
2026-02-10 18:34:39.094 10642-10642 BLASTBufferQueue_Java   com.lagradost.cloudstream3           I  update, w= 3088 h= 1440 mName = d1943f8 SurfaceView[com.lagradost.cloudstream3/com.lagradost.cloudstream3.MainActivity]@0 mNativeObject= 0xb4000078327e2000 sc.mNativeObject= 0xb4000078342d4380 format= 4 caller= android.view.SurfaceView.setBufferSize:1703 android.view.SurfaceView.performSurfaceTransaction:1238 android.view.SurfaceView.updateSurface:1467 android.view.SurfaceView.setFrame:716 android.view.View.layout:26931 android.widget.FrameLayout.layoutChildren:345
2026-02-10 18:34:39.094 10642-10642 SV[2197596...nActivity] com.lagradost.cloudstream3           I  updateSurface: mVisible = true mSurface.isValid() = true
2026-02-10 18:34:39.094 10642-10642 SV[2197596...nActivity] com.lagradost.cloudstream3           I  updateSurface: mSurfaceCreated = true surfaceChanged = false visibleChanged = false
2026-02-10 18:34:39.094 10642-10642 SurfaceView             com.lagradost.cloudstream3           I  219759608 surfaceChanged -- format=4 w=3088 h=1440
2026-02-10 18:34:39.094 10642-10642 SV[2197596...nActivity] com.lagradost.cloudstream3           I  surfaceChanged (3088,1440) 0 #5 android.view.SurfaceView{d1943f8 V.E...... ......I. 0,0-3088,1440}
2026-02-10 18:34:39.094 10642-10642 SurfaceView             com.lagradost.cloudstream3           I  219759608 surfaceRedrawNeeded
2026-02-10 18:34:39.094 10642-10642 SurfaceView             com.lagradost.cloudstream3           I  219759608 finishedDrawing
2026-02-10 18:34:39.094 10642-10642 SurfaceView             com.lagradost.cloudstream3           V  Layout: x=0 y=0 w=3088 h=1440, frame=Rect(0, 0 - 3088, 1440)
2026-02-10 18:34:39.094 10642-10642 VRI[MainAc...y]@bb02080 com.lagradost.cloudstream3           D  Setup new sync=wmsSync-VRI[MainActivity]@bb02080#14
2026-02-10 18:34:39.094 10642-10642 VRI[MainAc...y]@bb02080 com.lagradost.cloudstream3           I  Creating new active sync group VRI[MainActivity]@bb02080#15
2026-02-10 18:34:39.097 10642-10642 VRI[MainAc...y]@bb02080 com.lagradost.cloudstream3           D  registerCallbacksForSync syncBuffer=false
2026-02-10 18:34:39.098 10642-10719 VRI[MainAc...y]@bb02080 com.lagradost.cloudstream3           D  Received frameDrawingCallback syncResult=0 frameNum=1477.
2026-02-10 18:34:39.098 10642-10719 VRI[MainAc...y]@bb02080 com.lagradost.cloudstream3           I  mWNT: t=0xb400007c06b60d80 mBlastBufferQueue=0xb400007aa8fb3000 fn= 1477 HdrRenderState mRenderHdrSdrRatio=1.0 caller= android.view.ViewRootImpl$12.onFrameDraw:15441 android.view.ThreadedRenderer$1.onFrameDraw:718 <bottom of call stack>
2026-02-10 18:34:39.098 10642-10719 VRI[MainAc...y]@bb02080 com.lagradost.cloudstream3           I  Setting up sync and frameCommitCallback
2026-02-10 18:34:39.100 10642-10679 VRI[MainAc...y]@bb02080 com.lagradost.cloudstream3           I  Received frameCommittedCallback lastAttemptedDrawFrameNum=1477 didProduceBuffer=true
2026-02-10 18:34:39.101 10642-10642 VRI[MainAc...y]@bb02080 com.lagradost.cloudstream3           D  reportDrawFinished seqId=0
2026-02-10 18:34:39.107 10642-10642 InsetsSourceConsumer    com.lagradost.cloudstream3           I  applyRequestedVisibilityToControl: visible=false, type=navigationBars, host=com.lagradost.cloudstream3/com.lagradost.cloudstream3.MainActivity
2026-02-10 18:34:39.412 10642-11121 WebViewStrategy         com.lagradost.cloudstream3           D  [isVideoUrl] URL blacklisted | url=https://asd.pics/favicon.ico
2026-02-10 18:34:42.050 10642-10705 ArabseedV2              com.lagradost.cloudstream3           W  [loadLinks] STEP 2: Standard extractors failed, trying sniffer...
2026-02-10 18:34:42.050 10642-10705 ArabseedV2              com.lagradost.cloudstream3           D  [awaitSnifferResult] Starting VISIBLE SnifferExtractor for: https://savefiles.com/e/bmzga12wpyk9
2026-02-10 18:34:42.051 10642-10705 ArabseedV2              com.lagradost.cloudstream3           D  [awaitSnifferResult] Sniffer URL: sniff://https%3A%2F%2Fsavefiles.com%2Fe%2Fbmzga12wpyk9?referer=https%3A%2F%2Fasd.pics%2F
2026-02-10 18:34:42.051 10642-10705 SnifferExtractor        com.lagradost.cloudstream3           D  getUrl called with url: sniff://https%3A%2F%2Fsavefiles.com%2Fe%2Fbmzga12wpyk9?referer=https%3A%2F%2Fasd.pics%2F
2026-02-10 18:34:42.052 10642-10705 SnifferExtractor        com.lagradost.cloudstream3           D  [getUrl] Processing sniffer URL | url=sniff://https%3A%2F%2Fsavefiles.com%2Fe%2Fbmzga12wpyk9?referer=https%3A%2F%2Fasd
2026-02-10 18:34:42.052 10642-10705 SnifferExtractor        com.lagradost.cloudstream3           D  Parsed embed URL: https://savefiles.com/e/bmzga12wpyk9, referer: https://asd.pics/
2026-02-10 18:34:42.052 10642-10705 SnifferExtractor        com.lagradost.cloudstream3           D  [getUrl] Parsed embed URL | embedUrl=https://savefiles.com/e/bmzga12wpyk9, embedReferer=https://asd.pics/
2026-02-10 18:34:42.052 10642-10705 SnifferExtractor        com.lagradost.cloudstream3           D  Using SessionProvider UA: Mozilla/5.0 (Linux; Android 14; SM-S918B) AppleWeb...
2026-02-10 18:34:42.052 10642-10705 SnifferExtractor        com.lagradost.cloudstream3           D  [getUrl] Using SessionProvider UA | uaHash=803669695, hasSession=true
2026-02-10 18:34:42.052 10642-10705 SnifferExtractor        com.lagradost.cloudstream3           D  Starting WebViewEngine sniffing (Visible)
2026-02-10 18:34:42.052 10642-10705 SnifferExtractor        com.lagradost.cloudstream3           D  [getUrl] Starting WebViewEngine sniffing (Visible)
2026-02-10 18:34:42.052 10642-10642 ActivityProvider        com.lagradost.cloudstream3           D  currentActivity requested: MainActivity
2026-02-10 18:34:42.053 10642-10642 WebViewEngine           com.lagradost.cloudstream3           D  runSession: Session started, capturedLinks cleared. URL: https://savefiles.com/e/bmzga12wpyk9
2026-02-10 18:34:42.053 10642-10642 WebViewStrategy         com.lagradost.cloudstream3           D  [runSession] Session started, capturedLinks cleared
2026-02-10 18:34:42.053 10642-10642 WebViewStrategy         com.lagradost.cloudstream3           I  [runSession] === STEP 1: Creating WebView === | url=https://savefiles.com/e/bmzga12wpyk9
2026-02-10 18:34:42.073 10642-10642 WebViewStrategy         com.lagradost.cloudstream3           I  [runSession] WebView UA | ua=Mozilla/5.0 (Linux; Android 14; SM-S918B) AppleWebKit/537.36
2026-02-10 18:34:42.073 10642-10642 WebViewStrategy         com.lagradost.cloudstream3           I  [runSession] === STEP 2: Setting up cookies ===
2026-02-10 18:34:42.073 10642-10642 WebViewStrategy         com.lagradost.cloudstream3           I  [runSession] === STEP 3: Setting up mode === | mode=FULLSCREEN
2026-02-10 18:34:42.075 10642-10642 Dialog                  com.lagradost.cloudstream3           I  mIsDeviceDefault = false, mIsSamsungBasicInteraction = false, isMetaDataInActivity = false
2026-02-10 18:34:42.078 10642-10642 DecorView               com.lagradost.cloudstream3           I  setWindowBackground: isPopOver=false color=ff1e1f25 d=android.graphics.drawable.ColorDrawable@2484c59
2026-02-10 18:34:42.078 10642-10642 WindowManager           com.lagradost.cloudstream3           I  WindowManagerGlobal#addView, ty=2, view=com.android.internal.policy.DecorView{3a87ecc V.E...... R.....ID 0,0-0,0}[MainActivity], caller=android.view.WindowManagerImpl.addView:158 android.app.Dialog.show:540 com.cloudstream.shared.webview.WebViewEngine$runSession$2.invokeSuspend:163
2026-02-10 18:34:42.078 10642-10642 ViewRootImpl            com.lagradost.cloudstream3           D  desktopMode is false
2026-02-10 18:34:42.079 10642-10642 ViewRootImpl            com.lagradost.cloudstream3           I  dVRR is disabled
2026-02-10 18:34:42.079 10642-10679 NativeCust...ncyManager com.lagradost.cloudstream3           D  [NativeCFMS] BpCustomFrequencyManager::BpCustomFrequencyManager()
2026-02-10 18:34:42.079 10642-10642 InsetsController        com.lagradost.cloudstream3           D  Setting requestedVisibleTypes to -14 (was -9)
