2026-02-11 20:08:39.986  5111-6847  ProviderHttp            com...cloudstream3.prerelease.debug  D  [executeDirectRequest] Executing HTTP request | url=https://asd.pics/%d9%85%d8%b3%d8%b1%d8%ad%d9%8a%d8%a9-%d8%a7%d9%86%d8%b3%d8%aa%d, domain=asd.pics, hasCookie=true, cookieKeys=[_ga, dom3ic8zudi28v8lr6fgphwffqoz0j6c, pp_main_6710543788e9f02584f3584d5416d1e3, cf_clearance, sb_main_6f4f5c3f5bfa5f5651799c658cb3556b, _ga_D8NNSFR7SN, sb_page_6f4f5c3f5bfa5f5651799c658cb3556b, sb_count_6f4f5c3f5bfa5f5651799c658cb3556b, pbpr0tpuw4isk85t8yg3jb2lj5vqf]
2026-02-11 20:08:40.066  5111-6847  RequestQueue            com...cloudstream3.prerelease.debug  D  [verifyAndRunFollowers] Verifying cookies | url=https://asd.pics/%d9%81%d9%8a%d9%84%d9%85-120-bahadur-2025-%d9%85%d8%aa%d8%b1%d8
2026-02-11 20:08:40.066  5111-6847  ProviderSession         com...cloudstream3.prerelease.debug  D  [buildHeaders] Building request headers | domain=asd.pics, cookieCount=9, hasClearance=true, isValid=true, uaHash=803669695
2026-02-11 20:08:40.066  5111-6847  ProviderSession         com...cloudstream3.prerelease.debug  D  [buildHeaders] Cookie header set | keys=[_ga, dom3ic8zudi28v8lr6fgphwffqoz0j6c, pp_main_6710543788e9f02584f3584d5416d1e3, cf_clearance, sb_main_6f4f5c3f5bfa5f5651799c658cb3556b, _ga_D8NNSFR7SN, sb_page_6f4f5c3f5bfa5f5651799c658cb3556b, sb_count_6f4f5c3f5bfa5f5651799c658cb3556b, pbpr0tpuw4isk85t8yg3jb2lj5vqf]
2026-02-11 20:08:40.066  5111-6847  ProviderHttp            com...cloudstream3.prerelease.debug  D  [executeDirectRequest] Executing HTTP request | url=https://asd.pics/%d9%81%d9%8a%d9%84%d9%85-120-bahadur-2025-%d9%85%d8%aa%d8%b1%d8, domain=asd.pics, hasCookie=true, cookieKeys=[_ga, dom3ic8zudi28v8lr6fgphwffqoz0j6c, pp_main_6710543788e9f02584f3584d5416d1e3, cf_clearance, sb_main_6f4f5c3f5bfa5f5651799c658cb3556b, _ga_D8NNSFR7SN, sb_page_6f4f5c3f5bfa5f5651799c658cb3556b, sb_count_6f4f5c3f5bfa5f5651799c658cb3556b, pbpr0tpuw4isk85t8yg3jb2lj5vqf]
2026-02-11 20:08:40.118  5111-6847  RequestQueue            com...cloudstream3.prerelease.debug  W  [verifyAndRunFollowers] Verification FAILED | domain=asd.pics
2026-02-11 20:08:40.119  5111-6850  ProviderHttp            com...cloudstream3.prerelease.debug  W  [getDocument] 403 - WebView fallback | url=https://asd.pics/%d9%81%d9%8a%d9%84%d9%85-120-bahadur-2025-%d9%85%d8%aa%d8%b1%d8
2026-02-11 20:08:40.120  5111-6851  ProviderHttp            com...cloudstream3.prerelease.debug  W  [getDocument] 403 - WebView fallback | url=https://asd.pics/selary/%d9%85%d8%b3%d9%84%d8%b3%d9%84-as-you-stood-by-%d9%85%d8
2026-02-11 20:08:40.120  5111-6850  ProviderSession         com...cloudstream3.prerelease.debug  D  [save] Saved session | domain=asd.pics, cookies=0
2026-02-11 20:08:40.120  5111-6850  ProviderHttp            com...cloudstream3.prerelease.debug  I  [invalidateSession] Preparing for CF solve
2026-02-11 20:08:40.121  5111-6851  ProviderSession         com...cloudstream3.prerelease.debug  D  [save] Saved session | domain=asd.pics, cookies=0
2026-02-11 20:08:40.121  5111-6851  ProviderHttp            com...cloudstream3.prerelease.debug  I  [invalidateSession] Preparing for CF solve
2026-02-11 20:08:40.121  5111-6847  ProviderHttp            com...cloudstream3.prerelease.debug  W  [getDocument] 403 - WebView fallback | url=https://asd.pics/%d9%85%d8%b3%d8%b1%d8%ad%d9%8a%d8%a9-%d8%a7%d9%86%d8%b3%d8%aa%d
2026-02-11 20:08:40.121  5111-6847  ProviderSession         com...cloudstream3.prerelease.debug  D  [save] Saved session | domain=asd.pics, cookies=0
2026-02-11 20:08:40.121  5111-6847  ProviderHttp            com...cloudstream3.prerelease.debug  I  [invalidateSession] Preparing for CF solve
2026-02-11 20:08:40.122  5111-5111  ActivityProvider        com...cloudstream3.prerelease.debug  D  currentActivity requested: MainActivity
2026-02-11 20:08:40.122  5111-5111  WebViewEngine           com...cloudstream3.prerelease.debug  D  runSession: Session started, capturedLinks cleared. URL: https://asd.pics/%d9%81%d9%8a%d9%84%d9%85-120-bahadur-2025-%d9%85%d8%aa%d8%b1%d8%ac%d9%85/
2026-02-11 20:08:40.122  5111-5111  WebViewStrategy         com...cloudstream3.prerelease.debug  D  [runSession] Session started, capturedLinks cleared
2026-02-11 20:08:40.124  5111-5111  WebViewStrategy         com...cloudstream3.prerelease.debug  I  [runSession] === STEP 1: Creating WebView === | url=https://asd.pics/%d9%81%d9%8a%d9%84%d9%85-120-bahadur-2025-%d9%85%d8%aa%d8%b1%d8
2026-02-11 20:08:40.135  5111-5111  WebViewStrategy         com...cloudstream3.prerelease.debug  I  [runSession] WebView UA | ua=Mozilla/5.0 (Linux; Android 14; SM-S918B) AppleWebKit/537.36 (KHTML, like Gecko) Chrome/120.0.6099.230 Mobile Safari/537.36
2026-02-11 20:08:40.136  5111-5111  WebViewStrategy         com...cloudstream3.prerelease.debug  I  [runSession] === STEP 2: Setting up cookies ===
2026-02-11 20:08:40.136  5111-5111  WebViewStrategy         com...cloudstream3.prerelease.debug  I  [runSession] === STEP 3: Setting up mode === | mode=FULLSCREEN
2026-02-11 20:08:40.142  5111-5111  InsetsController        com...cloudstream3.prerelease.debug  D  Setting requestedVisibleTypes to -14 (was -9)
2026-02-11 20:08:40.148  5111-5111  WebViewStrategy         com...cloudstream3.prerelease.debug  D  [runSession] FULLSCREEN mode | url=https://asd.pics/%d9%81%d9%8a%d9%84%d9%85-120-bahadur-2025-%d9%85%d8%aa%d8%b1%d8
2026-02-11 20:08:40.150  5111-5111  WebViewStrategy         com...cloudstream3.prerelease.debug  I  [runSession] === STEP 6: Loading URL === | url=https://asd.pics/%d9%81%d9%8a%d9%84%d9%85-120-bahadur-2025-%d9%85%d8%aa%d8%b1%d8
2026-02-11 20:08:40.150  5111-5111  WebViewStrategy         com...cloudstream3.prerelease.debug  I  [runSession] Loading URL with headers | url=https://asd.pics/%d9%81%d9%8a%d9%84%d9%85-120-bahadur-2025-%d9%85%d8%aa%d8%b1%d8, headers=X-Requested-With
2026-02-11 20:08:40.154  5111-5111  WebViewStrategy         com...cloudstream3.prerelease.debug  I  [runSession] === STEP 7: URL loaded, waiting for callbacks ===
2026-02-11 20:08:40.155  5111-5111  ActivityProvider        com...cloudstream3.prerelease.debug  D  currentActivity requested: MainActivity
2026-02-11 20:08:40.156  5111-5111  WebViewEngine           com...cloudstream3.prerelease.debug  D  runSession: Session started, capturedLinks cleared. URL: https://asd.pics/selary/%d9%85%d8%b3%d9%84%d8%b3%d9%84-as-you-stood-by-%d9%85%d8%aa%d8%b1%d8%ac%d9%85/
2026-02-11 20:08:40.156  5111-5111  WebViewStrategy         com...cloudstream3.prerelease.debug  D  [runSession] Session started, capturedLinks cleared
2026-02-11 20:08:40.156  5111-5111  WebViewStrategy         com...cloudstream3.prerelease.debug  I  [runSession] === STEP 1: Creating WebView === | url=https://asd.pics/selary/%d9%85%d8%b3%d9%84%d8%b3%d9%84-as-you-stood-by-%d9%85%d8
2026-02-11 20:08:40.173  5111-5111  WebViewStrategy         com...cloudstream3.prerelease.debug  I  [runSession] WebView UA | ua=Mozilla/5.0 (Linux; Android 14; SM-S918B) AppleWebKit/537.36 (KHTML, like Gecko) Chrome/120.0.6099.230 Mobile Safari/537.36
2026-02-11 20:08:40.173  5111-5111  WebViewStrategy         com...cloudstream3.prerelease.debug  I  [runSession] === STEP 2: Setting up cookies ===
2026-02-11 20:08:40.174  5111-5111  WebViewStrategy         com...cloudstream3.prerelease.debug  I  [runSession] === STEP 3: Setting up mode === | mode=FULLSCREEN
2026-02-11 20:08:40.180  5111-5111  InsetsController        com...cloudstream3.prerelease.debug  D  Setting requestedVisibleTypes to -14 (was -9)
2026-02-11 20:08:40.186  5111-5111  WebViewStrategy         com...cloudstream3.prerelease.debug  D  [runSession] FULLSCREEN mode | url=https://asd.pics/selary/%d9%85%d8%b3%d9%84%d8%b3%d9%84-as-you-stood-by-%d9%85%d8
2026-02-11 20:08:40.189  5111-5111  WebViewStrategy         com...cloudstream3.prerelease.debug  I  [runSession] === STEP 6: Loading URL === | url=https://asd.pics/selary/%d9%85%d8%b3%d9%84%d8%b3%d9%84-as-you-stood-by-%d9%85%d8
2026-02-11 20:08:40.189  5111-5111  WebViewStrategy         com...cloudstream3.prerelease.debug  I  [runSession] Loading URL with headers | url=https://asd.pics/selary/%d9%85%d8%b3%d9%84%d8%b3%d9%84-as-you-stood-by-%d9%85%d8, headers=X-Requested-With
2026-02-11 20:08:40.196  5111-5111  WebViewStrategy         com...cloudstream3.prerelease.debug  I  [runSession] === STEP 7: URL loaded, waiting for callbacks ===
2026-02-11 20:08:40.198  5111-5111  ActivityProvider        com...cloudstream3.prerelease.debug  D  currentActivity requested: MainActivity
2026-02-11 20:08:40.198  5111-5111  WebViewEngine           com...cloudstream3.prerelease.debug  D  runSession: Session started, capturedLinks cleared. URL: https://asd.pics/%d9%85%d8%b3%d8%b1%d8%ad%d9%8a%d8%a9-%d8%a7%d9%86%d8%b3%d8%aa%d9%88%d9%86%d8%a7-2022/
2026-02-11 20:08:40.198  5111-5111  WebViewStrategy         com...cloudstream3.prerelease.debug  D  [runSession] Session started, capturedLinks cleared
2026-02-11 20:08:40.198  5111-5111  WebViewStrategy         com...cloudstream3.prerelease.debug  I  [runSession] === STEP 1: Creating WebView === | url=https://asd.pics/%d9%85%d8%b3%d8%b1%d8%ad%d9%8a%d8%a9-%d8%a7%d9%86%d8%b3%d8%aa%d
2026-02-11 20:08:40.212  5111-5111  WebViewStrategy         com...cloudstream3.prerelease.debug  I  [runSession] WebView UA | ua=Mozilla/5.0 (Linux; Android 14; SM-S918B) AppleWebKit/537.36 (KHTML, like Gecko) Chrome/120.0.6099.230 Mobile Safari/537.36
2026-02-11 20:08:40.212  5111-5111  WebViewStrategy         com...cloudstream3.prerelease.debug  I  [runSession] === STEP 2: Setting up cookies ===
2026-02-11 20:08:40.212  5111-5111  WebViewStrategy         com...cloudstream3.prerelease.debug  I  [runSession] === STEP 3: Setting up mode === | mode=FULLSCREEN
2026-02-11 20:08:40.216  5111-5111  InsetsController        com...cloudstream3.prerelease.debug  D  Setting requestedVisibleTypes to -14 (was -9)
2026-02-11 20:08:40.227  5111-5111  WebViewStrategy         com...cloudstream3.prerelease.debug  D  [runSession] FULLSCREEN mode | url=https://asd.pics/%d9%85%d8%b3%d8%b1%d8%ad%d9%8a%d8%a9-%d8%a7%d9%86%d8%b3%d8%aa%d
2026-02-11 20:08:40.228  5111-5111  WebViewStrategy         com...cloudstream3.prerelease.debug  I  [runSession] === STEP 6: Loading URL === | url=https://asd.pics/%d9%85%d8%b3%d8%b1%d8%ad%d9%8a%d8%a9-%d8%a7%d9%86%d8%b3%d8%aa%d
2026-02-11 20:08:40.230  5111-5111  WebViewStrategy         com...cloudstream3.prerelease.debug  I  [runSession] Loading URL with headers | url=https://asd.pics/%d9%85%d8%b3%d8%b1%d8%ad%d9%8a%d8%a9-%d8%a7%d9%86%d8%b3%d8%aa%d, headers=X-Requested-With
2026-02-11 20:08:40.237  5111-5111  WebViewStrategy         com...cloudstream3.prerelease.debug  I  [runSession] === STEP 7: URL loaded, waiting for callbacks ===
2026-02-11 20:08:40.403  5111-5111  ImeTracker              com...cloudstream3.prerelease.debug  I  com.lagradost.cloudstream3.prerelease.debug:97374cf6: onRequestHide at ORIGIN_CLIENT reason HIDE_WINDOW_LOST_FOCUS fromUser false
2026-02-11 20:08:40.403  5111-5111  InsetsController        com...cloudstream3.prerelease.debug  D  hide(ime(), fromIme=false)
2026-02-11 20:08:40.403  5111-5111  ImeTracker              com...cloudstream3.prerelease.debug  I  com.lagradost.cloudstream3.prerelease.debug:97374cf6: onCancelled at PHASE_CLIENT_ALREADY_HIDDEN
2026-02-11 20:08:40.461  5111-5111  VideoSnifferJS          com...cloudstream3.prerelease.debug  W  The resource https://asd.pics/wp-content/themes/ArabSeed/assets/css/core.css was preloaded using link preload but not used within a few seconds from the window's load event. Please make sure it has an appropriate `as` value and it is preloaded intentionally. [https://asd.pics/movies-1/:0]
2026-02-11 20:08:40.461  5111-5111  VideoSnifferJS          com...cloudstream3.prerelease.debug  W  The resource https://asd.pics/wp-content/themes/ArabSeed/assets/css/style.min.css was preloaded using link preload but not used within a few seconds from the window's load event. Please make sure it has an appropriate `as` value and it is preloaded intentionally. [https://asd.pics/movies-1/:0]
2026-02-11 20:08:40.463  5111-5111  WebViewEngine           com...cloudstream3.prerelease.debug  I  onPageStarted: url=https://asd.pics/%d9%81%d9%8a%d9%84%d9%85-120-bahadur-2025-%d9%85%d8%aa%d8%b1%d8
2026-02-11 20:08:40.463  5111-5111  WebViewStrategy         com...cloudstream3.prerelease.debug  I  [onPageStarted] === PAGE STARTED === | url=https://asd.pics/%d9%81%d9%8a%d9%84%d9%85-120-bahadur-2025-%d9%85%d8%aa%d8%b1%d8
2026-02-11 20:08:40.464  5111-5111  InsetsController        com...cloudstream3.prerelease.debug  D  hide(ime(), fromIme=false)
2026-02-11 20:08:40.464  5111-5111  ImeTracker              com...cloudstream3.prerelease.debug  I  com.lagradost.cloudstream3.prerelease.debug:20a8a518: onCancelled at PHASE_CLIENT_ALREADY_HIDDEN
2026-02-11 20:08:40.468  5111-5111  WebViewEngine           com...cloudstream3.prerelease.debug  I  onPageStarted: url=https://asd.pics/selary/%d9%85%d8%b3%d9%84%d8%b3%d9%84-as-you-stood-by-%d9%85%d8
2026-02-11 20:08:40.468  5111-5111  WebViewStrategy         com...cloudstream3.prerelease.debug  I  [onPageStarted] === PAGE STARTED === | url=https://asd.pics/selary/%d9%85%d8%b3%d9%84%d8%b3%d9%84-as-you-stood-by-%d9%85%d8
2026-02-11 20:08:40.666  5111-5111  WebViewEngine           com...cloudstream3.prerelease.debug  I  onPageStarted: url=https://asd.pics/%d9%85%d8%b3%d8%b1%d8%ad%d9%8a%d8%a9-%d8%a7%d9%86%d8%b3%d8%aa%d
2026-02-11 20:08:40.666  5111-5111  WebViewStrategy         com...cloudstream3.prerelease.debug  I  [onPageStarted] === PAGE STARTED === | url=https://asd.pics/%d9%85%d8%b3%d8%b1%d8%ad%d9%8a%d8%a9-%d8%a7%d9%86%d8%b3%d8%aa%d
2026-02-11 20:08:40.858  5111-5217  WebViewEngine           com...cloudstream3.prerelease.debug  D  intercept: Request #10 url=https://preferencenail.com/sfp.js
2026-02-11 20:08:40.858  5111-5217  WebViewStrategy         com...cloudstream3.prerelease.debug  D  [intercept] Request #10 | url=https://preferencenail.com/sfp.js, method=GET, isMainFrame=false
2026-02-11 20:08:41.063  5111-5217  WebViewEngine           com...cloudstream3.prerelease.debug  D  intercept: Request #10 url=https://preferencenail.com/sfp.js
2026-02-11 20:08:41.063  5111-5217  WebViewStrategy         com...cloudstream3.prerelease.debug  D  [intercept] Request #10 | url=https://preferencenail.com/sfp.js, method=GET, isMainFrame=false
2026-02-11 20:08:41.208  5111-5217  WebViewEngine           com...cloudstream3.prerelease.debug  D  intercept: Request #10 url=https://realizationnewestfangs.com/pixel/purst?dl=0&th=0&sc=0&rs=934.7999999988824&rd=934.7999999988
2026-02-11 20:08:41.208  5111-5217  WebViewStrategy         com...cloudstream3.prerelease.debug  D  [intercept] Request #10 | url=https://realizationnewestfangs.com/pixel/purst?dl=0&th=0&sc=0&rs=934.7999999988824&rd=934.7999999988, method=GET, isMainFrame=false
2026-02-11 20:08:41.362  5111-5217  WebViewEngine           com...cloudstream3.prerelease.debug  D  intercept: Request #20 url=https://weirdopt.com/ad/advertisers.js
2026-02-11 20:08:41.362  5111-5217  WebViewStrategy         com...cloudstream3.prerelease.debug  D  [intercept] Request #20 | url=https://weirdopt.com/ad/advertisers.js, method=GET, isMainFrame=false
2026-02-11 20:08:41.869  5111-5111  WebViewStrategy         com...cloudstream3.prerelease.debug  D  [WebView] Loading progress | percent=80
2026-02-11 20:08:41.869  5111-5111  WebViewStrategy         com...cloudstream3.prerelease.debug  D  [WebView] Loading progress | percent=100
2026-02-11 20:08:41.980  5111-5111  WebViewStrategy         com...cloudstream3.prerelease.debug  D  [WebView] Loading progress | percent=100
2026-02-11 20:08:42.169  5111-5217  WebViewEngine           com...cloudstream3.prerelease.debug  D  intercept: Request #20 url=https://weirdopt.com/ad/advertisers.js
2026-02-11 20:08:42.169  5111-5217  WebViewStrategy         com...cloudstream3.prerelease.debug  D  [intercept] Request #20 | url=https://weirdopt.com/ad/advertisers.js, method=GET, isMainFrame=false
2026-02-11 20:08:42.290  5111-5125  rerelease.debug         com...cloudstream3.prerelease.debug  I  Background concurrent mark compact GC freed 7929KB AllocSpace bytes, 75(17MB) LOS objects, 46% free, 28MB/52MB, paused 300us,9.153ms total 321.495ms
2026-02-11 20:08:42.307  5111-5111  WebViewStrategy         com...cloudstream3.prerelease.debug  D  [WebView] Loading progress | percent=100
2026-02-11 20:08:42.309  5111-5111  WebViewEngine           com...cloudstream3.prerelease.debug  I  onPageFinished: url=https://asd.pics/%d9%85%d8%b3%d8%b1%d8%ad%d9%8a%d8%a9-%d8%a7%d9%86%d8%b3%d8%aa%d
2026-02-11 20:08:42.310  5111-5111  WebViewStrategy         com...cloudstream3.prerelease.debug  I  [onPageFinished] === PAGE FINISHED === | url=https://asd.pics/%d9%85%d8%b3%d8%b1%d8%ad%d9%8a%d8%a9-%d8%a7%d9%86%d8%b3%d8%aa%d
2026-02-11 20:08:42.310  5111-5111  WebViewStrategy         com...cloudstream3.prerelease.debug  D  [onPageFinished] Skipping sniffer injection (Not in VideoFound mode)
2026-02-11 20:08:42.310  5111-5111  WebViewStrategy         com...cloudstream3.prerelease.debug  D  [WebView] Loading progress | percent=100
2026-02-11 20:08:42.492  5111-5111  WebViewStrategy         com...cloudstream3.prerelease.debug  D  [WebView] Loading progress | percent=100
2026-02-11 20:08:42.492  5111-5111  WebViewEngine           com...cloudstream3.prerelease.debug  I  onPageFinished: url=https://asd.pics/%d9%81%d9%8a%d9%84%d9%85-120-bahadur-2025-%d9%85%d8%aa%d8%b1%d8
2026-02-11 20:08:42.492  5111-5111  WebViewStrategy         com...cloudstream3.prerelease.debug  I  [onPageFinished] === PAGE FINISHED === | url=https://asd.pics/%d9%81%d9%8a%d9%84%d9%85-120-bahadur-2025-%d9%85%d8%aa%d8%b1%d8
2026-02-11 20:08:42.492  5111-5111  WebViewStrategy         com...cloudstream3.prerelease.debug  D  [onPageFinished] Skipping sniffer injection (Not in VideoFound mode)
2026-02-11 20:08:42.511  5111-5217  WebViewStrategy         com...cloudstream3.prerelease.debug  D  [isVideoUrl] URL blacklisted | url=https://asd.pics/favicon.ico
2026-02-11 20:08:42.738  5111-5217  WebViewStrategy         com...cloudstream3.prerelease.debug  D  [isVideoUrl] URL blacklisted | url=https://asd.pics/favicon.ico
2026-02-11 20:08:42.909  5111-5217  WebViewEngine           com...cloudstream3.prerelease.debug  D  intercept: Request #30 url=https://creative-sb1.com/sb/interstitial/antivirus/multi/3/img/update-icon.png
2026-02-11 20:08:42.909  5111-5217  WebViewStrategy         com...cloudstream3.prerelease.debug  D  [intercept] Request #31 | url=https://creative-sb1.com/sb/interstitial/antivirus/multi/3/img/update-icon.png, method=GET, isMainFrame=false
2026-02-11 20:08:43.103  5111-5218  WebViewEngine           com...cloudstream3.prerelease.debug  D  intercept: Request #20 url=https://flushpersist.com/pxf.gif?uuid=1077260a-21eb-41d7-8a6a-77cda22a5820&eb=f511ef327733ea9eeb6640
2026-02-11 20:08:43.103  5111-5218  WebViewStrategy         com...cloudstream3.prerelease.debug  D  [intercept] Request #21 | url=https://flushpersist.com/pxf.gif?uuid=1077260a-21eb-41d7-8a6a-77cda22a5820&eb=f511ef327733ea9eeb6640, method=GET, isMainFrame=false
2026-02-11 20:08:43.226  5111-5111  WebViewEngine           com...cloudstream3.prerelease.debug  I  [onPageFinished] EXITING! Sending 0 links to deferred.
2026-02-11 20:08:43.226  5111-5111  WindowOnBackDispatcher  com...cloudstream3.prerelease.debug  W  sendCancelIfRunning: isInProgress=false callback=android.app.Dialog$$ExternalSyntheticLambda2@249a3cc
2026-02-11 20:08:43.252  5111-5111  WebViewEngine           com...cloudstream3.prerelease.debug  I  [onPageFinished] Deferred completed.
2026-02-11 20:08:43.288  5111-5111  Choreographer           com...cloudstream3.prerelease.debug  I  Skipped 40 frames!  The application may be doing too much work on its main thread.
2026-02-11 20:08:43.325  5111-5111  WebViewStrategy         com...cloudstream3.prerelease.debug  D  [WebView] Loading progress | percent=100
2026-02-11 20:08:43.339  5111-6847  ProviderSession         com...cloudstream3.prerelease.debug  D  [save] Saved session | domain=asd.pics, cookies=9
2026-02-11 20:08:43.339  5111-6847  SessionProvider         com...cloudstream3.prerelease.debug  D  [update] Session updated | domain=asd.pics, hasCookies=true
2026-02-11 20:08:43.340  5111-6847  CookieLifecycle         com...cloudstream3.prerelease.debug  I  [store] Cookies stored | domain=asd.pics, source=webview, count=9, hasClearance=true
2026-02-11 20:08:43.357  5111-5129  HWUI                    com...cloudstream3.prerelease.debug  I  Davey! duration=716ms; Flags=0, FrameTimelineVsyncId=4720600, IntendedVsync=11192830239259, Vsync=11193496905899, InputEventId=0, HandleInputStart=11193498141045, AnimationStart=11193498143003, PerformTraversalsStart=11193502362461, DrawStart=11193510816128, FrameDeadline=11192896905923, FrameStartTime=11193497274753, FrameInterval=16666666, WorkloadTarget=16666666, SyncQueued=11193511035545, SyncStart=11193529083753, IssueDrawCommandsStart=11193529142128, SwapBuffers=11193547951378, FrameCompleted=11193564415920, DequeueBufferDuration=3875, QueueBufferDuration=345459, GpuCompleted=11193564415920, SwapBuffersCompleted=11193549951211, DisplayPresentTime=0, CommandSubmissionCompleted=11193547951378,
2026-02-11 20:08:43.467  5111-6847  ArabseedPlugin          com...cloudstream3.prerelease.debug  D  [parseLoadPageData] Parsing: https://asd.pics/%d9%85%d8%b3%d8%b1%d8%ad%d9%8a%d8%a9-%d8%a7...
2026-02-11 20:08:43.586  5111-6847  ArabseedPlugin          com...cloudstream3.prerelease.debug  D  [parseLoadPageData] title='مسرحية انستونا 2022 - ‎عرب سيد - Arabseed', isMovie=true, hasEpisodes=false, csrfToken=FOUND
2026-02-11 20:08:43.589  5111-6847  ArabseedPlugin          com...cloudstream3.prerelease.debug  D  Found watch button URL: https://asd.pics/%d9%85%d8%b3%d8%b1%d8%ad%d9%8a%d8%a9-%d8%a7%d9%86%d8%b3%d8%aa%d9%88%d9%86%d8%a7-2022/watch/
2026-02-11 20:08:43.589  5111-6847  ArabseedPlugin          com...cloudstream3.prerelease.debug  D  [parseLoadPageData] Movie. watchUrl='https://asd.pics/%d9%85%d8%b3%d8%b1%d8%ad%d9%8a%d8%a9-%d8%a7'
2026-02-11 20:08:43.591  5111-6847  ArabseedV2              com...cloudstream3.prerelease.debug  D  [load] Parsed: title='مسرحية انستونا 2022 - ‎عرب سيد - Arabseed', isMovie=true, watchUrl=https://asd.pics/%d9%85%d8%b3%d8%b1%d8%a, episodes=0
2026-02-11 20:08:43.593  5111-6847  ProviderHttp            com...cloudstream3.prerelease.debug  D  [getImageHeaders] Building image headers | domain=asd.pics, hasCookies=true, cookieKeys=[_ga, dom3ic8zudi28v8lr6fgphwffqoz0j6c, pp_main_6710543788e9f02584f3584d5416d1e3, cf_clearance, sb_main_6f4f5c3f5bfa5f5651799c658cb3556b, pbpr0tpuw4isk85t8yg3jb2lj5vqf, sb_count_6f4f5c3f5bfa5f5651799c658cb3556b, sb_page_6f4f5c3f5bfa5f5651799c658cb3556b, _ga_D8NNSFR7SN]
2026-02-11 20:08:43.917  5111-5111  WebViewEngine           com...cloudstream3.prerelease.debug  I  [onPageFinished] EXITING! Sending 0 links to deferred.
2026-02-11 20:08:43.917  5111-5111  WindowOnBackDispatcher  com...cloudstream3.prerelease.debug  W  sendCancelIfRunning: isInProgress=false callback=android.app.Dialog$$ExternalSyntheticLambda2@b45d022
2026-02-11 20:08:43.992  5111-5111  WebViewEngine           com...cloudstream3.prerelease.debug  I  [onPageFinished] Deferred completed.
2026-02-11 20:08:43.994  5111-5111  VideoSnifferJS          com...cloudstream3.prerelease.debug  W  The resource https://asd.pics/wp-content/themes/ArabSeed/assets/css/core.css was preloaded using link preload but not used within a few seconds from the window's load event. Please make sure it has an appropriate `as` value and it is preloaded intentionally. [https://asd.pics/movies-1/:0]
2026-02-11 20:08:43.994  5111-5111  VideoSnifferJS          com...cloudstream3.prerelease.debug  W  The resource https://asd.pics/wp-content/themes/ArabSeed/assets/css/style.min.css was preloaded using link preload but not used within a few seconds from the window's load event. Please make sure it has an appropriate `as` value and it is preloaded intentionally. [https://asd.pics/movies-1/:0]
2026-02-11 20:08:43.995  5111-5111  Choreographer           com...cloudstream3.prerelease.debug  I  Skipped 38 frames!  The application may be doing too much work on its main thread.
2026-02-11 20:08:44.010  5111-5111  InsetsController        com...cloudstream3.prerelease.debug  D  hide(ime(), fromIme=false)
2026-02-11 20:08:44.010  5111-5111  ImeTracker              com...cloudstream3.prerelease.debug  I  com.lagradost.cloudstream3.prerelease.debug:53747045: onCancelled at PHASE_CLIENT_ALREADY_HIDDEN
2026-02-11 20:08:44.015  5111-6850  ProviderSession         com...cloudstream3.prerelease.debug  D  [save] Saved session | domain=asd.pics, cookies=9
2026-02-11 20:08:44.016  5111-6850  SessionProvider         com...cloudstream3.prerelease.debug  D  [update] Session updated | domain=asd.pics, hasCookies=true
2026-02-11 20:08:44.016  5111-6850  CookieLifecycle         com...cloudstream3.prerelease.debug  I  [store] Cookies stored | domain=asd.pics, source=webview, count=9, hasClearance=true
2026-02-11 20:08:44.089  5111-6850  ArabseedPlugin          com...cloudstream3.prerelease.debug  D  [parseLoadPageData] Parsing: https://asd.pics/%d9%81%d9%8a%d9%84%d9%85-120-bahadur-2025-%...
2026-02-11 20:08:44.188  5111-6850  ArabseedPlugin          com...cloudstream3.prerelease.debug  D  [parseLoadPageData] title='فيلم 120 Bahadur 2025 مترجم - ‎عرب سيد - Arabseed', isMovie=true, hasEpisodes=false, csrfToken=FOUND
2026-02-11 20:08:44.195  5111-6850  ArabseedPlugin          com...cloudstream3.prerelease.debug  D  Found watch button URL: https://asd.pics/%d9%81%d9%8a%d9%84%d9%85-120-bahadur-2025-%d9%85%d8%aa%d8%b1%d8%ac%d9%85/watch/
2026-02-11 20:08:44.196  5111-6850  ArabseedPlugin          com...cloudstream3.prerelease.debug  D  [parseLoadPageData] Movie. watchUrl='https://asd.pics/%d9%81%d9%8a%d9%84%d9%85-120-bahadur-2025-%'
2026-02-11 20:08:44.199  5111-6850  ArabseedV2              com...cloudstream3.prerelease.debug  D  [load] Parsed: title='فيلم 120 Bahadur 2025 مترجم - ‎عرب سيد - Arabseed', isMovie=true, watchUrl=https://asd.pics/%d9%81%d9%8a%d9%84%d9%8, episodes=0
2026-02-11 20:08:44.200  5111-6850  ProviderHttp            com...cloudstream3.prerelease.debug  D  [getImageHeaders] Building image headers | domain=asd.pics, hasCookies=true, cookieKeys=[_ga, dom3ic8zudi28v8lr6fgphwffqoz0j6c, pp_main_6710543788e9f02584f3584d5416d1e3, cf_clearance, sb_main_6f4f5c3f5bfa5f5651799c658cb3556b, pbpr0tpuw4isk85t8yg3jb2lj5vqf, sb_count_6f4f5c3f5bfa5f5651799c658cb3556b, sb_page_6f4f5c3f5bfa5f5651799c658cb3556b, _ga_D8NNSFR7SN]
2026-02-11 20:08:46.264  5111-5111  VideoSnifferJS          com...cloudstream3.prerelease.debug  W  The resource https://asd.pics/wp-content/themes/ArabSeed/assets/css/core.css was preloaded using link preload but not used within a few seconds from the window's load event. Please make sure it has an appropriate `as` value and it is preloaded intentionally. [https://asd.pics/%d9%85%d8%b3%d8%b1%d8%ad%d9%8a%d8%a9-%d8%a7%d9%86%d8%b3%d8%aa%d9%88%d9%86%d8%a7-2022/:0]
2026-02-11 20:08:46.264  5111-5111  VideoSnifferJS          com...cloudstream3.prerelease.debug  W  The resource https://asd.pics/wp-content/themes/ArabSeed/assets/css/style.min.css was preloaded using link preload but not used within a few seconds from the window's load event. Please make sure it has an appropriate `as` value and it is preloaded intentionally. [https://asd.pics/%d9%85%d8%b3%d8%b1%d8%ad%d9%8a%d8%a9-%d8%a7%d9%86%d8%b3%d8%aa%d9%88%d9%86%d8%a7-2022/:0]
2026-02-11 20:08:46.264  5111-5111  VideoSnifferJS          com...cloudstream3.prerelease.debug  W  The resource https://asd.pics/wp-content/uploads/2026/01/0b00bdc9-9d4c-4021-a569-79a7d8e3eb0a-720x405.webp was preloaded using link preload but not used within a few seconds from the window's load event. Please make sure it has an appropriate `as` value and it is preloaded intentionally. [https://asd.pics/%d9%85%d8%b3%d8%b1%d8%ad%d9%8a%d8%a9-%d8%a7%d9%86%d8%b3%d8%aa%d9%88%d9%86%d8%a7-2022/:0]
2026-02-11 20:08:46.512  5111-5111  VideoSnifferJS          com...cloudstream3.prerelease.debug  W  The resource https://asd.pics/wp-content/themes/ArabSeed/assets/css/core.css was preloaded using link preload but not used within a few seconds from the window's load event. Please make sure it has an appropriate `as` value and it is preloaded intentionally. [https://asd.pics/selary/%d9%85%d8%b3%d9%84%d8%b3%d9%84-as-you-stood-by-%d9%85%d8%aa%d8%b1%d8%ac%d9%85/:0]
2026-02-11 20:08:46.514  5111-5111  VideoSnifferJS          com...cloudstream3.prerelease.debug  W  The resource https://asd.pics/wp-content/themes/ArabSeed/assets/css/style.min.css was preloaded using link preload but not used within a few seconds from the window's load event. Please make sure it has an appropriate `as` value and it is preloaded intentionally. [https://asd.pics/selary/%d9%85%d8%b3%d9%84%d8%b3%d9%84-as-you-stood-by-%d9%85%d8%aa%d8%b1%d8%ac%d9%85/:0]
2026-02-11 20:08:48.813  5111-5111  VideoSnifferJS          com...cloudstream3.prerelease.debug  E  Uncaught TypeError: Cannot set properties of null (setting 'innerHTML') [about:blank:56]
2026-02-11 20:08:49.878  5111-5111  VideoSnifferJS          com...cloudstream3.prerelease.debug  W  The resource https://asd.pics/wp-content/themes/ArabSeed/assets/css/core.css was preloaded using link preload but not used within a few seconds from the window's load event. Please make sure it has an appropriate `as` value and it is preloaded intentionally. [https://asd.pics/%d9%81%d9%8a%d9%84%d9%85-120-bahadur-2025-%d9%85%d8%aa%d8%b1%d8%ac%d9%85/:0]
2026-02-11 20:08:49.878  5111-5111  VideoSnifferJS          com...cloudstream3.prerelease.debug  W  The resource https://asd.pics/wp-content/themes/ArabSeed/assets/css/style.min.css was preloaded using link preload but not used within a few seconds from the window's load event. Please make sure it has an appropriate `as` value and it is preloaded intentionally. [https://asd.pics/%d9%81%d9%8a%d9%84%d9%85-120-bahadur-2025-%d9%85%d8%aa%d8%b1%d8%ac%d9%85/:0]
2026-02-11 20:08:49.910  5111-5111  VideoSnifferJS          com...cloudstream3.prerelease.debug  W  The resource https://asd.pics/wp-content/uploads/2026/01/xxY1udGvueqd1oPl2wmeuFOUF5d-720x405.webp was preloaded using link preload but not used within a few seconds from the window's load event. Please make sure it has an appropriate `as` value and it is preloaded intentionally. [https://asd.pics/%d9%81%d9%8a%d9%84%d9%85-120-bahadur-2025-%d9%85%d8%aa%d8%b1%d8%ac%d9%85/:0]
2026-02-11 20:08:49.911  5111-5111  VideoSnifferJS          com...cloudstream3.prerelease.debug  W  The resource https://asd.pics/wp-content/themes/ArabSeed/assets/css/core.css was preloaded using link preload but not used within a few seconds from the window's load event. Please make sure it has an appropriate `as` value and it is preloaded intentionally. [https://asd.pics/%d9%85%d8%b3%d8%b1%d8%ad%d9%8a%d8%a9-%d8%a7%d9%86%d8%b3%d8%aa%d9%88%d9%86%d8%a7-2022/:0]
2026-02-11 20:08:49.911  5111-5111  VideoSnifferJS          com...cloudstream3.prerelease.debug  W  The resource https://asd.pics/wp-content/themes/ArabSeed/assets/css/style.min.css was preloaded using link preload but not used within a few seconds from the window's load event. Please make sure it has an appropriate `as` value and it is preloaded intentionally. [https://asd.pics/%d9%85%d8%b3%d8%b1%d8%ad%d9%8a%d8%a9-%d8%a7%d9%86%d8%b3%d8%aa%d9%88%d9%86%d8%a7-2022/:0]
2026-02-11 20:08:49.912  5111-5111  VideoSnifferJS          com...cloudstream3.prerelease.debug  W  The resource https://asd.pics/wp-content/uploads/2026/01/0b00bdc9-9d4c-4021-a569-79a7d8e3eb0a-720x405.webp was preloaded using link preload but not used within a few seconds from the window's load event. Please make sure it has an appropriate `as` value and it is preloaded intentionally. [https://asd.pics/%d9%85%d8%b3%d8%b1%d8%ad%d9%8a%d8%a9-%d8%a7%d9%86%d8%b3%d8%aa%d9%88%d9%86%d8%a7-2022/:0]
2026-02-11 20:08:50.221  5111-5111  VideoSnifferJS          com...cloudstream3.prerelease.debug  W  The resource https://asd.pics/wp-content/themes/ArabSeed/assets/css/core.css was preloaded using link preload but not used within a few seconds from the window's load event. Please make sure it has an appropriate `as` value and it is preloaded intentionally. [https://asd.pics/selary/%d9%85%d8%b3%d9%84%d8%b3%d9%84-as-you-stood-by-%d9%85%d8%aa%d8%b1%d8%ac%d9%85/:0]
2026-02-11 20:08:50.223  5111-5111  VideoSnifferJS          com...cloudstream3.prerelease.debug  W  The resource https://asd.pics/wp-content/themes/ArabSeed/assets/css/style.min.css was preloaded using link preload but not used within a few seconds from the window's load event. Please make sure it has an appropriate `as` value and it is preloaded intentionally. [https://asd.pics/selary/%d9%85%d8%b3%d9%84%d8%b3%d9%84-as-you-stood-by-%d9%85%d8%aa%d8%b1%d8%ac%d9%85/:0]
2026-02-11 20:08:50.853  5111-5111  VideoSnifferJS          com...cloudstream3.prerelease.debug  E  Uncaught TypeError: Cannot set properties of null (setting 'innerHTML') [about:blank:56]
2026-02-11 20:08:52.809  5111-5111  VideoSnifferJS          com...cloudstream3.prerelease.debug  E  Uncaught TypeError: Cannot set properties of null (setting 'innerHTML') [about:blank:56]
2026-02-11 20:08:54.799  5111-5111  VideoSnifferJS          com...cloudstream3.prerelease.debug  E  Uncaught TypeError: Cannot set properties of null (setting 'innerHTML') [about:blank:56]
2026-02-11 20:08:56.827  5111-5111  VideoSnifferJS          com...cloudstream3.prerelease.debug  E  Uncaught TypeError: Cannot set properties of null (setting 'innerHTML') [about:blank:56]
2026-02-11 20:08:58.799  5111-5111  VideoSnifferJS          com...cloudstream3.prerelease.debug  E  Uncaught TypeError: Cannot set properties of null (setting 'innerHTML') [about:blank:56]
2026-02-11 20:09:00.916  5111-5111  VideoSnifferJS          com...cloudstream3.prerelease.debug  E  Uncaught TypeError: Cannot set properties of null (setting 'innerHTML') [about:blank:56]
2026-02-11 20:09:02.816  5111-5111  VideoSnifferJS          com...cloudstream3.prerelease.debug  E  Uncaught TypeError: Cannot set properties of null (setting 'innerHTML') [about:blank:56]
2026-02-11 20:09:04.830  5111-5111  VideoSnifferJS          com...cloudstream3.prerelease.debug  E  Uncaught TypeError: Cannot set properties of null (setting 'innerHTML') [about:blank:56]
2026-02-11 20:09:06.907  5111-5111  VideoSnifferJS          com...cloudstream3.prerelease.debug  E  Uncaught TypeError: Cannot set properties of null (setting 'innerHTML') [about:blank:56]
2026-02-11 20:09:08.801  5111-5111  VideoSnifferJS          com...cloudstream3.prerelease.debug  E  Uncaught TypeError: Cannot set properties of null (setting 'innerHTML') [about:blank:56]
2026-02-11 20:09:11.617  5111-5111  VideoSnifferJS          com...cloudstream3.prerelease.debug  E  Uncaught TypeError: Cannot set properties of null (setting 'innerHTML') [about:blank:56]
2026-02-11 20:09:13.956  5111-5111  VideoSnifferJS          com...cloudstream3.prerelease.debug  E  Uncaught TypeError: Cannot set properties of null (setting 'innerHTML') [about:blank:56]
2026-02-11 20:09:14.830  5111-5111  VideoSnifferJS          com...cloudstream3.prerelease.debug  E  Uncaught TypeError: Cannot set properties of null (setting 'innerHTML') [about:blank:56]
2026-02-11 20:09:16.865  5111-5111  VideoSnifferJS          com...cloudstream3.prerelease.debug  E  Uncaught TypeError: Cannot set properties of null (setting 'innerHTML') [about:blank:56]
2026-02-11 20:09:19.210  5111-5111  Choreographer           com...cloudstream3.prerelease.debug  I  Skipped 62 frames!  The application may be doing too much work on its main thread.
2026-02-11 20:09:19.600  5111-5129  HWUI                    com...cloudstream3.prerelease.debug  I  Davey! duration=1502ms; Flags=0, FrameTimelineVsyncId=4730282, IntendedVsync=11228146904513, Vsync=11228363571171, InputEventId=0, HandleInputStart=11228378561561, AnimationStart=11228378562853, PerformTraversalsStart=11228381221228, DrawStart=11229250318770, FrameDeadline=11228230237843, FrameStartTime=11228377801770, FrameInterval=16666666, WorkloadTarget=16666666, SyncQueued=11229272886937, SyncStart=11229280652437, IssueDrawCommandsStart=11229280757853, SwapBuffers=11229627721854, FrameCompleted=11229657596395, DequeueBufferDuration=5542, QueueBufferDuration=3777125, GpuCompleted=11229657517895, SwapBuffersCompleted=11229657596395, DisplayPresentTime=0, CommandSubmissionCompleted=11229627721854,
2026-02-11 20:09:19.744  5111-5111  Choreographer           com...cloudstream3.prerelease.debug  I  Skipped 30 frames!  The application may be doing too much work on its main thread.
2026-02-11 20:09:19.790  5111-6242  HWUI                    com...cloudstream3.prerelease.debug  I  Davey! duration=1438ms; Flags=0, FrameTimelineVsyncId=4730298, IntendedVsync=11228380237837, Vsync=11229413571129, InputEventId=0, HandleInputStart=11229421591812, AnimationStart=11229421613395, PerformTraversalsStart=11229627733145, DrawStart=11229698968229, FrameDeadline=11229296904467, FrameStartTime=11229418679187, FrameInterval=16666666, WorkloadTarget=16666666, SyncQueued=11229699216770, SyncStart=11229780982895, IssueDrawCommandsStart=11229781289479, SwapBuffers=11229890591145, FrameCompleted=11229900510395, DequeueBufferDuration=5000, QueueBufferDuration=7127000, GpuCompleted=11229900336937, SwapBuffersCompleted=11229900510395, DisplayPresentTime=0, CommandSubmissionCompleted=11229890591145,
2026-02-11 20:09:19.875  5111-6242  HWUI                    com...cloudstream3.prerelease.debug  I  Davey! duration=1669ms; Flags=0, FrameTimelineVsyncId=4730298, IntendedVsync=11228380237837, Vsync=11229413571129, InputEventId=0, HandleInputStart=11229421591812, AnimationStart=11229421613395, PerformTraversalsStart=11229627733145, DrawStart=11229883287770, FrameDeadline=11229680237785, FrameStartTime=11229418679187, FrameInterval=16666666, WorkloadTarget=16666666, SyncQueued=11229884434395, SyncStart=11229901776770, IssueDrawCommandsStart=11229949825270, SwapBuffers=11230051107729, FrameCompleted=11230066828520, DequeueBufferDuration=7042, QueueBufferDuration=683375, GpuCompleted=11230066828520, SwapBuffersCompleted=11230059526854, DisplayPresentTime=0, CommandSubmissionCompleted=11230051107729,
2026-02-11 20:09:19.924  5111-5111  VideoSnifferJS          com...cloudstream3.prerelease.debug  E  Uncaught TypeError: Cannot set properties of null (setting 'innerHTML') [about:blank:56]
2026-02-11 20:09:20.014  5111-6242  HWUI                    com...cloudstream3.prerelease.debug  I  Davey! duration=760ms; Flags=0, FrameTimelineVsyncId=4730315, IntendedVsync=11229446904461, Vsync=11229946904441, InputEventId=0, HandleInputStart=11229968644812, AnimationStart=11229968646437, PerformTraversalsStart=11229978420854, DrawStart=11230080238812, FrameDeadline=11230096904435, FrameStartTime=11229952167812, FrameInterval=16666666, WorkloadTarget=16666666, SyncQueued=11230087925521, SyncStart=11230094522896, IssueDrawCommandsStart=11230094562812, SwapBuffers=11230198780979, FrameCompleted=11230214204562, DequeueBufferDuration=2291, QueueBufferDuration=531875, GpuCompleted=11230214204562, SwapBuffersCompleted=11230200613312, DisplayPresentTime=0, CommandSubmissionCompleted=11230198780979,
2026-02-11 20:09:21.839  5111-5111  VideoSnifferJS          com...cloudstream3.prerelease.debug  E  Uncaught TypeError: Cannot set properties of null (setting 'innerHTML') [about:blank:56]
2026-02-11 20:09:23.831  5111-5111  VideoSnifferJS          com...cloudstream3.prerelease.debug  E  Uncaught TypeError: Cannot set properties of null (setting 'innerHTML') [about:blank:56]
2026-02-11 20:09:25.887  5111-5111  VideoSnifferJS          com...cloudstream3.prerelease.debug  E  Uncaught TypeError: Cannot set properties of null (setting 'innerHTML') [about:blank:56]
2026-02-11 20:09:27.882  5111-5111  VideoSnifferJS          com...cloudstream3.prerelease.debug  E  Uncaught TypeError: Cannot set properties of null (setting 'innerHTML') [about:blank:56]
2026-02-11 20:09:29.706  5111-5129  HWUI                    com...cloudstream3.prerelease.debug  I  Davey! duration=715ms; Flags=0, FrameTimelineVsyncId=4732293, IntendedVsync=11238996904079, Vsync=11239480237393, InputEventId=0, HandleInputStart=11239493649692, AnimationStart=11239493650567, PerformTraversalsStart=11239499581442, DrawStart=11239526712858, FrameDeadline=11239563570723, FrameStartTime=11239493512192, FrameInterval=16666666, WorkloadTarget=16666666, SyncQueued=11239527064983, SyncStart=11239721553150, IssueDrawCommandsStart=11239721636233, SwapBuffers=11239862214692, FrameCompleted=11239906583150, DequeueBufferDuration=4083, QueueBufferDuration=644834, GpuCompleted=11239906583150, SwapBuffersCompleted=11239871510692, DisplayPresentTime=0, CommandSubmissionCompleted=11239862214692,
2026-02-11 20:09:29.897  5111-5111  VideoSnifferJS          com...cloudstream3.prerelease.debug  E  Uncaught TypeError: Cannot set properties of null (setting 'innerHTML') [about:blank:56]
2026-02-11 20:09:31.909  5111-5111  VideoSnifferJS          com...cloudstream3.prerelease.debug  E  Uncaught TypeError: Cannot set properties of null (setting 'innerHTML') [about:blank:56]
2026-02-11 20:09:35.166  5111-5111  VideoSnifferJS          com...cloudstream3.prerelease.debug  E  Uncaught TypeError: Cannot set properties of null (setting 'innerHTML') [about:blank:56]
2026-02-11 20:09:36.863  5111-5111  VideoSnifferJS          com...cloudstream3.prerelease.debug  E  Uncaught TypeError: Cannot set properties of null (setting 'innerHTML') [about:blank:56]
2026-02-11 20:09:44.464  5111-5869  HWUI                    com...cloudstream3.prerelease.debug  I  Davey! duration=702ms; Flags=0, FrameTimelineVsyncId=4734712, IntendedVsync=11253880236817, Vsync=11254280236801, InputEventId=0, HandleInputStart=11254287902865, AnimationStart=11254287904240, PerformTraversalsStart=11254338115490, DrawStart=11254468982740, FrameDeadline=11254513570125, FrameStartTime=11254287669449, FrameInterval=16666666, WorkloadTarget=16666666, SyncQueued=11254481350074, SyncStart=11254514349782, IssueDrawCommandsStart=11254514397074, SwapBuffers=11254607096407, FrameCompleted=11254615647074, DequeueBufferDuration=3250, QueueBufferDuration=1109042, GpuCompleted=11254615199282, SwapBuffersCompleted=11254615647074, DisplayPresentTime=0, CommandSubmissionCompleted=11254607096407,
2026-02-11 20:10:09.826  5111-5111  VideoSnifferJS          com...cloudstream3.prerelease.debug  E  Uncaught TypeError: Cannot set properties of null (setting 'innerHTML') [about:blank:56]
2026-02-11 20:10:11.807  5111-5111  VideoSnifferJS          com...cloudstream3.prerelease.debug  E  Uncaught TypeError: Cannot set properties of null (setting 'innerHTML') [about:blank:56]
2026-02-11 20:10:13.806  5111-5111  VideoSnifferJS          com...cloudstream3.prerelease.debug  E  Uncaught TypeError: Cannot set properties of null (setting 'innerHTML') [about:blank:56]
2026-02-11 20:10:15.806  5111-5111  VideoSnifferJS          com...cloudstream3.prerelease.debug  E  Uncaught TypeError: Cannot set properties of null (setting 'innerHTML') [about:blank:56]
