2026-02-12 10:36:19.201 15070-15123 VRI[MainAc...y]@d1efe57 com.lagradost.cloudstream3           I  Setting up sync and frameCommitCallback
2026-02-12 10:36:19.222 15070-15091 VRI[MainAc...y]@d1efe57 com.lagradost.cloudstream3           I  Received frameCommittedCallback lastAttemptedDrawFrameNum=3853 didProduceBuffer=true
2026-02-12 10:36:19.222 15070-15070 VRI[MainAc...y]@d1efe57 com.lagradost.cloudstream3           D  reportDrawFinished seqId=0
2026-02-12 10:36:19.222 15070-15070 VRI[Toast]@a1095d8      com.lagradost.cloudstream3           D  Setup new sync=wmsSync-VRI[Toast]@a1095d8#49
2026-02-12 10:36:19.222 15070-15070 VRI[Toast]@a1095d8      com.lagradost.cloudstream3           I  Creating new active sync group VRI[Toast]@a1095d8#50
2026-02-12 10:36:19.222 15070-15070 VRI[Toast]@a1095d8      com.lagradost.cloudstream3           D  registerCallbacksForSync syncBuffer=false
2026-02-12 10:36:19.223 15070-15125 VRI[Toast]@a1095d8      com.lagradost.cloudstream3           D  Received frameDrawingCallback syncResult=0 frameNum=4.
2026-02-12 10:36:19.223 15070-15125 VRI[Toast]@a1095d8      com.lagradost.cloudstream3           I  Setting up sync and frameCommitCallback
2026-02-12 10:36:19.224 15070-15091 VRI[Toast]@a1095d8      com.lagradost.cloudstream3           I  Received frameCommittedCallback lastAttemptedDrawFrameNum=4 didProduceBuffer=true
2026-02-12 10:36:19.224 15070-15070 VRI[Toast]@a1095d8      com.lagradost.cloudstream3           D  reportDrawFinished seqId=0
2026-02-12 10:36:19.224 15070-15091 SurfaceView             com.lagradost.cloudstream3           D  241718114 updateSurfacePosition RenderWorker, frameNr = 3854, position = [29, 349, 1411, 1068] surfaceSize = 1440x750
2026-02-12 10:36:19.224 15070-15091 SV[2417181...nActivity] com.lagradost.cloudstream3           I  uSP: rtp = Rect(29, 349 - 1411, 1068) rtsw = 1440 rtsh = 750
2026-02-12 10:36:19.224 15070-15091 SV[2417181...nActivity] com.lagradost.cloudstream3           I  onSSPAndSRT: pl = 29 pt = 349 sx = 0.9597222 sy = 0.9586667
2026-02-12 10:36:19.224 15070-15091 SV[2417181...nActivity] com.lagradost.cloudstream3           I  aOrMT: VRI[MainActivity]@d1efe57 t = android.view.SurfaceControl$Transaction@d04c713 fN = 3854 android.view.SurfaceView.-$$Nest$mapplyOrMergeTransaction:0 android.view.SurfaceView$SurfaceViewPositionUpdateListener.positionChanged:1932 android.graphics.RenderNode$CompositePositionUpdateListener.positionChanged:401
2026-02-12 10:36:19.225 15070-15091 VRI[MainAc...y]@d1efe57 com.lagradost.cloudstream3           I  mWNT: t=0xb400007a9ad77c00 mBlastBufferQueue=0xb400007b47ab3000 fn= 3854 HdrRenderState mRenderHdrSdrRatio=1.0 caller= android.view.SurfaceView.applyOrMergeTransaction:1863 android.view.SurfaceView.-$$Nest$mapplyOrMergeTransaction:0 android.view.SurfaceView$SurfaceViewPositionUpdateListener.positionChanged:1932
2026-02-12 10:36:19.225 15070-15091 SurfaceView             com.lagradost.cloudstream3           D  109777615 updateSurfacePosition RenderWorker, frameNr = 3854, position = [90, 42, 2998, 1398] surfaceSize = 3088x1440
2026-02-12 10:36:19.225 15070-15091 SV[1097776...nActivity] com.lagradost.cloudstream3           I  uSP: rtp = Rect(90, 42 - 2998, 1398) rtsw = 3088 rtsh = 1440
2026-02-12 10:36:19.225 15070-15091 SV[1097776...nActivity] com.lagradost.cloudstream3           I  onSSPAndSRT: pl = 90 pt = 42 sx = 0.9417098 sy = 0.94166666
2026-02-12 10:36:19.225 15070-15091 SV[1097776...nActivity] com.lagradost.cloudstream3           I  aOrMT: VRI[MainActivity]@d1efe57 t = android.view.SurfaceControl$Transaction@f6b7eb0 fN = 3854 android.view.SurfaceView.-$$Nest$mapplyOrMergeTransaction:0 android.view.SurfaceView$SurfaceViewPositionUpdateListener.positionChanged:1932 android.graphics.RenderNode$CompositePositionUpdateListener.positionChanged:401
2026-02-12 10:36:19.225 15070-15091 VRI[MainAc...y]@d1efe57 com.lagradost.cloudstream3           I  mWNT: t=0xb400007a9ac14800 mBlastBufferQueue=0xb400007b47ab3000 fn= 3854 HdrRenderState mRenderHdrSdrRatio=1.0 caller= android.view.SurfaceView.applyOrMergeTransaction:1863 android.view.SurfaceView.-$$Nest$mapplyOrMergeTransaction:0 android.view.SurfaceView$SurfaceViewPositionUpdateListener.positionChanged:1932
2026-02-12 10:36:19.232 15070-15091 SurfaceView             com.lagradost.cloudstream3           D  241718114 updateSurfacePosition RenderWorker, frameNr = 3855, position = [13, 321, 1427, 1059] surfaceSize = 1440x750
2026-02-12 10:36:19.232 15070-15091 SV[2417181...nActivity] com.lagradost.cloudstream3           I  uSP: rtp = Rect(13, 321 - 1427, 1059) rtsw = 1440 rtsh = 750
2026-02-12 10:36:19.232 15070-15091 SV[2417181...nActivity] com.lagradost.cloudstream3           I  onSSPAndSRT: pl = 13 pt = 321 sx = 0.98194444 sy = 0.984
2026-02-12 10:36:19.232 15070-15091 SV[2417181...nActivity] com.lagradost.cloudstream3           I  aOrMT: VRI[MainActivity]@d1efe57 t = android.view.SurfaceControl$Transaction@d04c713 fN = 3855 android.view.SurfaceView.-$$Nest$mapplyOrMergeTransaction:0 android.view.SurfaceView$SurfaceViewPositionUpdateListener.positionChanged:1932 android.graphics.RenderNode$CompositePositionUpdateListener.positionChanged:401
2026-02-12 10:36:19.232 15070-15091 VRI[MainAc...y]@d1efe57 com.lagradost.cloudstream3           I  mWNT: t=0xb400007a9ad77c00 mBlastBufferQueue=0xb400007b47ab3000 fn= 3855 HdrRenderState mRenderHdrSdrRatio=1.0 caller= android.view.SurfaceView.applyOrMergeTransaction:1863 android.view.SurfaceView.-$$Nest$mapplyOrMergeTransaction:0 android.view.SurfaceView$SurfaceViewPositionUpdateListener.positionChanged:1932
2026-02-12 10:36:19.232 15070-15091 SurfaceView             com.lagradost.cloudstream3           D  109777615 updateSurfacePosition RenderWorker, frameNr = 3855, position = [126, 58, 2962, 1382] surfaceSize = 3088x1440
2026-02-12 10:36:19.232 15070-15091 SV[1097776...nActivity] com.lagradost.cloudstream3           I  uSP: rtp = Rect(126, 58 - 2962, 1382) rtsw = 3088 rtsh = 1440
2026-02-12 10:36:19.232 15070-15091 SV[1097776...nActivity] com.lagradost.cloudstream3           I  onSSPAndSRT: pl = 126 pt = 58 sx = 0.9183938 sy = 0.91944444
2026-02-12 10:36:19.233 15070-15091 SV[1097776...nActivity] com.lagradost.cloudstream3           I  aOrMT: VRI[MainActivity]@d1efe57 t = android.view.SurfaceControl$Transaction@f6b7eb0 fN = 3855 android.view.SurfaceView.-$$Nest$mapplyOrMergeTransaction:0 android.view.SurfaceView$SurfaceViewPositionUpdateListener.positionChanged:1932 android.graphics.RenderNode$CompositePositionUpdateListener.positionChanged:401
2026-02-12 10:36:19.233 15070-15091 VRI[MainAc...y]@d1efe57 com.lagradost.cloudstream3           I  mWNT: t=0xb400007a9ac14800 mBlastBufferQueue=0xb400007b47ab3000 fn= 3855 HdrRenderState mRenderHdrSdrRatio=1.0 caller= android.view.SurfaceView.applyOrMergeTransaction:1863 android.view.SurfaceView.-$$Nest$mapplyOrMergeTransaction:0 android.view.SurfaceView$SurfaceViewPositionUpdateListener.positionChanged:1932
2026-02-12 10:36:19.240 15070-15091 SurfaceView             com.lagradost.cloudstream3           D  241718114 updateSurfacePosition RenderWorker, frameNr = 3856, position = [8, 315, 1432, 1056] surfaceSize = 1440x750
2026-02-12 10:36:19.240 15070-15091 SV[2417181...nActivity] com.lagradost.cloudstream3           I  uSP: rtp = Rect(8, 315 - 1432, 1056) rtsw = 1440 rtsh = 750
2026-02-12 10:36:19.240 15070-15091 SV[2417181...nActivity] com.lagradost.cloudstream3           I  onSSPAndSRT: pl = 8 pt = 315 sx = 0.98888886 sy = 0.988
2026-02-12 10:36:19.240 15070-15091 SV[2417181...nActivity] com.lagradost.cloudstream3           I  aOrMT: VRI[MainActivity]@d1efe57 t = android.view.SurfaceControl$Transaction@d04c713 fN = 3856 android.view.SurfaceView.-$$Nest$mapplyOrMergeTransaction:0 android.view.SurfaceView$SurfaceViewPositionUpdateListener.positionChanged:1932 android.graphics.RenderNode$CompositePositionUpdateListener.positionChanged:401
2026-02-12 10:36:19.240 15070-15091 VRI[MainAc...y]@d1efe57 com.lagradost.cloudstream3           I  mWNT: t=0xb400007a9ad77c00 mBlastBufferQueue=0xb400007b47ab3000 fn= 3856 HdrRenderState mRenderHdrSdrRatio=1.0 caller= android.view.SurfaceView.applyOrMergeTransaction:1863 android.view.SurfaceView.-$$Nest$mapplyOrMergeTransaction:0 android.view.SurfaceView$SurfaceViewPositionUpdateListener.positionChanged:1932
2026-02-12 10:36:19.240 15070-15091 SurfaceView             com.lagradost.cloudstream3           D  109777615 updateSurfacePosition RenderWorker, frameNr = 3856, position = [135, 63, 2953, 1377] surfaceSize = 3088x1440
2026-02-12 10:36:19.240 15070-15091 SV[1097776...nActivity] com.lagradost.cloudstream3           I  uSP: rtp = Rect(135, 63 - 2953, 1377) rtsw = 3088 rtsh = 1440
2026-02-12 10:36:19.240 15070-15091 SV[1097776...nActivity] com.lagradost.cloudstream3           I  onSSPAndSRT: pl = 135 pt = 63 sx = 0.91256475 sy = 0.9125
2026-02-12 10:36:19.240 15070-15091 SV[1097776...nActivity] com.lagradost.cloudstream3           I  aOrMT: VRI[MainActivity]@d1efe57 t = android.view.SurfaceControl$Transaction@f6b7eb0 fN = 3856 android.view.SurfaceView.-$$Nest$mapplyOrMergeTransaction:0 android.view.SurfaceView$SurfaceViewPositionUpdateListener.positionChanged:1932 android.graphics.RenderNode$CompositePositionUpdateListener.positionChanged:401
2026-02-12 10:36:19.240 15070-15091 VRI[MainAc...y]@d1efe57 com.lagradost.cloudstream3           I  mWNT: t=0xb400007a9ac14800 mBlastBufferQueue=0xb400007b47ab3000 fn= 3856 HdrRenderState mRenderHdrSdrRatio=1.0 caller= android.view.SurfaceView.applyOrMergeTransaction:1863 android.view.SurfaceView.-$$Nest$mapplyOrMergeTransaction:0 android.view.SurfaceView$SurfaceViewPositionUpdateListener.positionChanged:1932
2026-02-12 10:36:19.249 15070-15091 SurfaceView             com.lagradost.cloudstream3           D  241718114 updateSurfacePosition RenderWorker, frameNr = 3857, position = [4, 308, 1436, 1054] surfaceSize = 1440x750
2026-02-12 10:36:19.249 15070-15091 SV[2417181...nActivity] com.lagradost.cloudstream3           I  uSP: rtp = Rect(4, 308 - 1436, 1054) rtsw = 1440 rtsh = 750
2026-02-12 10:36:19.249 15070-15091 SV[2417181...nActivity] com.lagradost.cloudstream3           I  onSSPAndSRT: pl = 4 pt = 308 sx = 0.99444443 sy = 0.9946667
2026-02-12 10:36:19.249 15070-15091 SV[2417181...nActivity] com.lagradost.cloudstream3           I  aOrMT: VRI[MainActivity]@d1efe57 t = android.view.SurfaceControl$Transaction@d04c713 fN = 3857 android.view.SurfaceView.-$$Nest$mapplyOrMergeTransaction:0 android.view.SurfaceView$SurfaceViewPositionUpdateListener.positionChanged:1932 android.graphics.RenderNode$CompositePositionUpdateListener.positionChanged:401
2026-02-12 10:36:19.249 15070-15091 VRI[MainAc...y]@d1efe57 com.lagradost.cloudstream3           I  mWNT: t=0xb400007a9ad77c00 mBlastBufferQueue=0xb400007b47ab3000 fn= 3857 HdrRenderState mRenderHdrSdrRatio=1.0 caller= android.view.SurfaceView.applyOrMergeTransaction:1863 android.view.SurfaceView.-$$Nest$mapplyOrMergeTransaction:0 android.view.SurfaceView$SurfaceViewPositionUpdateListener.positionChanged:1932
2026-02-12 10:36:19.249 15070-15091 SurfaceView             com.lagradost.cloudstream3           D  109777615 updateSurfacePosition RenderWorker, frameNr = 3857, position = [144, 67, 2944, 1373] surfaceSize = 3088x1440
2026-02-12 10:36:19.249 15070-15091 SV[1097776...nActivity] com.lagradost.cloudstream3           I  uSP: rtp = Rect(144, 67 - 2944, 1373) rtsw = 3088 rtsh = 1440
2026-02-12 10:36:19.249 15070-15091 SV[1097776...nActivity] com.lagradost.cloudstream3           I  onSSPAndSRT: pl = 144 pt = 67 sx = 0.9067358 sy = 0.90694445
2026-02-12 10:36:19.249 15070-15091 SV[1097776...nActivity] com.lagradost.cloudstream3           I  aOrMT: VRI[MainActivity]@d1efe57 t = android.view.SurfaceControl$Transaction@f6b7eb0 fN = 3857 android.view.SurfaceView.-$$Nest$mapplyOrMergeTransaction:0 android.view.SurfaceView$SurfaceViewPositionUpdateListener.positionChanged:1932 android.graphics.RenderNode$CompositePositionUpdateListener.positionChanged:401
2026-02-12 10:36:19.249 15070-15091 VRI[MainAc...y]@d1efe57 com.lagradost.cloudstream3           I  mWNT: t=0xb400007a9ac14800 mBlastBufferQueue=0xb400007b47ab3000 fn= 3857 HdrRenderState mRenderHdrSdrRatio=1.0 caller= android.view.SurfaceView.applyOrMergeTransaction:1863 android.view.SurfaceView.-$$Nest$mapplyOrMergeTransaction:0 android.view.SurfaceView$SurfaceViewPositionUpdateListener.positionChanged:1932
2026-02-12 10:36:19.258 15070-15091 SurfaceView             com.lagradost.cloudstream3           D  241718114 updateSurfacePosition RenderWorker, frameNr = 3858, position = [2, 304, 1438, 1053] surfaceSize = 1440x750
2026-02-12 10:36:19.258 15070-15091 SV[2417181...nActivity] com.lagradost.cloudstream3           I  uSP: rtp = Rect(2, 304 - 1438, 1053) rtsw = 1440 rtsh = 750
2026-02-12 10:36:19.258 15070-15091 SV[2417181...nActivity] com.lagradost.cloudstream3           I  onSSPAndSRT: pl = 2 pt = 304 sx = 0.99722224 sy = 0.99866664
2026-02-12 10:36:19.258 15070-15091 SV[2417181...nActivity] com.lagradost.cloudstream3           I  aOrMT: VRI[MainActivity]@d1efe57 t = android.view.SurfaceControl$Transaction@d04c713 fN = 3858 android.view.SurfaceView.-$$Nest$mapplyOrMergeTransaction:0 android.view.SurfaceView$SurfaceViewPositionUpdateListener.positionChanged:1932 android.graphics.RenderNode$CompositePositionUpdateListener.positionChanged:401
2026-02-12 10:36:19.258 15070-15091 VRI[MainAc...y]@d1efe57 com.lagradost.cloudstream3           I  mWNT: t=0xb400007a9ad77c00 mBlastBufferQueue=0xb400007b47ab3000 fn= 3858 HdrRenderState mRenderHdrSdrRatio=1.0 caller= android.view.SurfaceView.applyOrMergeTransaction:1863 android.view.SurfaceView.-$$Nest$mapplyOrMergeTransaction:0 android.view.SurfaceView$SurfaceViewPositionUpdateListener.positionChanged:1932
2026-02-12 10:36:19.258 15070-15091 SurfaceView             com.lagradost.cloudstream3           D  109777615 updateSurfacePosition RenderWorker, frameNr = 3858, position = [149, 69, 2939, 1371] surfaceSize = 3088x1440
2026-02-12 10:36:19.258 15070-15091 SV[1097776...nActivity] com.lagradost.cloudstream3           I  uSP: rtp = Rect(149, 69 - 2939, 1371) rtsw = 3088 rtsh = 1440
2026-02-12 10:36:19.258 15070-15091 SV[1097776...nActivity] com.lagradost.cloudstream3           I  onSSPAndSRT: pl = 149 pt = 69 sx = 0.9034974 sy = 0.90416664
2026-02-12 10:36:19.258 15070-15091 SV[1097776...nActivity] com.lagradost.cloudstream3           I  aOrMT: VRI[MainActivity]@d1efe57 t = android.view.SurfaceControl$Transaction@f6b7eb0 fN = 3858 android.view.SurfaceView.-$$Nest$mapplyOrMergeTransaction:0 android.view.SurfaceView$SurfaceViewPositionUpdateListener.positionChanged:1932 android.graphics.RenderNode$CompositePositionUpdateListener.positionChanged:401
2026-02-12 10:36:19.258 15070-15091 VRI[MainAc...y]@d1efe57 com.lagradost.cloudstream3           I  mWNT: t=0xb400007a9ac14800 mBlastBufferQueue=0xb400007b47ab3000 fn= 3858 HdrRenderState mRenderHdrSdrRatio=1.0 caller= android.view.SurfaceView.applyOrMergeTransaction:1863 android.view.SurfaceView.-$$Nest$mapplyOrMergeTransaction:0 android.view.SurfaceView$SurfaceViewPositionUpdateListener.positionChanged:1932
2026-02-12 10:36:19.265 15070-15091 SurfaceView             com.lagradost.cloudstream3           D  241718114 updateSurfacePosition RenderWorker, frameNr = 3859, position = [0, 302, 1440, 1052] surfaceSize = 1440x750
2026-02-12 10:36:19.265 15070-15091 SV[2417181...nActivity] com.lagradost.cloudstream3           I  uSP: rtp = Rect(0, 302 - 1440, 1052) rtsw = 1440 rtsh = 750
2026-02-12 10:36:19.265 15070-15091 SV[2417181...nActivity] com.lagradost.cloudstream3           I  onSSPAndSRT: pl = 0 pt = 302 sx = 1.0 sy = 1.0
2026-02-12 10:36:19.265 15070-15091 SV[2417181...nActivity] com.lagradost.cloudstream3           I  aOrMT: VRI[MainActivity]@d1efe57 t = android.view.SurfaceControl$Transaction@d04c713 fN = 3859 android.view.SurfaceView.-$$Nest$mapplyOrMergeTransaction:0 android.view.SurfaceView$SurfaceViewPositionUpdateListener.positionChanged:1932 android.graphics.RenderNode$CompositePositionUpdateListener.positionChanged:401
2026-02-12 10:36:19.265 15070-15091 VRI[MainAc...y]@d1efe57 com.lagradost.cloudstream3           I  mWNT: t=0xb400007a9ad77c00 mBlastBufferQueue=0xb400007b47ab3000 fn= 3859 HdrRenderState mRenderHdrSdrRatio=1.0 caller= android.view.SurfaceView.applyOrMergeTransaction:1863 android.view.SurfaceView.-$$Nest$mapplyOrMergeTransaction:0 android.view.SurfaceView$SurfaceViewPositionUpdateListener.positionChanged:1932
2026-02-12 10:36:19.265 15070-15091 SurfaceView             com.lagradost.cloudstream3           D  109777615 updateSurfacePosition RenderWorker, frameNr = 3859, position = [153, 71, 2935, 1369] surfaceSize = 3088x1440
2026-02-12 10:36:19.265 15070-15091 SV[1097776...nActivity] com.lagradost.cloudstream3           I  uSP: rtp = Rect(153, 71 - 2935, 1369) rtsw = 3088 rtsh = 1440
2026-02-12 10:36:19.265 15070-15091 SV[1097776...nActivity] com.lagradost.cloudstream3           I  onSSPAndSRT: pl = 153 pt = 71 sx = 0.90090674 sy = 0.9013889
2026-02-12 10:36:19.265 15070-15091 SV[1097776...nActivity] com.lagradost.cloudstream3           I  aOrMT: VRI[MainActivity]@d1efe57 t = android.view.SurfaceControl$Transaction@f6b7eb0 fN = 3859 android.view.SurfaceView.-$$Nest$mapplyOrMergeTransaction:0 android.view.SurfaceView$SurfaceViewPositionUpdateListener.positionChanged:1932 android.graphics.RenderNode$CompositePositionUpdateListener.positionChanged:401
2026-02-12 10:36:19.265 15070-15091 VRI[MainAc...y]@d1efe57 com.lagradost.cloudstream3           I  mWNT: t=0xb400007a9ac14800 mBlastBufferQueue=0xb400007b47ab3000 fn= 3859 HdrRenderState mRenderHdrSdrRatio=1.0 caller= android.view.SurfaceView.applyOrMergeTransaction:1863 android.view.SurfaceView.-$$Nest$mapplyOrMergeTransaction:0 android.view.SurfaceView$SurfaceViewPositionUpdateListener.positionChanged:1932
2026-02-12 10:36:19.274 15070-15091 SurfaceView             com.lagradost.cloudstream3           D  241718114 updateSurfacePosition RenderWorker, frameNr = 3860, position = [0, 301, 1440, 1051] surfaceSize = 1440x750
2026-02-12 10:36:19.274 15070-15091 SV[2417181...nActivity] com.lagradost.cloudstream3           I  uSP: rtp = Rect(0, 301 - 1440, 1051) rtsw = 1440 rtsh = 750
2026-02-12 10:36:19.274 15070-15091 SV[2417181...nActivity] com.lagradost.cloudstream3           I  onSSPAndSRT: pl = 0 pt = 301 sx = 1.0 sy = 1.0
2026-02-12 10:36:19.274 15070-15091 SV[2417181...nActivity] com.lagradost.cloudstream3           I  aOrMT: VRI[MainActivity]@d1efe57 t = android.view.SurfaceControl$Transaction@d04c713 fN = 3860 android.view.SurfaceView.-$$Nest$mapplyOrMergeTransaction:0 android.view.SurfaceView$SurfaceViewPositionUpdateListener.positionChanged:1932 android.graphics.RenderNode$CompositePositionUpdateListener.positionChanged:401
2026-02-12 10:36:19.274 15070-15091 VRI[MainAc...y]@d1efe57 com.lagradost.cloudstream3           I  mWNT: t=0xb400007a9ad77c00 mBlastBufferQueue=0xb400007b47ab3000 fn= 3860 HdrRenderState mRenderHdrSdrRatio=1.0 caller= android.view.SurfaceView.applyOrMergeTransaction:1863 android.view.SurfaceView.-$$Nest$mapplyOrMergeTransaction:0 android.view.SurfaceView$SurfaceViewPositionUpdateListener.positionChanged:1932
2026-02-12 10:36:19.274 15070-15091 SurfaceView             com.lagradost.cloudstream3           D  109777615 updateSurfacePosition RenderWorker, frameNr = 3860, position = [154, 72, 2934, 1368] surfaceSize = 3088x1440
2026-02-12 10:36:19.274 15070-15091 SV[1097776...nActivity] com.lagradost.cloudstream3           I  uSP: rtp = Rect(154, 72 - 2934, 1368) rtsw = 3088 rtsh = 1440
2026-02-12 10:36:19.274 15070-15091 SV[1097776...nActivity] com.lagradost.cloudstream3           I  onSSPAndSRT: pl = 154 pt = 72 sx = 0.9002591 sy = 0.9
2026-02-12 10:36:19.274 15070-15091 SV[1097776...nActivity] com.lagradost.cloudstream3           I  aOrMT: VRI[MainActivity]@d1efe57 t = android.view.SurfaceControl$Transaction@f6b7eb0 fN = 3860 android.view.SurfaceView.-$$Nest$mapplyOrMergeTransaction:0 android.view.SurfaceView$SurfaceViewPositionUpdateListener.positionChanged:1932 android.graphics.RenderNode$CompositePositionUpdateListener.positionChanged:401
2026-02-12 10:36:19.274 15070-15091 VRI[MainAc...y]@d1efe57 com.lagradost.cloudstream3           I  mWNT: t=0xb400007a9ac14800 mBlastBufferQueue=0xb400007b47ab3000 fn= 3860 HdrRenderState mRenderHdrSdrRatio=1.0 caller= android.view.SurfaceView.applyOrMergeTransaction:1863 android.view.SurfaceView.-$$Nest$mapplyOrMergeTransaction:0 android.view.SurfaceView$SurfaceViewPositionUpdateListener.positionChanged:1932
2026-02-12 10:36:19.275 15070-15070 SV[1097776...nActivity] com.lagradost.cloudstream3           I  onWindowVisibilityChanged(8) false android.view.SurfaceView{68b12cf V.E...... ........ 0,0-3088,1440} of VRI[MainActivity]@d1efe57
2026-02-12 10:36:19.275 15070-15070 SurfaceView             com.lagradost.cloudstream3           I  109777615 Changes: creating=false format=false size=false visible=true alpha=false hint=false left=false top=false z=false attached=true lifecycleStrategy=false
2026-02-12 10:36:19.275 15070-15070 SurfaceView             com.lagradost.cloudstream3           I  109777615 Cur surface: Surface(name=null mNativeObject=-5476376620045055232)/@0x2b986f
2026-02-12 10:36:19.275 15070-15070 SurfaceComposerClient   com.lagradost.cloudstream3           D  setCornerRadius ## 68b12cf SurfaceView[com.lagradost.cloudstream3/com.lagradost.cloudstream3.MainActivity]@0#260097 cornerRadius=0.000000
2026-02-12 10:36:19.275 15070-15070 SV[1097776...nActivity] com.lagradost.cloudstream3           I  updateSurface: mVisible = false mSurface.isValid() = true
2026-02-12 10:36:19.275 15070-15070 SV[1097776...nActivity] com.lagradost.cloudstream3           I  updateSurface: mSurfaceCreated = true surfaceChanged = false visibleChanged = true
2026-02-12 10:36:19.275 15070-15070 SurfaceView             com.lagradost.cloudstream3           V  Layout: x=0 y=0 w=3088 h=1440, frame=Rect(0, 0 - 3088, 1440)
2026-02-12 10:36:19.275 15070-15070 SurfaceView             com.lagradost.cloudstream3           I  109777615 Detaching SV
2026-02-12 10:36:19.275 15070-15070 SurfaceView             com.lagradost.cloudstream3           I  109777615 Changes: creating=false format=false size=false visible=false alpha=false hint=false left=false top=false z=false attached=false lifecycleStrategy=false
2026-02-12 10:36:19.275 15070-15070 SurfaceView             com.lagradost.cloudstream3           I  109777615 Cur surface: Surface(name=null mNativeObject=-5476376620045055232)/@0x2b986f
2026-02-12 10:36:19.275 15070-15070 SurfaceComposerClient   com.lagradost.cloudstream3           D  setCornerRadius ## 68b12cf SurfaceView[com.lagradost.cloudstream3/com.lagradost.cloudstream3.MainActivity]@0#260097 cornerRadius=0.000000
2026-02-12 10:36:19.275 15070-15070 SurfaceView             com.lagradost.cloudstream3           I  109777615 surfaceDestroyed
2026-02-12 10:36:19.275 15070-15070 SV[1097776...nActivity] com.lagradost.cloudstream3           I  surfaceDestroyed callback.size 1 #4 android.view.SurfaceView{68b12cf V.E...... ........ 0,0-3088,1440}
2026-02-12 10:36:19.276 15070-15070 SV[1097776...nActivity] com.lagradost.cloudstream3           I  updateSurface: mVisible = false mSurface.isValid() = true
2026-02-12 10:36:19.277 15070-15070 SV[1097776...nActivity] com.lagradost.cloudstream3           I  releaseSurfaces: viewRoot = VRI[MainActivity]@d1efe57
2026-02-12 10:36:19.277 15070-15070 SurfaceView             com.lagradost.cloudstream3           V  Layout: x=0 y=0 w=3088 h=1440, frame=Rect(0, 0 - 3088, 1440)
2026-02-12 10:36:19.277 15070-15070 SV[1097776...nActivity] com.lagradost.cloudstream3           I  onDetachedFromWindow: tryReleaseSurfaces()
2026-02-12 10:36:19.277 15070-15070 SV[1097776...nActivity] com.lagradost.cloudstream3           I  releaseSurfaces: viewRoot = VRI[MainActivity]@d1efe57
2026-02-12 10:36:19.278 15070-15106 SYNCVM                  com.lagradost.cloudstream3           I  updateUserData
2026-02-12 10:36:19.279 15070-15070 CS3ExoPlayer            com.lagradost.cloudstream3           I  releasePlayer
2026-02-12 10:36:19.279 15070-15070 CS3ExoPlayer            com.lagradost.cloudstream3           I  Handle event: PositionEvent(source=Player, fromMs=0, toMs=0, durationMs=-9223372036854775807)
2026-02-12 10:36:19.279 15070-15070 CS3ExoPlayer            com.lagradost.cloudstream3           I  Handle event: StatusEvent(wasPlaying=IsPaused, isPlaying=IsPaused, source=Player)
2026-02-12 10:36:19.281 15070-15070 ExoPlayerImpl           com.lagradost.cloudstream3           I  Release d68ed66 [AndroidXMedia3/1.8.0] [dm3q, SM-S918B, samsung, 36] [media3.common, media3.ui, media3.exoplayer, media3.decoder, media3.database, media3.session, media3.datasource.okhttp, media3.datasource]
2026-02-12 10:36:19.283 15070-15070 CS3ExoPlayer            com.lagradost.cloudstream3           I  Handle event: PlayerAttachedEvent(player=null, source=Player)
2026-02-12 10:36:19.283 15070-15070 MediaSessionImpl        com.lagradost.cloudstream3           I  Release b58e8fd [AndroidXMedia3/1.8.0] [dm3q, SM-S918B, samsung, 36] [media3.common, media3.ui, media3.exoplayer, media3.decoder, media3.database, media3.session, media3.datasource.okhttp, media3.datasource]
2026-02-12 10:36:19.284 15070-15070 ExoPlayerImplInternal   com.lagradost.cloudstream3           W  Ignoring messages sent after release.
2026-02-12 10:36:19.287 15070-15070 BLASTBufferQueue_Java   com.lagradost.cloudstream3           I  update, w= 1440 h= 3088 mName = VRI[MainActivity]@d1efe57 mNativeObject= 0xb400007b47ab3000 sc.mNativeObject= 0xb400007aa9a4b580 format= -3 caller= android.view.ViewRootImpl.updateBlastSurfaceIfNeeded:3574 android.view.ViewRootImpl.relayoutWindow:11685 android.view.ViewRootImpl.performTraversals:4804 android.view.ViewRootImpl.doTraversal:3924 android.view.ViewRootImpl$TraversalRunnable.run:12903 android.view.Choreographer$CallbackRecord.run:1901
2026-02-12 10:36:19.287 15070-15070 VRI[MainAc...y]@d1efe57 com.lagradost.cloudstream3           I  Relayout returned: old=(0,0,1440,3088) new=(0,0,1440,3088) relayoutAsync=true req=(1440,3088)0 dur=1 res=0x0 s={true 0xb400007ab9b47800} ch=false seqId=0
2026-02-12 10:36:19.287 15070-15070 VRI[MainAc...y]@d1efe57 com.lagradost.cloudstream3           I  updateBoundsLayer: t=android.view.SurfaceControl$Transaction@62d9850 sc=Surface(name=Bounds for - com.lagradost.cloudstream3/com.lagradost.cloudstream3.MainActivity@0)/@0x3b26a49 frame=3861
2026-02-12 10:36:19.287 15070-15070 VRI[MainAc...y]@d1efe57 com.lagradost.cloudstream3           I  registerCallbackForPendingTransactions
2026-02-12 10:36:19.288 15070-15091 SurfaceView             com.lagradost.cloudstream3           D  100261533 windowPositionLost, frameNr = 3861
2026-02-12 10:36:19.288 15070-15123 VRI[MainAc...y]@d1efe57 com.lagradost.cloudstream3           I  mWNT: t=0xb400007a9b16e900 mBlastBufferQueue=0xb400007b47ab3000 fn= 3861 HdrRenderState mRenderHdrSdrRatio=1.0 caller= android.view.ViewRootImpl$10.onFrameDraw:6536 android.view.ViewRootImpl$4.onFrameDraw:2489 android.view.ThreadedRenderer$1.onFrameDraw:718
2026-02-12 10:36:19.288 15070-15070 InsetsSourceConsumer    com.lagradost.cloudstream3           I  applyRequestedVisibilityToControl: visible=true, type=navigationBars, host=com.lagradost.cloudstream3/com.lagradost.cloudstream3.MainActivity
2026-02-12 10:36:19.799 15070-15070 WindowManager           com.lagradost.cloudstream3           I  WindowManagerGlobal#removeView, ty=2005, view=androidx.cardview.widget.CardView{7a80cbb V.E...... ........ 0,0-1200,471 #7f0a0586 app:id/toast_layout_root}, caller=android.view.WindowManagerGlobal.removeView:654 android.view.WindowManagerImpl.removeViewImmediate:216 android.widget.ToastPresenter.hide:348
2026-02-12 10:36:19.802 15070-15070 VRI[Toast]@a1095d8      com.lagradost.cloudstream3           I  dispatchDetachedFromWindow
2026-02-12 10:36:19.812 15070-15070 InputTransport          com.lagradost.cloudstream3           D  Input channel destroyed: 'd863ef9', fd=276
2026-02-12 10:36:20.588 15070-15185 MediaHTTPConnection     com.lagradost.cloudstream3           I  [0] - setReadTimeout and setConnectTimeout with 8000ms
2026-02-12 10:36:20.594 15070-15185 MediaHTTPConnection     com.lagradost.cloudstream3           E
2026-02-12 10:36:20.595 15070-15185 MediaHTTPConnection     com.lagradost.cloudstream3           I  [0] - setReadTimeout and setConnectTimeout with 8000ms
2026-02-12 10:36:20.595 15070-15185 MediaHTTPConnection     com.lagradost.cloudstream3           E
2026-02-12 10:36:20.605 15070-15185 MediaHTTPConnection     com.lagradost.cloudstream3           I  [0] - setReadTimeout and setConnectTimeout with 8000ms
2026-02-12 10:36:20.606 15070-15185 MediaHTTPConnection     com.lagradost.cloudstream3           E
2026-02-12 10:36:20.606 15070-15185 MediaHTTPConnection     com.lagradost.cloudstream3           I  [0] - setReadTimeout and setConnectTimeout with 8000ms
2026-02-12 10:36:20.607 15070-15185 MediaHTTPConnection     com.lagradost.cloudstream3           E
2026-02-12 10:36:20.680 15070-15576 MediaHTTPConnection     com.lagradost.cloudstream3           I  [0] - setReadTimeout and setConnectTimeout with 8000ms
2026-02-12 10:36:20.681 15070-15576 MediaHTTPConnection     com.lagradost.cloudstream3           E
2026-02-12 10:36:20.681 15070-15504 MediaHTTPConnection     com.lagradost.cloudstream3           I  [0] - setReadTimeout and setConnectTimeout with 8000ms
2026-02-12 10:36:20.681 15070-15504 MediaHTTPConnection     com.lagradost.cloudstream3           E
2026-02-12 10:36:20.746 15070-15504 MediaHTTPConnection     com.lagradost.cloudstream3           I  [0] - setReadTimeout and setConnectTimeout with 8000ms
2026-02-12 10:36:20.746 15070-15504 MediaHTTPConnection     com.lagradost.cloudstream3           E
2026-02-12 10:36:20.746 15070-15504 MediaHTTPConnection     com.lagradost.cloudstream3           I  [0] - setReadTimeout and setConnectTimeout with 8000ms
2026-02-12 10:36:20.746 15070-15504 MediaHTTPConnection     com.lagradost.cloudstream3           E
2026-02-12 10:36:20.818 15070-15504 MediaHTTPConnection     com.lagradost.cloudstream3           I  [0] - setReadTimeout and setConnectTimeout with 8000ms
2026-02-12 10:36:20.818 15070-15504 MediaHTTPConnection     com.lagradost.cloudstream3           E
2026-02-12 10:36:20.819 15070-15504 MediaHTTPConnection     com.lagradost.cloudstream3           I  [0] - setReadTimeout and setConnectTimeout with 8000ms
2026-02-12 10:36:20.819 15070-15504 MediaHTTPConnection     com.lagradost.cloudstream3           E
2026-02-12 10:36:20.870 15070-15070 VideoSnifferJS          com.lagradost.cloudstream3           E  Uncaught TypeError: Cannot set properties of null (setting 'innerHTML') [about:blank:56]
2026-02-12 10:36:21.102 15070-15070 VRI[MainAc...y]@d1efe57 com.lagradost.cloudstream3           I  call setFrameRateCategory for touch hint category=no preference, reason=boost timeout, vri=VRI[MainActivity]@d1efe57
2026-02-12 10:36:22.871 15070-15070 VideoSnifferJS          com.lagradost.cloudstream3           E  Uncaught TypeError: Cannot set properties of null (setting 'innerHTML') [about:blank:56]
2026-02-12 10:36:23.599 15070-15185 MediaHTTPConnection     com.lagradost.cloudstream3           I  [0] - setReadTimeout and setConnectTimeout with 8000ms
2026-02-12 10:36:23.606 15070-15185 MediaHTTPConnection     com.lagradost.cloudstream3           E
2026-02-12 10:36:23.607 15070-15185 MediaHTTPConnection     com.lagradost.cloudstream3           I  [0] - setReadTimeout and setConnectTimeout with 8000ms
2026-02-12 10:36:23.607 15070-15185 MediaHTTPConnection     com.lagradost.cloudstream3           E
2026-02-12 10:36:23.608 15070-15504 MediaHTTPConnection     com.lagradost.cloudstream3           I  [0] - setReadTimeout and setConnectTimeout with 8000ms
2026-02-12 10:36:23.609 15070-15504 MediaHTTPConnection     com.lagradost.cloudstream3           E
2026-02-12 10:36:23.610 15070-15504 MediaHTTPConnection     com.lagradost.cloudstream3           I  [0] - setReadTimeout and setConnectTimeout with 8000ms
2026-02-12 10:36:23.610 15070-15504 MediaHTTPConnection     com.lagradost.cloudstream3           E
2026-02-12 10:36:23.684 15070-15504 MediaHTTPConnection     com.lagradost.cloudstream3           I  [0] - setReadTimeout and setConnectTimeout with 8000ms
2026-02-12 10:36:23.684 15070-15504 MediaHTTPConnection     com.lagradost.cloudstream3           E
2026-02-12 10:36:23.685 15070-15185 MediaHTTPConnection     com.lagradost.cloudstream3           I  [0] - setReadTimeout and setConnectTimeout with 8000ms
2026-02-12 10:36:23.686 15070-15185 MediaHTTPConnection     com.lagradost.cloudstream3           E
2026-02-12 10:36:23.748 15070-15185 MediaHTTPConnection     com.lagradost.cloudstream3           I  [0] - setReadTimeout and setConnectTimeout with 8000ms
2026-02-12 10:36:23.749 15070-15185 MediaHTTPConnection     com.lagradost.cloudstream3           E
2026-02-12 10:36:23.749 15070-15185 MediaHTTPConnection     com.lagradost.cloudstream3           I  [0] - setReadTimeout and setConnectTimeout with 8000ms
2026-02-12 10:36:23.750 15070-15185 MediaHTTPConnection     com.lagradost.cloudstream3           E
2026-02-12 10:36:23.821 15070-15504 MediaHTTPConnection     com.lagradost.cloudstream3           I  [0] - setReadTimeout and setConnectTimeout with 8000ms
2026-02-12 10:36:23.822 15070-15504 MediaHTTPConnection     com.lagradost.cloudstream3           E
2026-02-12 10:36:23.822 15070-15576 MediaHTTPConnection     com.lagradost.cloudstream3           I  [0] - setReadTimeout and setConnectTimeout with 8000ms
2026-02-12 10:36:23.823 15070-15576 MediaHTTPConnection     com.lagradost.cloudstream3           E
2026-02-12 10:36:24.870 15070-15070 VideoSnifferJS          com.lagradost.cloudstream3           E  Uncaught TypeError: Cannot set properties of null (setting 'innerHTML') [about:blank:56]
2026-02-12 10:36:26.610 15070-15185 MediaHTTPConnection     com.lagradost.cloudstream3           I  [0] - setReadTimeout and setConnectTimeout with 8000ms
2026-02-12 10:36:26.612 15070-15576 MediaHTTPConnection     com.lagradost.cloudstream3           I  [0] - setReadTimeout and setConnectTimeout with 8000ms
2026-02-12 10:36:26.617 15070-15185 MediaHTTPConnection     com.lagradost.cloudstream3           E
2026-02-12 10:36:26.617 15070-15185 MediaHTTPConnection     com.lagradost.cloudstream3           I  [0] - setReadTimeout and setConnectTimeout with 8000ms
2026-02-12 10:36:26.618 15070-15185 MediaHTTPConnection     com.lagradost.cloudstream3           E
2026-02-12 10:36:26.622 15070-15576 MediaHTTPConnection     com.lagradost.cloudstream3           E
2026-02-12 10:36:26.622 15070-15576 MediaHTTPConnection     com.lagradost.cloudstream3           I  [0] - setReadTimeout and setConnectTimeout with 8000ms
2026-02-12 10:36:26.623 15070-15576 MediaHTTPConnection     com.lagradost.cloudstream3           E
2026-02-12 10:36:26.688 15070-15576 MediaHTTPConnection     com.lagradost.cloudstream3           I  [0] - setReadTimeout and setConnectTimeout with 8000ms
2026-02-12 10:36:26.689 15070-15576 MediaHTTPConnection     com.lagradost.cloudstream3           E
2026-02-12 10:36:26.690 15070-15576 MediaHTTPConnection     com.lagradost.cloudstream3           I  [0] - setReadTimeout and setConnectTimeout with 8000ms
2026-02-12 10:36:26.690 15070-15576 MediaHTTPConnection     com.lagradost.cloudstream3           E
2026-02-12 10:36:26.751 15070-15576 MediaHTTPConnection     com.lagradost.cloudstream3           I  [0] - setReadTimeout and setConnectTimeout with 8000ms
2026-02-12 10:36:26.752 15070-15576 MediaHTTPConnection     com.lagradost.cloudstream3           E
2026-02-12 10:36:26.752 15070-15576 MediaHTTPConnection     com.lagradost.cloudstream3           I  [0] - setReadTimeout and setConnectTimeout with 8000ms
2026-02-12 10:36:26.752 15070-15576 MediaHTTPConnection     com.lagradost.cloudstream3           E
2026-02-12 10:36:26.825 15070-15576 MediaHTTPConnection     com.lagradost.cloudstream3           I  [0] - setReadTimeout and setConnectTimeout with 8000ms
2026-02-12 10:36:26.826 15070-15576 MediaHTTPConnection     com.lagradost.cloudstream3           E
2026-02-12 10:36:26.826 15070-15576 MediaHTTPConnection     com.lagradost.cloudstream3           I  [0] - setReadTimeout and setConnectTimeout with 8000ms
2026-02-12 10:36:26.827 15070-15576 MediaHTTPConnection     com.lagradost.cloudstream3           E
2026-02-12 10:36:26.871 15070-15070 VideoSnifferJS          com.lagradost.cloudstream3           E  Uncaught TypeError: Cannot set properties of null (setting 'innerHTML') [about:blank:56]
2026-02-12 10:36:28.870 15070-15070 VideoSnifferJS          com.lagradost.cloudstream3           E  Uncaught TypeError: Cannot set properties of null (setting 'innerHTML') [about:blank:56]
