2026-02-10 18:34:50.354 10642-10642 WebViewStrategy         com.lagradost.cloudstream3           W  [onPageFinished] Result already delivered, skipping
2026-02-10 18:34:50.354 10642-10642 WebViewStrategy         com.lagradost.cloudstream3           I  [startDomVideoExtraction] Polling started | maxAttempts=30
2026-02-10 18:34:50.354 10642-10642 WebViewStrategy         com.lagradost.cloudstream3           I  [startDomVideoExtraction] === Polling ended (result delivered) === | totalAttempts=0
2026-02-10 18:34:50.365 10642-10642 WebViewStrategy         com.lagradost.cloudstream3           I  [onPageFinished] JavaScript injection result | result=null
2026-02-10 18:34:50.394 10642-24299 PesReader               com.lagradost.cloudstream3           W  Unexpected start code prefix: 3211319
2026-02-10 18:34:50.394 10642-24299 PesReader               com.lagradost.cloudstream3           W  Unexpected start code prefix: 2162739
2026-02-10 18:34:50.394 10642-24299 PesReader               com.lagradost.cloudstream3           W  Unexpected start code prefix: 0
2026-02-10 18:34:50.442 10642-11608 BufferQueueProducer     com.lagradost.cloudstream3           E  [d1943f8 SurfaceView[com.lagradost.cloudstream3/com.lagradost.cloudstream3.MainActivity]@0#27(BLAST Consumer)27](id:299200000025,api:3,p:10642,c:10642) dequeueBuffer: waitForFreeSlotThenRelock: timeout. dequeuedCount: 18, acquiredCount: 3, mDequeueTimeout: 0
2026-02-10 18:34:50.608 10642-23024 MediaHTTPConnection     com.lagradost.cloudstream3           I  [0] - response code = 200
2026-02-10 18:34:50.711 10642-10642 WebViewStrategy         com.lagradost.cloudstream3           D  [shouldOverrideUrlLoading] Redirect | url=https://m.shein.com/ark/default?onelink=15/4wh5j6ktxgqy&requestId=olw-5g3hgmb4tl
2026-02-10 18:34:50.756 10642-10642 VRI[MainAc...y]@bb02080 com.lagradost.cloudstream3           I  ViewPostIme pointer 0
2026-02-10 18:34:50.793 10642-10642 VRI[MainAc...y]@bb02080 com.lagradost.cloudstream3           I  ViewPostIme pointer 1
2026-02-10 18:34:50.794 10642-10642 CS3ExoPlayer            com.lagradost.cloudstream3           I  handleEvent PlayPauseToggle
2026-02-10 18:34:50.794 10642-10642 CS3ExoPlayer            com.lagradost.cloudstream3           I  handleEvent Pause
2026-02-10 18:34:50.794 10642-10642 CS3ExoPlayer            com.lagradost.cloudstream3           I  Handle event: PauseEvent(source=UI)
2026-02-10 18:34:50.794 10642-10642 CS3ExoPlayer            com.lagradost.cloudstream3           I  Handle event: StatusEvent(wasPlaying=IsPlaying, isPlaying=IsPaused, source=Player)
2026-02-10 18:34:50.806 10642-10642 BLASTBufferQueue_Java   com.lagradost.cloudstream3           I  update, w= 3088 h= 1440 mName = VRI[MainActivity]@bb02080 mNativeObject= 0xb400007aa8fb3000 sc.mNativeObject= 0xb400007834117940 format= -3 caller= android.view.ViewRootImpl.updateBlastSurfaceIfNeeded:3574 android.view.ViewRootImpl.relayoutWindow:11685 android.view.ViewRootImpl.performTraversals:4804 android.view.ViewRootImpl.doTraversal:3924 android.view.ViewRootImpl$TraversalRunnable.run:12903 android.view.Choreographer$CallbackRecord.run:1901
2026-02-10 18:34:50.806 10642-10642 VRI[MainAc...y]@bb02080 com.lagradost.cloudstream3           I  Relayout returned: old=(0,0,3088,1440) new=(0,0,3088,1440) relayoutAsync=true req=(3088,1440)0 dur=1 res=0x0 s={true 0xb400007a9de20000} ch=false seqId=0
2026-02-10 18:34:50.806 10642-10642 VRI[MainAc...y]@bb02080 com.lagradost.cloudstream3           I  updateBoundsLayer: t=android.view.SurfaceControl$Transaction@8f78642 sc=Surface(name=Bounds for - com.lagradost.cloudstream3/com.lagradost.cloudstream3.MainActivity@4)/@0x254b01a frame=2371
2026-02-10 18:34:50.807 10642-10642 VRI[MainAc...y]@bb02080 com.lagradost.cloudstream3           I  registerCallbackForPendingTransactions
2026-02-10 18:34:50.808 10642-10719 VRI[MainAc...y]@bb02080 com.lagradost.cloudstream3           I  mWNT: t=0xb400007a990ea480 mBlastBufferQueue=0xb400007aa8fb3000 fn= 2371 HdrRenderState mRenderHdrSdrRatio=1.0 caller= android.view.ViewRootImpl$10.onFrameDraw:6536 android.view.ViewRootImpl$4.onFrameDraw:2489 android.view.ThreadedRenderer$1.onFrameDraw:718
2026-02-10 18:34:50.810 10642-10642 NotificationManager     com.lagradost.cloudstream3           I  com.lagradost.cloudstream3: notify(2326, null, Notification(channel=7340 shortcut=null contentView=null vibrate=null sound=null defaults=0 flags=ONLY_ALERT_ONCE color=0x00000000 category=transport actions=4 vis=PUBLIC semFlags=0x0 semPriority=0 semMissedCount=0)) as user
2026-02-10 18:34:50.820 10642-10642 NotificationManager     com.lagradost.cloudstream3           I  com.lagradost.cloudstream3: notify(2326, null, Notification(channel=7340 shortcut=null contentView=null vibrate=null sound=null defaults=0 flags=ONLY_ALERT_ONCE color=0x00000000 category=transport actions=4 vis=PUBLIC semFlags=0x0 semPriority=0 semMissedCount=0)) as user
2026-02-10 18:34:51.106 10642-10642 WebViewStrategy         com.lagradost.cloudstream3           D  [shouldOverrideUrlLoading] Redirect | url=https://m.shein.com/de/ark/default?onelink=15/4wh5j6ktxgqy&requestId=olw-5g3hgmb
2026-02-10 18:34:51.327 10642-11653 MediaHTTPConnection     com.lagradost.cloudstream3           I  [1715240] - setReadTimeout and setConnectTimeout with 8000ms
2026-02-10 18:34:51.417 10642-11121 WebViewStrategy         com.lagradost.cloudstream3           D  [isVideoUrl] URL blacklisted | url=https://asd.pics/favicon.ico
2026-02-10 18:34:51.495 10642-10642 VRI[MainAc...y]@bb02080 com.lagradost.cloudstream3           I  ViewPostIme pointer 0
2026-02-10 18:34:51.575 10642-10642 VRI[MainAc...y]@bb02080 com.lagradost.cloudstream3           I  handleResized, frames=ClientWindowFrames{frame=[0,0][3088,1440] display=[0,0][3088,1440] parentFrame=[0,0][0,0]} displayId=0 dragResizing=false compatScale=1.0 frameChanged=false attachedFrameChanged=false configChanged=false displayChanged=false compatScaleChanged=false dragResizingChanged=false
2026-02-10 18:34:51.619 10642-10642 VRI[MainAc...y]@bb02080 com.lagradost.cloudstream3           I  ViewPostIme pointer 1
2026-02-10 18:34:51.802 10642-11653 MediaHTTPConnection     com.lagradost.cloudstream3           I  [1715240] - response code = 206
2026-02-10 18:34:51.906 10642-10642 WebViewEngine           com.lagradost.cloudstream3           I  onPageStarted: url=https://m.shein.com/de/ark/default?onelink=15/4wh5j6ktxgqy&requestId=olw-5g3hgmb
2026-02-10 18:34:51.906 10642-10642 WebViewStrategy         com.lagradost.cloudstream3           I  [onPageStarted] === PAGE STARTED === | url=https://m.shein.com/de/ark/default?onelink=15/4wh5j6ktxgqy&requestId=olw-5g3hgmb
2026-02-10 18:34:52.109 10642-10642 ImeFocusController      com.lagradost.cloudstream3           I  onPreWindowFocus: skipped hasWindowFocus=false mHasImeFocus=true
2026-02-10 18:34:52.110 10642-10642 ImeFocusController      com.lagradost.cloudstream3           I  onPostWindowFocus: skipped hasWindowFocus=false mHasImeFocus=true
2026-02-10 18:34:52.231 10642-10642 InputTransport          com.lagradost.cloudstream3           D  Input channel destroyed: 'ClientS', fd=360
2026-02-10 18:34:52.273 10642-10705 MediaMetadataRetriever  com.lagradost.cloudstream3           V  setDataSource return(0)
2026-02-10 18:34:52.274 10642-10705 MediaMetadataRetriever  com.lagradost.cloudstream3           V  getFrameAtTime: time(0 us) option(2) colorFormat(1) metaOnly(0)
2026-02-10 18:34:52.370 10642-23022 MediaHTTPConnection     com.lagradost.cloudstream3           I  [0] - setReadTimeout and setConnectTimeout with 8000ms
2026-02-10 18:34:52.469 10642-10652 st.cloudstream3         com.lagradost.cloudstream3           I  NativeAlloc concurrent mark compact GC freed 26MB AllocSpace bytes, 44(2536KB) LOS objects, 52% free, 43MB/91MB, paused 567us,1.106ms total 158.222ms
2026-02-10 18:34:52.472 10642-10653 InputTransport          com.lagradost.cloudstream3           D  Input channel destroyed: 'ClientS', fd=372
2026-02-10 18:34:52.473 10642-10653 InputTransport          com.lagradost.cloudstream3           D  Input channel destroyed: 'ClientS', fd=202
2026-02-10 18:34:52.491 10642-10653 InputTransport          com.lagradost.cloudstream3           D  Input channel destroyed: 'ClientS', fd=342
2026-02-10 18:34:52.503 10642-23022 MediaHTTPConnection     com.lagradost.cloudstream3           I  [0] - response code = 200
2026-02-10 18:34:52.554 10642-10642 VRI[MainAc...y]@bb02080 com.lagradost.cloudstream3           I  handleAppVisibility mAppVisible = true visible = false
2026-02-10 18:34:52.554 10642-10642 VRI[MainAc...y]@bb02080 com.lagradost.cloudstream3           D  visibilityChanged oldVisibility=true newVisibility=false
2026-02-10 18:34:52.557 10642-10642 SV[2197596...nActivity] com.lagradost.cloudstream3           I  onWindowVisibilityChanged(8) false android.view.SurfaceView{d1943f8 V.E...... ........ 0,0-2560,1440} of VRI[MainActivity]@bb02080
2026-02-10 18:34:52.557 10642-10642 SurfaceView             com.lagradost.cloudstream3           I  219759608 Changes: creating=false format=false size=false visible=true alpha=false hint=false left=false top=false z=false attached=true lifecycleStrategy=false
2026-02-10 18:34:52.557 10642-10642 SurfaceView             com.lagradost.cloudstream3           I  219759608 Cur surface: Surface(name=null mNativeObject=-5476376620247487488)/@0x8d1fd30
2026-02-10 18:34:52.557 10642-10642 SurfaceComposerClient   com.lagradost.cloudstream3           D  setCornerRadius ## d1943f8 SurfaceView[com.lagradost.cloudstream3/com.lagradost.cloudstream3.MainActivity]@0#240975 cornerRadius=0.000000
2026-02-10 18:34:52.557 10642-10642 SV[2197596...nActivity] com.lagradost.cloudstream3           I  updateSurface: mVisible = false mSurface.isValid() = true
2026-02-10 18:34:52.557 10642-10642 SV[2197596...nActivity] com.lagradost.cloudstream3           I  updateSurface: mSurfaceCreated = true surfaceChanged = false visibleChanged = true
2026-02-10 18:34:52.557 10642-10642 SurfaceView             com.lagradost.cloudstream3           V  Layout: x=264 y=0 w=2560 h=1440, frame=Rect(0, 0 - 2560, 1440)
2026-02-10 18:34:52.559 10642-10679 SurfaceView             com.lagradost.cloudstream3           D  107777965 windowPositionLost, frameNr = 0
2026-02-10 18:34:52.559 10642-10679 SV[2197596...nActivity] com.lagradost.cloudstream3           I  aOrMT: VRI[MainActivity]@bb02080 t = android.view.SurfaceControl$Transaction@cce12e2 fN = 0 android.view.SurfaceView.-$$Nest$mapplyOrMergeTransaction:0 android.view.SurfaceView$SurfaceViewPositionUpdateListener.positionLost:2025 android.graphics.RenderNode$CompositePositionUpdateListener.positionLost:418
2026-02-10 18:34:52.559 10642-10679 VRI[MainAc...y]@bb02080 com.lagradost.cloudstream3           I  mWNT: t=0xb400007a992cac80 mBlastBufferQueue=0xb400007aa8fb3000 fn= 0 HdrRenderState mRenderHdrSdrRatio=1.0 caller= android.view.SurfaceView.applyOrMergeTransaction:1863 android.view.SurfaceView.-$$Nest$mapplyOrMergeTransaction:0 android.view.SurfaceView$SurfaceViewPositionUpdateListener.positionLost:2025
2026-02-10 18:34:52.563 10642-10679 HWUI                    com.lagradost.cloudstream3           D  CacheManager::trimMemory(20)
2026-02-10 18:34:52.580 10642-10642 VRI[MainAc...y]@bb02080 com.lagradost.cloudstream3           I  Relayout returned: old=(0,0,3088,1440) new=(0,0,3088,1440) relayoutAsync=false req=(3088,1440)8 dur=16 res=0x2 s={false 0x0} ch=true seqId=0
2026-02-10 18:34:52.581 10642-10642 SV[2197596...nActivity] com.lagradost.cloudstream3           I  windowStopped(true) false android.view.SurfaceView{d1943f8 V.E...... ........ 0,0-2560,1440} of VRI[MainActivity]@bb02080
2026-02-10 18:34:52.581 10642-10642 SV[2197596...nActivity] com.lagradost.cloudstream3           D  updateSurface: surface is not valid
2026-02-10 18:34:52.581 10642-10642 SurfaceView             com.lagradost.cloudstream3           I  219759608 surfaceDestroyed
2026-02-10 18:34:52.581 10642-10642 SV[2197596...nActivity] com.lagradost.cloudstream3           I  surfaceDestroyed callback.size 1 #1 android.view.SurfaceView{d1943f8 V.E...... ........ 0,0-2560,1440}
2026-02-10 18:34:52.582 10642-24308 libc                    com.lagradost.cloudstream3           W  Access denied finding property "vendor.display.enable_optimal_refresh_rate"
2026-02-10 18:34:52.582 10642-24308 SurfaceUtils            com.lagradost.cloudstream3           D  connecting to surface 0xb400007a9f365a10, reason connectToSurface
2026-02-10 18:34:52.582 10642-24308 MediaCodec              com.lagradost.cloudstream3           I  [c2.qti.avc.decoder] setting surface generation to 10897424
2026-02-10 18:34:52.582 10642-24308 SurfaceUtils            com.lagradost.cloudstream3           D  disconnecting from surface 0xb400007a9f365a10, reason connectToSurface(reconnect)
2026-02-10 18:34:52.582 10642-24308 SurfaceUtils            com.lagradost.cloudstream3           D  connecting to surface 0xb400007a9f365a00, reason connectToSurface(reconnect-with-listener)
2026-02-10 18:34:52.582 10642-24308 Codec2-Out...ufferQueue com.lagradost.cloudstream3           D  remote graphic buffer migration 16/16
2026-02-10 18:34:52.582 10642-24308 Codec2Client            com.lagradost.cloudstream3           D  setOutputSurface -- failed to set consumer usage (6/BAD_INDEX)
2026-02-10 18:34:52.582 10642-24308 Codec2Client            com.lagradost.cloudstream3           D  setOutputSurface -- generation=10897424 consumer usage=0x900
2026-02-10 18:34:52.584 10642-24308 Codec2Client            com.lagradost.cloudstream3           D  Surface configure completed
2026-02-10 18:34:52.584 10642-24308 SurfaceUtils            com.lagradost.cloudstream3           D  disconnecting from surface 0xb400007ab1ca6510, reason disconnectFromSurface
2026-02-10 18:34:52.586 10642-10642 SV[2197596...nActivity] com.lagradost.cloudstream3           I  releaseSurfaces: viewRoot = VRI[MainActivity]@bb02080
2026-02-10 18:34:52.586 10642-10642 VRI[MainAc...y]@bb02080 com.lagradost.cloudstream3           D  applyTransactionOnDraw applyImmediately
2026-02-10 18:34:52.586 10642-10642 SV[2197596...nActivity] com.lagradost.cloudstream3           D  updateSurface: surface is not valid
2026-02-10 18:34:52.586 10642-10642 SV[2197596...nActivity] com.lagradost.cloudstream3           I  releaseSurfaces: viewRoot = VRI[MainActivity]@bb02080
2026-02-10 18:34:52.586 10642-10642 VRI[MainAc...y]@bb02080 com.lagradost.cloudstream3           D  applyTransactionOnDraw applyImmediately
2026-02-10 18:34:52.586 10642-10642 VRI[MainAc...y]@bb02080 com.lagradost.cloudstream3           D  Not drawing due to not visible. Reason=!mAppVisible && !mForceDecorViewVisibility
2026-02-10 18:34:52.586 10642-10642 VRI[MainAc...y]@bb02080 com.lagradost.cloudstream3           D  Pending transaction will not be applied in sync with a draw due to view not visible
2026-02-10 18:34:52.587 10642-10642 VRI[MainAc...y]@bb02080 com.lagradost.cloudstream3           I  mWNT: t=0xb400007b45f87480 mBlastBufferQueue=0xnull fn= 0 HdrRenderState mRenderHdrSdrRatio=1.0 caller= android.view.ViewRootImpl.handleSyncRequestWhenNoAsyncDraw:6733 android.view.ViewRootImpl.performTraversals:5504 android.view.ViewRootImpl.doTraversal:3924
2026-02-10 18:34:52.615 10642-11608 BufferQueueProducer     com.lagradost.cloudstream3           E  [MediaCodec.release](id:299200000029,api:3,p:10642,c:10642) dequeueBuffer: waitForFreeSlotThenRelock: timeout. dequeuedCount: 20, acquiredCount: 0, mDequeueTimeout: 0
2026-02-10 18:34:52.625 10642-11608 BufferQueueProducer     com.lagradost.cloudstream3           E  [MediaCodec.release](id:299200000029,api:3,p:10642,c:10642) dequeueBuffer: waitForFreeSlotThenRelock: timeout. dequeuedCount: 20, acquiredCount: 0, mDequeueTimeout: 0
2026-02-10 18:34:52.665 10642-10642 VRI[MainAc...y]@bb02080 com.lagradost.cloudstream3           I  stopped(true) old = false
2026-02-10 18:34:52.665 10642-10642 VRI[MainAc...y]@bb02080 com.lagradost.cloudstream3           D  WindowStopped on com.lagradost.cloudstream3/com.lagradost.cloudstream3.MainActivity set to true
2026-02-10 18:34:52.665 10642-10679 HWUI                    com.lagradost.cloudstream3           D  CacheManager::trimMemory(20)
2026-02-10 18:34:52.668 10642-10642 AppVisibilityProxy      com.lagradost.cloudstream3           I  onAppEnteredBackground
2026-02-10 18:34:52.668 10642-10642 ActivityProvider        com.lagradost.cloudstream3           D  Activity stopped, clearing ref: MainActivity
2026-02-10 18:34:52.668 10642-10642 AutofillManager         com.lagradost.cloudstream3           I  onInvisibleForAutofill(): expiringResponse
2026-02-10 18:34:52.669 10642-10642 WindowOnBackDispatcher  com.lagradost.cloudstream3           W  sendCancelIfRunning: isInProgress=false callback=androidx.activity.OnBackPressedDispatcher$Api34Impl$createOnBackAnimationCallback$1@503046a
2026-02-10 18:34:52.670 10642-10642 CS3ExoPlayer            com.lagradost.cloudstream3           I  onStop
2026-02-10 18:34:52.670 10642-10642 CS3ExoPlayer            com.lagradost.cloudstream3           I  saveData
2026-02-10 18:34:52.671 10642-10642 CS3ExoPlayer            com.lagradost.cloudstream3           I  Handle event: PositionEvent(source=Player, fromMs=2760, toMs=2760, durationMs=5331799)
2026-02-10 18:34:52.671 10642-10642 CS3ExoPlayer            com.lagradost.cloudstream3           I  handleEvent Pause
2026-02-10 18:34:52.671 10642-10642 CS3ExoPlayer            com.lagradost.cloudstream3           I  Handle event: PauseEvent(source=Player)
2026-02-10 18:34:52.684 10642-10642 SV[2197596...nActivity] com.lagradost.cloudstream3           D  updateSurface: surface is not valid
2026-02-10 18:34:52.684 10642-10642 SV[2197596...nActivity] com.lagradost.cloudstream3           I  releaseSurfaces: viewRoot = VRI[MainActivity]@bb02080
2026-02-10 18:34:52.684 10642-10642 VRI[MainAc...y]@bb02080 com.lagradost.cloudstream3           D  applyTransactionOnDraw applyImmediately
2026-02-10 18:34:52.685 10642-10679 HWUI                    com.lagradost.cloudstream3           D  CacheManager::trimMemory(20)
2026-02-10 18:34:52.688  2223-7470  WindowManager           system_server                        E  win=Window{2cabbb5 u0 com.lagradost.cloudstream3/com.lagradost.cloudstream3.MainActivity} destroySurfaces: appStopped=true cleanupOnResume=false win.mWindowRemovalAllowed=false win.mRemoveOnExit=false win.mViewVisibility=8 caller=com.android.server.wm.ActivityRecord.destroySurfaces:25 com.android.server.wm.ActivityRecord.activityStopped:192 com.android.server.wm.ActivityClientController.activityStopped:97 android.app.IActivityClientController$Stub.onTransact:740 com.android.server.wm.ActivityClientController.onTransact:1 android.os.Binder.execTransactInternal:1462 android.os.Binder.execTransact:1401
2026-02-10 18:34:52.698 10642-10642 BBA2                    com.lagradost.cloudstream3           D  setIsFg isFg = false; delayValue 3999ms
2026-02-10 18:34:52.719 10642-11608 BufferQueueProducer     com.lagradost.cloudstream3           E  [MediaCodec.release](id:299200000029,api:3,p:10642,c:10642) dequeueBuffer: waitForFreeSlotThenRelock: timeout. dequeuedCount: 20, acquiredCount: 0, mDequeueTimeout: 0
2026-02-10 18:34:52.736 10642-11607 BufferPoolAccessor2.0   com.lagradost.cloudstream3           D  evictor expired: 1, evicted: 0
2026-02-10 18:34:52.765 10642-10705 PreviewImgM3u8          com.lagradost.cloudstream3           I  Generating preview for 400
2026-02-10 18:34:52.765 10642-10705 MediaHTTPService        com.lagradost.cloudstream3           V  MediaHTTPService(android.media.MediaHTTPService@d2bef97): Cookies: null
2026-02-10 18:34:52.765 10642-10705 MediaMetadataRetriever  com.lagradost.cloudstream3           V  setDataSource
2026-02-10 18:34:52.765 10642-10705 MediaHTTPService        com.lagradost.cloudstream3           V  makeHTTPConnection: CookieHandler (java.net.CookieManager@3cdfe2) exists.
2026-02-10 18:34:52.766 10642-10705 MediaHTTPService        com.lagradost.cloudstream3           V  makeHTTPConnection(android.media.MediaHTTPService@d2bef97): cookieHandler: java.net.CookieManager@3cdfe2 Cookies: null
2026-02-10 18:34:52.766 10642-24308 MediaCodec              com.lagradost.cloudstream3           I  setCodecState state(0), called in 6, domain 1, 1
2026-02-10 18:34:52.777 10642-19893 MediaHTTPConnection     com.lagradost.cloudstream3           I  [0] - setReadTimeout and setConnectTimeout with 8000ms
2026-02-10 18:34:52.814 10642-11608 BufferQueueProducer     com.lagradost.cloudstream3           E  [MediaCodec.release](id:299200000029,api:3,p:10642,c:10642) dequeueBuffer: waitForFreeSlotThenRelock: timeout. dequeuedCount: 20, acquiredCount: 0, mDequeueTimeout: 0
2026-02-10 18:34:52.816 10642-10642 SV[2197596...nActivity] com.lagradost.cloudstream3           D  updateSurface: surface is not valid
2026-02-10 18:34:52.816 10642-10642 SV[2197596...nActivity] com.lagradost.cloudstream3           I  releaseSurfaces: viewRoot = VRI[MainActivity]@bb02080
2026-02-10 18:34:52.816 10642-10642 VRI[MainAc...y]@bb02080 com.lagradost.cloudstream3           D  applyTransactionOnDraw applyImmediately
2026-02-10 18:34:52.908 10642-11608 BufferQueueProducer     com.lagradost.cloudstream3           E  [MediaCodec.release](id:299200000029,api:3,p:10642,c:10642) dequeueBuffer: waitForFreeSlotThenRelock: timeout. dequeuedCount: 20, acquiredCount: 0, mDequeueTimeout: 0
2026-02-10 18:34:53.002 10642-11608 BufferQueueProducer     com.lagradost.cloudstream3           E  [MediaCodec.release](id:299200000029,api:3,p:10642,c:10642) dequeueBuffer: waitForFreeSlotThenRelock: timeout. dequeuedCount: 20, acquiredCount: 0, mDequeueTimeout: 0
2026-02-10 18:34:53.008 10642-24299 PesReader               com.lagradost.cloudstream3           W  Unexpected start code prefix: 3211375
2026-02-10 18:34:53.009 10642-24299 PesReader               com.lagradost.cloudstream3           W  Unexpected start code prefix: 2162795
2026-02-10 18:34:53.009 10642-24299 PesReader               com.lagradost.cloudstream3           W  Unexpected start code prefix: 0
2026-02-10 18:34:53.096 10642-11608 BufferQueueProducer     com.lagradost.cloudstream3           E  [MediaCodec.release](id:299200000029,api:3,p:10642,c:10642) dequeueBuffer: waitForFreeSlotThenRelock: timeout. dequeuedCount: 20, acquiredCount: 0, mDequeueTimeout: 0
2026-02-10 18:34:53.189 10642-11608 BufferQueueProducer     com.lagradost.cloudstream3           E  [MediaCodec.release](id:299200000029,api:3,p:10642,c:10642) dequeueBuffer: waitForFreeSlotThenRelock: timeout. dequeuedCount: 20, acquiredCount: 0, mDequeueTimeout: 0
2026-02-10 18:34:53.283 10642-11608 BufferQueueProducer     com.lagradost.cloudstream3           E  [MediaCodec.release](id:299200000029,api:3,p:10642,c:10642) dequeueBuffer: waitForFreeSlotThenRelock: timeout. dequeuedCount: 20, acquiredCount: 0, mDequeueTimeout: 0
2026-02-10 18:34:53.377 10642-11608 BufferQueueProducer     com.lagradost.cloudstream3           E  [MediaCodec.release](id:299200000029,api:3,p:10642,c:10642) dequeueBuffer: waitForFreeSlotThenRelock: timeout. dequeuedCount: 20, acquiredCount: 0, mDequeueTimeout: 0
2026-02-10 18:34:53.389 10642-19893 MediaHTTPConnection     com.lagradost.cloudstream3           I  [0] - response code = 200
2026-02-10 18:34:53.471 10642-11608 BufferQueueProducer     com.lagradost.cloudstream3           E  [MediaCodec.release](id:299200000029,api:3,p:10642,c:10642) dequeueBuffer: waitForFreeSlotThenRelock: timeout. dequeuedCount: 20, acquiredCount: 0, mDequeueTimeout: 0
2026-02-10 18:34:53.529 10642-11121 WebViewEngine           com.lagradost.cloudstream3           D  intercept: Request #140 url=https://img.ltwebstatic.com/v4/j/spmp/2025/03/25/ec/17428821884c53d2e3d84619d898dd004cec9c217a_thumb
2026-02-10 18:34:53.530 10642-11121 WebViewStrategy         com.lagradost.cloudstream3           D  [intercept] Request #140 | url=https://img.ltwebstatic.com/v4/j/spmp/2025/03/25/ec/17428821884c53d2e3d84619d898dd004cec9c217a_thumb, method=GET, isMainFrame=false
2026-02-10 18:34:53.565 10642-11608 BufferQueueProducer     com.lagradost.cloudstream3           E  [MediaCodec.release](id:299200000029,api:3,p:10642,c:10642) dequeueBuffer: waitForFreeSlotThenRelock: timeout. dequeuedCount: 20, acquiredCount: 0, mDequeueTimeout: 0
2026-02-10 18:34:53.588 10642-24308 BufferPoolAccessor2.0   com.lagradost.cloudstream3           D  bufferpool2 0xb400007b58433a28 : 5(41943040 size) total buffers - 4(33554432 size) used buffers - 88/94 (recycle/alloc) - 7/95 (fetch/transfer)
2026-02-10 18:34:53.659 10642-11608 BufferQueueProducer     com.lagradost.cloudstream3           E  [MediaCodec.release](id:299200000029,api:3,p:10642,c:10642) dequeueBuffer: waitForFreeSlotThenRelock: timeout. dequeuedCount: 20, acquiredCount: 0, mDequeueTimeout: 0
2026-02-10 18:34:53.714 10642-11135 AAudio                  com.lagradost.cloudstream3           D  AAudioStream_requestStop(s#3) called
2026-02-10 18:34:53.714 10642-11135 AAudio                  com.lagradost.cloudstream3           D  AAudioStream_close(s#3) called ---------------
2026-02-10 18:34:53.714 10642-11135 AudioStrea...nal_Client com.lagradost.cloudstream3           D  release_l(): mServiceStreamHandle = 0x000000A1
2026-02-10 18:34:53.715 10642-11135 AAudioStream            com.lagradost.cloudstream3           D  setState(s#3) from 10 to 11
2026-02-10 18:34:53.736 10642-11607 BufferPoolAccessor2.0   com.lagradost.cloudstream3           D  bufferpool2 0xb400007a8b617228 : 0(0 size) total buffers - 0(0 size) used buffers - 15/20 (recycle/alloc) - 5/17 (fetch/transfer)
2026-02-10 18:34:53.736 10642-11607 BufferPoolAccessor2.0   com.lagradost.cloudstream3           D  evictor expired: 2, evicted: 1
2026-02-10 18:34:53.752 10642-11608 BufferQueueProducer     com.lagradost.cloudstream3           E  [MediaCodec.release](id:299200000029,api:3,p:10642,c:10642) dequeueBuffer: waitForFreeSlotThenRelock: timeout. dequeuedCount: 20, acquiredCount: 0, mDequeueTimeout: 0
2026-02-10 18:34:53.815 10642-10642 SV[2197596...nActivity] com.lagradost.cloudstream3           D  updateSurface: surface is not valid
2026-02-10 18:34:53.816 10642-10642 SV[2197596...nActivity] com.lagradost.cloudstream3           I  releaseSurfaces: viewRoot = VRI[MainActivity]@bb02080
2026-02-10 18:34:53.816 10642-10642 VRI[MainAc...y]@bb02080 com.lagradost.cloudstream3           D  applyTransactionOnDraw applyImmediately
