2026-02-11 15:40:49.902 15870-15870 SurfaceView             com.lagradost.cloudstream3           I  258224364 Changes: creating=false format=false size=false visible=false alpha=false hint=false left=false top=false z=false attached=false lifecycleStrategy=false
2026-02-11 15:40:49.902 15870-15870 SurfaceView             com.lagradost.cloudstream3           I  258224364 Cur surface: Surface(name=null mNativeObject=-5476376617434907136)/@0xb63af41
2026-02-11 15:40:49.902 15870-15870 SurfaceComposerClient   com.lagradost.cloudstream3           D  setCornerRadius ## f6430ec SurfaceView[com.lagradost.cloudstream3/com.lagradost.cloudstream3.MainActivity]@0#249607 cornerRadius=0.000000
2026-02-11 15:40:49.902 15870-15870 SurfaceView             com.lagradost.cloudstream3           I  258224364 surfaceDestroyed
2026-02-11 15:40:49.902 15870-15870 SV[2582243...nActivity] com.lagradost.cloudstream3           I  surfaceDestroyed callback.size 1 #4 android.view.SurfaceView{f6430ec V.E...... ........ 0,0-2560,1440}
2026-02-11 15:40:49.903 15870-16695 libc                    com.lagradost.cloudstream3           W  Access denied finding property "vendor.display.enable_optimal_refresh_rate"
2026-02-11 15:40:49.903 15870-16695 SurfaceUtils            com.lagradost.cloudstream3           D  connecting to surface 0xb400007853348a10, reason connectToSurface
2026-02-11 15:40:49.903 15870-16695 MediaCodec              com.lagradost.cloudstream3           I  [c2.qti.avc.decoder] setting surface generation to 16250882
2026-02-11 15:40:49.903 15870-16695 SurfaceUtils            com.lagradost.cloudstream3           D  disconnecting from surface 0xb400007853348a10, reason connectToSurface(reconnect)
2026-02-11 15:40:49.903 15870-16695 SurfaceUtils            com.lagradost.cloudstream3           D  connecting to surface 0xb400007853348a00, reason connectToSurface(reconnect-with-listener)
2026-02-11 15:40:49.904 15870-16695 Codec2-Out...ufferQueue com.lagradost.cloudstream3           D  remote graphic buffer migration 16/16
2026-02-11 15:40:49.904 15870-16695 Codec2Client            com.lagradost.cloudstream3           D  setOutputSurface -- failed to set consumer usage (6/BAD_INDEX)
2026-02-11 15:40:49.904 15870-16695 Codec2Client            com.lagradost.cloudstream3           D  setOutputSurface -- generation=16250882 consumer usage=0x900
2026-02-11 15:40:49.906 15870-16695 Codec2Client            com.lagradost.cloudstream3           D  Surface configure completed
2026-02-11 15:40:49.906 15870-16695 SurfaceUtils            com.lagradost.cloudstream3           D  disconnecting from surface 0xb400007a957ada10, reason disconnectFromSurface
2026-02-11 15:40:49.915 15870-15870 SV[2582243...nActivity] com.lagradost.cloudstream3           I  updateSurface: mVisible = false mSurface.isValid() = true
2026-02-11 15:40:49.916 15870-15870 SV[2582243...nActivity] com.lagradost.cloudstream3           I  releaseSurfaces: viewRoot = VRI[MainActivity]@e9225f
2026-02-11 15:40:49.916 15870-15870 SurfaceView             com.lagradost.cloudstream3           V  Layout: x=264 y=0 w=2560 h=1440, frame=Rect(0, 0 - 2560, 1440)
2026-02-11 15:40:49.916 15870-15870 SV[2582243...nActivity] com.lagradost.cloudstream3           I  onDetachedFromWindow: tryReleaseSurfaces()
2026-02-11 15:40:49.916 15870-15870 SV[2582243...nActivity] com.lagradost.cloudstream3           I  releaseSurfaces: viewRoot = VRI[MainActivity]@e9225f
2026-02-11 15:40:49.918 15870-15907 SYNCVM                  com.lagradost.cloudstream3           I  updateUserData
2026-02-11 15:40:49.920 15870-15870 CS3ExoPlayer            com.lagradost.cloudstream3           I  releasePlayer
2026-02-11 15:40:49.920 15870-15870 CS3ExoPlayer            com.lagradost.cloudstream3           I  Handle event: PositionEvent(source=Player, fromMs=4463, toMs=4463, durationMs=6320150)
2026-02-11 15:40:49.922 15870-16695 CCodec                  com.lagradost.cloudstream3           I  [c2.qti.avc.decoder] state->set(FLUSHING)
2026-02-11 15:40:49.923 15870-15870 CS3ExoPlayer            com.lagradost.cloudstream3           I  Handle event: StatusEvent(wasPlaying=IsPaused, isPlaying=IsPaused, source=Player)
2026-02-11 15:40:49.925 15870-16696 CCodec                  com.lagradost.cloudstream3           I  [c2.qti.avc.decoder] state->set(FLUSHED)
2026-02-11 15:40:49.925 15870-16700 CCodecBufferChannel     com.lagradost.cloudstream3           D  [c2.qti.avc.decoder#881] Ignoring stale input buffer done callback: last flush index = 138, frameIndex = 134
2026-02-11 15:40:49.925 15870-16686 MediaCodec              com.lagradost.cloudstream3           D  keep callback message for reclaim
2026-02-11 15:40:49.925 15870-16695 CCodec                  com.lagradost.cloudstream3           I  [c2.qti.avc.decoder] state->set(RESUMING)
2026-02-11 15:40:49.925 15870-16695 CCodecConfig            com.lagradost.cloudstream3           I  query failed after returning 16 values (BAD_INDEX)
2026-02-11 15:40:49.926 15870-15870 ExoPlayerImpl           com.lagradost.cloudstream3           I  Release b2e0b63 [AndroidXMedia3/1.8.0] [dm3q, SM-S918B, samsung, 36] [media3.common, media3.ui, media3.exoplayer.hls, media3.exoplayer, media3.decoder, media3.database, media3.session, media3.datasource, media3.datasource.okhttp, media3.extractor, media3.decoder.ffmpeg]
2026-02-11 15:40:49.926 15870-16696 CCodecBufferChannel     com.lagradost.cloudstream3           D  [c2.qti.avc.decoder#881] Discard frames from previous generation.
2026-02-11 15:40:49.926 15870-16696 CCodecBufferChannel     com.lagradost.cloudstream3           D  [c2.qti.avc.decoder#881] Discard frames from previous generation.
2026-02-11 15:40:49.926 15870-16696 CCodecBufferChannel     com.lagradost.cloudstream3           D  [c2.qti.avc.decoder#881] Discard frames from previous generation.
2026-02-11 15:40:49.926 15870-16696 CCodecBufferChannel     com.lagradost.cloudstream3           D  [c2.qti.avc.decoder#881] Discard frames from previous generation.
2026-02-11 15:40:49.926 15870-16696 CCodecBufferChannel     com.lagradost.cloudstream3           D  [c2.qti.avc.decoder#881] flushed work; ignored.
2026-02-11 15:40:49.926 15870-16696 CCodecBufferChannel     com.lagradost.cloudstream3           D  [c2.qti.avc.decoder#881] Discard frames from previous generation.
2026-02-11 15:40:49.926 15870-16696 CCodecBufferChannel     com.lagradost.cloudstream3           D  [c2.qti.avc.decoder#881] flushed work; ignored.
2026-02-11 15:40:49.926 15870-16696 CCodecBufferChannel     com.lagradost.cloudstream3           D  [c2.qti.avc.decoder#881] Discard frames from previous generation.
2026-02-11 15:40:49.926 15870-16696 CCodecBufferChannel     com.lagradost.cloudstream3           D  [c2.qti.avc.decoder#881] flushed work; ignored.
2026-02-11 15:40:49.926 15870-16696 CCodecBufferChannel     com.lagradost.cloudstream3           D  [c2.qti.avc.decoder#881] Discard frames from previous generation.
2026-02-11 15:40:49.926 15870-16696 CCodecBufferChannel     com.lagradost.cloudstream3           D  [c2.qti.avc.decoder#881] flushed work; ignored.
2026-02-11 15:40:49.926 15870-16696 CCodecBufferChannel     com.lagradost.cloudstream3           D  [c2.qti.avc.decoder#881] Discard frames from previous generation.
2026-02-11 15:40:49.926 15870-16696 CCodecBufferChannel     com.lagradost.cloudstream3           D  [c2.qti.avc.decoder#881] flushed work; ignored.
2026-02-11 15:40:49.926 15870-16696 CCodecBufferChannel     com.lagradost.cloudstream3           D  [c2.qti.avc.decoder#881] Discard frames from previous generation.
2026-02-11 15:40:49.927 15870-16695 CCodecBufferChannel     com.lagradost.cloudstream3           I  [c2.qti.avc.decoder#881] 4 initial input buffers available
2026-02-11 15:40:49.927 15870-16695 Codec2Client            com.lagradost.cloudstream3           W  query -- param skipped: index = 1342179345.
2026-02-11 15:40:49.927 15870-16695 Codec2Client            com.lagradost.cloudstream3           W  query -- param skipped: index = 2415921170.
2026-02-11 15:40:49.927 15870-16695 Codec2Client            com.lagradost.cloudstream3           W  query -- param skipped: index = 1610614798.
2026-02-11 15:40:49.929 15870-16695 CCodec                  com.lagradost.cloudstream3           I  [c2.qti.avc.decoder] state->set(RUNNING)
2026-02-11 15:40:49.931 15870-16711 CCodec                  com.lagradost.cloudstream3           I  [c2.android.aac.decoder] state->set(FLUSHING)
2026-02-11 15:40:49.931 15870-16711 CCodec                  com.lagradost.cloudstream3           I  [c2.android.aac.decoder] state->set(FLUSHED)
2026-02-11 15:40:49.931 15870-16686 MediaCodec              com.lagradost.cloudstream3           D  keep callback message for reclaim
2026-02-11 15:40:49.931 15870-16711 CCodec                  com.lagradost.cloudstream3           I  [c2.android.aac.decoder] state->set(RESUMING)
2026-02-11 15:40:49.931 15870-16711 CCodecConfig            com.lagradost.cloudstream3           I  query failed after returning 21 values (BAD_INDEX)
2026-02-11 15:40:49.932 15870-16711 CCodecBufferChannel     com.lagradost.cloudstream3           I  [c2.android.aac.decoder#389] 4 initial input buffers available
2026-02-11 15:40:49.932 15870-16711 Codec2Client            com.lagradost.cloudstream3           W  query -- param skipped: index = 1342179345.
2026-02-11 15:40:49.932 15870-16711 Codec2Client            com.lagradost.cloudstream3           W  query -- param skipped: index = 2415921170.
2026-02-11 15:40:49.932 15870-16711 Codec2Client            com.lagradost.cloudstream3           W  query -- param skipped: index = 1610614798.
2026-02-11 15:40:49.932 15870-16711 CCodec                  com.lagradost.cloudstream3           I  [c2.android.aac.decoder] state->set(RUNNING)
2026-02-11 15:40:49.933 15870-16695 MediaCodec              com.lagradost.cloudstream3           I  [c2.qti.avc.decoder] connecting to the same surface. Nothing to do.
2026-02-11 15:40:49.933 15870-16695 CCodec                  com.lagradost.cloudstream3           I  [c2.qti.avc.decoder] state->set(RELEASING)
2026-02-11 15:40:49.933 15870-16695 CCodecBufferChannel     com.lagradost.cloudstream3           D  [c2.qti.avc.decoder#881] MediaCodec discarded an unknown buffer
2026-02-11 15:40:49.933 15870-16695 CCodecBufferChannel     com.lagradost.cloudstream3           D  [c2.qti.avc.decoder#881] MediaCodec discarded an unknown buffer
2026-02-11 15:40:49.933 15870-16859 CCodec                  com.lagradost.cloudstream3           I  [release][3409] surface -> component
2026-02-11 15:40:49.933 15870-16695 CCodecBufferChannel     com.lagradost.cloudstream3           D  [c2.qti.avc.decoder#881] MediaCodec discarded an unknown buffer
2026-02-11 15:40:49.933 15870-16695 CCodecBufferChannel     com.lagradost.cloudstream3           D  [c2.qti.avc.decoder#881] MediaCodec discarded an unknown buffer
2026-02-11 15:40:49.936 15870-16711 CCodec                  com.lagradost.cloudstream3           I  [c2.android.aac.decoder] state->set(RELEASING)
2026-02-11 15:40:49.936 15870-16711 CCodecBufferChannel     com.lagradost.cloudstream3           D  [c2.android.aac.decoder#389] MediaCodec discarded an unknown buffer
2026-02-11 15:40:49.936 15870-16711 CCodecBufferChannel     com.lagradost.cloudstream3           D  [c2.android.aac.decoder#389] MediaCodec discarded an unknown buffer
2026-02-11 15:40:49.936 15870-16711 CCodecBufferChannel     com.lagradost.cloudstream3           D  [c2.android.aac.decoder#389] MediaCodec discarded an unknown buffer
2026-02-11 15:40:49.936 15870-16711 CCodecBufferChannel     com.lagradost.cloudstream3           D  [c2.android.aac.decoder#389] MediaCodec discarded an unknown buffer
2026-02-11 15:40:49.936 15870-16860 CCodec                  com.lagradost.cloudstream3           I  [release][3409] surface -> component
2026-02-11 15:40:49.939 15870-15870 CS3ExoPlayer            com.lagradost.cloudstream3           I  Handle event: PlayerAttachedEvent(player=null, source=Player)
2026-02-11 15:40:49.939 15870-16860 CCodec                  com.lagradost.cloudstream3           I  [c2.android.aac.decoder] state->set(RELEASED)
2026-02-11 15:40:49.940 15870-15870 MediaSessionImpl        com.lagradost.cloudstream3           I  Release c3b4ea [AndroidXMedia3/1.8.0] [dm3q, SM-S918B, samsung, 36] [media3.common, media3.ui, media3.exoplayer.hls, media3.exoplayer, media3.decoder, media3.database, media3.session, media3.datasource, media3.datasource.okhttp, media3.extractor, media3.decoder.ffmpeg]
2026-02-11 15:40:49.941 15870-15870 ExoPlayerImplInternal   com.lagradost.cloudstream3           W  Ignoring messages sent after release.
2026-02-11 15:40:49.942 15870-16711 Codec2Client            com.lagradost.cloudstream3           I  Component destructing
2026-02-11 15:40:49.942 15870-16711 hw-BpHwBinder           com.lagradost.cloudstream3           I  onLastStrongRef automatically unlinking death recipients
2026-02-11 15:40:49.947 15870-15870 BLASTBufferQueue_Java   com.lagradost.cloudstream3           I  update, w= 1440 h= 3088 mName = VRI[MainActivity]@e9225f mNativeObject= 0xb400007b4562d000 sc.mNativeObject= 0xb40000781fd9b600 format= -3 caller= android.view.ViewRootImpl.updateBlastSurfaceIfNeeded:3574 android.view.ViewRootImpl.relayoutWindow:11685 android.view.ViewRootImpl.performTraversals:4804 android.view.ViewRootImpl.doTraversal:3924 android.view.ViewRootImpl$TraversalRunnable.run:12903 android.view.Choreographer$CallbackRecord.run:1901
2026-02-11 15:40:49.947 15870-15870 VRI[MainAc...ty]@e9225f com.lagradost.cloudstream3           I  Relayout returned: old=(0,0,1440,3088) new=(0,0,1440,3088) relayoutAsync=true req=(1440,3088)0 dur=0 res=0x0 s={true 0xb400007b583a9c00} ch=false seqId=0
2026-02-11 15:40:49.947 15870-15870 VRI[MainAc...ty]@e9225f com.lagradost.cloudstream3           I  updateBoundsLayer: t=android.view.SurfaceControl$Transaction@41dfc4b sc=Surface(name=Bounds for - com.lagradost.cloudstream3/com.lagradost.cloudstream3.MainActivity@0)/@0xa57628 frame=3072
2026-02-11 15:40:49.947 15870-16711 MediaCodec              com.lagradost.cloudstream3           I  Codec shutdown complete
2026-02-11 15:40:49.947 15870-16859 CCodec                  com.lagradost.cloudstream3           I  [c2.qti.avc.decoder] state->set(RELEASED)
2026-02-11 15:40:49.947 15870-16859 Codec2Client            com.lagradost.cloudstream3           I  Component destructing
2026-02-11 15:40:49.947 15870-15870 VRI[MainAc...ty]@e9225f com.lagradost.cloudstream3           I  registerCallbackForPendingTransactions
2026-02-11 15:40:49.947 15870-16859 hw-BpHwBinder           com.lagradost.cloudstream3           I  onLastStrongRef automatically unlinking death recipients
2026-02-11 15:40:49.947 15870-16695 SurfaceUtils            com.lagradost.cloudstream3           D  disconnecting from surface 0xb400007853348a10, reason disconnectFromSurface
2026-02-11 15:40:49.948 15870-16695 MediaCodec              com.lagradost.cloudstream3           I  Codec shutdown complete
2026-02-11 15:40:49.948 15870-15892 SurfaceView             com.lagradost.cloudstream3           D  105947993 windowPositionLost, frameNr = 3072
2026-02-11 15:40:49.948 15870-15927 VRI[MainAc...ty]@e9225f com.lagradost.cloudstream3           I  mWNT: t=0xb400007aa2400c00 mBlastBufferQueue=0xb400007b4562d000 fn= 3072 HdrRenderState mRenderHdrSdrRatio=1.0 caller= android.view.ViewRootImpl$10.onFrameDraw:6536 android.view.ViewRootImpl$4.onFrameDraw:2489 android.view.ThreadedRenderer$1.onFrameDraw:718
2026-02-11 15:40:49.949 15870-16711 CCodecBufferChannel     com.lagradost.cloudstream3           I  CCodecBufferChannel destructing c2.android.aac.decoder#389
2026-02-11 15:40:49.951 15870-16695 CCodecBufferChannel     com.lagradost.cloudstream3           I  CCodecBufferChannel destructing c2.qti.avc.decoder#881
2026-02-11 15:40:50.033 15870-15870 InsetsSourceConsumer    com.lagradost.cloudstream3           I  applyRequestedVisibilityToControl: visible=true, type=navigationBars, host=com.lagradost.cloudstream3/com.lagradost.cloudstream3.MainActivity
2026-02-11 15:40:50.305 15870-16732 MediaHTTPConnection     com.lagradost.cloudstream3           I  [0] - response code = 200
2026-02-11 15:40:50.537 15870-15880 MediaHTTPConnection     com.lagradost.cloudstream3           I  [1567848] - setReadTimeout and setConnectTimeout with 8000ms
2026-02-11 15:40:50.720 15870-15880 MediaHTTPConnection     com.lagradost.cloudstream3           I  [1567848] - response code = 206
2026-02-11 15:40:50.899 15870-15908 MediaMetadataRetriever  com.lagradost.cloudstream3           V  setDataSource return(0)
2026-02-11 15:40:50.899 15870-15908 ApiError                com.lagradost.cloudstream3           D  -------------------------------------------------------------------
2026-02-11 15:40:50.899 15870-15908 ApiError                com.lagradost.cloudstream3           D  safeApiCall: StandaloneCoroutine was cancelled
2026-02-11 15:40:50.899 15870-15908 ApiError                com.lagradost.cloudstream3           D  safeApiCall: StandaloneCoroutine was cancelled
2026-02-11 15:40:50.899 15870-15908 System.err              com.lagradost.cloudstream3           W  kotlinx.coroutines.JobCancellationException: StandaloneCoroutine was cancelled; job=StandaloneCoroutine{Cancelling}@47cbe64
2026-02-11 15:40:50.899 15870-15908 ApiError                com.lagradost.cloudstream3           D  -------------------------------------------------------------------
2026-02-11 15:40:52.238 15870-15870 VRI[MainAc...ty]@e9225f com.lagradost.cloudstream3           I  call setFrameRateCategory for touch hint category=no preference, reason=boost timeout, vri=VRI[MainActivity]@e9225f
2026-02-11 15:40:52.886 15870-15870 VRI[MainAc...ty]@e9225f com.lagradost.cloudstream3           I  handleAppVisibility mAppVisible = true visible = false
2026-02-11 15:40:52.887 15870-15870 VRI[MainAc...ty]@e9225f com.lagradost.cloudstream3           D  visibilityChanged oldVisibility=true newVisibility=false
2026-02-11 15:40:52.887 15870-15870 SV[1786574...nActivity] com.lagradost.cloudstream3           I  onWindowVisibilityChanged(8) false android.view.SurfaceView{aa61896 V.E...... ........ 0,0-1440,750} of VRI[MainActivity]@e9225f
2026-02-11 15:40:52.887 15870-15870 SurfaceView             com.lagradost.cloudstream3           I  178657430 Changes: creating=false format=false size=false visible=true alpha=false hint=false left=false top=false z=false attached=true lifecycleStrategy=false
2026-02-11 15:40:52.887 15870-15870 SurfaceView             com.lagradost.cloudstream3           I  178657430 Cur surface: Surface(name=null mNativeObject=-5476376620412630528)/@0x2d3d5b
2026-02-11 15:40:52.888 15870-15870 SurfaceComposerClient   com.lagradost.cloudstream3           D  setCornerRadius ## aa61896 SurfaceView[com.lagradost.cloudstream3/com.lagradost.cloudstream3.MainActivity]@0#249641 cornerRadius=0.000000
2026-02-11 15:40:52.888 15870-15870 SV[1786574...nActivity] com.lagradost.cloudstream3           I  updateSurface: mVisible = false mSurface.isValid() = true
2026-02-11 15:40:52.888 15870-15870 SV[1786574...nActivity] com.lagradost.cloudstream3           I  updateSurface: mSurfaceCreated = true surfaceChanged = false visibleChanged = true
2026-02-11 15:40:52.888 15870-15870 SurfaceView             com.lagradost.cloudstream3           V  Layout: x=0 y=301 w=1440 h=750, frame=Rect(0, 0 - 1440, 750)
2026-02-11 15:40:52.891 15870-15892 SurfaceView             com.lagradost.cloudstream3           D  202675201 windowPositionLost, frameNr = 0
2026-02-11 15:40:52.891 15870-15892 SV[1786574...nActivity] com.lagradost.cloudstream3           I  aOrMT: VRI[MainActivity]@e9225f t = android.view.SurfaceControl$Transaction@3a182a6 fN = 0 android.view.SurfaceView.-$$Nest$mapplyOrMergeTransaction:0 android.view.SurfaceView$SurfaceViewPositionUpdateListener.positionLost:2025 android.graphics.RenderNode$CompositePositionUpdateListener.positionLost:418
2026-02-11 15:40:52.891 15870-15892 VRI[MainAc...ty]@e9225f com.lagradost.cloudstream3           I  mWNT: t=0xb400007a93f01680 mBlastBufferQueue=0xb400007b4562d000 fn= 0 HdrRenderState mRenderHdrSdrRatio=1.0 caller= android.view.SurfaceView.applyOrMergeTransaction:1863 android.view.SurfaceView.-$$Nest$mapplyOrMergeTransaction:0 android.view.SurfaceView$SurfaceViewPositionUpdateListener.positionLost:2025
2026-02-11 15:40:52.896 15870-15892 HWUI                    com.lagradost.cloudstream3           D  CacheManager::trimMemory(20)
2026-02-11 15:40:52.923 15870-15870 VRI[MainAc...ty]@e9225f com.lagradost.cloudstream3           I  Relayout returned: old=(0,0,1440,3088) new=(0,0,1440,3088) relayoutAsync=false req=(1440,3088)8 dur=7 res=0x2 s={false 0x0} ch=true seqId=0
2026-02-11 15:40:52.924 15870-15870 SV[1786574...nActivity] com.lagradost.cloudstream3           I  windowStopped(true) false android.view.SurfaceView{aa61896 V.E...... ........ 0,0-1440,750} of VRI[MainActivity]@e9225f
2026-02-11 15:40:52.925 15870-15870 SV[1786574...nActivity] com.lagradost.cloudstream3           D  updateSurface: surface is not valid
2026-02-11 15:40:52.925 15870-15870 SurfaceView             com.lagradost.cloudstream3           I  178657430 surfaceDestroyed
2026-02-11 15:40:52.925 15870-15870 SV[1786574...nActivity] com.lagradost.cloudstream3           I  surfaceDestroyed callback.size 0 #1 android.view.SurfaceView{aa61896 V.E...... ........ 0,0-1440,750}
2026-02-11 15:40:52.926 15870-15870 SV[1786574...nActivity] com.lagradost.cloudstream3           I  releaseSurfaces: viewRoot = VRI[MainActivity]@e9225f
2026-02-11 15:40:52.926 15870-15870 VRI[MainAc...ty]@e9225f com.lagradost.cloudstream3           D  applyTransactionOnDraw applyImmediately
2026-02-11 15:40:52.927 15870-15870 SV[1786574...nActivity] com.lagradost.cloudstream3           D  updateSurface: surface is not valid
2026-02-11 15:40:52.927 15870-15870 SV[1786574...nActivity] com.lagradost.cloudstream3           I  releaseSurfaces: viewRoot = VRI[MainActivity]@e9225f
2026-02-11 15:40:52.927 15870-15870 VRI[MainAc...ty]@e9225f com.lagradost.cloudstream3           D  applyTransactionOnDraw applyImmediately
2026-02-11 15:40:52.928 15870-15870 VRI[MainAc...ty]@e9225f com.lagradost.cloudstream3           D  Not drawing due to not visible. Reason=!mAppVisible && !mForceDecorViewVisibility
2026-02-11 15:40:52.928 15870-15870 VRI[MainAc...ty]@e9225f com.lagradost.cloudstream3           D  Pending transaction will not be applied in sync with a draw due to view not visible
2026-02-11 15:40:52.928 15870-15870 VRI[MainAc...ty]@e9225f com.lagradost.cloudstream3           I  mWNT: t=0xb400007b4580d480 mBlastBufferQueue=0xnull fn= 0 HdrRenderState mRenderHdrSdrRatio=1.0 caller= android.view.ViewRootImpl.handleSyncRequestWhenNoAsyncDraw:6733 android.view.ViewRootImpl.performTraversals:5504 android.view.ViewRootImpl.doTraversal:3924
2026-02-11 15:40:52.931 15870-15892 HWUI                    com.lagradost.cloudstream3           D  CacheManager::trimMemory(20)
2026-02-11 15:40:52.934 15870-15870 VRI[MainAc...ty]@e9225f com.lagradost.cloudstream3           I  stopped(true) old = false
2026-02-11 15:40:52.934 15870-15870 VRI[MainAc...ty]@e9225f com.lagradost.cloudstream3           D  WindowStopped on com.lagradost.cloudstream3/com.lagradost.cloudstream3.MainActivity set to true
2026-02-11 15:40:52.934 15870-15892 HWUI                    com.lagradost.cloudstream3           D  CacheManager::trimMemory(20)
2026-02-11 15:40:52.937 15870-15870 AppVisibilityProxy      com.lagradost.cloudstream3           I  onAppEnteredBackground
2026-02-11 15:40:52.938 15870-15870 ActivityProvider        com.lagradost.cloudstream3           D  Activity stopped, clearing ref: MainActivity
2026-02-11 15:40:52.938 15870-15870 WindowOnBackDispatcher  com.lagradost.cloudstream3           W  sendCancelIfRunning: isInProgress=false callback=androidx.activity.OnBackPressedDispatcher$Api34Impl$createOnBackAnimationCallback$1@1261ed1
2026-02-11 15:40:52.941 15870-15870 CS3ExoPlayer            com.lagradost.cloudstream3           I  onStop
2026-02-11 15:40:52.941 15870-15870 CS3ExoPlayer            com.lagradost.cloudstream3           I  saveData
2026-02-11 15:40:52.941 15870-15870 CS3ExoPlayer            com.lagradost.cloudstream3           I  handleEvent Pause
2026-02-11 15:40:52.949 15870-15870 VRI[MainAc...ty]@e9225f com.lagradost.cloudstream3           I  onDisplayChanged oldDisplayState=2 newDisplayState=1
2026-02-11 15:40:52.953 15870-15870 ImeFocusController      com.lagradost.cloudstream3           I  onPreWindowFocus: skipped hasWindowFocus=false mHasImeFocus=true
2026-02-11 15:40:52.963 15870-15870 ImeFocusController      com.lagradost.cloudstream3           I  onPostWindowFocus: skipped hasWindowFocus=false mHasImeFocus=true
2026-02-11 15:40:52.969 15870-15870 SV[1786574...nActivity] com.lagradost.cloudstream3           D  updateSurface: surface is not valid
2026-02-11 15:40:52.969 15870-15870 SV[1786574...nActivity] com.lagradost.cloudstream3           I  releaseSurfaces: viewRoot = VRI[MainActivity]@e9225f
2026-02-11 15:40:52.969 15870-15870 VRI[MainAc...ty]@e9225f com.lagradost.cloudstream3           D  applyTransactionOnDraw applyImmediately
2026-02-11 15:40:52.971 15870-15870 MediaRouter             com.lagradost.cloudstream3           W  Ignoring invalid provider descriptor: null
2026-02-11 15:40:52.971  2223-6725  WindowManager           system_server                        E  win=Window{ed99c2d u0 com.lagradost.cloudstream3/com.lagradost.cloudstream3.MainActivity} destroySurfaces: appStopped=true cleanupOnResume=false win.mWindowRemovalAllowed=false win.mRemoveOnExit=false win.mViewVisibility=8 caller=com.android.server.wm.ActivityRecord.destroySurfaces:25 com.android.server.wm.ActivityRecord.activityStopped:192 com.android.server.wm.ActivityClientController.activityStopped:97 android.app.IActivityClientController$Stub.onTransact:740 com.android.server.wm.ActivityClientController.onTransact:1 android.os.Binder.execTransactInternal:1462 android.os.Binder.execTransact:1401
2026-02-11 15:40:54.892 15870-16699 BufferPoolAccessor2.0   com.lagradost.cloudstream3           D  bufferpool2 0xb400007b582bfa28 : 0(0 size) total buffers - 0(0 size) used buffers - 224/229 (recycle/alloc) - 10/224 (fetch/transfer)
2026-02-11 15:40:54.892 15870-16699 BufferPoolAccessor2.0   com.lagradost.cloudstream3           D  bufferpool2 0xb4000078644e3a28 : 0(0 size) total buffers - 0(0 size) used buffers - 136/142 (recycle/alloc) - 8/139 (fetch/transfer)
2026-02-11 15:40:54.892 15870-16699 BufferPoolAccessor2.0   com.lagradost.cloudstream3           D  evictor expired: 2, evicted: 2
2026-02-11 15:40:57.895  2223-7470  AppOps                  system_server                        E  attributionTag  not declared in manifest of com.lagradost.cloudstream3
2026-02-11 15:40:57.902  2223-4237  AppOps                  system_server                        E  attributionTag  not declared in manifest of com.lagradost.cloudstream3
2026-02-11 15:41:10.802 15870-16154 AAudio                  com.lagradost.cloudstream3           D  AAudioStream_requestStop(s#1) called
2026-02-11 15:41:10.804 15870-16482 AudioStrea...lay_Client com.lagradost.cloudstream3           D  callbackLoop() exiting, result = 192, isActive() = 1 <<<<<<<<<<<<<<
2026-02-11 15:41:10.805 15870-16154 AAudioStream            com.lagradost.cloudstream3           D  joinThread_l() pthread_join succeeded
2026-02-11 15:41:10.805 15870-16154 IsochronousClockModel   com.lagradost.cloudstream3           D  stop(nanos = 621831368489507) max lateness = 289 micros, DSP stalled 0 times
2026-02-11 15:41:10.805 15870-16154 AAudioStream            com.lagradost.cloudstream3           D  setState(s#1) from 4 to 9
2026-02-11 15:41:10.830 15870-16154 AudioStrea...nal_Client com.lagradost.cloudstream3           D  onEventFromServer - got AAUDIO_SERVICE_EVENT_STOPPED
2026-02-11 15:41:10.830 15870-16154 AAudioStream            com.lagradost.cloudstream3           D  setState(s#1) from 9 to 10
2026-02-11 15:41:15.831 15870-16154 AAudio                  com.lagradost.cloudstream3           D  AAudioStream_requestStop(s#1) called
2026-02-11 15:41:15.832 15870-16154 AAudio                  com.lagradost.cloudstream3           D  AAudioStream_close(s#1) called ---------------
2026-02-11 15:41:15.832 15870-16154 AudioStrea...nal_Client com.lagradost.cloudstream3           D  release_l(): mServiceStreamHandle = 0x000000AB
2026-02-11 15:41:15.832 15870-16154 AAudioStream            com.lagradost.cloudstream3           D  setState(s#1) from 10 to 11
2026-02-11 15:41:15.948 15870-16154 AAudioStream            com.lagradost.cloudstream3           D  setState(s#1) from 11 to 11
2026-02-11 15:41:15.948 15870-16154 AAudioStream            com.lagradost.cloudstream3           D  setState(s#1) from 11 to 12
2026-02-11 15:41:15.949 15870-16154 AudioStrea...nal_Client com.lagradost.cloudstream3           D  ~AudioStreamInternal() 0xb400007bcf5cec00 called
2026-02-11 15:41:15.949 15870-16154 AAudioStream            com.lagradost.cloudstream3           D  ~AudioStream(s#1) mPlayerBase strongCount = 2
2026-02-11 15:41:15.949 15870-16154 AAudio                  com.lagradost.cloudstream3           D  AAudioStream_close(s#1) returned 0 ---------
