2026-02-10 18:34:32.370 10642-10642 VRI[MainAc...y]@bb02080 com.lagradost.cloudstream3           I  call setFrameRateCategory for touch hint category=no preference, reason=boost timeout, vri=VRI[MainActivity]@bb02080
2026-02-10 18:34:33.167 10642-10642 VRI[MainAc...y]@bb02080 com.lagradost.cloudstream3           I  ViewPostIme pointer 0
2026-02-10 18:34:33.168 10642-10642 VRI[MainAc...y]@bb02080 com.lagradost.cloudstream3           I  call setFrameRateCategory for touch hint category=high hint, reason=touch, vri=VRI[MainActivity]@bb02080
2026-02-10 18:34:33.216 10642-10642 VRI[MainAc...y]@bb02080 com.lagradost.cloudstream3           I  ViewPostIme pointer 1
2026-02-10 18:34:33.225 10642-10642 CS3ExoPlayer            com.lagradost.cloudstream3           I  newInstance = {}
2026-02-10 18:34:33.225 10642-10642 NavComponent            com.lagradost.cloudstream3           I  Navigating to fragment: 2131362284
2026-02-10 18:34:33.230 10642-10642 ImeTracker              com.lagradost.cloudstream3           I  com.lagradost.cloudstream3:25e6316d: onRequestHide at ORIGIN_CLIENT reason HIDE_SOFT_INPUT fromUser false
2026-02-10 18:34:33.230 10642-10642 InputMethodManager_LC   com.lagradost.cloudstream3           I  hsifw() - flag : 0
2026-02-10 18:34:33.230 10642-10642 InputMethodManager_LC   com.lagradost.cloudstream3           I  hsifw() - mService.hideSoftInput
2026-02-10 18:34:33.231 10642-10642 InsetsController        com.lagradost.cloudstream3           D  hide(ime(), fromIme=false)
2026-02-10 18:34:33.231 10642-10642 ImeTracker              com.lagradost.cloudstream3           I  com.lagradost.cloudstream3:25e6316d: onCancelled at PHASE_CLIENT_ALREADY_HIDDEN
2026-02-10 18:34:33.232 10642-10642 CS3ExoPlayer            com.lagradost.cloudstream3           I  onStop
2026-02-10 18:34:33.232 10642-10642 CS3ExoPlayer            com.lagradost.cloudstream3           I  saveData
2026-02-10 18:34:33.232 10642-10642 CS3ExoPlayer            com.lagradost.cloudstream3           I  handleEvent Pause
2026-02-10 18:34:33.233 10642-10642 CS3ExoPlayer            com.lagradost.cloudstream3           I  unwrapBundle = null
2026-02-10 18:34:33.233 10642-10642 CS3ExoPlayer            com.lagradost.cloudstream3           I  unwrapBundle = Bundle[{resumePosition=0, syncData={}}]
2026-02-10 18:34:33.236 10642-10642 SurfaceView             com.lagradost.cloudstream3           D  219759608 updateSurface: has no frame
2026-02-10 18:34:33.263 10642-10642 SV[2197596...nActivity] com.lagradost.cloudstream3           I  onWindowVisibilityChanged(0) true android.view.SurfaceView{d1943f8 V.E...... ......I. 0,0-0,0} of VRI[MainActivity]@bb02080
2026-02-10 18:34:33.263 10642-10642 SurfaceView             com.lagradost.cloudstream3           D  219759608 updateSurface: has no frame
2026-02-10 18:34:33.263 10642-10642 CS3ExoPlayer            com.lagradost.cloudstream3           I  SET STYLE = SaveCaptionStyle(foregroundColor=-1, backgroundColor=0, windowColor=0, edgeType=1, edgeColor=-16777216, typeface=null, typefaceFilePath=null, elevation=20, fixedTextSize=null, edgeSize=null, removeCaptions=false, removeBloat=true, upperCase=false, bold=false, italic=false, backgroundRadius=null)
2026-02-10 18:34:33.266 10642-10642 CS3ExoPlayer            com.lagradost.cloudstream3           I  unwrapBundle = null
2026-02-10 18:34:33.266 10642-10642 CS3ExoPlayer            com.lagradost.cloudstream3           I  unwrapBundle = Bundle[{resumePosition=0, syncData={}}]
2026-02-10 18:34:33.266 10642-10642 PlayViewGen             com.lagradost.cloudstream3           I  loadLinks
2026-02-10 18:34:33.266 10642-10705 SYNCVM                  com.lagradost.cloudstream3           I  updateUserData
2026-02-10 18:34:33.266 10642-10642 CS3ExoPlayer            com.lagradost.cloudstream3           I  setActiveSubtitles 0
2026-02-10 18:34:33.266 10642-10642 CS3ExoPlayer            com.lagradost.cloudstream3           I  autoSelectFromSettings = null
2026-02-10 18:34:33.267 10642-10705 ArabseedV2              com.lagradost.cloudstream3           D  [loadLinks] START data='https://asd.pics/%d9%81%d9%8a%d9%84%d9%85-%d8%ac%d8%b1%d8%b3-%d8%a5%d9%86%d8%b0%...'
2026-02-10 18:34:33.267 10642-10705 RequestQueue            com.lagradost.cloudstream3           D  [enqueue] Request is LEADER | domain=asd.pics, url=https://asd.pics/%d9%81%d9%8a%d9%84%d9%85-%d8%ac%d8%b1%d8%b3-%d8%a5%d9%86%d8%b0%
2026-02-10 18:34:33.267 10642-10705 ProviderSession         com.lagradost.cloudstream3           D  [buildHeaders] Building request headers | domain=asd.pics, cookieCount=9, hasClearance=true, isValid=true, uaHash=803669695
2026-02-10 18:34:33.267 10642-10705 ProviderSession         com.lagradost.cloudstream3           D  [buildHeaders] Cookie header set | keys=[_ga, cf_clearance, dom3ic8zudi28v8lr6fgphwffqoz0j6c, sb_page_6f4f5c3f5bfa5f5651799c658cb3556b, sb_main_6f4f5c3f5bfa5f5651799c658cb3556b, sb_count_6f4f5c3f5bfa5f5651799c658cb3556b, _ga_D8NNSFR7SN, pp_main_6710543788e9f02584f3584d5416d1e3, pbpr0tpuw4isk85t8yg3jb2lj5vqf]
2026-02-10 18:34:33.267 10642-10705 ProviderHttp            com.lagradost.cloudstream3           D  [executeDirectRequest] Executing HTTP request | url=https://asd.pics/%d9%81%d9%8a%d9%84%d9%85-%d8%ac%d8%b1%d8%b3-%d8%a5%d9%86%d8%b0%, domain=asd.pics, hasCookie=true, cookieKeys=[_ga, cf_clearance, dom3ic8zudi28v8lr6fgphwffqoz0j6c, sb_page_6f4f5c3f5bfa5f5651799c658cb3556b, sb_main_6f4f5c3f5bfa5f5651799c658cb3556b, sb_count_6f4f5c3f5bfa5f5651799c658cb3556b, _ga_D8NNSFR7SN, pp_main_6710543788e9f02584f3584d5416d1e3, pbpr0tpuw4isk85t8yg3jb2lj5vqf]
2026-02-10 18:34:33.379 10642-10642 CS3ExoPlayer            com.lagradost.cloudstream3           I  reloadPlayer
2026-02-10 18:34:33.379 10642-10642 CS3ExoPlayer            com.lagradost.cloudstream3           I  releasePlayer
2026-02-10 18:34:33.380 10642-10642 CS3ExoPlayer            com.lagradost.cloudstream3           I  Handle event: PlayerAttachedEvent(player=null, source=Player)
2026-02-10 18:34:33.387 10642-10642 InsetsController        com.lagradost.cloudstream3           D  Setting requestedVisibleTypes to -16 (was -9)
2026-02-10 18:34:33.388 10642-10642 InsetsController        com.lagradost.cloudstream3           I  setRequestedVisibleTypes: visible=false, mask=statusBars navigationBars captionBar, host=com.lagradost.cloudstream3/com.lagradost.cloudstream3.MainActivity, from=android.view.InsetsController.controlAnimationUnchecked:1604 android.view.InsetsController.applyAnimation:2416 android.view.InsetsController.applyAnimation:2343 android.view.InsetsController.hide:1540 android.view.InsetsController.hide:1450 android.view.ViewRootImpl.controlInsetsForCompatibility:4170 android.view.ViewRootImpl.performTraversals:4757 android.view.ViewRootImpl.doTraversal:3924 android.view.ViewRootImpl$TraversalRunnable.run:12903 android.view.Choreographer$CallbackRecord.run:1901
2026-02-10 18:34:33.388 10642-10642 InsetsController        com.lagradost.cloudstream3           I  controlAnimationUncheckedInner: Added types=statusBars navigationBars, animType=1, host=com.lagradost.cloudstream3/com.lagradost.cloudstream3.MainActivity, from=android.view.InsetsController.controlAnimationUnchecked:1608 android.view.InsetsController.applyAnimation:2416 android.view.InsetsController.applyAnimation:2343
2026-02-10 18:34:33.388 10642-10642 BLASTBufferQueue_Java   com.lagradost.cloudstream3           I  update, w= 1440 h= 3088 mName = VRI[MainActivity]@bb02080 mNativeObject= 0xb400007aa8fb3000 sc.mNativeObject= 0xb400007a98f22d40 format= -3 caller= android.view.ViewRootImpl.updateBlastSurfaceIfNeeded:3574 android.view.ViewRootImpl.relayoutWindow:11685 android.view.ViewRootImpl.performTraversals:4804 android.view.ViewRootImpl.doTraversal:3924 android.view.ViewRootImpl$TraversalRunnable.run:12903 android.view.Choreographer$CallbackRecord.run:1901
2026-02-10 18:34:33.388 10642-10642 VRI[MainAc...y]@bb02080 com.lagradost.cloudstream3           I  Relayout returned: old=(0,0,1440,3088) new=(0,0,1440,3088) relayoutAsync=true req=(1440,3088)0 dur=0 res=0x0 s={true 0xb400007a9de20000} ch=false seqId=0
2026-02-10 18:34:33.389 10642-10642 VRI[MainAc...y]@bb02080 com.lagradost.cloudstream3           I  updateBoundsLayer: t=android.view.SurfaceControl$Transaction@8f78642 sc=Surface(name=Bounds for - com.lagradost.cloudstream3/com.lagradost.cloudstream3.MainActivity@4)/@0x254b01a frame=832
2026-02-10 18:34:33.389 10642-10642 SurfaceView             com.lagradost.cloudstream3           D  219759608 updateSurface: has no frame
2026-02-10 18:34:33.389 10642-10642 SurfaceView             com.lagradost.cloudstream3           I  219759608 Changes: creating=true format=true size=true visible=true alpha=false hint=false left=true top=true z=false attached=true lifecycleStrategy=true
2026-02-10 18:34:33.390 10642-10642 libc                    com.lagradost.cloudstream3           W  Access denied finding property "vendor.display.enable_optimal_refresh_rate"
2026-02-10 18:34:33.390 10642-10642 BufferQueueProducer     com.lagradost.cloudstream3           I  [](id:299200000025,api:0,p:0,c:10642) setDequeueTimeout:2077252342
2026-02-10 18:34:33.390 10642-10642 BLASTBufferQueue_Java   com.lagradost.cloudstream3           I  new BLASTBufferQueue, mName= d1943f8 SurfaceView[com.lagradost.cloudstream3/com.lagradost.cloudstream3.MainActivity]@0 mNativeObject= 0xb4000078327e2000 caller= android.view.SurfaceView.createBlastSurfaceControls:1781 android.view.SurfaceView.updateSurface:1450 android.view.SurfaceView.lambda$new$0:280 android.view.SurfaceView.$r8$lambda$NfZyM_TG8F8lqzaOVZ7noREFjzU:0 android.view.SurfaceView$$ExternalSyntheticLambda1.onPreDraw:0 android.view.ViewTreeObserver.dispatchOnPreDraw:1229 android.view.ViewRootImpl.performTraversals:5448 android.view.ViewRootImpl.doTraversal:3924 android.view.ViewRootImpl$TraversalRunnable.run:12903 android.view.Choreographer$CallbackRecord.run:1901
2026-02-10 18:34:33.390 10642-10642 BLASTBufferQueue_Java   com.lagradost.cloudstream3           I  update, w= 1440 h= 3088 mName = d1943f8 SurfaceView[com.lagradost.cloudstream3/com.lagradost.cloudstream3.MainActivity]@0 mNativeObject= 0xb4000078327e2000 sc.mNativeObject= 0xb4000078342d4380 format= 4 caller= android.view.SurfaceView.createBlastSurfaceControls:1782 android.view.SurfaceView.updateSurface:1450 android.view.SurfaceView.lambda$new$0:280 android.view.SurfaceView.$r8$lambda$NfZyM_TG8F8lqzaOVZ7noREFjzU:0 android.view.SurfaceView$$ExternalSyntheticLambda1.onPreDraw:0 android.view.ViewTreeObserver.dispatchOnPreDraw:1229
2026-02-10 18:34:33.390 10642-10642 SurfaceView             com.lagradost.cloudstream3           I  219759608 Cur surface: Surface(name=null mNativeObject=0)/@0x8d1fd30
2026-02-10 18:34:33.391 10642-10642 SurfaceComposerClient   com.lagradost.cloudstream3           D  setCornerRadius ## d1943f8 SurfaceView[com.lagradost.cloudstream3/com.lagradost.cloudstream3.MainActivity]@0#240975 cornerRadius=0.000000
2026-02-10 18:34:33.391 10642-10642 SV[2197596...nActivity] com.lagradost.cloudstream3           I  pST: sr = Rect(0, 0 - 1440, 3088) sw = 1440 sh = 3088
2026-02-10 18:34:33.391 10642-10642 SurfaceView             com.lagradost.cloudstream3           D  219759608 performSurfaceTransaction RenderWorker position = [0, 0, 1440, 3088] surfaceSize = 1440x3088
2026-02-10 18:34:33.391 10642-10642 libc                    com.lagradost.cloudstream3           W  Access denied finding property "vendor.display.enable_optimal_refresh_rate"
2026-02-10 18:34:33.391 10642-10642 SV[2197596...nActivity] com.lagradost.cloudstream3           I  updateSurface: mVisible = true mSurface.isValid() = true
2026-02-10 18:34:33.391 10642-10642 SV[2197596...nActivity] com.lagradost.cloudstream3           I  updateSurface: mSurfaceCreated = false surfaceChanged = true visibleChanged = true
2026-02-10 18:34:33.391 10642-10642 SurfaceView             com.lagradost.cloudstream3           I  219759608 visibleChanged -- surfaceCreated
2026-02-10 18:34:33.391 10642-10642 SV[2197596...nActivity] com.lagradost.cloudstream3           I  surfaceCreated 0 #8 android.view.SurfaceView{d1943f8 V.E...... ......ID 0,0-1440,3088}
2026-02-10 18:34:33.391 10642-10642 SurfaceView             com.lagradost.cloudstream3           I  219759608 surfaceChanged -- format=4 w=1440 h=3088
2026-02-10 18:34:33.391 10642-10642 SV[2197596...nActivity] com.lagradost.cloudstream3           I  surfaceChanged (1440,3088) 0 #8 android.view.SurfaceView{d1943f8 V.E...... ......ID 0,0-1440,3088}
2026-02-10 18:34:33.391 10642-10642 SurfaceView             com.lagradost.cloudstream3           I  219759608 surfaceRedrawNeeded
2026-02-10 18:34:33.392 10642-10642 SurfaceView             com.lagradost.cloudstream3           I  219759608 finishedDrawing
2026-02-10 18:34:33.393 10642-10642 SurfaceView             com.lagradost.cloudstream3           V  Layout: x=0 y=0 w=1440 h=3088, frame=Rect(0, 0 - 1440, 3088)
2026-02-10 18:34:33.393 10642-10642 VRI[MainAc...y]@bb02080 com.lagradost.cloudstream3           I  registerCallbackForPendingTransactions
2026-02-10 18:34:33.396 10642-10679 SurfaceView             com.lagradost.cloudstream3           D  219759608 updateSurfacePosition RenderWorker, frameNr = 833, position = [72, 154, 1368, 2934] surfaceSize = 1440x3088
2026-02-10 18:34:33.396 10642-10679 SV[2197596...nActivity] com.lagradost.cloudstream3           I  uSP: rtp = Rect(72, 154 - 1368, 2934) rtsw = 1440 rtsh = 3088
2026-02-10 18:34:33.396 10642-10679 SV[2197596...nActivity] com.lagradost.cloudstream3           I  onSSPAndSRT: pl = 72 pt = 154 sx = 0.9 sy = 0.9002591
2026-02-10 18:34:33.396 10642-10679 SV[2197596...nActivity] com.lagradost.cloudstream3           I  aOrMT: VRI[MainActivity]@bb02080 t = android.view.SurfaceControl$Transaction@3920c92 fN = 833 android.view.SurfaceView.-$$Nest$mapplyOrMergeTransaction:0 android.view.SurfaceView$SurfaceViewPositionUpdateListener.positionChanged:1932 android.graphics.RenderNode$CompositePositionUpdateListener.positionChanged:401
2026-02-10 18:34:33.396 10642-10679 VRI[MainAc...y]@bb02080 com.lagradost.cloudstream3           I  mWNT: t=0xb400007a992cb880 mBlastBufferQueue=0xb400007aa8fb3000 fn= 833 HdrRenderState mRenderHdrSdrRatio=1.0 caller= android.view.SurfaceView.applyOrMergeTransaction:1863 android.view.SurfaceView.-$$Nest$mapplyOrMergeTransaction:0 android.view.SurfaceView$SurfaceViewPositionUpdateListener.positionChanged:1932
2026-02-10 18:34:33.396 10642-10720 VRI[MainAc...y]@bb02080 com.lagradost.cloudstream3           I  mWNT: t=0xb400007a992cbb80 mBlastBufferQueue=0xb400007aa8fb3000 fn= 833 HdrRenderState mRenderHdrSdrRatio=1.0 caller= android.view.ViewRootImpl$10.onFrameDraw:6536 android.view.ViewRootImpl$4.onFrameDraw:2489 android.view.ThreadedRenderer$1.onFrameDraw:718
2026-02-10 18:34:33.397 10642-10642 CS3ExoPlayer            com.lagradost.cloudstream3           I  setActiveSubtitles 0
2026-02-10 18:34:33.397 10642-10642 CS3ExoPlayer            com.lagradost.cloudstream3           I  autoSelectFromSettings = null
2026-02-10 18:34:33.397 10642-10642 CS3ExoPlayer            com.lagradost.cloudstream3           I  releasePlayer
2026-02-10 18:34:33.397 10642-10642 CS3ExoPlayer            com.lagradost.cloudstream3           I  Handle event: PlayerAttachedEvent(player=null, source=Player)
2026-02-10 18:34:33.414 10642-10642 ImeTracker              com.lagradost.cloudstream3           I  com.lagradost.cloudstream3:a5add7b: onRequestHide at ORIGIN_CLIENT reason HIDE_SOFT_INPUT fromUser false
2026-02-10 18:34:33.414 10642-10642 InputMethodManager_LC   com.lagradost.cloudstream3           I  hsifw() - flag : 0
2026-02-10 18:34:33.414 10642-10642 InputMethodManager_LC   com.lagradost.cloudstream3           I  hsifw() - mService.hideSoftInput
2026-02-10 18:34:33.414 10642-10642 InsetsController        com.lagradost.cloudstream3           D  hide(ime(), fromIme=false)
2026-02-10 18:34:33.414 10642-10642 ImeTracker              com.lagradost.cloudstream3           I  com.lagradost.cloudstream3:a5add7b: onCancelled at PHASE_CLIENT_ALREADY_HIDDEN
2026-02-10 18:34:33.415 10642-10642 InsetsController        com.lagradost.cloudstream3           I  onStateChanged: host=com.lagradost.cloudstream3/com.lagradost.cloudstream3.MainActivity, from=android.view.ViewRootImpl.onInsetsStateChanged:3026, state=InsetsState: {mDisplayFrame=Rect(0, 0 - 3088, 1440), mDisplayCutout=DisplayCutout{insets=Rect(100, 0 - 0, 0) waterfall=Insets{left=0, top=0, right=0, bottom=0} boundingRect={Bounds=[Rect(0, 684 - 100, 755), Rect(0, 0 - 0, 0), Rect(0, 0 - 0, 0), Rect(0, 0 - 0, 0)]} cutoutPathParserInfo={CutoutPathParserInfo{displayWidth=1440 displayHeight=3088 physicalDisplayWidth=1440 physicalDisplayHeight=3088 density={3.75} cutoutSpec={M 0,0 H -9.466666666666667 V 26.66666666666667‬ H 9.466666666666667 V 0 H 0 Z @dp} rotation={1} scale={1.0} physicalPixelDisplaySizeRatio={1.0}}} sideOverrides={}}, mRoundedCorners=RoundedCorners{[RoundedCorner{position=TopLeft, radius=15, center=Point(15, 15)}, RoundedCorner{position=TopRight, radius=15, center=Point(3073, 15)}, RoundedCorner{position=BottomRight, radius=15, center=Point(3073, 1425)}, RoundedCorner{position=BottomLeft, radius=15, center=Point(15, 1425)}]}  mRoundedCornerFrame=Rect(0, 0 - 3088, 1440), mPrivacyIndicatorBounds=PrivacyIndicatorBounds {static bounds=Rect(2923, 0 - 3088, 113) rotation=1}, mDisplayShape=DisplayShape{ spec=-311912193 displayWidth=1440 displayHeight=3088 physicalPixelDisplaySizeRatio=1.0 rotation=1 offsetX=0 offsetY=0 scale=1.0}, mSources= { InsetsSource: {3 mType=ime mFrame=[0,0][0,0] mVisible=false mFlags= mSideHint=NONE mBoundingRects=null}, InsetsSource: {7 mType=displayCutout mFrame=[0,0][100,1440] mVisible=true mFlags= mSideHint=LEFT mBoundingRects=null}, InsetsSource: {27660001 mType=navigationBars mFrame=[2908,0][3088,1440] mVisible=true mFlags= mSideHint=RIGHT mBoundingRects=null}, InsetsSource: {27660004 mType=systemGestures mFrame=[0,0][0,0] mVisible=true mFlags= mSideHint=NONE mBoundingRects=null}, InsetsSource: {27660005 mType=mandatorySystemGestures mFrame=[2908,0][3088,1440] mVisible=true mFlags= mSideHint=RIGHT mBoundingRects=null}, InsetsSource: {27660006 mType=tappableElement mFrame=[2908,0][3088,1440] mVisible=true mFlags= mSideHint=RIGHT mBoundingRects=null}, InsetsSource: {27660024 mType=systemGestures mFrame=[0,0][0,0] mVisible=true mFlags= mSideHint=NONE mBoundingRects=null}, InsetsSource: {41f30000 mType=statusBars mFrame=[0,0][3088,113] mVisible=true mFlags= mSideHint=TOP mBoundingRects=null}, InsetsSource: {41f30005 mType=mandatorySystemGestures mFrame=[0,0][3088,113] mVisible=true mFlags= mSideHint=TOP mBoundingRects=null}, InsetsSource: {41f30006 mType=tappableElement mFrame=[0,0][3088,113] mVisible=true mFlags= mSideHint=TOP mBoundingRects=null} }
2026-02-10 18:34:33.415 10642-10642 VRI[MainAc...y]@bb02080 com.lagradost.cloudstream3           I  handleResized, frames=ClientWindowFrames{frame=[100,0][3088,1440] display=[100,0][3088,1440] parentFrame=[0,0][0,0]} displayId=0 dragResizing=false compatScale=1.0 frameChanged=true attachedFrameChanged=false configChanged=true displayChanged=false compatScaleChanged=false dragResizingChanged=false
2026-02-10 18:34:33.415 10642-10642 VRI[MainAc...y]@bb02080 com.lagradost.cloudstream3           I  handleResized mSyncSeqId = 0
2026-02-10 18:34:33.415 10642-10642 VRI[MainAc...y]@bb02080 com.lagradost.cloudstream3           D  reportNextDraw android.view.ViewRootImpl.handleResized:2983 android.view.ViewRootImpl.-$$Nest$mhandleResized:0 android.view.ViewRootImpl$W.resized:14082 android.app.servertransaction.WindowStateResizeItem.execute:93 android.app.servertransaction.WindowStateTransactionItem.execute:62
2026-02-10 18:34:33.419 10642-10642 InsetsController        com.lagradost.cloudstream3           I  onStateChanged: host=com.lagradost.cloudstream3/com.lagradost.cloudstream3.MainActivity, from=android.view.ViewRootImpl.onInsetsStateChanged:3026, state=InsetsState: {mDisplayFrame=Rect(0, 0 - 3088, 1440), mDisplayCutout=DisplayCutout{insets=Rect(100, 0 - 0, 0) waterfall=Insets{left=0, top=0, right=0, bottom=0} boundingRect={Bounds=[Rect(0, 684 - 100, 755), Rect(0, 0 - 0, 0), Rect(0, 0 - 0, 0), Rect(0, 0 - 0, 0)]} cutoutPathParserInfo={CutoutPathParserInfo{displayWidth=1440 displayHeight=3088 physicalDisplayWidth=1440 physicalDisplayHeight=3088 density={3.75} cutoutSpec={M 0,0 H -9.466666666666667 V 26.66666666666667‬ H 9.466666666666667 V 0 H 0 Z @dp} rotation={1} scale={1.0} physicalPixelDisplaySizeRatio={1.0}}} sideOverrides={}}, mRoundedCorners=RoundedCorners{[RoundedCorner{position=TopLeft, radius=15, center=Point(15, 15)}, RoundedCorner{position=TopRight, radius=15, center=Point(3073, 15)}, RoundedCorner{position=BottomRight, radius=15, center=Point(3073, 1425)}, RoundedCorner{position=BottomLeft, radius=15, center=Point(15, 1425)}]}  mRoundedCornerFrame=Rect(0, 0 - 3088, 1440), mPrivacyIndicatorBounds=PrivacyIndicatorBounds {static bounds=Rect(2923, 0 - 3088, 113) rotation=1}, mDisplayShape=DisplayShape{ spec=-311912193 displayWidth=1440 displayHeight=3088 physicalPixelDisplaySizeRatio=1.0 rotation=1 offsetX=0 offsetY=0 scale=1.0}, mSources= { InsetsSource: {3 mType=ime mFrame=[0,0][0,0] mVisible=false mFlags= mSideHint=NONE mBoundingRects=null}, InsetsSource: {7 mType=displayCutout mFrame=[0,0][100,1440] mVisible=true mFlags= mSideHint=LEFT mBoundingRects=null}, InsetsSource: {27660001 mType=navigationBars mFrame=[2908,0][3088,1440] mVisible=false mFlags= mSideHint=RIGHT mBoundingRects=null}, InsetsSource: {27660004 mType=systemGestures mFrame=[0,0][0,0] mVisible=true mFlags= mSideHint=NONE mBoundingRects=null}, InsetsSource: {27660005 mType=mandatorySystemGestures mFrame=[2908,0][3088,1440] mVisible=true mFlags= mSideHint=RIGHT mBoundingRects=null}, InsetsSource: {27660006 mType=tappableElement mFrame=[2908,0][3088,1440] mVisible=true mFlags= mSideHint=RIGHT mBoundingRects=null}, InsetsSource: {27660024 mType=systemGestures mFrame=[0,0][0,0] mVisible=true mFlags= mSideHint=NONE mBoundingRects=null}, InsetsSource: {41f30000 mType=statusBars mFrame=[0,0][3088,113] mVisible=false mFlags= mSideHint=TOP mBoundingRects=null}, InsetsSource: {41f30005 mType=mandatorySystemGestures mFrame=[0,0][3088,113] mVisible=true mFlags= mSideHint=TOP mBoundingRects=null}, InsetsSource: {41f30006 mType=tappableElement mFrame=[0,0][3088,113] mVisible=true mFlags= mSideHint=TOP mBoundingRects=null} }
2026-02-10 18:34:33.419 10642-10642 BLASTBufferQueue_Java   com.lagradost.cloudstream3           I  update, w= 3088 h= 1440 mName = VRI[MainActivity]@bb02080 mNativeObject= 0xb400007aa8fb3000 sc.mNativeObject= 0xb400007834117940 format= -3 caller= android.view.ViewRootImpl.updateBlastSurfaceIfNeeded:3574 android.view.ViewRootImpl.relayoutWindow:11685 android.view.ViewRootImpl.performTraversals:4804 android.view.ViewRootImpl.doTraversal:3924 android.view.ViewRootImpl$TraversalRunnable.run:12903 android.view.Choreographer$CallbackRecord.run:1901
2026-02-10 18:34:33.420 10642-10642 VRI[MainAc...y]@bb02080 com.lagradost.cloudstream3           I  Relayout returned: old=(100,0,3088,1440) new=(0,0,3088,1440) relayoutAsync=false req=(2988,1440)0 dur=2 res=0x1 s={true 0xb400007a9de20000} ch=false seqId=0
2026-02-10 18:34:33.420 10642-10642 VRI[MainAc...y]@bb02080 com.lagradost.cloudstream3           D  mThreadedRenderer.updateSurface() mSurface={isValid=true 0xb400007a9de20000}
2026-02-10 18:34:33.420 10642-10642 VRI[MainAc...y]@bb02080 com.lagradost.cloudstream3           I  updateBoundsLayer: t=android.view.SurfaceControl$Transaction@8f78642 sc=Surface(name=Bounds for - com.lagradost.cloudstream3/com.lagradost.cloudstream3.MainActivity@4)/@0x254b01a frame=836
2026-02-10 18:34:33.420 10642-10642 SurfaceView             com.lagradost.cloudstream3           I  219759608 Changes: creating=false format=false size=true visible=false alpha=false hint=true left=false top=false z=false attached=true lifecycleStrategy=false
2026-02-10 18:34:33.420 10642-10642 SurfaceView             com.lagradost.cloudstream3           I  219759608 Cur surface: Surface(name=null mNativeObject=-5476376620247487488)/@0x8d1fd30
2026-02-10 18:34:33.420 10642-10642 SurfaceComposerClient   com.lagradost.cloudstream3           D  setCornerRadius ## d1943f8 SurfaceView[com.lagradost.cloudstream3/com.lagradost.cloudstream3.MainActivity]@0#240975 cornerRadius=0.000000
2026-02-10 18:34:33.421 10642-10642 BLASTBufferQueue_Java   com.lagradost.cloudstream3           I  update, w= 3088 h= 1440 mName = d1943f8 SurfaceView[com.lagradost.cloudstream3/com.lagradost.cloudstream3.MainActivity]@0 mNativeObject= 0xb4000078327e2000 sc.mNativeObject= 0xb4000078342d4380 format= 4 caller= android.view.SurfaceView.setBufferSize:1703 android.view.SurfaceView.performSurfaceTransaction:1238 android.view.SurfaceView.updateSurface:1467 android.view.SurfaceView.setFrame:716 android.view.View.layout:26931 android.widget.FrameLayout.layoutChildren:345
2026-02-10 18:34:33.421 10642-10642 SV[2197596...nActivity] com.lagradost.cloudstream3           I  pST: sr = Rect(0, 0 - 3088, 1440) sw = 3088 sh = 1440
2026-02-10 18:34:33.421 10642-10642 SurfaceView             com.lagradost.cloudstream3           D  219759608 performSurfaceTransaction RenderWorker position = [0, 0, 3088, 1440] surfaceSize = 3088x1440
2026-02-10 18:34:33.421 10642-10642 SV[2197596...nActivity] com.lagradost.cloudstream3           I  updateSurface: mVisible = true mSurface.isValid() = true
2026-02-10 18:34:33.421 10642-10642 SV[2197596...nActivity] com.lagradost.cloudstream3           I  updateSurface: mSurfaceCreated = true surfaceChanged = false visibleChanged = false
2026-02-10 18:34:33.421 10642-10642 SurfaceView             com.lagradost.cloudstream3           I  219759608 surfaceChanged -- format=4 w=3088 h=1440
2026-02-10 18:34:33.422 10642-10642 SV[2197596...nActivity] com.lagradost.cloudstream3           I  surfaceChanged (3088,1440) 0 #5 android.view.SurfaceView{d1943f8 V.E...... ......ID 0,0-3088,1440}
2026-02-10 18:34:33.422 10642-10642 SurfaceView             com.lagradost.cloudstream3           I  219759608 surfaceRedrawNeeded
2026-02-10 18:34:33.422 10642-10642 SurfaceView             com.lagradost.cloudstream3           I  219759608 finishedDrawing
2026-02-10 18:34:33.422 10642-10642 SurfaceView             com.lagradost.cloudstream3           V  Layout: x=0 y=0 w=3088 h=1440, frame=Rect(0, 0 - 3088, 1440)
2026-02-10 18:34:33.422 10642-10642 VRI[MainAc...y]@bb02080 com.lagradost.cloudstream3           D  reportNextDraw android.view.ViewRootImpl.performTraversals:5443 android.view.ViewRootImpl.doTraversal:3924 android.view.ViewRootImpl$TraversalRunnable.run:12903 android.view.Choreographer$CallbackRecord.run:1901 android.view.Choreographer$CallbackRecord.run:1910
2026-02-10 18:34:33.422 10642-10642 SurfaceView             com.lagradost.cloudstream3           I  251767904 Changes: creating=false format=false size=false visible=false alpha=false hint=true left=false top=false z=false attached=true lifecycleStrategy=false
2026-02-10 18:34:33.422 10642-10642 SurfaceView             com.lagradost.cloudstream3           I  251767904 Cur surface: Surface(name=null mNativeObject=-5476376620247499008)/@0x62d1305
2026-02-10 18:34:33.422 10642-10642 SurfaceComposerClient   com.lagradost.cloudstream3           D  setCornerRadius ## f01ac60 SurfaceView[com.lagradost.cloudstream3/com.lagradost.cloudstream3.MainActivity]@0#240969 cornerRadius=0.000000
2026-02-10 18:34:33.422 10642-10642 BLASTBufferQueue_Java   com.lagradost.cloudstream3           I  update, w= 1440 h= 750 mName = f01ac60 SurfaceView[com.lagradost.cloudstream3/com.lagradost.cloudstream3.MainActivity]@0 mNativeObject= 0xb400007832db8000 sc.mNativeObject= 0xb400007834117700 format= 4 caller= android.view.SurfaceView.setBufferSize:1703 android.view.SurfaceView.performSurfaceTransaction:1238 android.view.SurfaceView.updateSurface:1467 android.view.SurfaceView.lambda$new$0:280 android.view.SurfaceView.$r8$lambda$NfZyM_TG8F8lqzaOVZ7noREFjzU:0 android.view.SurfaceView$$ExternalSyntheticLambda1.onPreDraw:0
2026-02-10 18:34:33.422 10642-10642 SV[2517679...nActivity] com.lagradost.cloudstream3           I  updateSurface: mVisible = true mSurface.isValid() = true
2026-02-10 18:34:33.422 10642-10642 SV[2517679...nActivity] com.lagradost.cloudstream3           I  updateSurface: mSurfaceCreated = true surfaceChanged = false visibleChanged = false
2026-02-10 18:34:33.422 10642-10642 SurfaceView             com.lagradost.cloudstream3           I  251767904 surfaceChanged -- format=4 w=1440 h=750
2026-02-10 18:34:33.422 10642-10642 SV[2517679...nActivity] com.lagradost.cloudstream3           I  surfaceChanged (1440,750) 0 #8 android.view.SurfaceView{f01ac60 V.E...... ........ 0,0-1440,750}
2026-02-10 18:34:33.422 10642-10642 SurfaceView             com.lagradost.cloudstream3           I  251767904 surfaceRedrawNeeded
2026-02-10 18:34:33.422 10642-10642 SurfaceView             com.lagradost.cloudstream3           I  251767904 finishedDrawing
2026-02-10 18:34:33.422 10642-10642 SurfaceView             com.lagradost.cloudstream3           V  Layout: x=0 y=288 w=1440 h=750, frame=Rect(0, 0 - 1440, 750)
2026-02-10 18:34:33.422 10642-10642 VRI[MainAc...y]@bb02080 com.lagradost.cloudstream3           D  Setup new sync=wmsSync-VRI[MainActivity]@bb02080#6
2026-02-10 18:34:33.422 10642-10642 VRI[MainAc...y]@bb02080 com.lagradost.cloudstream3           I  Creating new active sync group VRI[MainActivity]@bb02080#7
2026-02-10 18:34:33.423 10642-10642 VRI[MainAc...y]@bb02080 com.lagradost.cloudstream3           D  registerCallbacksForSync syncBuffer=false
2026-02-10 18:34:33.424 10642-10679 SurfaceView             com.lagradost.cloudstream3           D  251767904 updateSurfacePosition RenderWorker, frameNr = 836, position = [8, 301, 1432, 1043] surfaceSize = 1440x750
2026-02-10 18:34:33.424 10642-10679 SV[2517679...nActivity] com.lagradost.cloudstream3           I  uSP: rtp = Rect(8, 301 - 1432, 1043) rtsw = 1440 rtsh = 750
2026-02-10 18:34:33.424 10642-10679 SV[2517679...nActivity] com.lagradost.cloudstream3           I  onSSPAndSRT: pl = 8 pt = 301 sx = 0.98888886 sy = 0.98933333
2026-02-10 18:34:33.424 10642-10679 SV[2517679...nActivity] com.lagradost.cloudstream3           I  aOrMT: VRI[MainActivity]@bb02080 t = android.view.SurfaceControl$Transaction@cf3e58b fN = 836 android.view.SurfaceView.-$$Nest$mapplyOrMergeTransaction:0 android.view.SurfaceView$SurfaceViewPositionUpdateListener.positionChanged:1932 android.graphics.RenderNode$CompositePositionUpdateListener.positionChanged:401
2026-02-10 18:34:33.424 10642-10679 VRI[MainAc...y]@bb02080 com.lagradost.cloudstream3           I  mWNT: t=0xb400007a992ca800 mBlastBufferQueue=0xb400007aa8fb3000 fn= 836 HdrRenderState mRenderHdrSdrRatio=1.0 caller= android.view.SurfaceView.applyOrMergeTransaction:1863 android.view.SurfaceView.-$$Nest$mapplyOrMergeTransaction:0 android.view.SurfaceView$SurfaceViewPositionUpdateListener.positionChanged:1932
2026-02-10 18:34:33.424  2223-5980  TransitionChain         system_server                        E  Mismatch between current collecting (TransitionRecord{55c51eb id=18610 type=CHANGE flags=0x0 c=[
                                                                                                       ChangeInfo{6466545 container=ActivityRecord{76492033 u0 com.lagradost.cloudstream3/.MainActivity t27237} flags=0x0}
                                                                                                       ChangeInfo{732549a container=Task{5f29db7 #27237 type=standard A=10716:com.lagradost.cloudstream3} flags=0x0}
                                                                                                       ChangeInfo{6b12d92 container=Display{#0 state=ON size=3088x1440 ROTATION_90} flags=0x0}
                                                                                                       ChangeInfo{f5121cb container=DefaultTaskDisplayArea_d0@238175141 flags=0x0}
                                                                                                    ]
                                                                                                    }) and chain (TransitionRecord{55c51eb id=18610 type=CHANGE flags=0x0 c=[
                                                                                                       ChangeInfo{6466545 container=ActivityRecord{76492033 u0 com.lagradost.cloudstream3/.MainActivity t27237} flags=0x0}
                                                                                                       ChangeInfo{732549a container=Task{5f29db7 #27237 type=standard A=10716:com.lagradost.cloudstream3} flags=0x0}
                                                                                                       ChangeInfo{6b12d92 container=Display{#0 state=ON size=3088x1440 ROTATION_90} flags=0x0}
                                                                                                       ChangeInfo{f5121cb container=DefaultTaskDisplayArea_d0@238175141 flags=0x0}
                                                                                                    ]
                                                                                                    })
2026-02-10 18:34:33.424 10642-10679 SurfaceView             com.lagradost.cloudstream3           D  219759608 updateSurfacePosition RenderWorker, frameNr = 836, position = [63, 136, 2879, 1450] surfaceSize = 3088x1440
2026-02-10 18:34:33.424 10642-10679 SV[2197596...nActivity] com.lagradost.cloudstream3           I  uSP: rtp = Rect(63, 136 - 2879, 1450) rtsw = 3088 rtsh = 1440
2026-02-10 18:34:33.424 10642-10679 SV[2197596...nActivity] com.lagradost.cloudstream3           I  onSSPAndSRT: pl = 63 pt = 136 sx = 0.9119171 sy = 0.9125
2026-02-10 18:34:33.424 10642-10679 SV[2197596...nActivity] com.lagradost.cloudstream3           I  aOrMT: VRI[MainActivity]@bb02080 t = android.view.SurfaceControl$Transaction@5898db7 fN = 836 android.view.SurfaceView.-$$Nest$mapplyOrMergeTransaction:0 android.view.SurfaceView$SurfaceViewPositionUpdateListener.positionChanged:1932 android.graphics.RenderNode$CompositePositionUpdateListener.positionChanged:401
2026-02-10 18:34:33.424  2223-5980  TransitionChain         system_server                        E  Mismatch between current collecting (TransitionRecord{55c51eb id=18610 type=CHANGE flags=0x0 c=[
                                                                                                       ChangeInfo{6466545 container=ActivityRecord{76492033 u0 com.lagradost.cloudstream3/.MainActivity t27237} flags=0x0}
                                                                                                       ChangeInfo{732549a container=Task{5f29db7 #27237 type=standard A=10716:com.lagradost.cloudstream3} flags=0x0}
                                                                                                       ChangeInfo{6b12d92 container=Display{#0 state=ON size=3088x1440 ROTATION_90} flags=0x0}
                                                                                                       ChangeInfo{f5121cb container=DefaultTaskDisplayArea_d0@238175141 flags=0x0}
                                                                                                    ]
                                                                                                    }) and chain (TransitionRecord{55c51eb id=18610 type=CHANGE flags=0x0 c=[
                                                                                                       ChangeInfo{6466545 container=ActivityRecord{76492033 u0 com.lagradost.cloudstream3/.MainActivity t27237} flags=0x0}
                                                                                                       ChangeInfo{732549a container=Task{5f29db7 #27237 type=standard A=10716:com.lagradost.cloudstream3} flags=0x0}
                                                                                                       ChangeInfo{6b12d92 container=Display{#0 state=ON size=3088x1440 ROTATION_90} flags=0x0}
                                                                                                       ChangeInfo{f5121cb container=DefaultTaskDisplayArea_d0@238175141 flags=0x0}
                                                                                                    ]
                                                                                                    })
2026-02-10 18:34:33.424 10642-10679 VRI[MainAc...y]@bb02080 com.lagradost.cloudstream3           I  mWNT: t=0xb400007a9947b480 mBlastBufferQueue=0xb400007aa8fb3000 fn= 836 HdrRenderState mRenderHdrSdrRatio=1.0 caller= android.view.SurfaceView.applyOrMergeTransaction:1863 android.view.SurfaceView.-$$Nest$mapplyOrMergeTransaction:0 android.view.SurfaceView$SurfaceViewPositionUpdateListener.positionChanged:1932
2026-02-10 18:34:33.424 10642-10719 VRI[MainAc...y]@bb02080 com.lagradost.cloudstream3           D  Received frameDrawingCallback syncResult=0 frameNum=836.
2026-02-10 18:34:33.424 10642-10719 VRI[MainAc...y]@bb02080 com.lagradost.cloudstream3           I  mWNT: t=0xb400007a9947bd80 mBlastBufferQueue=0xb400007aa8fb3000 fn= 836 HdrRenderState mRenderHdrSdrRatio=1.0 caller= android.view.ViewRootImpl$12.onFrameDraw:15441 android.view.ThreadedRenderer$1.onFrameDraw:718 <bottom of call stack>
2026-02-10 18:34:33.424 10642-10719 VRI[MainAc...y]@bb02080 com.lagradost.cloudstream3           I  Setting up sync and frameCommitCallback
2026-02-10 18:34:33.437 10642-10679 VRI[MainAc...y]@bb02080 com.lagradost.cloudstream3           I  Received frameCommittedCallback lastAttemptedDrawFrameNum=836 didProduceBuffer=true
2026-02-10 18:34:33.437 10642-10642 VRI[MainAc...y]@bb02080 com.lagradost.cloudstream3           D  reportDrawFinished seqId=0
2026-02-10 18:34:33.437 10642-10642 VRI[MainAc...y]@bb02080 com.lagradost.cloudstream3           I  handleResized, frames=ClientWindowFrames{frame=[0,0][3088,1440] display=[0,0][3088,1440] parentFrame=[0,0][0,0]} displayId=0 dragResizing=false compatScale=1.0 frameChanged=false attachedFrameChanged=false configChanged=false displayChanged=false compatScaleChanged=false dragResizingChanged=false
2026-02-10 18:34:33.437 10642-10642 VRI[MainAc...y]@bb02080 com.lagradost.cloudstream3           I  handleResized mSyncSeqId = 0
2026-02-10 18:34:33.437 10642-10642 VRI[MainAc...y]@bb02080 com.lagradost.cloudstream3           D  reportNextDraw android.view.ViewRootImpl.handleResized:2983 android.view.ViewRootImpl.-$$Nest$mhandleResized:0 android.view.ViewRootImpl$W.resized:14082 android.app.servertransaction.WindowStateResizeItem.execute:93 android.app.servertransaction.WindowStateTransactionItem.execute:62
2026-02-10 18:34:33.437 10642-10642 VRI[MainAc...y]@bb02080 com.lagradost.cloudstream3           I  handleResized, frames=ClientWindowFrames{frame=[0,0][3088,1440] display=[0,0][3088,1440] parentFrame=[0,0][0,0]} displayId=0 dragResizing=false compatScale=1.0 frameChanged=false attachedFrameChanged=false configChanged=false displayChanged=false compatScaleChanged=false dragResizingChanged=false
2026-02-10 18:34:33.437 10642-10642 VRI[MainAc...y]@bb02080 com.lagradost.cloudstream3           I  handleResized mSyncSeqId = 0
2026-02-10 18:34:33.437 10642-10642 VRI[MainAc...y]@bb02080 com.lagradost.cloudstream3           D  reportNextDraw android.view.ViewRootImpl.handleResized:2983 android.view.ViewRootImpl.-$$Nest$mhandleResized:0 android.view.ViewRootImpl$W.resized:14082 android.app.servertransaction.WindowStateResizeItem.execute:93 android.app.servertransaction.WindowStateTransactionItem.execute:62
2026-02-10 18:34:33.439 10642-10642 VRI[MainAc...y]@bb02080 com.lagradost.cloudstream3           D  Setup new sync=wmsSync-VRI[MainActivity]@bb02080#8
2026-02-10 18:34:33.439 10642-10642 VRI[MainAc...y]@bb02080 com.lagradost.cloudstream3           I  Creating new active sync group VRI[MainActivity]@bb02080#9
2026-02-10 18:34:33.459 10642-10642 VRI[MainAc...y]@bb02080 com.lagradost.cloudstream3           D  registerCallbacksForSync syncBuffer=false
2026-02-10 18:34:33.462 10642-10720 VRI[MainAc...y]@bb02080 com.lagradost.cloudstream3           D  Received frameDrawingCallback syncResult=8 frameNum=839.
2026-02-10 18:34:33.462 10642-10720 VRI[MainAc...y]@bb02080 com.lagradost.cloudstream3           I  Setting up sync and frameCommitCallback
2026-02-10 18:34:33.466 10642-11121 WebViewStrategy         com.lagradost.cloudstream3           D  [isVideoUrl] URL blacklisted | url=https://asd.pics/favicon.ico
2026-02-10 18:34:33.467 10642-10679 VRI[MainAc...y]@bb02080 com.lagradost.cloudstream3           I  Received frameCommittedCallback lastAttemptedDrawFrameNum=839 didProduceBuffer=true
2026-02-10 18:34:33.467 10642-10679 VRI[MainAc...y]@bb02080 com.lagradost.cloudstream3           D  reportDrawFinished seqId=0
2026-02-10 18:34:33.467 10642-10679 SurfaceView             com.lagradost.cloudstream3           D  251767904 updateSurfacePosition RenderWorker, frameNr = 840, position = [23, 325, 1417, 1052] surfaceSize = 1440x750
2026-02-10 18:34:33.467 10642-10679 SV[2517679...nActivity] com.lagradost.cloudstream3           I  uSP: rtp = Rect(23, 325 - 1417, 1052) rtsw = 1440 rtsh = 750
2026-02-10 18:34:33.467 10642-10679 SV[2517679...nActivity] com.lagradost.cloudstream3           I  onSSPAndSRT: pl = 23 pt = 325 sx = 0.96805555 sy = 0.96933335
2026-02-10 18:34:33.467 10642-10679 SV[2517679...nActivity] com.lagradost.cloudstream3           I  aOrMT: VRI[MainActivity]@bb02080 t = android.view.SurfaceControl$Transaction@cf3e58b fN = 840 android.view.SurfaceView.-$$Nest$mapplyOrMergeTransaction:0 android.view.SurfaceView$SurfaceViewPositionUpdateListener.positionChanged:1932 android.graphics.RenderNode$CompositePositionUpdateListener.positionChanged:401
2026-02-10 18:34:33.468 10642-10679 VRI[MainAc...y]@bb02080 com.lagradost.cloudstream3           I  mWNT: t=0xb400007a992ca800 mBlastBufferQueue=0xb400007aa8fb3000 fn= 840 HdrRenderState mRenderHdrSdrRatio=1.0 caller= android.view.SurfaceView.applyOrMergeTransaction:1863 android.view.SurfaceView.-$$Nest$mapplyOrMergeTransaction:0 android.view.SurfaceView$SurfaceViewPositionUpdateListener.positionChanged:1932
2026-02-10 18:34:33.468 10642-10679 SurfaceView             com.lagradost.cloudstream3           D  219759608 updateSurfacePosition RenderWorker, frameNr = 840, position = [48, 104, 2929, 1448] surfaceSize = 3088x1440
2026-02-10 18:34:33.468 10642-10679 SV[2197596...nActivity] com.lagradost.cloudstream3           I  uSP: rtp = Rect(48, 104 - 2929, 1448) rtsw = 3088 rtsh = 1440
2026-02-10 18:34:33.468 10642-10679 SV[2197596...nActivity] com.lagradost.cloudstream3           I  onSSPAndSRT: pl = 48 pt = 104 sx = 0.9329663 sy = 0.93333334
2026-02-10 18:34:33.468 10642-10679 SV[2197596...nActivity] com.lagradost.cloudstream3           I  aOrMT: VRI[MainActivity]@bb02080 t = android.view.SurfaceControl$Transaction@5898db7 fN = 840 android.view.SurfaceView.-$$Nest$mapplyOrMergeTransaction:0 android.view.SurfaceView$SurfaceViewPositionUpdateListener.positionChanged:1932 android.graphics.RenderNode$CompositePositionUpdateListener.positionChanged:401
2026-02-10 18:34:33.468 10642-10679 VRI[MainAc...y]@bb02080 com.lagradost.cloudstream3           I  mWNT: t=0xb400007a9947b480 mBlastBufferQueue=0xb400007aa8fb3000 fn= 840 HdrRenderState mRenderHdrSdrRatio=1.0 caller= android.view.SurfaceView.applyOrMergeTransaction:1863 android.view.SurfaceView.-$$Nest$mapplyOrMergeTransaction:0 android.view.SurfaceView$SurfaceViewPositionUpdateListener.positionChanged:1932
2026-02-10 18:34:33.472 10642-10679 SurfaceView             com.lagradost.cloudstream3           D  251767904 updateSurfacePosition RenderWorker, frameNr = 840, position = [42, 356, 1398, 1063] surfaceSize = 1440x750
2026-02-10 18:34:33.472 10642-10679 SV[2517679...nActivity] com.lagradost.cloudstream3           I  uSP: rtp = Rect(42, 356 - 1398, 1063) rtsw = 1440 rtsh = 750
2026-02-10 18:34:33.472 10642-10679 SV[2517679...nActivity] com.lagradost.cloudstream3           I  onSSPAndSRT: pl = 42 pt = 356 sx = 0.94166666 sy = 0.94266665
2026-02-10 18:34:33.472 10642-10679 SV[2517679...nActivity] com.lagradost.cloudstream3           I  aOrMT: VRI[MainActivity]@bb02080 t = android.view.SurfaceControl$Transaction@cf3e58b fN = 840 android.view.SurfaceView.-$$Nest$mapplyOrMergeTransaction:0 android.view.SurfaceView$SurfaceViewPositionUpdateListener.positionChanged:1932 android.graphics.RenderNode$CompositePositionUpdateListener.positionChanged:401
2026-02-10 18:34:33.472 10642-10679 VRI[MainAc...y]@bb02080 com.lagradost.cloudstream3           I  mWNT: t=0xb400007a992ca800 mBlastBufferQueue=0xb400007aa8fb3000 fn= 840 HdrRenderState mRenderHdrSdrRatio=1.0 caller= android.view.SurfaceView.applyOrMergeTransaction:1863 android.view.SurfaceView.-$$Nest$mapplyOrMergeTransaction:0 android.view.SurfaceView$SurfaceViewPositionUpdateListener.positionChanged:1932
2026-02-10 18:34:33.472 10642-10679 SurfaceView             com.lagradost.cloudstream3           D  219759608 updateSurfacePosition RenderWorker, frameNr = 840, position = [29, 64, 2990, 1445] surfaceSize = 3088x1440
2026-02-10 18:34:33.472 10642-10679 SV[2197596...nActivity] com.lagradost.cloudstream3           I  uSP: rtp = Rect(29, 64 - 2990, 1445) rtsw = 3088 rtsh = 1440
2026-02-10 18:34:33.472 10642-10679 SV[2197596...nActivity] com.lagradost.cloudstream3           I  onSSPAndSRT: pl = 29 pt = 64 sx = 0.95887303 sy = 0.95902777
2026-02-10 18:34:33.472 10642-10679 SV[2197596...nActivity] com.lagradost.cloudstream3           I  aOrMT: VRI[MainActivity]@bb02080 t = android.view.SurfaceControl$Transaction@5898db7 fN = 840 android.view.SurfaceView.-$$Nest$mapplyOrMergeTransaction:0 android.view.SurfaceView$SurfaceViewPositionUpdateListener.positionChanged:1932 android.graphics.RenderNode$CompositePositionUpdateListener.positionChanged:401
2026-02-10 18:34:33.472 10642-10679 VRI[MainAc...y]@bb02080 com.lagradost.cloudstream3           I  mWNT: t=0xb400007a9947b480 mBlastBufferQueue=0xb400007aa8fb3000 fn= 840 HdrRenderState mRenderHdrSdrRatio=1.0 caller= android.view.SurfaceView.applyOrMergeTransaction:1863 android.view.SurfaceView.-$$Nest$mapplyOrMergeTransaction:0 android.view.SurfaceView$SurfaceViewPositionUpdateListener.positionChanged:1932
2026-02-10 18:34:33.480 10642-10679 SurfaceView             com.lagradost.cloudstream3           D  251767904 updateSurfacePosition RenderWorker, frameNr = 841, position = [48, 366, 1392, 1067] surfaceSize = 1440x750
2026-02-10 18:34:33.480 10642-10679 SV[2517679...nActivity] com.lagradost.cloudstream3           I  uSP: rtp = Rect(48, 366 - 1392, 1067) rtsw = 1440 rtsh = 750
2026-02-10 18:34:33.480 10642-10679 SV[2517679...nActivity] com.lagradost.cloudstream3           I  onSSPAndSRT: pl = 48 pt = 366 sx = 0.93333334 sy = 0.9346667
2026-02-10 18:34:33.480 10642-10679 SV[2517679...nActivity] com.lagradost.cloudstream3           I  aOrMT: VRI[MainActivity]@bb02080 t = android.view.SurfaceControl$Transaction@cf3e58b fN = 841 android.view.SurfaceView.-$$Nest$mapplyOrMergeTransaction:0 android.view.SurfaceView$SurfaceViewPositionUpdateListener.positionChanged:1932 android.graphics.RenderNode$CompositePositionUpdateListener.positionChanged:401
2026-02-10 18:34:33.480 10642-10679 VRI[MainAc...y]@bb02080 com.lagradost.cloudstream3           I  mWNT: t=0xb400007a992ca800 mBlastBufferQueue=0xb400007aa8fb3000 fn= 841 HdrRenderState mRenderHdrSdrRatio=1.0 caller= android.view.SurfaceView.applyOrMergeTransaction:1863 android.view.SurfaceView.-$$Nest$mapplyOrMergeTransaction:0 android.view.SurfaceView$SurfaceViewPositionUpdateListener.positionChanged:1932
2026-02-10 18:34:33.480 10642-10679 SurfaceView             com.lagradost.cloudstream3           D  219759608 updateSurfacePosition RenderWorker, frameNr = 841, position = [23, 50, 3011, 1444] surfaceSize = 3088x1440
2026-02-10 18:34:33.480 10642-10679 SV[2197596...nActivity] com.lagradost.cloudstream3           I  uSP: rtp = Rect(23, 50 - 3011, 1444) rtsw = 3088 rtsh = 1440
2026-02-10 18:34:33.480 10642-10679 SV[2197596...nActivity] com.lagradost.cloudstream3           I  onSSPAndSRT: pl = 23 pt = 50 sx = 0.96761656 sy = 0.96805555
2026-02-10 18:34:33.480 10642-10679 SV[2197596...nActivity] com.lagradost.cloudstream3           I  aOrMT: VRI[MainActivity]@bb02080 t = android.view.SurfaceControl$Transaction@5898db7 fN = 841 android.view.SurfaceView.-$$Nest$mapplyOrMergeTransaction:0 android.view.SurfaceView$SurfaceViewPositionUpdateListener.positionChanged:1932 android.graphics.RenderNode$CompositePositionUpdateListener.positionChanged:401
2026-02-10 18:34:33.480 10642-10679 VRI[MainAc...y]@bb02080 com.lagradost.cloudstream3           I  mWNT: t=0xb400007a9947b480 mBlastBufferQueue=0xb400007aa8fb3000 fn= 841 HdrRenderState mRenderHdrSdrRatio=1.0 caller= android.view.SurfaceView.applyOrMergeTransaction:1863 android.view.SurfaceView.-$$Nest$mapplyOrMergeTransaction:0 android.view.SurfaceView$SurfaceViewPositionUpdateListener.positionChanged:1932
2026-02-10 18:34:33.489 10642-10679 SurfaceView             com.lagradost.cloudstream3           D  251767904 updateSurfacePosition RenderWorker, frameNr = 842, position = [54, 375, 1386, 1070] surfaceSize = 1440x750
2026-02-10 18:34:33.489 10642-10679 SV[2517679...nActivity] com.lagradost.cloudstream3           I  uSP: rtp = Rect(54, 375 - 1386, 1070) rtsw = 1440 rtsh = 750
2026-02-10 18:34:33.490 10642-10679 SV[2517679...nActivity] com.lagradost.cloudstream3           I  onSSPAndSRT: pl = 54 pt = 375 sx = 0.925 sy = 0.9266667
