2026-02-11 15:40:49.775 15870-15870 SV[1786574...nActivity] com.lagradost.cloudstream3           I  updateSurface: mSurfaceCreated = false surfaceChanged = true visibleChanged = true
2026-02-11 15:40:49.775 15870-15870 SurfaceView             com.lagradost.cloudstream3           I  178657430 visibleChanged -- surfaceCreated
2026-02-11 15:40:49.775 15870-15870 SV[1786574...nActivity] com.lagradost.cloudstream3           I  surfaceCreated 0 #8 android.view.SurfaceView{aa61896 V.E...... ......ID 0,0-1440,750}
2026-02-11 15:40:49.775 15870-15870 SurfaceView             com.lagradost.cloudstream3           I  178657430 surfaceChanged -- format=4 w=1440 h=750
2026-02-11 15:40:49.775 15870-15870 SV[1786574...nActivity] com.lagradost.cloudstream3           I  surfaceChanged (1440,750) 0 #8 android.view.SurfaceView{aa61896 V.E...... ......ID 0,0-1440,750}
2026-02-11 15:40:49.775 15870-15870 SurfaceView             com.lagradost.cloudstream3           I  178657430 surfaceRedrawNeeded
2026-02-11 15:40:49.776 15870-15870 SurfaceView             com.lagradost.cloudstream3           I  178657430 finishedDrawing
2026-02-11 15:40:49.776 15870-15870 SurfaceView             com.lagradost.cloudstream3           V  Layout: x=0 y=301 w=1440 h=750, frame=Rect(0, 0 - 1440, 750)
2026-02-11 15:40:49.776 15870-15870 VRI[MainAc...ty]@e9225f com.lagradost.cloudstream3           D  Setup new sync=wmsSync-VRI[MainActivity]@e9225f#34
2026-02-11 15:40:49.776 15870-15870 VRI[MainAc...ty]@e9225f com.lagradost.cloudstream3           I  Creating new active sync group VRI[MainActivity]@e9225f#35
2026-02-11 15:40:49.776 15870-15870 VRI[MainAc...ty]@e9225f com.lagradost.cloudstream3           D  registerCallbacksForSync syncBuffer=false
2026-02-11 15:40:49.779 15870-15892 SurfaceView             com.lagradost.cloudstream3           D  178657430 updateSurfacePosition RenderWorker, frameNr = 3057, position = [72, 416, 1368, 1092] surfaceSize = 1440x750
2026-02-11 15:40:49.779 15870-15892 SV[1786574...nActivity] com.lagradost.cloudstream3           I  uSP: rtp = Rect(72, 416 - 1368, 1092) rtsw = 1440 rtsh = 750
2026-02-11 15:40:49.779 15870-15892 SV[1786574...nActivity] com.lagradost.cloudstream3           I  onSSPAndSRT: pl = 72 pt = 416 sx = 0.9 sy = 0.90133333
2026-02-11 15:40:49.779 15870-15892 SV[1786574...nActivity] com.lagradost.cloudstream3           I  aOrMT: VRI[MainActivity]@e9225f t = android.view.SurfaceControl$Transaction@eecda4 fN = 3057 android.view.SurfaceView.-$$Nest$mapplyOrMergeTransaction:0 android.view.SurfaceView$SurfaceViewPositionUpdateListener.positionChanged:1932 android.graphics.RenderNode$CompositePositionUpdateListener.positionChanged:401
2026-02-11 15:40:49.779 15870-15892 VRI[MainAc...ty]@e9225f com.lagradost.cloudstream3           I  mWNT: t=0xb400007a99b08080 mBlastBufferQueue=0xb400007b4562d000 fn= 3057 HdrRenderState mRenderHdrSdrRatio=1.0 caller= android.view.SurfaceView.applyOrMergeTransaction:1863 android.view.SurfaceView.-$$Nest$mapplyOrMergeTransaction:0 android.view.SurfaceView$SurfaceViewPositionUpdateListener.positionChanged:1932
2026-02-11 15:40:49.779 15870-15926 VRI[MainAc...ty]@e9225f com.lagradost.cloudstream3           D  Received frameDrawingCallback syncResult=0 frameNum=3057.
2026-02-11 15:40:49.779 15870-15926 VRI[MainAc...ty]@e9225f com.lagradost.cloudstream3           I  mWNT: t=0xb400007aa23b9a80 mBlastBufferQueue=0xb400007b4562d000 fn= 3057 HdrRenderState mRenderHdrSdrRatio=1.0 caller= android.view.ViewRootImpl$12.onFrameDraw:15441 android.view.ThreadedRenderer$1.onFrameDraw:718 <bottom of call stack>
2026-02-11 15:40:49.779 15870-15926 VRI[MainAc...ty]@e9225f com.lagradost.cloudstream3           I  Setting up sync and frameCommitCallback
2026-02-11 15:40:49.780 15870-15880 MediaHTTPConnection     com.lagradost.cloudstream3           I  [0] - response code = 200
2026-02-11 15:40:49.782 15870-15892 VRI[MainAc...ty]@e9225f com.lagradost.cloudstream3           I  Received frameCommittedCallback lastAttemptedDrawFrameNum=3057 didProduceBuffer=true
2026-02-11 15:40:49.782 15870-15870 VRI[MainAc...ty]@e9225f com.lagradost.cloudstream3           D  reportDrawFinished seqId=0
2026-02-11 15:40:49.783 15870-15870 MediaRouter             com.lagradost.cloudstream3           D  onRestoreRoute() : route=RouteInfo{ name=Phone, description=null, status=null, category=RouteCategory{ name=System types=ROUTE_TYPE_LIVE_AUDIO ROUTE_TYPE_LIVE_VIDEO  groupable=false }, supportedTypes=ROUTE_TYPE_LIVE_AUDIO ROUTE_TYPE_LIVE_VIDEO , presentationDisplay=null }
2026-02-11 15:40:49.783 15870-15870 MediaRouter             com.lagradost.cloudstream3           V  Selecting route: RouteInfo{ name=Phone, description=null, status=null, category=RouteCategory{ name=System types=ROUTE_TYPE_LIVE_AUDIO ROUTE_TYPE_LIVE_VIDEO  groupable=false }, supportedTypes=ROUTE_TYPE_LIVE_AUDIO ROUTE_TYPE_LIVE_VIDEO , presentationDisplay=null }
2026-02-11 15:40:49.790 15870-15870 VRI[MainAc...ty]@e9225f com.lagradost.cloudstream3           I  handleResized, frames=ClientWindowFrames{frame=[0,0][1440,3088] display=[0,0][1440,3088] parentFrame=[0,0][0,0]} displayId=0 dragResizing=false compatScale=1.0 frameChanged=false attachedFrameChanged=false configChanged=false displayChanged=false compatScaleChanged=false dragResizingChanged=false
2026-02-11 15:40:49.790 15870-15870 VRI[MainAc...ty]@e9225f com.lagradost.cloudstream3           I  handleResized mSyncSeqId = 0
2026-02-11 15:40:49.790 15870-15870 VRI[MainAc...ty]@e9225f com.lagradost.cloudstream3           D  reportNextDraw android.view.ViewRootImpl.handleResized:2983 android.view.ViewRootImpl.-$$Nest$mhandleResized:0 android.view.ViewRootImpl$W.resized:14082 android.app.servertransaction.WindowStateResizeItem.execute:93 android.app.servertransaction.WindowStateTransactionItem.execute:62
2026-02-11 15:40:49.792 15870-15870 VRI[MainAc...ty]@e9225f com.lagradost.cloudstream3           I  handleResized, frames=ClientWindowFrames{frame=[0,0][1440,3088] display=[0,0][1440,3088] parentFrame=[0,0][0,0]} displayId=0 dragResizing=false compatScale=1.0 frameChanged=false attachedFrameChanged=false configChanged=false displayChanged=false compatScaleChanged=false dragResizingChanged=false
2026-02-11 15:40:49.792 15870-15870 VRI[MainAc...ty]@e9225f com.lagradost.cloudstream3           I  handleResized mSyncSeqId = 0
2026-02-11 15:40:49.792 15870-15870 VRI[MainAc...ty]@e9225f com.lagradost.cloudstream3           D  reportNextDraw android.view.ViewRootImpl.handleResized:2983 android.view.ViewRootImpl.-$$Nest$mhandleResized:0 android.view.ViewRootImpl$W.resized:14082 android.app.servertransaction.WindowStateResizeItem.execute:93 android.app.servertransaction.WindowStateTransactionItem.execute:62
2026-02-11 15:40:49.793 15870-15870 NotificationManager     com.lagradost.cloudstream3           I  com.lagradost.cloudstream3: notify(2326, null, Notification(channel=7340 shortcut=null contentView=null vibrate=null sound=null defaults=0 flags=ONLY_ALERT_ONCE color=0x00000000 category=transport actions=4 vis=PUBLIC semFlags=0x0 semPriority=0 semMissedCount=0)) as user
2026-02-11 15:40:49.798 15870-15870 BLASTBufferQueue_Java   com.lagradost.cloudstream3           I  update, w= 1440 h= 3088 mName = VRI[MainActivity]@e9225f mNativeObject= 0xb400007b4562d000 sc.mNativeObject= 0xb40000781fd9b600 format= -3 caller= android.view.ViewRootImpl.updateBlastSurfaceIfNeeded:3574 android.view.ViewRootImpl.relayoutWindow:11685 android.view.ViewRootImpl.performTraversals:4804 android.view.ViewRootImpl.doTraversal:3924 android.view.ViewRootImpl$TraversalRunnable.run:12903 android.view.Choreographer$CallbackRecord.run:1901
2026-02-11 15:40:49.798 15870-15870 VRI[MainAc...ty]@e9225f com.lagradost.cloudstream3           I  Relayout returned: old=(0,0,1440,3088) new=(0,0,1440,3088) relayoutAsync=true req=(1440,3088)0 dur=0 res=0x0 s={true 0xb400007b583a9c00} ch=false seqId=0
2026-02-11 15:40:49.799 15870-15870 SurfaceView             com.lagradost.cloudstream3           I  258224364 Changes: creating=false format=false size=false visible=false alpha=false hint=true left=false top=false z=false attached=true lifecycleStrategy=false
2026-02-11 15:40:49.799 15870-15870 SurfaceView             com.lagradost.cloudstream3           I  258224364 Cur surface: Surface(name=null mNativeObject=-5476376617434907136)/@0xb63af41
2026-02-11 15:40:49.799 15870-15870 SurfaceComposerClient   com.lagradost.cloudstream3           D  setCornerRadius ## f6430ec SurfaceView[com.lagradost.cloudstream3/com.lagradost.cloudstream3.MainActivity]@0#249607 cornerRadius=0.000000
2026-02-11 15:40:49.799 15870-15870 BLASTBufferQueue_Java   com.lagradost.cloudstream3           I  update, w= 2560 h= 1440 mName = f6430ec SurfaceView[com.lagradost.cloudstream3/com.lagradost.cloudstream3.MainActivity]@0 mNativeObject= 0xb400007a99dd5000 sc.mNativeObject= 0xb400007a999ad140 format= 4 caller= android.view.SurfaceView.setBufferSize:1703 android.view.SurfaceView.performSurfaceTransaction:1238 android.view.SurfaceView.updateSurface:1467 android.view.SurfaceView.lambda$new$0:280 android.view.SurfaceView.$r8$lambda$NfZyM_TG8F8lqzaOVZ7noREFjzU:0 android.view.SurfaceView$$ExternalSyntheticLambda1.onPreDraw:0
2026-02-11 15:40:49.799 15870-15870 SV[2582243...nActivity] com.lagradost.cloudstream3           I  updateSurface: mVisible = true mSurface.isValid() = true
2026-02-11 15:40:49.799 15870-15870 SV[2582243...nActivity] com.lagradost.cloudstream3           I  updateSurface: mSurfaceCreated = true surfaceChanged = false visibleChanged = false
2026-02-11 15:40:49.799 15870-15870 SurfaceView             com.lagradost.cloudstream3           I  258224364 surfaceChanged -- format=4 w=2560 h=1440
2026-02-11 15:40:49.799 15870-15870 SV[2582243...nActivity] com.lagradost.cloudstream3           I  surfaceChanged (2560,1440) 1 #8 android.view.SurfaceView{f6430ec V.E...... ........ 0,0-2560,1440}
2026-02-11 15:40:49.799 15870-15870 SurfaceView             com.lagradost.cloudstream3           I  258224364 surfaceRedrawNeeded
2026-02-11 15:40:49.799 15870-15870 SurfaceView             com.lagradost.cloudstream3           I  258224364 finishedDrawing
2026-02-11 15:40:49.799 15870-15870 SurfaceView             com.lagradost.cloudstream3           V  Layout: x=264 y=0 w=2560 h=1440, frame=Rect(0, 0 - 2560, 1440)
2026-02-11 15:40:49.799 15870-15870 SurfaceView             com.lagradost.cloudstream3           I  178657430 Changes: creating=false format=false size=false visible=false alpha=false hint=true left=false top=false z=false attached=true lifecycleStrategy=false
2026-02-11 15:40:49.799 15870-15870 SurfaceView             com.lagradost.cloudstream3           I  178657430 Cur surface: Surface(name=null mNativeObject=-5476376620412630528)/@0x2d3d5b
2026-02-11 15:40:49.799 15870-15870 SurfaceComposerClient   com.lagradost.cloudstream3           D  setCornerRadius ## aa61896 SurfaceView[com.lagradost.cloudstream3/com.lagradost.cloudstream3.MainActivity]@0#249641 cornerRadius=0.000000
2026-02-11 15:40:49.799 15870-15870 BLASTBufferQueue_Java   com.lagradost.cloudstream3           I  update, w= 1440 h= 750 mName = aa61896 SurfaceView[com.lagradost.cloudstream3/com.lagradost.cloudstream3.MainActivity]@0 mNativeObject= 0xb400007b583b2000 sc.mNativeObject= 0xb40000781fd9c080 format= 4 caller= android.view.SurfaceView.setBufferSize:1703 android.view.SurfaceView.performSurfaceTransaction:1238 android.view.SurfaceView.updateSurface:1467 android.view.SurfaceView.lambda$new$0:280 android.view.SurfaceView.$r8$lambda$NfZyM_TG8F8lqzaOVZ7noREFjzU:0 android.view.SurfaceView$$ExternalSyntheticLambda1.onPreDraw:0
2026-02-11 15:40:49.799 15870-15870 SV[1786574...nActivity] com.lagradost.cloudstream3           I  updateSurface: mVisible = true mSurface.isValid() = true
2026-02-11 15:40:49.799 15870-15870 SV[1786574...nActivity] com.lagradost.cloudstream3           I  updateSurface: mSurfaceCreated = true surfaceChanged = false visibleChanged = false
2026-02-11 15:40:49.799 15870-15870 SurfaceView             com.lagradost.cloudstream3           I  178657430 surfaceChanged -- format=4 w=1440 h=750
2026-02-11 15:40:49.799 15870-15870 SV[1786574...nActivity] com.lagradost.cloudstream3           I  surfaceChanged (1440,750) 0 #8 android.view.SurfaceView{aa61896 V.E...... ........ 0,0-1440,750}
2026-02-11 15:40:49.799 15870-15870 SurfaceView             com.lagradost.cloudstream3           I  178657430 surfaceRedrawNeeded
2026-02-11 15:40:49.800 15870-15870 SurfaceView             com.lagradost.cloudstream3           I  178657430 finishedDrawing
2026-02-11 15:40:49.800 15870-15870 SurfaceView             com.lagradost.cloudstream3           V  Layout: x=0 y=301 w=1440 h=750, frame=Rect(0, 0 - 1440, 750)
2026-02-11 15:40:49.800 15870-15870 VRI[MainAc...ty]@e9225f com.lagradost.cloudstream3           D  Setup new sync=wmsSync-VRI[MainActivity]@e9225f#38
2026-02-11 15:40:49.800 15870-15870 VRI[MainAc...ty]@e9225f com.lagradost.cloudstream3           I  Creating new active sync group VRI[MainActivity]@e9225f#39
2026-02-11 15:40:49.800 15870-15870 VRI[MainAc...ty]@e9225f com.lagradost.cloudstream3           D  registerCallbacksForSync syncBuffer=false
2026-02-11 15:40:49.805 15870-15927 VRI[MainAc...ty]@e9225f com.lagradost.cloudstream3           D  Received frameDrawingCallback syncResult=0 frameNum=3060.
2026-02-11 15:40:49.805 15870-15927 VRI[MainAc...ty]@e9225f com.lagradost.cloudstream3           I  mWNT: t=0xb400007aa2402d00 mBlastBufferQueue=0xb400007b4562d000 fn= 3060 HdrRenderState mRenderHdrSdrRatio=1.0 caller= android.view.ViewRootImpl$12.onFrameDraw:15441 android.view.ThreadedRenderer$1.onFrameDraw:718 <bottom of call stack>
2026-02-11 15:40:49.805 15870-15927 VRI[MainAc...ty]@e9225f com.lagradost.cloudstream3           I  Setting up sync and frameCommitCallback
2026-02-11 15:40:49.806 15870-15892 VRI[MainAc...ty]@e9225f com.lagradost.cloudstream3           I  Received frameCommittedCallback lastAttemptedDrawFrameNum=3060 didProduceBuffer=true
2026-02-11 15:40:49.806 15870-15870 VRI[MainAc...ty]@e9225f com.lagradost.cloudstream3           D  reportDrawFinished seqId=0
2026-02-11 15:40:49.807 15870-15870 VRI[MainAc...ty]@e9225f com.lagradost.cloudstream3           I  handleResized, frames=ClientWindowFrames{frame=[0,0][1440,3088] display=[0,0][1440,3088] parentFrame=[0,0][0,0]} displayId=0 dragResizing=false compatScale=1.0 frameChanged=false attachedFrameChanged=false configChanged=false displayChanged=false compatScaleChanged=false dragResizingChanged=false
2026-02-11 15:40:49.807 15870-15870 VRI[MainAc...ty]@e9225f com.lagradost.cloudstream3           I  handleResized mSyncSeqId = 0
2026-02-11 15:40:49.807 15870-15870 VRI[MainAc...ty]@e9225f com.lagradost.cloudstream3           D  reportNextDraw android.view.ViewRootImpl.handleResized:2983 android.view.ViewRootImpl.-$$Nest$mhandleResized:0 android.view.ViewRootImpl$W.resized:14082 android.app.servertransaction.WindowStateResizeItem.execute:93 android.app.servertransaction.WindowStateTransactionItem.execute:62
2026-02-11 15:40:49.808 15870-15870 VRI[MainAc...ty]@e9225f com.lagradost.cloudstream3           I  handleResized, frames=ClientWindowFrames{frame=[0,0][1440,3088] display=[0,0][1440,3088] parentFrame=[0,0][0,0]} displayId=0 dragResizing=false compatScale=1.0 frameChanged=false attachedFrameChanged=false configChanged=false displayChanged=false compatScaleChanged=false dragResizingChanged=false
2026-02-11 15:40:49.808 15870-15870 VRI[MainAc...ty]@e9225f com.lagradost.cloudstream3           I  handleResized mSyncSeqId = 0
2026-02-11 15:40:49.808 15870-15870 VRI[MainAc...ty]@e9225f com.lagradost.cloudstream3           D  reportNextDraw android.view.ViewRootImpl.handleResized:2983 android.view.ViewRootImpl.-$$Nest$mhandleResized:0 android.view.ViewRootImpl$W.resized:14082 android.app.servertransaction.WindowStateResizeItem.execute:93 android.app.servertransaction.WindowStateTransactionItem.execute:62
2026-02-11 15:40:49.812 15870-15870 NotificationManager     com.lagradost.cloudstream3           I  com.lagradost.cloudstream3: notify(2326, null, Notification(channel=7340 shortcut=null contentView=null vibrate=null sound=null defaults=0 flags=ONLY_ALERT_ONCE color=0x00000000 category=transport actions=4 vis=PUBLIC semFlags=0x0 semPriority=0 semMissedCount=0)) as user
2026-02-11 15:40:49.816 15870-15870 VRI[MainAc...ty]@e9225f com.lagradost.cloudstream3           D  Setup new sync=wmsSync-VRI[MainActivity]@e9225f#40
2026-02-11 15:40:49.816 15870-15870 VRI[MainAc...ty]@e9225f com.lagradost.cloudstream3           I  Creating new active sync group VRI[MainActivity]@e9225f#41
2026-02-11 15:40:49.817 15870-15870 VRI[MainAc...ty]@e9225f com.lagradost.cloudstream3           D  registerCallbacksForSync syncBuffer=false
2026-02-11 15:40:49.819 15870-15892 SurfaceView             com.lagradost.cloudstream3           D  178657430 updateSurfacePosition RenderWorker, frameNr = 3062, position = [54, 387, 1386, 1082] surfaceSize = 1440x750
2026-02-11 15:40:49.819 15870-15892 SV[1786574...nActivity] com.lagradost.cloudstream3           I  uSP: rtp = Rect(54, 387 - 1386, 1082) rtsw = 1440 rtsh = 750
2026-02-11 15:40:49.819 15870-15892 SV[1786574...nActivity] com.lagradost.cloudstream3           I  onSSPAndSRT: pl = 54 pt = 387 sx = 0.925 sy = 0.9266667
2026-02-11 15:40:49.819 15870-15892 SV[1786574...nActivity] com.lagradost.cloudstream3           I  aOrMT: VRI[MainActivity]@e9225f t = android.view.SurfaceControl$Transaction@eecda4 fN = 3062 android.view.SurfaceView.-$$Nest$mapplyOrMergeTransaction:0 android.view.SurfaceView$SurfaceViewPositionUpdateListener.positionChanged:1932 android.graphics.RenderNode$CompositePositionUpdateListener.positionChanged:401
2026-02-11 15:40:49.819 15870-15892 VRI[MainAc...ty]@e9225f com.lagradost.cloudstream3           I  mWNT: t=0xb400007a99b08080 mBlastBufferQueue=0xb400007b4562d000 fn= 3062 HdrRenderState mRenderHdrSdrRatio=1.0 caller= android.view.SurfaceView.applyOrMergeTransaction:1863 android.view.SurfaceView.-$$Nest$mapplyOrMergeTransaction:0 android.view.SurfaceView$SurfaceViewPositionUpdateListener.positionChanged:1932
2026-02-11 15:40:49.819 15870-15892 SurfaceView             com.lagradost.cloudstream3           D  258224364 updateSurfacePosition RenderWorker, frameNr = 3062, position = [296, 18, 2792, 1422] surfaceSize = 2560x1440
2026-02-11 15:40:49.819 15870-15892 SV[2582243...nActivity] com.lagradost.cloudstream3           I  uSP: rtp = Rect(296, 18 - 2792, 1422) rtsw = 2560 rtsh = 1440
2026-02-11 15:40:49.819 15870-15892 SV[2582243...nActivity] com.lagradost.cloudstream3           I  onSSPAndSRT: pl = 296 pt = 18 sx = 0.975 sy = 0.975
2026-02-11 15:40:49.819 15870-15892 SV[2582243...nActivity] com.lagradost.cloudstream3           I  aOrMT: VRI[MainActivity]@e9225f t = android.view.SurfaceControl$Transaction@7d6c29d fN = 3062 android.view.SurfaceView.-$$Nest$mapplyOrMergeTransaction:0 android.view.SurfaceView$SurfaceViewPositionUpdateListener.positionChanged:1932 android.graphics.RenderNode$CompositePositionUpdateListener.positionChanged:401
2026-02-11 15:40:49.819 15870-15892 VRI[MainAc...ty]@e9225f com.lagradost.cloudstream3           I  mWNT: t=0xb400007b4580e980 mBlastBufferQueue=0xb400007b4562d000 fn= 3062 HdrRenderState mRenderHdrSdrRatio=1.0 caller= android.view.SurfaceView.applyOrMergeTransaction:1863 android.view.SurfaceView.-$$Nest$mapplyOrMergeTransaction:0 android.view.SurfaceView$SurfaceViewPositionUpdateListener.positionChanged:1932
2026-02-11 15:40:49.819 15870-15926 VRI[MainAc...ty]@e9225f com.lagradost.cloudstream3           D  Received frameDrawingCallback syncResult=0 frameNum=3062.
2026-02-11 15:40:49.819 15870-15926 VRI[MainAc...ty]@e9225f com.lagradost.cloudstream3           I  Setting up sync and frameCommitCallback
2026-02-11 15:40:49.833 15870-15892 VRI[MainAc...ty]@e9225f com.lagradost.cloudstream3           I  Received frameCommittedCallback lastAttemptedDrawFrameNum=3062 didProduceBuffer=true
2026-02-11 15:40:49.834 15870-15870 VRI[MainAc...ty]@e9225f com.lagradost.cloudstream3           D  reportDrawFinished seqId=0
2026-02-11 15:40:49.835 15870-15892 SurfaceView             com.lagradost.cloudstream3           D  178657430 updateSurfacePosition RenderWorker, frameNr = 3063, position = [42, 368, 1398, 1075] surfaceSize = 1440x750
2026-02-11 15:40:49.835 15870-15892 SV[1786574...nActivity] com.lagradost.cloudstream3           I  uSP: rtp = Rect(42, 368 - 1398, 1075) rtsw = 1440 rtsh = 750
2026-02-11 15:40:49.835 15870-15892 SV[1786574...nActivity] com.lagradost.cloudstream3           I  onSSPAndSRT: pl = 42 pt = 368 sx = 0.94166666 sy = 0.94266665
2026-02-11 15:40:49.835 15870-15892 SV[1786574...nActivity] com.lagradost.cloudstream3           I  aOrMT: VRI[MainActivity]@e9225f t = android.view.SurfaceControl$Transaction@eecda4 fN = 3063 android.view.SurfaceView.-$$Nest$mapplyOrMergeTransaction:0 android.view.SurfaceView$SurfaceViewPositionUpdateListener.positionChanged:1932 android.graphics.RenderNode$CompositePositionUpdateListener.positionChanged:401
2026-02-11 15:40:49.835 15870-15892 VRI[MainAc...ty]@e9225f com.lagradost.cloudstream3           I  mWNT: t=0xb400007a99b08080 mBlastBufferQueue=0xb400007b4562d000 fn= 3063 HdrRenderState mRenderHdrSdrRatio=1.0 caller= android.view.SurfaceView.applyOrMergeTransaction:1863 android.view.SurfaceView.-$$Nest$mapplyOrMergeTransaction:0 android.view.SurfaceView$SurfaceViewPositionUpdateListener.positionChanged:1932
2026-02-11 15:40:49.835 15870-15892 SurfaceView             com.lagradost.cloudstream3           D  258224364 updateSurfacePosition RenderWorker, frameNr = 3063, position = [317, 29, 2771, 1411] surfaceSize = 2560x1440
2026-02-11 15:40:49.835 15870-15892 SV[2582243...nActivity] com.lagradost.cloudstream3           I  uSP: rtp = Rect(317, 29 - 2771, 1411) rtsw = 2560 rtsh = 1440
2026-02-11 15:40:49.835 15870-15892 SV[2582243...nActivity] com.lagradost.cloudstream3           I  onSSPAndSRT: pl = 317 pt = 29 sx = 0.9585937 sy = 0.9597222
2026-02-11 15:40:49.835 15870-15892 SV[2582243...nActivity] com.lagradost.cloudstream3           I  aOrMT: VRI[MainActivity]@e9225f t = android.view.SurfaceControl$Transaction@7d6c29d fN = 3063 android.view.SurfaceView.-$$Nest$mapplyOrMergeTransaction:0 android.view.SurfaceView$SurfaceViewPositionUpdateListener.positionChanged:1932 android.graphics.RenderNode$CompositePositionUpdateListener.positionChanged:401
2026-02-11 15:40:49.835 15870-15892 VRI[MainAc...ty]@e9225f com.lagradost.cloudstream3           I  mWNT: t=0xb400007b4580e980 mBlastBufferQueue=0xb400007b4562d000 fn= 3063 HdrRenderState mRenderHdrSdrRatio=1.0 caller= android.view.SurfaceView.applyOrMergeTransaction:1863 android.view.SurfaceView.-$$Nest$mapplyOrMergeTransaction:0 android.view.SurfaceView$SurfaceViewPositionUpdateListener.positionChanged:1932
2026-02-11 15:40:49.837 15870-15892 SurfaceView             com.lagradost.cloudstream3           D  178657430 updateSurfacePosition RenderWorker, frameNr = 3064, position = [29, 347, 1411, 1068] surfaceSize = 1440x750
2026-02-11 15:40:49.837 15870-15892 SV[1786574...nActivity] com.lagradost.cloudstream3           I  uSP: rtp = Rect(29, 347 - 1411, 1068) rtsw = 1440 rtsh = 750
2026-02-11 15:40:49.837 15870-15892 SV[1786574...nActivity] com.lagradost.cloudstream3           I  onSSPAndSRT: pl = 29 pt = 347 sx = 0.9597222 sy = 0.96133333
2026-02-11 15:40:49.837 15870-15892 SV[1786574...nActivity] com.lagradost.cloudstream3           I  aOrMT: VRI[MainActivity]@e9225f t = android.view.SurfaceControl$Transaction@eecda4 fN = 3064 android.view.SurfaceView.-$$Nest$mapplyOrMergeTransaction:0 android.view.SurfaceView$SurfaceViewPositionUpdateListener.positionChanged:1932 android.graphics.RenderNode$CompositePositionUpdateListener.positionChanged:401
2026-02-11 15:40:49.837 15870-15892 VRI[MainAc...ty]@e9225f com.lagradost.cloudstream3           I  mWNT: t=0xb400007a99b08080 mBlastBufferQueue=0xb400007b4562d000 fn= 3064 HdrRenderState mRenderHdrSdrRatio=1.0 caller= android.view.SurfaceView.applyOrMergeTransaction:1863 android.view.SurfaceView.-$$Nest$mapplyOrMergeTransaction:0 android.view.SurfaceView$SurfaceViewPositionUpdateListener.positionChanged:1932
2026-02-11 15:40:49.837 15870-15892 SurfaceView             com.lagradost.cloudstream3           D  258224364 updateSurfacePosition RenderWorker, frameNr = 3064, position = [339, 42, 2749, 1398] surfaceSize = 2560x1440
2026-02-11 15:40:49.837 15870-15892 SV[2582243...nActivity] com.lagradost.cloudstream3           I  uSP: rtp = Rect(339, 42 - 2749, 1398) rtsw = 2560 rtsh = 1440
2026-02-11 15:40:49.837 15870-15892 SV[2582243...nActivity] com.lagradost.cloudstream3           I  onSSPAndSRT: pl = 339 pt = 42 sx = 0.94140625 sy = 0.94166666
2026-02-11 15:40:49.837 15870-15892 SV[2582243...nActivity] com.lagradost.cloudstream3           I  aOrMT: VRI[MainActivity]@e9225f t = android.view.SurfaceControl$Transaction@7d6c29d fN = 3064 android.view.SurfaceView.-$$Nest$mapplyOrMergeTransaction:0 android.view.SurfaceView$SurfaceViewPositionUpdateListener.positionChanged:1932 android.graphics.RenderNode$CompositePositionUpdateListener.positionChanged:401
2026-02-11 15:40:49.837 15870-15892 VRI[MainAc...ty]@e9225f com.lagradost.cloudstream3           I  mWNT: t=0xb400007b4580e980 mBlastBufferQueue=0xb400007b4562d000 fn= 3064 HdrRenderState mRenderHdrSdrRatio=1.0 caller= android.view.SurfaceView.applyOrMergeTransaction:1863 android.view.SurfaceView.-$$Nest$mapplyOrMergeTransaction:0 android.view.SurfaceView$SurfaceViewPositionUpdateListener.positionChanged:1932
2026-02-11 15:40:49.843 15870-15892 SurfaceView             com.lagradost.cloudstream3           D  178657430 updateSurfacePosition RenderWorker, frameNr = 3064, position = [23, 338, 1417, 1065] surfaceSize = 1440x750
2026-02-11 15:40:49.843 15870-15892 SV[1786574...nActivity] com.lagradost.cloudstream3           I  uSP: rtp = Rect(23, 338 - 1417, 1065) rtsw = 1440 rtsh = 750
2026-02-11 15:40:49.843 15870-15892 SV[1786574...nActivity] com.lagradost.cloudstream3           I  onSSPAndSRT: pl = 23 pt = 338 sx = 0.96805555 sy = 0.96933335
2026-02-11 15:40:49.844 15870-15892 SV[1786574...nActivity] com.lagradost.cloudstream3           I  aOrMT: VRI[MainActivity]@e9225f t = android.view.SurfaceControl$Transaction@eecda4 fN = 3064 android.view.SurfaceView.-$$Nest$mapplyOrMergeTransaction:0 android.view.SurfaceView$SurfaceViewPositionUpdateListener.positionChanged:1932 android.graphics.RenderNode$CompositePositionUpdateListener.positionChanged:401
2026-02-11 15:40:49.844 15870-15892 VRI[MainAc...ty]@e9225f com.lagradost.cloudstream3           I  mWNT: t=0xb400007a99b08080 mBlastBufferQueue=0xb400007b4562d000 fn= 3064 HdrRenderState mRenderHdrSdrRatio=1.0 caller= android.view.SurfaceView.applyOrMergeTransaction:1863 android.view.SurfaceView.-$$Nest$mapplyOrMergeTransaction:0 android.view.SurfaceView$SurfaceViewPositionUpdateListener.positionChanged:1932
2026-02-11 15:40:49.844 15870-15892 SurfaceView             com.lagradost.cloudstream3           D  258224364 updateSurfacePosition RenderWorker, frameNr = 3064, position = [350, 48, 2738, 1392] surfaceSize = 2560x1440
2026-02-11 15:40:49.844 15870-15892 SV[2582243...nActivity] com.lagradost.cloudstream3           I  uSP: rtp = Rect(350, 48 - 2738, 1392) rtsw = 2560 rtsh = 1440
2026-02-11 15:40:49.844 15870-15892 SV[2582243...nActivity] com.lagradost.cloudstream3           I  onSSPAndSRT: pl = 350 pt = 48 sx = 0.9328125 sy = 0.93333334
2026-02-11 15:40:49.844 15870-15892 SV[2582243...nActivity] com.lagradost.cloudstream3           I  aOrMT: VRI[MainActivity]@e9225f t = android.view.SurfaceControl$Transaction@7d6c29d fN = 3064 android.view.SurfaceView.-$$Nest$mapplyOrMergeTransaction:0 android.view.SurfaceView$SurfaceViewPositionUpdateListener.positionChanged:1932 android.graphics.RenderNode$CompositePositionUpdateListener.positionChanged:401
2026-02-11 15:40:49.844 15870-15892 VRI[MainAc...ty]@e9225f com.lagradost.cloudstream3           I  mWNT: t=0xb400007b4580e980 mBlastBufferQueue=0xb400007b4562d000 fn= 3064 HdrRenderState mRenderHdrSdrRatio=1.0 caller= android.view.SurfaceView.applyOrMergeTransaction:1863 android.view.SurfaceView.-$$Nest$mapplyOrMergeTransaction:0 android.view.SurfaceView$SurfaceViewPositionUpdateListener.positionChanged:1932
2026-02-11 15:40:49.854 15870-15892 SurfaceView             com.lagradost.cloudstream3           D  178657430 updateSurfacePosition RenderWorker, frameNr = 3065, position = [18, 329, 1422, 1062] surfaceSize = 1440x750
2026-02-11 15:40:49.854 15870-15892 SV[1786574...nActivity] com.lagradost.cloudstream3           I  uSP: rtp = Rect(18, 329 - 1422, 1062) rtsw = 1440 rtsh = 750
2026-02-11 15:40:49.854 15870-15892 SV[1786574...nActivity] com.lagradost.cloudstream3           I  onSSPAndSRT: pl = 18 pt = 329 sx = 0.975 sy = 0.9773333
2026-02-11 15:40:49.854 15870-15892 SV[1786574...nActivity] com.lagradost.cloudstream3           I  aOrMT: VRI[MainActivity]@e9225f t = android.view.SurfaceControl$Transaction@eecda4 fN = 3065 android.view.SurfaceView.-$$Nest$mapplyOrMergeTransaction:0 android.view.SurfaceView$SurfaceViewPositionUpdateListener.positionChanged:1932 android.graphics.RenderNode$CompositePositionUpdateListener.positionChanged:401
2026-02-11 15:40:49.854 15870-15892 VRI[MainAc...ty]@e9225f com.lagradost.cloudstream3           I  mWNT: t=0xb400007a99b08080 mBlastBufferQueue=0xb400007b4562d000 fn= 3065 HdrRenderState mRenderHdrSdrRatio=1.0 caller= android.view.SurfaceView.applyOrMergeTransaction:1863 android.view.SurfaceView.-$$Nest$mapplyOrMergeTransaction:0 android.view.SurfaceView$SurfaceViewPositionUpdateListener.positionChanged:1932
2026-02-11 15:40:49.854 15870-15892 SurfaceView             com.lagradost.cloudstream3           D  258224364 updateSurfacePosition RenderWorker, frameNr = 3065, position = [360, 54, 2728, 1386] surfaceSize = 2560x1440
2026-02-11 15:40:49.854 15870-15892 SV[2582243...nActivity] com.lagradost.cloudstream3           I  uSP: rtp = Rect(360, 54 - 2728, 1386) rtsw = 2560 rtsh = 1440
2026-02-11 15:40:49.854 15870-15892 SV[2582243...nActivity] com.lagradost.cloudstream3           I  onSSPAndSRT: pl = 360 pt = 54 sx = 0.925 sy = 0.925
2026-02-11 15:40:49.854 15870-15892 SV[2582243...nActivity] com.lagradost.cloudstream3           I  aOrMT: VRI[MainActivity]@e9225f t = android.view.SurfaceControl$Transaction@7d6c29d fN = 3065 android.view.SurfaceView.-$$Nest$mapplyOrMergeTransaction:0 android.view.SurfaceView$SurfaceViewPositionUpdateListener.positionChanged:1932 android.graphics.RenderNode$CompositePositionUpdateListener.positionChanged:401
2026-02-11 15:40:49.854 15870-15892 VRI[MainAc...ty]@e9225f com.lagradost.cloudstream3           I  mWNT: t=0xb400007b4580e980 mBlastBufferQueue=0xb400007b4562d000 fn= 3065 HdrRenderState mRenderHdrSdrRatio=1.0 caller= android.view.SurfaceView.applyOrMergeTransaction:1863 android.view.SurfaceView.-$$Nest$mapplyOrMergeTransaction:0 android.view.SurfaceView$SurfaceViewPositionUpdateListener.positionChanged:1932
2026-02-11 15:40:49.860 15870-15892 SurfaceView             com.lagradost.cloudstream3           D  178657430 updateSurfacePosition RenderWorker, frameNr = 3066, position = [12, 320, 1428, 1058] surfaceSize = 1440x750
2026-02-11 15:40:49.860 15870-15892 SV[1786574...nActivity] com.lagradost.cloudstream3           I  uSP: rtp = Rect(12, 320 - 1428, 1058) rtsw = 1440 rtsh = 750
2026-02-11 15:40:49.860 15870-15892 SV[1786574...nActivity] com.lagradost.cloudstream3           I  onSSPAndSRT: pl = 12 pt = 320 sx = 0.98333335 sy = 0.984
2026-02-11 15:40:49.860 15870-15892 SV[1786574...nActivity] com.lagradost.cloudstream3           I  aOrMT: VRI[MainActivity]@e9225f t = android.view.SurfaceControl$Transaction@eecda4 fN = 3066 android.view.SurfaceView.-$$Nest$mapplyOrMergeTransaction:0 android.view.SurfaceView$SurfaceViewPositionUpdateListener.positionChanged:1932 android.graphics.RenderNode$CompositePositionUpdateListener.positionChanged:401
2026-02-11 15:40:49.861 15870-15892 VRI[MainAc...ty]@e9225f com.lagradost.cloudstream3           I  mWNT: t=0xb400007a99b08080 mBlastBufferQueue=0xb400007b4562d000 fn= 3066 HdrRenderState mRenderHdrSdrRatio=1.0 caller= android.view.SurfaceView.applyOrMergeTransaction:1863 android.view.SurfaceView.-$$Nest$mapplyOrMergeTransaction:0 android.view.SurfaceView$SurfaceViewPositionUpdateListener.positionChanged:1932
2026-02-11 15:40:49.861 15870-15892 SurfaceView             com.lagradost.cloudstream3           D  258224364 updateSurfacePosition RenderWorker, frameNr = 3066, position = [369, 59, 2719, 1381] surfaceSize = 2560x1440
2026-02-11 15:40:49.861 15870-15892 SV[2582243...nActivity] com.lagradost.cloudstream3           I  uSP: rtp = Rect(369, 59 - 2719, 1381) rtsw = 2560 rtsh = 1440
2026-02-11 15:40:49.861 15870-15892 SV[2582243...nActivity] com.lagradost.cloudstream3           I  onSSPAndSRT: pl = 369 pt = 59 sx = 0.91796875 sy = 0.91805553
2026-02-11 15:40:49.861 15870-15892 SV[2582243...nActivity] com.lagradost.cloudstream3           I  aOrMT: VRI[MainActivity]@e9225f t = android.view.SurfaceControl$Transaction@7d6c29d fN = 3066 android.view.SurfaceView.-$$Nest$mapplyOrMergeTransaction:0 android.view.SurfaceView$SurfaceViewPositionUpdateListener.positionChanged:1932 android.graphics.RenderNode$CompositePositionUpdateListener.positionChanged:401
2026-02-11 15:40:49.861 15870-15892 VRI[MainAc...ty]@e9225f com.lagradost.cloudstream3           I  mWNT: t=0xb400007b4580e980 mBlastBufferQueue=0xb400007b4562d000 fn= 3066 HdrRenderState mRenderHdrSdrRatio=1.0 caller= android.view.SurfaceView.applyOrMergeTransaction:1863 android.view.SurfaceView.-$$Nest$mapplyOrMergeTransaction:0 android.view.SurfaceView$SurfaceViewPositionUpdateListener.positionChanged:1932
2026-02-11 15:40:49.868 15870-15892 SurfaceView             com.lagradost.cloudstream3           D  178657430 updateSurfacePosition RenderWorker, frameNr = 3067, position = [8, 314, 1432, 1056] surfaceSize = 1440x750
2026-02-11 15:40:49.868 15870-15892 SV[1786574...nActivity] com.lagradost.cloudstream3           I  uSP: rtp = Rect(8, 314 - 1432, 1056) rtsw = 1440 rtsh = 750
2026-02-11 15:40:49.868 15870-15892 SV[1786574...nActivity] com.lagradost.cloudstream3           I  onSSPAndSRT: pl = 8 pt = 314 sx = 0.98888886 sy = 0.98933333
2026-02-11 15:40:49.869 15870-15892 SV[1786574...nActivity] com.lagradost.cloudstream3           I  aOrMT: VRI[MainActivity]@e9225f t = android.view.SurfaceControl$Transaction@eecda4 fN = 3067 android.view.SurfaceView.-$$Nest$mapplyOrMergeTransaction:0 android.view.SurfaceView$SurfaceViewPositionUpdateListener.positionChanged:1932 android.graphics.RenderNode$CompositePositionUpdateListener.positionChanged:401
2026-02-11 15:40:49.869 15870-15892 VRI[MainAc...ty]@e9225f com.lagradost.cloudstream3           I  mWNT: t=0xb400007a99b08080 mBlastBufferQueue=0xb400007b4562d000 fn= 3067 HdrRenderState mRenderHdrSdrRatio=1.0 caller= android.view.SurfaceView.applyOrMergeTransaction:1863 android.view.SurfaceView.-$$Nest$mapplyOrMergeTransaction:0 android.view.SurfaceView$SurfaceViewPositionUpdateListener.positionChanged:1932
2026-02-11 15:40:49.869 15870-15892 SurfaceView             com.lagradost.cloudstream3           D  258224364 updateSurfacePosition RenderWorker, frameNr = 3067, position = [377, 63, 2711, 1377] surfaceSize = 2560x1440
2026-02-11 15:40:49.869 15870-15892 SV[2582243...nActivity] com.lagradost.cloudstream3           I  uSP: rtp = Rect(377, 63 - 2711, 1377) rtsw = 2560 rtsh = 1440
2026-02-11 15:40:49.869 15870-15892 SV[2582243...nActivity] com.lagradost.cloudstream3           I  onSSPAndSRT: pl = 377 pt = 63 sx = 0.9117187 sy = 0.9125
2026-02-11 15:40:49.869 15870-15892 SV[2582243...nActivity] com.lagradost.cloudstream3           I  aOrMT: VRI[MainActivity]@e9225f t = android.view.SurfaceControl$Transaction@7d6c29d fN = 3067 android.view.SurfaceView.-$$Nest$mapplyOrMergeTransaction:0 android.view.SurfaceView$SurfaceViewPositionUpdateListener.positionChanged:1932 android.graphics.RenderNode$CompositePositionUpdateListener.positionChanged:401
2026-02-11 15:40:49.869 15870-15892 VRI[MainAc...ty]@e9225f com.lagradost.cloudstream3           I  mWNT: t=0xb400007b4580e980 mBlastBufferQueue=0xb400007b4562d000 fn= 3067 HdrRenderState mRenderHdrSdrRatio=1.0 caller= android.view.SurfaceView.applyOrMergeTransaction:1863 android.view.SurfaceView.-$$Nest$mapplyOrMergeTransaction:0 android.view.SurfaceView$SurfaceViewPositionUpdateListener.positionChanged:1932
2026-02-11 15:40:49.874 15870-15908 PreviewImgM3u8          com.lagradost.cloudstream3           I  Generating preview for 118
2026-02-11 15:40:49.874 15870-15908 MediaHTTPService        com.lagradost.cloudstream3           V  MediaHTTPService(android.media.MediaHTTPService@439e670): Cookies: null
2026-02-11 15:40:49.874 15870-15908 MediaMetadataRetriever  com.lagradost.cloudstream3           V  setDataSource
2026-02-11 15:40:49.875 15870-15908 MediaHTTPService        com.lagradost.cloudstream3           V  makeHTTPConnection: CookieHandler (java.net.CookieManager@cffba37) exists.
2026-02-11 15:40:49.875 15870-15908 MediaHTTPService        com.lagradost.cloudstream3           V  makeHTTPConnection(android.media.MediaHTTPService@439e670): cookieHandler: java.net.CookieManager@cffba37 Cookies: null
2026-02-11 15:40:49.877 15870-15892 SurfaceView             com.lagradost.cloudstream3           D  178657430 updateSurfacePosition RenderWorker, frameNr = 3068, position = [4, 308, 1436, 1054] surfaceSize = 1440x750
2026-02-11 15:40:49.877 15870-15892 SV[1786574...nActivity] com.lagradost.cloudstream3           I  uSP: rtp = Rect(4, 308 - 1436, 1054) rtsw = 1440 rtsh = 750
2026-02-11 15:40:49.877 15870-15892 SV[1786574...nActivity] com.lagradost.cloudstream3           I  onSSPAndSRT: pl = 4 pt = 308 sx = 0.99444443 sy = 0.9946667
2026-02-11 15:40:49.877 15870-15892 SV[1786574...nActivity] com.lagradost.cloudstream3           I  aOrMT: VRI[MainActivity]@e9225f t = android.view.SurfaceControl$Transaction@eecda4 fN = 3068 android.view.SurfaceView.-$$Nest$mapplyOrMergeTransaction:0 android.view.SurfaceView$SurfaceViewPositionUpdateListener.positionChanged:1932 android.graphics.RenderNode$CompositePositionUpdateListener.positionChanged:401
2026-02-11 15:40:49.877 15870-15892 VRI[MainAc...ty]@e9225f com.lagradost.cloudstream3           I  mWNT: t=0xb400007a99b08080 mBlastBufferQueue=0xb400007b4562d000 fn= 3068 HdrRenderState mRenderHdrSdrRatio=1.0 caller= android.view.SurfaceView.applyOrMergeTransaction:1863 android.view.SurfaceView.-$$Nest$mapplyOrMergeTransaction:0 android.view.SurfaceView$SurfaceViewPositionUpdateListener.positionChanged:1932
2026-02-11 15:40:49.877 15870-15892 SurfaceView             com.lagradost.cloudstream3           D  258224364 updateSurfacePosition RenderWorker, frameNr = 3068, position = [383, 67, 2705, 1373] surfaceSize = 2560x1440
2026-02-11 15:40:49.877 15870-15892 SV[2582243...nActivity] com.lagradost.cloudstream3           I  uSP: rtp = Rect(383, 67 - 2705, 1373) rtsw = 2560 rtsh = 1440
2026-02-11 15:40:49.877 15870-15892 SV[2582243...nActivity] com.lagradost.cloudstream3           I  onSSPAndSRT: pl = 383 pt = 67 sx = 0.90703124 sy = 0.90694445
2026-02-11 15:40:49.877 15870-15892 SV[2582243...nActivity] com.lagradost.cloudstream3           I  aOrMT: VRI[MainActivity]@e9225f t = android.view.SurfaceControl$Transaction@7d6c29d fN = 3068 android.view.SurfaceView.-$$Nest$mapplyOrMergeTransaction:0 android.view.SurfaceView$SurfaceViewPositionUpdateListener.positionChanged:1932 android.graphics.RenderNode$CompositePositionUpdateListener.positionChanged:401
2026-02-11 15:40:49.877 15870-15892 VRI[MainAc...ty]@e9225f com.lagradost.cloudstream3           I  mWNT: t=0xb400007b4580e980 mBlastBufferQueue=0xb400007b4562d000 fn= 3068 HdrRenderState mRenderHdrSdrRatio=1.0 caller= android.view.SurfaceView.applyOrMergeTransaction:1863 android.view.SurfaceView.-$$Nest$mapplyOrMergeTransaction:0 android.view.SurfaceView$SurfaceViewPositionUpdateListener.positionChanged:1932
2026-02-11 15:40:49.881 15870-16732 MediaHTTPConnection     com.lagradost.cloudstream3           I  [0] - setReadTimeout and setConnectTimeout with 8000ms
2026-02-11 15:40:49.886 15870-15892 SurfaceView             com.lagradost.cloudstream3           D  178657430 updateSurfacePosition RenderWorker, frameNr = 3069, position = [2, 304, 1438, 1053] surfaceSize = 1440x750
2026-02-11 15:40:49.886 15870-15892 SV[1786574...nActivity] com.lagradost.cloudstream3           I  uSP: rtp = Rect(2, 304 - 1438, 1053) rtsw = 1440 rtsh = 750
2026-02-11 15:40:49.886 15870-15892 SV[1786574...nActivity] com.lagradost.cloudstream3           I  onSSPAndSRT: pl = 2 pt = 304 sx = 0.99722224 sy = 0.99866664
2026-02-11 15:40:49.886 15870-15892 SV[1786574...nActivity] com.lagradost.cloudstream3           I  aOrMT: VRI[MainActivity]@e9225f t = android.view.SurfaceControl$Transaction@eecda4 fN = 3069 android.view.SurfaceView.-$$Nest$mapplyOrMergeTransaction:0 android.view.SurfaceView$SurfaceViewPositionUpdateListener.positionChanged:1932 android.graphics.RenderNode$CompositePositionUpdateListener.positionChanged:401
2026-02-11 15:40:49.886 15870-15892 VRI[MainAc...ty]@e9225f com.lagradost.cloudstream3           I  mWNT: t=0xb400007a99b08080 mBlastBufferQueue=0xb400007b4562d000 fn= 3069 HdrRenderState mRenderHdrSdrRatio=1.0 caller= android.view.SurfaceView.applyOrMergeTransaction:1863 android.view.SurfaceView.-$$Nest$mapplyOrMergeTransaction:0 android.view.SurfaceView$SurfaceViewPositionUpdateListener.positionChanged:1932
2026-02-11 15:40:49.886 15870-15892 SurfaceView             com.lagradost.cloudstream3           D  258224364 updateSurfacePosition RenderWorker, frameNr = 3069, position = [388, 69, 2700, 1371] surfaceSize = 2560x1440
2026-02-11 15:40:49.886 15870-15892 SV[2582243...nActivity] com.lagradost.cloudstream3           I  uSP: rtp = Rect(388, 69 - 2700, 1371) rtsw = 2560 rtsh = 1440
2026-02-11 15:40:49.886 15870-15892 SV[2582243...nActivity] com.lagradost.cloudstream3           I  onSSPAndSRT: pl = 388 pt = 69 sx = 0.903125 sy = 0.90416664
2026-02-11 15:40:49.886 15870-15892 SV[2582243...nActivity] com.lagradost.cloudstream3           I  aOrMT: VRI[MainActivity]@e9225f t = android.view.SurfaceControl$Transaction@7d6c29d fN = 3069 android.view.SurfaceView.-$$Nest$mapplyOrMergeTransaction:0 android.view.SurfaceView$SurfaceViewPositionUpdateListener.positionChanged:1932 android.graphics.RenderNode$CompositePositionUpdateListener.positionChanged:401
2026-02-11 15:40:49.886 15870-15892 VRI[MainAc...ty]@e9225f com.lagradost.cloudstream3           I  mWNT: t=0xb400007b4580e980 mBlastBufferQueue=0xb400007b4562d000 fn= 3069 HdrRenderState mRenderHdrSdrRatio=1.0 caller= android.view.SurfaceView.applyOrMergeTransaction:1863 android.view.SurfaceView.-$$Nest$mapplyOrMergeTransaction:0 android.view.SurfaceView$SurfaceViewPositionUpdateListener.positionChanged:1932
2026-02-11 15:40:49.893 15870-15892 SurfaceView             com.lagradost.cloudstream3           D  178657430 updateSurfacePosition RenderWorker, frameNr = 3070, position = [0, 301, 1440, 1052] surfaceSize = 1440x750
2026-02-11 15:40:49.893 15870-15892 SV[1786574...nActivity] com.lagradost.cloudstream3           I  uSP: rtp = Rect(0, 301 - 1440, 1052) rtsw = 1440 rtsh = 750
2026-02-11 15:40:49.893 15870-15892 SV[1786574...nActivity] com.lagradost.cloudstream3           I  onSSPAndSRT: pl = 0 pt = 301 sx = 1.0 sy = 1.0013334
2026-02-11 15:40:49.894 15870-15892 SV[1786574...nActivity] com.lagradost.cloudstream3           I  aOrMT: VRI[MainActivity]@e9225f t = android.view.SurfaceControl$Transaction@eecda4 fN = 3070 android.view.SurfaceView.-$$Nest$mapplyOrMergeTransaction:0 android.view.SurfaceView$SurfaceViewPositionUpdateListener.positionChanged:1932 android.graphics.RenderNode$CompositePositionUpdateListener.positionChanged:401
2026-02-11 15:40:49.894 15870-15892 VRI[MainAc...ty]@e9225f com.lagradost.cloudstream3           I  mWNT: t=0xb400007a99b08080 mBlastBufferQueue=0xb400007b4562d000 fn= 3070 HdrRenderState mRenderHdrSdrRatio=1.0 caller= android.view.SurfaceView.applyOrMergeTransaction:1863 android.view.SurfaceView.-$$Nest$mapplyOrMergeTransaction:0 android.view.SurfaceView$SurfaceViewPositionUpdateListener.positionChanged:1932
2026-02-11 15:40:49.894 15870-15892 SurfaceView             com.lagradost.cloudstream3           D  258224364 updateSurfacePosition RenderWorker, frameNr = 3070, position = [391, 71, 2697, 1369] surfaceSize = 2560x1440
2026-02-11 15:40:49.894 15870-15892 SV[2582243...nActivity] com.lagradost.cloudstream3           I  uSP: rtp = Rect(391, 71 - 2697, 1369) rtsw = 2560 rtsh = 1440
2026-02-11 15:40:49.894 15870-15892 SV[2582243...nActivity] com.lagradost.cloudstream3           I  onSSPAndSRT: pl = 391 pt = 71 sx = 0.9007813 sy = 0.9013889
2026-02-11 15:40:49.894 15870-15892 SV[2582243...nActivity] com.lagradost.cloudstream3           I  aOrMT: VRI[MainActivity]@e9225f t = android.view.SurfaceControl$Transaction@7d6c29d fN = 3070 android.view.SurfaceView.-$$Nest$mapplyOrMergeTransaction:0 android.view.SurfaceView$SurfaceViewPositionUpdateListener.positionChanged:1932 android.graphics.RenderNode$CompositePositionUpdateListener.positionChanged:401
2026-02-11 15:40:49.894 15870-15892 VRI[MainAc...ty]@e9225f com.lagradost.cloudstream3           I  mWNT: t=0xb400007b4580e980 mBlastBufferQueue=0xb400007b4562d000 fn= 3070 HdrRenderState mRenderHdrSdrRatio=1.0 caller= android.view.SurfaceView.applyOrMergeTransaction:1863 android.view.SurfaceView.-$$Nest$mapplyOrMergeTransaction:0 android.view.SurfaceView$SurfaceViewPositionUpdateListener.positionChanged:1932
2026-02-11 15:40:49.902 15870-15892 SurfaceView             com.lagradost.cloudstream3           D  178657430 updateSurfacePosition RenderWorker, frameNr = 3071, position = [0, 301, 1440, 1051] surfaceSize = 1440x750
2026-02-11 15:40:49.902 15870-15892 SV[1786574...nActivity] com.lagradost.cloudstream3           I  uSP: rtp = Rect(0, 301 - 1440, 1051) rtsw = 1440 rtsh = 750
2026-02-11 15:40:49.902 15870-15892 SV[1786574...nActivity] com.lagradost.cloudstream3           I  onSSPAndSRT: pl = 0 pt = 301 sx = 1.0 sy = 1.0
2026-02-11 15:40:49.902 15870-15892 SV[1786574...nActivity] com.lagradost.cloudstream3           I  aOrMT: VRI[MainActivity]@e9225f t = android.view.SurfaceControl$Transaction@eecda4 fN = 3071 android.view.SurfaceView.-$$Nest$mapplyOrMergeTransaction:0 android.view.SurfaceView$SurfaceViewPositionUpdateListener.positionChanged:1932 android.graphics.RenderNode$CompositePositionUpdateListener.positionChanged:401
2026-02-11 15:40:49.902 15870-15892 VRI[MainAc...ty]@e9225f com.lagradost.cloudstream3           I  mWNT: t=0xb400007a99b08080 mBlastBufferQueue=0xb400007b4562d000 fn= 3071 HdrRenderState mRenderHdrSdrRatio=1.0 caller= android.view.SurfaceView.applyOrMergeTransaction:1863 android.view.SurfaceView.-$$Nest$mapplyOrMergeTransaction:0 android.view.SurfaceView$SurfaceViewPositionUpdateListener.positionChanged:1932
2026-02-11 15:40:49.902 15870-15892 SurfaceView             com.lagradost.cloudstream3           D  258224364 updateSurfacePosition RenderWorker, frameNr = 3071, position = [392, 72, 2696, 1368] surfaceSize = 2560x1440
2026-02-11 15:40:49.902 15870-15892 SV[2582243...nActivity] com.lagradost.cloudstream3           I  uSP: rtp = Rect(392, 72 - 2696, 1368) rtsw = 2560 rtsh = 1440
2026-02-11 15:40:49.902 15870-15892 SV[2582243...nActivity] com.lagradost.cloudstream3           I  onSSPAndSRT: pl = 392 pt = 72 sx = 0.9 sy = 0.9
2026-02-11 15:40:49.902 15870-15892 SV[2582243...nActivity] com.lagradost.cloudstream3           I  aOrMT: VRI[MainActivity]@e9225f t = android.view.SurfaceControl$Transaction@7d6c29d fN = 3071 android.view.SurfaceView.-$$Nest$mapplyOrMergeTransaction:0 android.view.SurfaceView$SurfaceViewPositionUpdateListener.positionChanged:1932 android.graphics.RenderNode$CompositePositionUpdateListener.positionChanged:401
2026-02-11 15:40:49.902 15870-15892 VRI[MainAc...ty]@e9225f com.lagradost.cloudstream3           I  mWNT: t=0xb400007b4580e980 mBlastBufferQueue=0xb400007b4562d000 fn= 3071 HdrRenderState mRenderHdrSdrRatio=1.0 caller= android.view.SurfaceView.applyOrMergeTransaction:1863 android.view.SurfaceView.-$$Nest$mapplyOrMergeTransaction:0 android.view.SurfaceView$SurfaceViewPositionUpdateListener.positionChanged:1932
2026-02-11 15:40:49.902 15870-15870 SV[2582243...nActivity] com.lagradost.cloudstream3           I  onWindowVisibilityChanged(8) false android.view.SurfaceView{f6430ec V.E...... ........ 0,0-2560,1440} of VRI[MainActivity]@e9225f
2026-02-11 15:40:49.902 15870-15870 SurfaceView             com.lagradost.cloudstream3           I  258224364 Changes: creating=false format=false size=false visible=true alpha=false hint=false left=false top=false z=false attached=true lifecycleStrategy=false
2026-02-11 15:40:49.902 15870-15870 SurfaceView             com.lagradost.cloudstream3           I  258224364 Cur surface: Surface(name=null mNativeObject=-5476376617434907136)/@0xb63af41
2026-02-11 15:40:49.902 15870-15870 SurfaceComposerClient   com.lagradost.cloudstream3           D  setCornerRadius ## f6430ec SurfaceView[com.lagradost.cloudstream3/com.lagradost.cloudstream3.MainActivity]@0#249607 cornerRadius=0.000000
2026-02-11 15:40:49.902 15870-15870 SV[2582243...nActivity] com.lagradost.cloudstream3           I  updateSurface: mVisible = false mSurface.isValid() = true
2026-02-11 15:40:49.902 15870-15870 SV[2582243...nActivity] com.lagradost.cloudstream3           I  updateSurface: mSurfaceCreated = true surfaceChanged = false visibleChanged = true
2026-02-11 15:40:49.902 15870-15870 SurfaceView             com.lagradost.cloudstream3           V  Layout: x=264 y=0 w=2560 h=1440, frame=Rect(0, 0 - 2560, 1440)
2026-02-11 15:40:49.902 15870-15870 SurfaceView             com.lagradost.cloudstream3           I  258224364 Detaching SV
