2026-02-12 10:36:08.624 15070-15070 WindowManager           com.lagradost.cloudstream3           I  WindowManagerGlobal#addView, ty=2005, view=androidx.cardview.widget.CardView{136850e V.E...... ......ID 0,0-0,0 #7f0a0586 app:id/toast_layout_root}, caller=android.view.WindowManagerImpl.addView:158 android.widget.ToastPresenter.addToastView:424 android.widget.ToastPresenter.show:325
2026-02-12 10:36:08.625 15070-15070 ViewRootImpl            com.lagradost.cloudstream3           D  desktopMode is false
2026-02-12 10:36:08.625 15070-15070 ViewRootImpl            com.lagradost.cloudstream3           I  dVRR is disabled
2026-02-12 10:36:08.625 15070-15091 NativeCust...ncyManager com.lagradost.cloudstream3           D  [NativeCFMS] BpCustomFrequencyManager::BpCustomFrequencyManager()
2026-02-12 10:36:08.630 15070-15070 InputTransport          com.lagradost.cloudstream3           D  Input channel constructed: 'd503b37', fd=310
2026-02-12 10:36:08.631 15070-15070 InsetsController        com.lagradost.cloudstream3           I  onStateChanged: host=Toast, from=android.view.ViewRootImpl.onInsetsStateChanged:3026, state=InsetsState: {mDisplayFrame=Rect(0, 0 - 3088, 1440), mDisplayCutout=DisplayCutout{insets=Rect(100, 0 - 0, 0) waterfall=Insets{left=0, top=0, right=0, bottom=0} boundingRect={Bounds=[Rect(0, 684 - 100, 755), Rect(0, 0 - 0, 0), Rect(0, 0 - 0, 0), Rect(0, 0 - 0, 0)]} cutoutPathParserInfo={CutoutPathParserInfo{displayWidth=1440 displayHeight=3088 physicalDisplayWidth=1440 physicalDisplayHeight=3088 density={3.75} cutoutSpec={M 0,0 H -9.466666666666667 V 26.66666666666667‬ H 9.466666666666667 V 0 H 0 Z @dp} rotation={1} scale={1.0} physicalPixelDisplaySizeRatio={1.0}}} sideOverrides={}}, mRoundedCorners=RoundedCorners{[RoundedCorner{position=TopLeft, radius=15, center=Point(15, 15)}, RoundedCorner{position=TopRight, radius=15, center=Point(3073, 15)}, RoundedCorner{position=BottomRight, radius=15, center=Point(3073, 1425)}, RoundedCorner{position=BottomLeft, radius=15, center=Point(15, 1425)}]}  mRoundedCornerFrame=Rect(0, 0 - 0, 0), mPrivacyIndicatorBounds=PrivacyIndicatorBounds {static bounds=Rect(2923, 0 - 3088, 113) rotation=1}, mDisplayShape=DisplayShape{ spec=-311912193 displayWidth=1440 displayHeight=3088 physicalPixelDisplaySizeRatio=1.0 rotation=1 offsetX=0 offsetY=0 scale=1.0}, mSources= { InsetsSource: {3 mType=ime mFrame=[0,0][0,0] mVisible=false mFlags= mSideHint=NONE mBoundingRects=null}, InsetsSource: {7 mType=displayCutout mFrame=[0,0][100,1440] mVisible=true mFlags= mSideHint=LEFT mBoundingRects=null}, InsetsSource: {27660001 mType=navigationBars mFrame=[2908,0][3088,1440] mVisible=false mFlags= mSideHint=RIGHT mBoundingRects=null}, InsetsSource: {27660004 mType=systemGestures mFrame=[0,0][0,0] mVisible=true mFlags= mSideHint=NONE mBoundingRects=null}, InsetsSource: {27660005 mType=mandatorySystemGestures mFrame=[2908,0][3088,1440] mVisible=true mFlags= mSideHint=RIGHT mBoundingRects=null}, InsetsSource: {27660006 mType=tappableElement mFrame=[2908,0][3088,1440] mVisible=true mFlags= mSideHint=RIGHT mBoundingRects=null}, InsetsSource: {27660024 mType=systemGestures mFrame=[0,0][0,0] mVisible=true mFlags= mSideHint=NONE mBoundingRects=null}, InsetsSource: {41f30000 mType=statusBars mFrame=[0,0][3088,113] mVisible=false mFlags= mSideHint=TOP mBoundingRects=null}, InsetsSource: {41f30005 mType=mandatorySystemGestures mFrame=[0,0][3088,113] mVisible=true mFlags= mSideHint=TOP mBoundingRects=null}, InsetsSource: {41f30006 mType=tappableElement mFrame=[0,0][3088,113] mVisible=true mFlags= mSideHint=TOP mBoundingRects=null} }
2026-02-12 10:36:08.631 15070-15070 VRI[Toast]@7951b2f      com.lagradost.cloudstream3           I  synced displayState. AttachInfo displayState=2
2026-02-12 10:36:08.631 15070-15070 VRI[Toast]@7951b2f      com.lagradost.cloudstream3           I  setView = androidx.cardview.widget.CardView@136850e IsHRR=false mFlingFrameRateChange=0 TM=true
2026-02-12 10:36:08.633 15070-15070 BLASTBufferQueue_Java   com.lagradost.cloudstream3           I  update, w= 3088 h= 1440 mName = VRI[MainActivity]@d1efe57 mNativeObject= 0xb400007b47ab3000 sc.mNativeObject= 0xb400007a9f564640 format= -3 caller= android.view.ViewRootImpl.updateBlastSurfaceIfNeeded:3574 android.view.ViewRootImpl.relayoutWindow:11685 android.view.ViewRootImpl.performTraversals:4804 android.view.ViewRootImpl.doTraversal:3924 android.view.ViewRootImpl$TraversalRunnable.run:12903 android.view.Choreographer$CallbackRecord.run:1901
2026-02-12 10:36:08.633 15070-15070 VRI[MainAc...y]@d1efe57 com.lagradost.cloudstream3           I  Relayout returned: old=(0,0,3088,1440) new=(0,0,3088,1440) relayoutAsync=true req=(3088,1440)0 dur=1 res=0x0 s={true 0xb400007ab9b47800} ch=false seqId=0
2026-02-12 10:36:08.633 15070-15070 VRI[MainAc...y]@d1efe57 com.lagradost.cloudstream3           I  updateBoundsLayer: t=android.view.SurfaceControl$Transaction@62d9850 sc=Surface(name=Bounds for - com.lagradost.cloudstream3/com.lagradost.cloudstream3.MainActivity@0)/@0x3b26a49 frame=2594
2026-02-12 10:36:08.633 15070-15070 VRI[MainAc...y]@d1efe57 com.lagradost.cloudstream3           I  registerCallbackForPendingTransactions
2026-02-12 10:36:08.634 15070-15125 VRI[MainAc...y]@d1efe57 com.lagradost.cloudstream3           I  mWNT: t=0xb400007a9b265f00 mBlastBufferQueue=0xb400007b47ab3000 fn= 2595 HdrRenderState mRenderHdrSdrRatio=1.0 caller= android.view.ViewRootImpl$10.onFrameDraw:6536 android.view.ViewRootImpl$4.onFrameDraw:2489 android.view.ThreadedRenderer$1.onFrameDraw:718
2026-02-12 10:36:08.638 15070-15070 libc                    com.lagradost.cloudstream3           W  Access denied finding property "vendor.display.enable_optimal_refresh_rate"
2026-02-12 10:36:08.638 15070-15070 BufferQueueProducer     com.lagradost.cloudstream3           I  [](id:3ade00000008,api:0,p:-1692411248,c:15070) setDequeueTimeout:2077252342
2026-02-12 10:36:08.638 15070-15070 BLASTBufferQueue_Java   com.lagradost.cloudstream3           I  new BLASTBufferQueue, mName= VRI[Toast]@7951b2f mNativeObject= 0xb400007a9b264000 caller= android.view.ViewRootImpl.updateBlastSurfaceIfNeeded:3585 android.view.ViewRootImpl.relayoutWindow:11685 android.view.ViewRootImpl.performTraversals:4804 android.view.ViewRootImpl.doTraversal:3924 android.view.ViewRootImpl$TraversalRunnable.run:12903 android.view.Choreographer$CallbackRecord.run:1901 android.view.Choreographer$CallbackRecord.run:1910 android.view.Choreographer.doCallbacks:1367 android.view.Choreographer.doFrame:1292 android.view.Choreographer$FrameDisplayEventReceiver.run:1870
2026-02-12 10:36:08.638 15070-15070 BLASTBufferQueue_Java   com.lagradost.cloudstream3           I  update, w= 1230 h= 501 mName = VRI[Toast]@7951b2f mNativeObject= 0xb400007a9b264000 sc.mNativeObject= 0xb400007a9f77bd40 format= -3 caller= android.view.ViewRootImpl.updateBlastSurfaceIfNeeded:3590 android.view.ViewRootImpl.relayoutWindow:11685 android.view.ViewRootImpl.performTraversals:4804 android.view.ViewRootImpl.doTraversal:3924 android.view.ViewRootImpl$TraversalRunnable.run:12903 android.view.Choreographer$CallbackRecord.run:1901
2026-02-12 10:36:08.639 15070-15070 libc                    com.lagradost.cloudstream3           W  Access denied finding property "vendor.display.enable_optimal_refresh_rate"
2026-02-12 10:36:08.639 15070-15070 VRI[Toast]@7951b2f      com.lagradost.cloudstream3           I  Relayout returned: old=(100,113,2908,1440) new=(904,951,2104,1422) relayoutAsync=false req=(1200,471)0 dur=3 res=0x3 s={true 0xb40000785eb87e00} ch=true seqId=0
2026-02-12 10:36:08.639 15070-15070 VRI[Toast]@7951b2f      com.lagradost.cloudstream3           I  performConfigurationChange setNightDimText nightDimLevel=0
2026-02-12 10:36:08.639 15070-15070 VRI[Toast]@7951b2f      com.lagradost.cloudstream3           D  mThreadedRenderer.initialize() mSurface={isValid=true 0xb40000785eb87e00} hwInitialized=true
2026-02-12 10:36:08.640 15070-15070 VRI[Toast]@7951b2f      com.lagradost.cloudstream3           D  reportNextDraw android.view.ViewRootImpl.performTraversals:5443 android.view.ViewRootImpl.doTraversal:3924 android.view.ViewRootImpl$TraversalRunnable.run:12903 android.view.Choreographer$CallbackRecord.run:1901 android.view.Choreographer$CallbackRecord.run:1910
2026-02-12 10:36:08.640 15070-15070 VRI[Toast]@7951b2f      com.lagradost.cloudstream3           D  Setup new sync=wmsSync-VRI[Toast]@7951b2f#22
2026-02-12 10:36:08.640 15070-15070 VRI[Toast]@7951b2f      com.lagradost.cloudstream3           I  Creating new active sync group VRI[Toast]@7951b2f#23
2026-02-12 10:36:08.641 15070-15070 VRI[Toast]@7951b2f      com.lagradost.cloudstream3           D  registerCallbacksForSync syncBuffer=false
2026-02-12 10:36:08.642 15070-15123 VRI[Toast]@7951b2f      com.lagradost.cloudstream3           D  Received frameDrawingCallback syncResult=0 frameNum=1.
2026-02-12 10:36:08.642 15070-15123 VRI[Toast]@7951b2f      com.lagradost.cloudstream3           I  mWNT: t=0xb400007a9b266500 mBlastBufferQueue=0xb400007a9b264000 fn= 1 HdrRenderState mRenderHdrSdrRatio=1.0 caller= android.view.ViewRootImpl$12.onFrameDraw:15441 android.view.ThreadedRenderer$1.onFrameDraw:718 <bottom of call stack>
2026-02-12 10:36:08.642 15070-15123 VRI[Toast]@7951b2f      com.lagradost.cloudstream3           I  Setting up sync and frameCommitCallback
2026-02-12 10:36:08.644 15070-15091 BLASTBufferQueue        com.lagradost.cloudstream3           I  [VRI[Toast]@7951b2f#8](f:0,a:0,s:0) onFrameAvailable the first frame is available
2026-02-12 10:36:08.644 15070-15091 SurfaceComposerClient   com.lagradost.cloudstream3           I  apply transaction with the first frame. layerId: 260107, bufferData(ID: 64725157150762, frameNumber: 1)
2026-02-12 10:36:08.644 15070-15091 VRI[Toast]@7951b2f      com.lagradost.cloudstream3           I  Received frameCommittedCallback lastAttemptedDrawFrameNum=1 didProduceBuffer=true
2026-02-12 10:36:08.644 15070-15091 HWUI                    com.lagradost.cloudstream3           D  CFMS:: SetUp Pid : 15070    Tid : 15091
2026-02-12 10:36:08.644 15070-15070 VRI[Toast]@7951b2f      com.lagradost.cloudstream3           D  reportDrawFinished seqId=0
2026-02-12 10:36:08.646 15070-15111 PreviewImgMp4           com.lagradost.cloudstream3           I  Requesting preview for 0.5 but 0 < 3
2026-02-12 10:36:08.646 15070-15111 PreviewImgMp4           com.lagradost.cloudstream3           I  Requesting preview for 0.5 but 0 < 3
2026-02-12 10:36:08.646 15070-15070 NotificationManager     com.lagradost.cloudstream3           I  com.lagradost.cloudstream3: notify(2326, null, Notification(channel=7340 shortcut=null contentView=null vibrate=null sound=null defaults=0 flags=ONGOING_EVENT|ONLY_ALERT_ONCE color=0x00000000 category=transport actions=2 vis=PUBLIC semFlags=0x0 semPriority=0 semMissedCount=0)) as user
2026-02-12 10:36:08.654 15070-15091 HWUI                    com.lagradost.cloudstream3           D  HWUI - treat SMPTE_170M as sRGB
2026-02-12 10:36:08.655 15070-15070 VRI[Toast]@7951b2f      com.lagradost.cloudstream3           I  handleResized, frames=ClientWindowFrames{frame=[904,951][2104,1422] display=[100,113][2908,1440] parentFrame=[0,0][0,0]} displayId=0 dragResizing=false compatScale=1.0 frameChanged=false attachedFrameChanged=false configChanged=false displayChanged=false compatScaleChanged=false dragResizingChanged=false
2026-02-12 10:36:08.655 15070-15070 VRI[Toast]@7951b2f      com.lagradost.cloudstream3           I  handleResized mSyncSeqId = 0
2026-02-12 10:36:08.655 15070-15070 VRI[Toast]@7951b2f      com.lagradost.cloudstream3           D  reportNextDraw android.view.ViewRootImpl.handleResized:2983 android.view.ViewRootImpl.-$$Nest$mhandleResized:0 android.view.ViewRootImpl$W.resized:14082 android.app.servertransaction.WindowStateResizeItem.execute:93 android.app.servertransaction.WindowStateTransactionItem.execute:62
2026-02-12 10:36:08.655 15070-15105 PreviewImgMp4           com.lagradost.cloudstream3           I  Requesting preview for 0.5 but 0 < 3
2026-02-12 10:36:08.655 15070-15105 PreviewImgMp4           com.lagradost.cloudstream3           I  Requesting preview for 0.5 but 0 < 3
2026-02-12 10:36:08.656 15070-15070 NotificationManager     com.lagradost.cloudstream3           I  com.lagradost.cloudstream3: notify(2326, null, Notification(channel=7340 shortcut=null contentView=null vibrate=null sound=null defaults=0 flags=ONGOING_EVENT|ONLY_ALERT_ONCE color=0x00000000 category=transport actions=2 vis=PUBLIC semFlags=0x0 semPriority=0 semMissedCount=0)) as user
2026-02-12 10:36:08.657 15070-15070 VRI[Toast]@7951b2f      com.lagradost.cloudstream3           D  Setup new sync=wmsSync-VRI[Toast]@7951b2f#24
2026-02-12 10:36:08.658 15070-15070 VRI[Toast]@7951b2f      com.lagradost.cloudstream3           I  Creating new active sync group VRI[Toast]@7951b2f#25
2026-02-12 10:36:08.659 15070-15070 VRI[Toast]@7951b2f      com.lagradost.cloudstream3           D  registerCallbacksForSync syncBuffer=false
2026-02-12 10:36:08.659 15070-15125 VRI[Toast]@7951b2f      com.lagradost.cloudstream3           D  Received frameDrawingCallback syncResult=0 frameNum=2.
2026-02-12 10:36:08.659 15070-15125 VRI[Toast]@7951b2f      com.lagradost.cloudstream3           I  Setting up sync and frameCommitCallback
2026-02-12 10:36:08.661 15070-15091 VRI[Toast]@7951b2f      com.lagradost.cloudstream3           I  Received frameCommittedCallback lastAttemptedDrawFrameNum=2 didProduceBuffer=true
2026-02-12 10:36:08.661 15070-15070 VRI[Toast]@7951b2f      com.lagradost.cloudstream3           D  reportDrawFinished seqId=0
2026-02-12 10:36:08.722 15070-15070 VRI[MainAc...y]@d1efe57 com.lagradost.cloudstream3           I  call setFrameRateCategory for touch hint category=no preference, reason=boost timeout, vri=VRI[MainActivity]@d1efe57
2026-02-12 10:36:08.870 15070-15070 VideoSnifferJS          com.lagradost.cloudstream3           E  Uncaught TypeError: Cannot set properties of null (setting 'innerHTML') [about:blank:56]
2026-02-12 10:36:09.251 15070-15070 VRI[MainAc...y]@d1efe57 com.lagradost.cloudstream3           I  ViewPostIme pointer 0
2026-02-12 10:36:09.253 15070-15070 VRI[MainAc...y]@d1efe57 com.lagradost.cloudstream3           I  call setFrameRateCategory for touch hint category=high hint, reason=touch, vri=VRI[MainActivity]@d1efe57
2026-02-12 10:36:09.309 15070-15070 VRI[MainAc...y]@d1efe57 com.lagradost.cloudstream3           I  ViewPostIme pointer 1
2026-02-12 10:36:09.541 15070-15111 PreviewImgMp4           com.lagradost.cloudstream3           I  Requesting preview for 0.5 but 0 < 3
2026-02-12 10:36:09.541 15070-15111 PreviewImgMp4           com.lagradost.cloudstream3           I  Requesting preview for 0.5 but 0 < 3
2026-02-12 10:36:09.547 15070-15111 PreviewImgMp4           com.lagradost.cloudstream3           I  Requesting preview for 0.5 but 0 < 3
2026-02-12 10:36:09.547 15070-15111 PreviewImgMp4           com.lagradost.cloudstream3           I  Requesting preview for 0.5 but 0 < 3
2026-02-12 10:36:09.646 15070-15111 PreviewImgMp4           com.lagradost.cloudstream3           I  Requesting preview for 0.5 but 0 < 3
2026-02-12 10:36:09.646 15070-15111 PreviewImgMp4           com.lagradost.cloudstream3           I  Requesting preview for 0.5 but 0 < 3
2026-02-12 10:36:09.656 15070-15111 PreviewImgMp4           com.lagradost.cloudstream3           I  Requesting preview for 0.5 but 0 < 3
2026-02-12 10:36:09.656 15070-15111 PreviewImgMp4           com.lagradost.cloudstream3           I  Requesting preview for 0.5 but 0 < 3
2026-02-12 10:36:10.542 15070-15111 PreviewImgMp4           com.lagradost.cloudstream3           I  Requesting preview for 0.5 but 0 < 3
2026-02-12 10:36:10.542 15070-15111 PreviewImgMp4           com.lagradost.cloudstream3           I  Requesting preview for 0.5 but 0 < 3
2026-02-12 10:36:10.548 15070-15111 PreviewImgMp4           com.lagradost.cloudstream3           I  Requesting preview for 0.5 but 0 < 3
2026-02-12 10:36:10.548 15070-15111 PreviewImgMp4           com.lagradost.cloudstream3           I  Requesting preview for 0.5 but 0 < 3
2026-02-12 10:36:10.584 15070-15070 WindowManager           com.lagradost.cloudstream3           I  WindowManagerGlobal#removeView, ty=2005, view=androidx.cardview.widget.CardView{136850e V.E...... ........ 0,0-1200,471 #7f0a0586 app:id/toast_layout_root}, caller=android.view.WindowManagerGlobal.removeView:654 android.view.WindowManagerImpl.removeViewImmediate:216 android.widget.ToastPresenter.hide:348
2026-02-12 10:36:10.587 15070-15070 VRI[Toast]@7951b2f      com.lagradost.cloudstream3           I  dispatchDetachedFromWindow
2026-02-12 10:36:10.601 15070-15070 InputTransport          com.lagradost.cloudstream3           D  Input channel destroyed: 'd503b37', fd=310
2026-02-12 10:36:10.647 15070-15105 PreviewImgMp4           com.lagradost.cloudstream3           I  Requesting preview for 0.5 but 0 < 3
2026-02-12 10:36:10.647 15070-15105 PreviewImgMp4           com.lagradost.cloudstream3           I  Requesting preview for 0.5 but 0 < 3
2026-02-12 10:36:10.657 15070-15105 PreviewImgMp4           com.lagradost.cloudstream3           I  Requesting preview for 0.5 but 0 < 3
2026-02-12 10:36:10.657 15070-15105 PreviewImgMp4           com.lagradost.cloudstream3           I  Requesting preview for 0.5 but 0 < 3
2026-02-12 10:36:10.871 15070-15070 VideoSnifferJS          com.lagradost.cloudstream3           E  Uncaught TypeError: Cannot set properties of null (setting 'innerHTML') [about:blank:56]
2026-02-12 10:36:11.543 15070-15105 PreviewImgMp4           com.lagradost.cloudstream3           I  Requesting preview for 0.5 but 0 < 3
2026-02-12 10:36:11.543 15070-15105 PreviewImgMp4           com.lagradost.cloudstream3           I  Requesting preview for 0.5 but 0 < 3
2026-02-12 10:36:11.548 15070-15105 PreviewImgMp4           com.lagradost.cloudstream3           I  Requesting preview for 0.5 but 0 < 3
2026-02-12 10:36:11.548 15070-15105 PreviewImgMp4           com.lagradost.cloudstream3           I  Requesting preview for 0.5 but 0 < 3
2026-02-12 10:36:11.563 15070-15576 MediaHTTPConnection     com.lagradost.cloudstream3           I  [0] - setReadTimeout and setConnectTimeout with 8000ms
2026-02-12 10:36:11.567 15070-15576 MediaHTTPConnection     com.lagradost.cloudstream3           E
2026-02-12 10:36:11.568 15070-15133 MediaHTTPConnection     com.lagradost.cloudstream3           I  [0] - setReadTimeout and setConnectTimeout with 8000ms
2026-02-12 10:36:11.568 15070-15133 MediaHTTPConnection     com.lagradost.cloudstream3           E
2026-02-12 10:36:11.596 15070-15576 MediaHTTPConnection     com.lagradost.cloudstream3           I  [0] - setReadTimeout and setConnectTimeout with 8000ms
2026-02-12 10:36:11.596 15070-15576 MediaHTTPConnection     com.lagradost.cloudstream3           E
2026-02-12 10:36:11.597 15070-15576 MediaHTTPConnection     com.lagradost.cloudstream3           I  [0] - setReadTimeout and setConnectTimeout with 8000ms
2026-02-12 10:36:11.598 15070-15576 MediaHTTPConnection     com.lagradost.cloudstream3           E
2026-02-12 10:36:11.639 15070-15596 ExoPlayerImplInternal   com.lagradost.cloudstream3           E  Playback error
                                                                                                      UnknownHostException (no network)
2026-02-12 10:36:11.643 15070-15070 CS3ExoPlayer            com.lagradost.cloudstream3           I  Handle event: ErrorEvent(error=androidx.media3.exoplayer.ExoPlaybackException: Source error, source=Player)
2026-02-12 10:36:11.643 15070-15070 CS3ExoPlayer            com.lagradost.cloudstream3           E  playerError: (ExtractorLink(name=Server 3 (1080p), url=https://arabseed-lazy.com/?post_id=832389&quality=1080&server=3&csrf_token=92d7db8dfb&base=https://asd.pics, referer=https://asd.pics/, type=VIDEO), null), type=androidx.media3.exoplayer.ExoPlaybackException, message=Source error, url=https://arabseed-lazy.com/?post_id=832389&quality=1080&server=3&csrf_token=92d7db8dfb&base=https://asd.pics, headers={}, referer=https://asd.pics/, position=0, duration=-9223372036854775807, isPlaying=false
2026-02-12 10:36:11.644 15070-15070 COMPACT                 com.lagradost.cloudstream3           I  showToast = Remote error
                                                                                                    ERROR_CODE_IO_NETWORK_CONNECTION_FAILED (2001)
                                                                                                    Source error
2026-02-12 10:36:11.646 15070-15070 Toast                   com.lagradost.cloudstream3           E  setGravity() shouldn't be called on text toasts, the values won't be used
2026-02-12 10:36:11.646 15070-15070 Toast                   com.lagradost.cloudstream3           I  setView: it's a custom toast
2026-02-12 10:36:11.648 15070-15105 PreviewImgMp4           com.lagradost.cloudstream3           I  Requesting preview for 0.5 but 0 < 3
2026-02-12 10:36:11.648 15070-15105 PreviewImgMp4           com.lagradost.cloudstream3           I  Requesting preview for 0.5 but 0 < 3
2026-02-12 10:36:11.648 15070-15070 Toast                   com.lagradost.cloudstream3           I  show: caller = com.lagradost.cloudstream3.CommonActivity.showToast:185
2026-02-12 10:36:11.649 15070-15070 Toast                   com.lagradost.cloudstream3           I  show: contextDispId = 0 mCustomDisplayId = -1 focusedDisplayId = 0 isActivityContext = true
2026-02-12 10:36:11.657 15070-15111 PreviewImgMp4           com.lagradost.cloudstream3           I  Requesting preview for 0.5 but 0 < 3
2026-02-12 10:36:11.657 15070-15111 PreviewImgMp4           com.lagradost.cloudstream3           I  Requesting preview for 0.5 but 0 < 3
2026-02-12 10:36:11.665 15070-15070 CS3ExoPlayer            com.lagradost.cloudstream3           I  loadPlayer
2026-02-12 10:36:11.665 15070-15070 CS3ExoPlayer            com.lagradost.cloudstream3           I  saveData
2026-02-12 10:36:11.665 15070-15070 CS3ExoPlayer            com.lagradost.cloudstream3           I  Handle event: PositionEvent(source=Player, fromMs=0, toMs=0, durationMs=-9223372036854775807)
2026-02-12 10:36:11.665 15070-15070 CS3ExoPlayer            com.lagradost.cloudstream3           I  releasePlayer
2026-02-12 10:36:11.665 15070-15070 CS3ExoPlayer            com.lagradost.cloudstream3           I  Handle event: PositionEvent(source=Player, fromMs=0, toMs=0, durationMs=-9223372036854775807)
2026-02-12 10:36:11.665 15070-15070 ExoPlayerImpl           com.lagradost.cloudstream3           I  Release 5cf5a55 [AndroidXMedia3/1.8.0] [dm3q, SM-S918B, samsung, 36] [media3.common, media3.ui, media3.exoplayer, media3.decoder, media3.database, media3.session, media3.datasource.okhttp, media3.datasource]
2026-02-12 10:36:11.667 15070-15070 CS3ExoPlayer            com.lagradost.cloudstream3           I  Handle event: PlayerAttachedEvent(player=null, source=Player)
2026-02-12 10:36:11.668 15070-15070 MediaMetadataRetriever  com.lagradost.cloudstream3           V  constructor
2026-02-12 10:36:11.668 15070-15070 CS3ExoPlayer            com.lagradost.cloudstream3           I  loadOnlinePlayer ExtractorLink(name=Server 4 (1080p), url=https://arabseed-lazy.com/?post_id=832389&quality=1080&server=4&csrf_token=92d7db8dfb&base=https://asd.pics, referer=https://asd.pics/, type=VIDEO)
2026-02-12 10:36:11.668 15070-15105 PreviewImgMp4           com.lagradost.cloudstream3           I  Loading with url = https://arabseed-lazy.com/?post_id=832389&quality=1080&server=4&csrf_token=92d7db8dfb&base=https://asd.pics headers = {referer=https://asd.pics/}
2026-02-12 10:36:11.668 15070-15105 MediaHTTPService        com.lagradost.cloudstream3           V  MediaHTTPService(android.media.MediaHTTPService@726c7a5): Cookies: null
2026-02-12 10:36:11.668 15070-15105 MediaMetadataRetriever  com.lagradost.cloudstream3           V  setDataSource
2026-02-12 10:36:11.669 15070-15105 MediaHTTPService        com.lagradost.cloudstream3           V  makeHTTPConnection: CookieHandler (java.net.CookieManager@d8f769a) exists.
2026-02-12 10:36:11.669 15070-15105 MediaHTTPService        com.lagradost.cloudstream3           V  makeHTTPConnection(android.media.MediaHTTPService@726c7a5): cookieHandler: java.net.CookieManager@d8f769a Cookies: null
2026-02-12 10:36:11.669 15070-15070 CS3ExoPlayer            com.lagradost.cloudstream3           I  loadExo
2026-02-12 10:36:11.670 15070-15070 ExoPlayerImpl           com.lagradost.cloudstream3           I  Init af5777a [AndroidXMedia3/1.8.0] [dm3q, SM-S918B, samsung, 36]
2026-02-12 10:36:11.670 15070-15070 NextRenderersFactory    com.lagradost.cloudstream3           I  Loaded FfmpegVideoRenderer.
2026-02-12 10:36:11.671 15070-15070 NextRenderersFactory    com.lagradost.cloudstream3           I  Loaded FfmpegAudioRenderer.
2026-02-12 10:36:11.671 15070-15133 MediaHTTPConnection     com.lagradost.cloudstream3           I  [0] - setReadTimeout and setConnectTimeout with 8000ms
2026-02-12 10:36:11.672 15070-15133 MediaHTTPConnection     com.lagradost.cloudstream3           E
2026-02-12 10:36:11.672 15070-15070 CS3ExoPlayer            com.lagradost.cloudstream3           I  Handle event: PlayerAttachedEvent(player=androidx.media3.exoplayer.ExoPlayerImpl@af5777a, source=Player)
2026-02-12 10:36:11.672 15070-15070 MediaSessionImpl        com.lagradost.cloudstream3           I  Release 47671f8 [AndroidXMedia3/1.8.0] [dm3q, SM-S918B, samsung, 36] [media3.common, media3.ui, media3.exoplayer, media3.decoder, media3.database, media3.session, media3.datasource.okhttp, media3.datasource]
2026-02-12 10:36:11.673 15070-15070 MediaSessionImpl        com.lagradost.cloudstream3           I  Init b9d7b88 [AndroidXMedia3/1.8.0] [dm3q, SM-S918B, samsung, 36]
2026-02-12 10:36:11.678 15070-15070 MediaSessionCompat      com.lagradost.cloudstream3           I  Couldn't find a unique registered media button receiver in the given context.
2026-02-12 10:36:11.684 15070-15070 ExoPlayerImplInternal   com.lagradost.cloudstream3           W  Ignoring messages sent after release.
2026-02-12 10:36:11.688 15070-15070 CS3ExoPlayer            com.lagradost.cloudstream3           I  Handle event: StatusEvent(wasPlaying=IsBuffering, isPlaying=IsBuffering, source=Player)
2026-02-12 10:36:11.691 15070-15070 ToastPresenter          com.lagradost.cloudstream3           V  yOffset = 18
2026-02-12 10:36:11.691 15070-15070 WindowManager           com.lagradost.cloudstream3           I  WindowManagerGlobal#addView, ty=2005, view=androidx.cardview.widget.CardView{af827ff V.E...... ......ID 0,0-0,0 #7f0a0586 app:id/toast_layout_root}, caller=android.view.WindowManagerImpl.addView:158 android.widget.ToastPresenter.addToastView:424 android.widget.ToastPresenter.show:325
2026-02-12 10:36:11.691 15070-15070 ViewRootImpl            com.lagradost.cloudstream3           D  desktopMode is false
2026-02-12 10:36:11.691 15070-15070 ViewRootImpl            com.lagradost.cloudstream3           I  dVRR is disabled
2026-02-12 10:36:11.692 15070-15091 NativeCust...ncyManager com.lagradost.cloudstream3           D  [NativeCFMS] BpCustomFrequencyManager::BpCustomFrequencyManager()
2026-02-12 10:36:11.697 15070-15070 InputTransport          com.lagradost.cloudstream3           D  Input channel constructed: '3e1a6ff', fd=353
2026-02-12 10:36:11.697 15070-15070 InsetsController        com.lagradost.cloudstream3           I  onStateChanged: host=Toast, from=android.view.ViewRootImpl.onInsetsStateChanged:3026, state=InsetsState: {mDisplayFrame=Rect(0, 0 - 3088, 1440), mDisplayCutout=DisplayCutout{insets=Rect(100, 0 - 0, 0) waterfall=Insets{left=0, top=0, right=0, bottom=0} boundingRect={Bounds=[Rect(0, 684 - 100, 755), Rect(0, 0 - 0, 0), Rect(0, 0 - 0, 0), Rect(0, 0 - 0, 0)]} cutoutPathParserInfo={CutoutPathParserInfo{displayWidth=1440 displayHeight=3088 physicalDisplayWidth=1440 physicalDisplayHeight=3088 density={3.75} cutoutSpec={M 0,0 H -9.466666666666667 V 26.66666666666667‬ H 9.466666666666667 V 0 H 0 Z @dp} rotation={1} scale={1.0} physicalPixelDisplaySizeRatio={1.0}}} sideOverrides={}}, mRoundedCorners=RoundedCorners{[RoundedCorner{position=TopLeft, radius=15, center=Point(15, 15)}, RoundedCorner{position=TopRight, radius=15, center=Point(3073, 15)}, RoundedCorner{position=BottomRight, radius=15, center=Point(3073, 1425)}, RoundedCorner{position=BottomLeft, radius=15, center=Point(15, 1425)}]}  mRoundedCornerFrame=Rect(0, 0 - 0, 0), mPrivacyIndicatorBounds=PrivacyIndicatorBounds {static bounds=Rect(2923, 0 - 3088, 113) rotation=1}, mDisplayShape=DisplayShape{ spec=-311912193 displayWidth=1440 displayHeight=3088 physicalPixelDisplaySizeRatio=1.0 rotation=1 offsetX=0 offsetY=0 scale=1.0}, mSources= { InsetsSource: {3 mType=ime mFrame=[0,0][0,0] mVisible=false mFlags= mSideHint=NONE mBoundingRects=null}, InsetsSource: {7 mType=displayCutout mFrame=[0,0][100,1440] mVisible=true mFlags= mSideHint=LEFT mBoundingRects=null}, InsetsSource: {27660001 mType=navigationBars mFrame=[2908,0][3088,1440] mVisible=false mFlags= mSideHint=RIGHT mBoundingRects=null}, InsetsSource: {27660004 mType=systemGestures mFrame=[0,0][0,0] mVisible=true mFlags= mSideHint=NONE mBoundingRects=null}, InsetsSource: {27660005 mType=mandatorySystemGestures mFrame=[2908,0][3088,1440] mVisible=true mFlags= mSideHint=RIGHT mBoundingRects=null}, InsetsSource: {27660006 mType=tappableElement mFrame=[2908,0][3088,1440] mVisible=true mFlags= mSideHint=RIGHT mBoundingRects=null}, InsetsSource: {27660024 mType=systemGestures mFrame=[0,0][0,0] mVisible=true mFlags= mSideHint=NONE mBoundingRects=null}, InsetsSource: {41f30000 mType=statusBars mFrame=[0,0][3088,113] mVisible=false mFlags= mSideHint=TOP mBoundingRects=null}, InsetsSource: {41f30005 mType=mandatorySystemGestures mFrame=[0,0][3088,113] mVisible=true mFlags= mSideHint=TOP mBoundingRects=null}, InsetsSource: {41f30006 mType=tappableElement mFrame=[0,0][3088,113] mVisible=true mFlags= mSideHint=TOP mBoundingRects=null} }
2026-02-12 10:36:11.698 15070-15070 VRI[Toast]@612e9cc      com.lagradost.cloudstream3           I  synced displayState. AttachInfo displayState=2
2026-02-12 10:36:11.698 15070-15070 VRI[Toast]@612e9cc      com.lagradost.cloudstream3           I  setView = androidx.cardview.widget.CardView@af827ff IsHRR=false mFlingFrameRateChange=0 TM=true
2026-02-12 10:36:11.700 15070-15070 BLASTBufferQueue_Java   com.lagradost.cloudstream3           I  update, w= 3088 h= 1440 mName = VRI[MainActivity]@d1efe57 mNativeObject= 0xb400007b47ab3000 sc.mNativeObject= 0xb400007a9f564640 format= -3 caller= android.view.ViewRootImpl.updateBlastSurfaceIfNeeded:3574 android.view.ViewRootImpl.relayoutWindow:11685 android.view.ViewRootImpl.performTraversals:4804 android.view.ViewRootImpl.doTraversal:3924 android.view.ViewRootImpl$TraversalRunnable.run:12903 android.view.Choreographer$CallbackRecord.run:1901
2026-02-12 10:36:11.700 15070-15070 VRI[MainAc...y]@d1efe57 com.lagradost.cloudstream3           I  Relayout returned: old=(0,0,3088,1440) new=(0,0,3088,1440) relayoutAsync=true req=(3088,1440)0 dur=0 res=0x0 s={true 0xb400007ab9b47800} ch=false seqId=0
2026-02-12 10:36:11.700 15070-15070 VRI[MainAc...y]@d1efe57 com.lagradost.cloudstream3           I  updateBoundsLayer: t=android.view.SurfaceControl$Transaction@62d9850 sc=Surface(name=Bounds for - com.lagradost.cloudstream3/com.lagradost.cloudstream3.MainActivity@0)/@0x3b26a49 frame=2962
2026-02-12 10:36:11.701 15070-15070 VRI[MainAc...y]@d1efe57 com.lagradost.cloudstream3           I  registerCallbackForPendingTransactions
2026-02-12 10:36:11.701 15070-15123 VRI[MainAc...y]@d1efe57 com.lagradost.cloudstream3           I  mWNT: t=0xb400007a9b2a1c00 mBlastBufferQueue=0xb400007b47ab3000 fn= 2962 HdrRenderState mRenderHdrSdrRatio=1.0 caller= android.view.ViewRootImpl$10.onFrameDraw:6536 android.view.ViewRootImpl$4.onFrameDraw:2489 android.view.ThreadedRenderer$1.onFrameDraw:718
2026-02-12 10:36:11.705 15070-15070 libc                    com.lagradost.cloudstream3           W  Access denied finding property "vendor.display.enable_optimal_refresh_rate"
2026-02-12 10:36:11.705 15070-15070 BufferQueueProducer     com.lagradost.cloudstream3           I  [](id:3ade00000009,api:0,p:-1692406528,c:15070) setDequeueTimeout:2077252342
2026-02-12 10:36:11.705 15070-15070 BLASTBufferQueue_Java   com.lagradost.cloudstream3           I  new BLASTBufferQueue, mName= VRI[Toast]@612e9cc mNativeObject= 0xb400007a9b264000 caller= android.view.ViewRootImpl.updateBlastSurfaceIfNeeded:3585 android.view.ViewRootImpl.relayoutWindow:11685 android.view.ViewRootImpl.performTraversals:4804 android.view.ViewRootImpl.doTraversal:3924 android.view.ViewRootImpl$TraversalRunnable.run:12903 android.view.Choreographer$CallbackRecord.run:1901 android.view.Choreographer$CallbackRecord.run:1910 android.view.Choreographer.doCallbacks:1367 android.view.Choreographer.doFrame:1292 android.view.Choreographer$FrameDisplayEventReceiver.run:1870
2026-02-12 10:36:11.706 15070-15070 BLASTBufferQueue_Java   com.lagradost.cloudstream3           I  update, w= 1230 h= 501 mName = VRI[Toast]@612e9cc mNativeObject= 0xb400007a9b264000 sc.mNativeObject= 0xb400007aa9a49000 format= -3 caller= android.view.ViewRootImpl.updateBlastSurfaceIfNeeded:3590 android.view.ViewRootImpl.relayoutWindow:11685 android.view.ViewRootImpl.performTraversals:4804 android.view.ViewRootImpl.doTraversal:3924 android.view.ViewRootImpl$TraversalRunnable.run:12903 android.view.Choreographer$CallbackRecord.run:1901
2026-02-12 10:36:11.706 15070-15070 libc                    com.lagradost.cloudstream3           W  Access denied finding property "vendor.display.enable_optimal_refresh_rate"
2026-02-12 10:36:11.706 15070-15070 VRI[Toast]@612e9cc      com.lagradost.cloudstream3           I  Relayout returned: old=(100,113,2908,1440) new=(904,951,2104,1422) relayoutAsync=false req=(1200,471)0 dur=3 res=0x3 s={true 0xb40000785eb4db00} ch=true seqId=0
2026-02-12 10:36:11.706 15070-15070 VRI[Toast]@612e9cc      com.lagradost.cloudstream3           I  performConfigurationChange setNightDimText nightDimLevel=0
2026-02-12 10:36:11.707 15070-15070 VRI[Toast]@612e9cc      com.lagradost.cloudstream3           D  mThreadedRenderer.initialize() mSurface={isValid=true 0xb40000785eb4db00} hwInitialized=true
2026-02-12 10:36:11.707 15070-15070 VRI[Toast]@612e9cc      com.lagradost.cloudstream3           D  reportNextDraw android.view.ViewRootImpl.performTraversals:5443 android.view.ViewRootImpl.doTraversal:3924 android.view.ViewRootImpl$TraversalRunnable.run:12903 android.view.Choreographer$CallbackRecord.run:1901 android.view.Choreographer$CallbackRecord.run:1910
2026-02-12 10:36:11.707 15070-15070 VRI[Toast]@612e9cc      com.lagradost.cloudstream3           D  Setup new sync=wmsSync-VRI[Toast]@612e9cc#26
2026-02-12 10:36:11.707 15070-15070 VRI[Toast]@612e9cc      com.lagradost.cloudstream3           I  Creating new active sync group VRI[Toast]@612e9cc#27
2026-02-12 10:36:11.709 15070-15070 VRI[Toast]@612e9cc      com.lagradost.cloudstream3           D  registerCallbacksForSync syncBuffer=false
2026-02-12 10:36:11.710 15070-15125 VRI[Toast]@612e9cc      com.lagradost.cloudstream3           D  Received frameDrawingCallback syncResult=0 frameNum=1.
2026-02-12 10:36:11.710 15070-15125 VRI[Toast]@612e9cc      com.lagradost.cloudstream3           I  mWNT: t=0xb400007a9b2a2200 mBlastBufferQueue=0xb400007a9b264000 fn= 1 HdrRenderState mRenderHdrSdrRatio=1.0 caller= android.view.ViewRootImpl$12.onFrameDraw:15441 android.view.ThreadedRenderer$1.onFrameDraw:718 <bottom of call stack>
2026-02-12 10:36:11.710 15070-15125 VRI[Toast]@612e9cc      com.lagradost.cloudstream3           I  Setting up sync and frameCommitCallback
2026-02-12 10:36:11.711 15070-15091 BLASTBufferQueue        com.lagradost.cloudstream3           I  [VRI[Toast]@612e9cc#9](f:0,a:0,s:0) onFrameAvailable the first frame is available
2026-02-12 10:36:11.711 15070-15091 SurfaceComposerClient   com.lagradost.cloudstream3           I  apply transaction with the first frame. layerId: 260112, bufferData(ID: 64725157150771, frameNumber: 1)
2026-02-12 10:36:11.711 15070-15091 VRI[Toast]@612e9cc      com.lagradost.cloudstream3           I  Received frameCommittedCallback lastAttemptedDrawFrameNum=1 didProduceBuffer=true
2026-02-12 10:36:11.712 15070-15091 HWUI                    com.lagradost.cloudstream3           D  CFMS:: SetUp Pid : 15070    Tid : 15091
2026-02-12 10:36:11.712 15070-15070 VRI[Toast]@612e9cc      com.lagradost.cloudstream3           D  reportDrawFinished seqId=0
2026-02-12 10:36:11.714 15070-15070 NotificationManager     com.lagradost.cloudstream3           I  com.lagradost.cloudstream3: notify(2326, null, Notification(channel=7340 shortcut=null contentView=null vibrate=null sound=null defaults=0 flags=ONGOING_EVENT|ONLY_ALERT_ONCE color=0x00000000 category=transport actions=2 vis=PUBLIC semFlags=0x0 semPriority=0 semMissedCount=0)) as user
2026-02-12 10:36:11.716 15070-15111 PreviewImgMp4           com.lagradost.cloudstream3           I  Requesting preview for 0.5 but 0 < 3
2026-02-12 10:36:11.717 15070-15111 PreviewImgMp4           com.lagradost.cloudstream3           I  Requesting preview for 0.5 but 0 < 3
2026-02-12 10:36:11.718 15070-15091 HWUI                    com.lagradost.cloudstream3           D  HWUI - treat SMPTE_170M as sRGB
2026-02-12 10:36:11.719 15070-15070 VRI[Toast]@612e9cc      com.lagradost.cloudstream3           I  handleResized, frames=ClientWindowFrames{frame=[904,951][2104,1422] display=[100,113][2908,1440] parentFrame=[0,0][0,0]} displayId=0 dragResizing=false compatScale=1.0 frameChanged=false attachedFrameChanged=false configChanged=false displayChanged=false compatScaleChanged=false dragResizingChanged=false
2026-02-12 10:36:11.719 15070-15070 VRI[Toast]@612e9cc      com.lagradost.cloudstream3           I  handleResized mSyncSeqId = 0
2026-02-12 10:36:11.719 15070-15070 VRI[Toast]@612e9cc      com.lagradost.cloudstream3           D  reportNextDraw android.view.ViewRootImpl.handleResized:2983 android.view.ViewRootImpl.-$$Nest$mhandleResized:0 android.view.ViewRootImpl$W.resized:14082 android.app.servertransaction.WindowStateResizeItem.execute:93 android.app.servertransaction.WindowStateTransactionItem.execute:62
2026-02-12 10:36:11.719 15070-15111 PreviewImgMp4           com.lagradost.cloudstream3           I  Requesting preview for 0.5 but 0 < 3
2026-02-12 10:36:11.720 15070-15111 PreviewImgMp4           com.lagradost.cloudstream3           I  Requesting preview for 0.5 but 0 < 3
2026-02-12 10:36:11.720 15070-15070 NotificationManager     com.lagradost.cloudstream3           I  com.lagradost.cloudstream3: notify(2326, null, Notification(channel=7340 shortcut=null contentView=null vibrate=null sound=null defaults=0 flags=ONGOING_EVENT|ONLY_ALERT_ONCE color=0x00000000 category=transport actions=2 vis=PUBLIC semFlags=0x0 semPriority=0 semMissedCount=0)) as user
2026-02-12 10:36:11.723 15070-15070 VRI[Toast]@612e9cc      com.lagradost.cloudstream3           D  Setup new sync=wmsSync-VRI[Toast]@612e9cc#28
2026-02-12 10:36:11.723 15070-15070 VRI[Toast]@612e9cc      com.lagradost.cloudstream3           I  Creating new active sync group VRI[Toast]@612e9cc#29
2026-02-12 10:36:11.724 15070-15070 VRI[Toast]@612e9cc      com.lagradost.cloudstream3           D  registerCallbacksForSync syncBuffer=false
2026-02-12 10:36:11.725 15070-15123 VRI[Toast]@612e9cc      com.lagradost.cloudstream3           D  Received frameDrawingCallback syncResult=0 frameNum=2.
2026-02-12 10:36:11.725 15070-15123 VRI[Toast]@612e9cc      com.lagradost.cloudstream3           I  Setting up sync and frameCommitCallback
2026-02-12 10:36:11.726 15070-15091 VRI[Toast]@612e9cc      com.lagradost.cloudstream3           I  Received frameCommittedCallback lastAttemptedDrawFrameNum=2 didProduceBuffer=true
2026-02-12 10:36:11.726 15070-15070 VRI[Toast]@612e9cc      com.lagradost.cloudstream3           D  reportDrawFinished seqId=0
2026-02-12 10:36:12.310 15070-15070 VRI[MainAc...y]@d1efe57 com.lagradost.cloudstream3           I  call setFrameRateCategory for touch hint category=no preference, reason=boost timeout, vri=VRI[MainActivity]@d1efe57
2026-02-12 10:36:12.544 15070-15114 PreviewImgMp4           com.lagradost.cloudstream3           I  Requesting preview for 0.5 but 0 < 3
2026-02-12 10:36:12.544 15070-15114 PreviewImgMp4           com.lagradost.cloudstream3           I  Requesting preview for 0.5 but 0 < 3
2026-02-12 10:36:12.552 15070-15070 VRI[MainAc...y]@d1efe57 com.lagradost.cloudstream3           I  ViewPostIme pointer 0
2026-02-12 10:36:12.554 15070-15114 PreviewImgMp4           com.lagradost.cloudstream3           I  Requesting preview for 0.5 but 0 < 3
2026-02-12 10:36:12.554 15070-15070 VRI[MainAc...y]@d1efe57 com.lagradost.cloudstream3           I  call setFrameRateCategory for touch hint category=high hint, reason=touch, vri=VRI[MainActivity]@d1efe57
2026-02-12 10:36:12.554 15070-15114 PreviewImgMp4           com.lagradost.cloudstream3           I  Requesting preview for 0.5 but 0 < 3
2026-02-12 10:36:12.626 15070-15070 VRI[MainAc...y]@d1efe57 com.lagradost.cloudstream3           I  ViewPostIme pointer 1
2026-02-12 10:36:12.648 15070-15114 PreviewImgMp4           com.lagradost.cloudstream3           I  Requesting preview for 0.5 but 0 < 3
2026-02-12 10:36:12.648 15070-15114 PreviewImgMp4           com.lagradost.cloudstream3           I  Requesting preview for 0.5 but 0 < 3
2026-02-12 10:36:12.657 15070-15111 PreviewImgMp4           com.lagradost.cloudstream3           I  Requesting preview for 0.5 but 0 < 3
2026-02-12 10:36:12.658 15070-15111 PreviewImgMp4           com.lagradost.cloudstream3           I  Requesting preview for 0.5 but 0 < 3
2026-02-12 10:36:12.717 15070-15111 PreviewImgMp4           com.lagradost.cloudstream3           I  Requesting preview for 0.5 but 0 < 3
2026-02-12 10:36:12.717 15070-15111 PreviewImgMp4           com.lagradost.cloudstream3           I  Requesting preview for 0.5 but 0 < 3
2026-02-12 10:36:12.720 15070-15111 PreviewImgMp4           com.lagradost.cloudstream3           I  Requesting preview for 0.5 but 0 < 3
2026-02-12 10:36:12.720 15070-15111 PreviewImgMp4           com.lagradost.cloudstream3           I  Requesting preview for 0.5 but 0 < 3
2026-02-12 10:36:12.871 15070-15070 VideoSnifferJS          com.lagradost.cloudstream3           E  Uncaught TypeError: Cannot set properties of null (setting 'innerHTML') [about:blank:56]
2026-02-12 10:36:13.545 15070-15111 PreviewImgMp4           com.lagradost.cloudstream3           I  Requesting preview for 0.5 but 0 < 3
2026-02-12 10:36:13.545 15070-15111 PreviewImgMp4           com.lagradost.cloudstream3           I  Requesting preview for 0.5 but 0 < 3
2026-02-12 10:36:13.555 15070-15111 PreviewImgMp4           com.lagradost.cloudstream3           I  Requesting preview for 0.5 but 0 < 3
2026-02-12 10:36:13.555 15070-15111 PreviewImgMp4           com.lagradost.cloudstream3           I  Requesting preview for 0.5 but 0 < 3
2026-02-12 10:36:13.649 15070-15111 PreviewImgMp4           com.lagradost.cloudstream3           I  Requesting preview for 0.5 but 0 < 3
2026-02-12 10:36:13.649 15070-15111 PreviewImgMp4           com.lagradost.cloudstream3           I  Requesting preview for 0.5 but 0 < 3
2026-02-12 10:36:13.658 15070-15111 PreviewImgMp4           com.lagradost.cloudstream3           I  Requesting preview for 0.5 but 0 < 3
2026-02-12 10:36:13.658 15070-15111 PreviewImgMp4           com.lagradost.cloudstream3           I  Requesting preview for 0.5 but 0 < 3
2026-02-12 10:36:13.664 15070-15070 WindowManager           com.lagradost.cloudstream3           I  WindowManagerGlobal#removeView, ty=2005, view=androidx.cardview.widget.CardView{af827ff V.E...... ........ 0,0-1200,471 #7f0a0586 app:id/toast_layout_root}, caller=android.view.WindowManagerGlobal.removeView:654 android.view.WindowManagerImpl.removeViewImmediate:216 android.widget.ToastPresenter.hide:348
2026-02-12 10:36:13.667 15070-15070 VRI[Toast]@612e9cc      com.lagradost.cloudstream3           I  dispatchDetachedFromWindow
2026-02-12 10:36:13.681 15070-15070 InputTransport          com.lagradost.cloudstream3           D  Input channel destroyed: '3e1a6ff', fd=353
2026-02-12 10:36:13.718 15070-15111 PreviewImgMp4           com.lagradost.cloudstream3           I  Requesting preview for 0.5 but 0 < 3
2026-02-12 10:36:13.718 15070-15111 PreviewImgMp4           com.lagradost.cloudstream3           I  Requesting preview for 0.5 but 0 < 3
2026-02-12 10:36:13.720 15070-15111 PreviewImgMp4           com.lagradost.cloudstream3           I  Requesting preview for 0.5 but 0 < 3
2026-02-12 10:36:13.720 15070-15111 PreviewImgMp4           com.lagradost.cloudstream3           I  Requesting preview for 0.5 but 0 < 3
2026-02-12 10:36:14.546 15070-15111 PreviewImgMp4           com.lagradost.cloudstream3           I  Requesting preview for 0.5 but 0 < 3
2026-02-12 10:36:14.546 15070-15111 PreviewImgMp4           com.lagradost.cloudstream3           I  Requesting preview for 0.5 but 0 < 3
2026-02-12 10:36:14.556 15070-15111 PreviewImgMp4           com.lagradost.cloudstream3           I  Requesting preview for 0.5 but 0 < 3
2026-02-12 10:36:14.556 15070-15111 PreviewImgMp4           com.lagradost.cloudstream3           I  Requesting preview for 0.5 but 0 < 3
2026-02-12 10:36:14.571 15070-15576 MediaHTTPConnection     com.lagradost.cloudstream3           I  [0] - setReadTimeout and setConnectTimeout with 8000ms
2026-02-12 10:36:14.576 15070-15576 MediaHTTPConnection     com.lagradost.cloudstream3           E
2026-02-12 10:36:14.577 15070-15133 MediaHTTPConnection     com.lagradost.cloudstream3           I  [0] - setReadTimeout and setConnectTimeout with 8000ms
2026-02-12 10:36:14.578 15070-15133 MediaHTTPConnection     com.lagradost.cloudstream3           E
2026-02-12 10:36:14.599 15070-15576 MediaHTTPConnection     com.lagradost.cloudstream3           I  [0] - setReadTimeout and setConnectTimeout with 8000ms
2026-02-12 10:36:14.600 15070-15576 MediaHTTPConnection     com.lagradost.cloudstream3           E
2026-02-12 10:36:14.600 15070-15133 MediaHTTPConnection     com.lagradost.cloudstream3           I  [0] - setReadTimeout and setConnectTimeout with 8000ms
2026-02-12 10:36:14.601 15070-15133 MediaHTTPConnection     com.lagradost.cloudstream3           E
2026-02-12 10:36:14.650 15070-15111 PreviewImgMp4           com.lagradost.cloudstream3           I  Requesting preview for 0.5 but 0 < 3
2026-02-12 10:36:14.650 15070-15111 PreviewImgMp4           com.lagradost.cloudstream3           I  Requesting preview for 0.5 but 0 < 3
2026-02-12 10:36:14.659 15070-15111 PreviewImgMp4           com.lagradost.cloudstream3           I  Requesting preview for 0.5 but 0 < 3
2026-02-12 10:36:14.659 15070-15111 PreviewImgMp4           com.lagradost.cloudstream3           I  Requesting preview for 0.5 but 0 < 3
2026-02-12 10:36:14.675 15070-15133 MediaHTTPConnection     com.lagradost.cloudstream3           I  [0] - setReadTimeout and setConnectTimeout with 8000ms
2026-02-12 10:36:14.676 15070-15133 MediaHTTPConnection     com.lagradost.cloudstream3           E
2026-02-12 10:36:14.676 15070-15576 MediaHTTPConnection     com.lagradost.cloudstream3           I  [0] - setReadTimeout and setConnectTimeout with 8000ms
2026-02-12 10:36:14.677 15070-15576 MediaHTTPConnection     com.lagradost.cloudstream3           E
2026-02-12 10:36:14.702 15070-15605 ExoPlayerImplInternal   com.lagradost.cloudstream3           E  Playback error
                                                                                                      UnknownHostException (no network)
2026-02-12 10:36:14.707 15070-15070 CS3ExoPlayer            com.lagradost.cloudstream3           I  Handle event: ErrorEvent(error=androidx.media3.exoplayer.ExoPlaybackException: Source error, source=Player)
2026-02-12 10:36:14.707 15070-15070 CS3ExoPlayer            com.lagradost.cloudstream3           E  playerError: (ExtractorLink(name=Server 4 (1080p), url=https://arabseed-lazy.com/?post_id=832389&quality=1080&server=4&csrf_token=92d7db8dfb&base=https://asd.pics, referer=https://asd.pics/, type=VIDEO), null), type=androidx.media3.exoplayer.ExoPlaybackException, message=Source error, url=https://arabseed-lazy.com/?post_id=832389&quality=1080&server=4&csrf_token=92d7db8dfb&base=https://asd.pics, headers={}, referer=https://asd.pics/, position=0, duration=-9223372036854775807, isPlaying=false
2026-02-12 10:36:14.711 15070-15070 COMPACT                 com.lagradost.cloudstream3           I  showToast = Remote error
                                                                                                    ERROR_CODE_IO_NETWORK_CONNECTION_FAILED (2001)
                                                                                                    Source error
2026-02-12 10:36:14.713 15070-15070 Toast                   com.lagradost.cloudstream3           E  setGravity() shouldn't be called on text toasts, the values won't be used
2026-02-12 10:36:14.713 15070-15070 Toast                   com.lagradost.cloudstream3           I  setView: it's a custom toast
2026-02-12 10:36:14.715 15070-15070 Toast                   com.lagradost.cloudstream3           I  show: caller = com.lagradost.cloudstream3.CommonActivity.showToast:185
2026-02-12 10:36:14.717 15070-15070 Toast                   com.lagradost.cloudstream3           I  show: contextDispId = 0 mCustomDisplayId = -1 focusedDisplayId = 0 isActivityContext = true
2026-02-12 10:36:14.719 15070-15111 PreviewImgMp4           com.lagradost.cloudstream3           I  Requesting preview for 0.5 but 0 < 3
2026-02-12 10:36:14.719 15070-15111 PreviewImgMp4           com.lagradost.cloudstream3           I  Requesting preview for 0.5 but 0 < 3
2026-02-12 10:36:14.721 15070-15111 PreviewImgMp4           com.lagradost.cloudstream3           I  Requesting preview for 0.5 but 0 < 3
