2026-02-11 15:40:37.523 15870-15870 InsetsController        com.lagradost.cloudstream3           I  onStateChanged: host=com.lagradost.cloudstream3/com.lagradost.cloudstream3.MainActivity, from=android.view.ViewRootImpl.onInsetsStateChanged:3026, state=InsetsState: {mDisplayFrame=Rect(0, 0 - 3088, 1440), mDisplayCutout=DisplayCutout{insets=Rect(100, 0 - 0, 0) waterfall=Insets{left=0, top=0, right=0, bottom=0} boundingRect={Bounds=[Rect(0, 684 - 100, 755), Rect(0, 0 - 0, 0), Rect(0, 0 - 0, 0), Rect(0, 0 - 0, 0)]} cutoutPathParserInfo={CutoutPathParserInfo{displayWidth=1440 displayHeight=3088 physicalDisplayWidth=1440 physicalDisplayHeight=3088 density={3.75} cutoutSpec={M 0,0 H -9.466666666666667 V 26.66666666666667‬ H 9.466666666666667 V 0 H 0 Z @dp} rotation={1} scale={1.0} physicalPixelDisplaySizeRatio={1.0}}} sideOverrides={}}, mRoundedCorners=RoundedCorners{[RoundedCorner{position=TopLeft, radius=15, center=Point(15, 15)}, RoundedCorner{position=TopRight, radius=15, center=Point(3073, 15)}, RoundedCorner{position=BottomRight, radius=15, center=Point(3073, 1425)}, RoundedCorner{position=BottomLeft, radius=15, center=Point(15, 1425)}]}  mRoundedCornerFrame=Rect(0, 0 - 3088, 1440), mPrivacyIndicatorBounds=PrivacyIndicatorBounds {static bounds=Rect(2923, 0 - 3088, 113) rotation=1}, mDisplayShape=DisplayShape{ spec=-311912193 displayWidth=1440 displayHeight=3088 physicalPixelDisplaySizeRatio=1.0 rotation=1 offsetX=0 offsetY=0 scale=1.0}, mSources= { InsetsSource: {3 mType=ime mFrame=[0,0][0,0] mVisible=false mFlags= mSideHint=NONE mBoundingRects=null}, InsetsSource: {7 mType=displayCutout mFrame=[0,0][100,1440] mVisible=true mFlags= mSideHint=LEFT mBoundingRects=null}, InsetsSource: {27660001 mType=navigationBars mFrame=[2908,0][3088,1440] mVisible=true mFlags= mSideHint=RIGHT mBoundingRects=null}, InsetsSource: {27660004 mType=systemGestures mFrame=[0,0][0,0] mVisible=true mFlags= mSideHint=NONE mBoundingRects=null}, InsetsSource: {27660005 mType=mandatorySystemGestures mFrame=[2908,0][3088,1440] mVisible=true mFlags= mSideHint=RIGHT mBoundingRects=null}, InsetsSource: {27660006 mType=tappableElement mFrame=[2908,0][3088,1440] mVisible=true mFlags= mSideHint=RIGHT mBoundingRects=null}, InsetsSource: {27660024 mType=systemGestures mFrame=[0,0][0,0] mVisible=true mFlags= mSideHint=NONE mBoundingRects=null}, InsetsSource: {41f30000 mType=statusBars mFrame=[0,0][3088,113] mVisible=false mFlags= mSideHint=TOP mBoundingRects=null}, InsetsSource: {41f30005 mType=mandatorySystemGestures mFrame=[0,0][3088,113] mVisible=true mFlags= mSideHint=TOP mBoundingRects=null}, InsetsSource: {41f30006 mType=tappableElement mFrame=[0,0][3088,113] mVisible=true mFlags= mSideHint=TOP mBoundingRects=null} }
2026-02-11 15:40:37.523 15870-15870 VRI[MainAc...y]@847f276 com.lagradost.cloudstream3           I  handleResized, frames=ClientWindowFrames{frame=[100,0][3088,1440] display=[100,0][3088,1440] parentFrame=[0,0][0,0]} displayId=0 dragResizing=false compatScale=1.0 frameChanged=false attachedFrameChanged=false configChanged=false displayChanged=false compatScaleChanged=false dragResizingChanged=false
2026-02-11 15:40:37.523 15870-15870 VRI[MainAc...y]@847f276 com.lagradost.cloudstream3           I  handleResized mSyncSeqId = 0
2026-02-11 15:40:37.523 15870-15870 VRI[MainAc...y]@847f276 com.lagradost.cloudstream3           D  reportNextDraw android.view.ViewRootImpl.handleResized:2983 android.view.ViewRootImpl.-$$Nest$mhandleResized:0 android.view.ViewRootImpl$W.resized:14082 android.app.servertransaction.WindowStateResizeItem.execute:93 android.app.servertransaction.WindowStateTransactionItem.execute:62
2026-02-11 15:40:37.523 15870-15870 ImeFocusController      com.lagradost.cloudstream3           I  onPreWindowFocus: skipped hasWindowFocus=false mHasImeFocus=true
2026-02-11 15:40:37.524 15870-15870 ImeFocusController      com.lagradost.cloudstream3           I  onPostWindowFocus: skipped hasWindowFocus=false mHasImeFocus=true
2026-02-11 15:40:37.534 15870-15870 VRI[MainAc...y]@847f276 com.lagradost.cloudstream3           D  Setup new sync=wmsSync-VRI[MainActivity]@847f276#26
2026-02-11 15:40:37.535 15870-15870 VRI[MainAc...y]@847f276 com.lagradost.cloudstream3           I  Creating new active sync group VRI[MainActivity]@847f276#27
2026-02-11 15:40:37.536 15870-15870 VRI[MainAc...y]@847f276 com.lagradost.cloudstream3           D  registerCallbacksForSync syncBuffer=false
2026-02-11 15:40:37.536 15870-15926 VRI[MainAc...y]@847f276 com.lagradost.cloudstream3           D  Received frameDrawingCallback syncResult=0 frameNum=3.
2026-02-11 15:40:37.536 15870-15926 VRI[MainAc...y]@847f276 com.lagradost.cloudstream3           I  Setting up sync and frameCommitCallback
2026-02-11 15:40:37.538 15870-15892 VRI[MainAc...y]@847f276 com.lagradost.cloudstream3           I  Received frameCommittedCallback lastAttemptedDrawFrameNum=3 didProduceBuffer=true
2026-02-11 15:40:37.538 15870-15870 VRI[MainAc...y]@847f276 com.lagradost.cloudstream3           D  reportDrawFinished seqId=0
2026-02-11 15:40:37.559 15870-15870 VRI[MainAc...y]@847f276 com.lagradost.cloudstream3           D  mThreadedRenderer.initializeIfNeeded()#2 mSurface={isValid=true 0xb4000078642c3400}
2026-02-11 15:40:37.561 15870-15870 InputMethodManagerUtils com.lagradost.cloudstream3           D  startInputInner - Id : 0
2026-02-11 15:40:37.561 15870-15870 InputMethodManager      com.lagradost.cloudstream3           I  startInputInner - IInputMethodManagerGlobalInvoker.startInputOrWindowGainedFocus
2026-02-11 15:40:37.562 15870-15870 InputMethodManager      com.lagradost.cloudstream3           I  handleMessage: setImeVisibility visible=false
2026-02-11 15:40:37.562 15870-15870 InsetsController        com.lagradost.cloudstream3           D  hide(ime(), fromIme=false)
2026-02-11 15:40:37.562 15870-15870 ImeTracker              com.lagradost.cloudstream3           I  com.lagradost.cloudstream3:97781f0: onCancelled at PHASE_CLIENT_ALREADY_HIDDEN
2026-02-11 15:40:37.563 15870-16180 InputTransport          com.lagradost.cloudstream3           D  Input channel constructed: 'ClientS', fd=336
2026-02-11 15:40:37.810 15870-15870 InsetsController        com.lagradost.cloudstream3           I  cancelAnimation: types=navigationBars, animType=0, host=com.lagradost.cloudstream3/com.lagradost.cloudstream3.MainActivity, from=android.view.InsetsController.notifyFinished:2006 android.view.InsetsAnimationThreadControlRunner$1.lambda$notifyFinished$0:82 android.view.InsetsAnimationThreadControlRunner$1.$r8$lambda$cDFF0h4Ncq-8EXdGszv69jrUu7c:0
2026-02-11 15:40:37.962 15870-15870 WebViewEngine           com.lagradost.cloudstream3           I  onPageStarted: url=https://savefiles.com/e/fepgxkbktt8t
2026-02-11 15:40:37.962 15870-15870 WebViewStrategy         com.lagradost.cloudstream3           I  [onPageStarted] === PAGE STARTED === | url=https://savefiles.com/e/fepgxkbktt8t
2026-02-11 15:40:37.964 15870-15870 WebViewStrategy         com.lagradost.cloudstream3           D  [WebView] Loading progress | percent=20
2026-02-11 15:40:38.001 15870-15870 View                    com.lagradost.cloudstream3           I  setRequestedFrameRate frameRate=-4.0, this=android.webkit.WebView{25a5567 VFEDHVC.. ........ 0,226-2808,1440}, caller=android.view.ViewGroup.setRequestedFrameRate:9952 WV.rf.o:1 WV.rg.h:118 WV.rg.onDraw:7 com.android.webview.chromium.WebViewChromium.onDraw:19
2026-02-11 15:40:38.026 15870-15870 View                    com.lagradost.cloudstream3           I  setRequestedFrameRate frameRate=-4.0, this=android.webkit.WebView{25a5567 VFEDHVC.. ........ 0,226-2808,1440}, caller=android.view.ViewGroup.setRequestedFrameRate:9952 WV.rf.o:1 WV.rg.h:118 WV.rg.onDraw:7 com.android.webview.chromium.WebViewChromium.onDraw:19
2026-02-11 15:40:38.054 15870-15870 WebViewStrategy         com.lagradost.cloudstream3           D  [WebView] Loading progress | percent=100
2026-02-11 15:40:38.088 15870-15870 WebViewStrategy         com.lagradost.cloudstream3           D  [WebView] Loading progress | percent=100
2026-02-11 15:40:38.088 15870-15870 WebViewEngine           com.lagradost.cloudstream3           I  onPageFinished: url=https://savefiles.com/e/fepgxkbktt8t
2026-02-11 15:40:38.088 15870-15870 WebViewStrategy         com.lagradost.cloudstream3           I  [onPageFinished] === PAGE FINISHED === | url=https://savefiles.com/e/fepgxkbktt8t
2026-02-11 15:40:38.088 15870-15870 WebViewStrategy         com.lagradost.cloudstream3           I  [onPageFinished] === STEP 4: Injecting JavaScript ===
2026-02-11 15:40:38.089 15870-15870 WebViewStrategy         com.lagradost.cloudstream3           I  [onPageFinished] === STEP 5: Starting DOM extraction ===
2026-02-11 15:40:38.089 15870-15870 WebViewStrategy         com.lagradost.cloudstream3           I  [startDomVideoExtraction] === Starting DOM video extraction polling ===
2026-02-11 15:40:38.089 15870-15870 WebViewStrategy         com.lagradost.cloudstream3           I  [startDomVideoExtraction] Polling started | maxAttempts=30
2026-02-11 15:40:38.092 15870-15870 VideoSnifferJS          com.lagradost.cloudstream3           D  [VideoSniffer] Script starting... [:2]
2026-02-11 15:40:38.092 15870-15870 VideoSnifferJS          com.lagradost.cloudstream3           D  [VideoSniffer] Initializing auto-click system... [:9]
2026-02-11 15:40:38.092 15870-16176 VideoSnifferJS          com.lagradost.cloudstream3           D  BRIDGE: Initializing auto-click system...
2026-02-11 15:40:38.092 15870-15870 VideoSnifferJS          com.lagradost.cloudstream3           D  [VideoSniffer] Auto-click system active - waiting for player... [:9]
2026-02-11 15:40:38.092 15870-16176 VideoSnifferJS          com.lagradost.cloudstream3           D  BRIDGE: Auto-click system active - waiting for player...
2026-02-11 15:40:38.093 15870-15870 WebViewStrategy         com.lagradost.cloudstream3           I  [onPageFinished] JavaScript injection result | result=null
2026-02-11 15:40:38.094 15870-16147 WebViewStrategy         com.lagradost.cloudstream3           D  [isVideoUrl] URL blacklisted | url=https://savefiles.com/favicon.ico
2026-02-11 15:40:38.595 15870-16176 VideoSnifferJS          com.lagradost.cloudstream3           D  BRIDGE: Attempting auto-play...
2026-02-11 15:40:38.595 15870-15870 VideoSnifferJS          com.lagradost.cloudstream3           D  [VideoSniffer] Attempting auto-play... [:9]
2026-02-11 15:40:38.597 15870-15870 VideoSnifferJS          com.lagradost.cloudstream3           D  [VideoSniffer] No videos, play buttons, or iframes found. [:9]
2026-02-11 15:40:38.597 15870-16176 VideoSnifferJS          com.lagradost.cloudstream3           D  BRIDGE: No videos, play buttons, or iframes found.
2026-02-11 15:40:39.093 15870-16176 VideoSnifferJS          com.lagradost.cloudstream3           D  BRIDGE: Retry #1s
2026-02-11 15:40:39.094 15870-15870 VideoSnifferJS          com.lagradost.cloudstream3           D  [VideoSniffer] Retry #1s [:9]
2026-02-11 15:40:39.094 15870-16176 VideoSnifferJS          com.lagradost.cloudstream3           D  BRIDGE: Attempting auto-play...
2026-02-11 15:40:39.095 15870-15870 VideoSnifferJS          com.lagradost.cloudstream3           D  [VideoSniffer] Attempting auto-play... [:9]
2026-02-11 15:40:39.096 15870-16176 VideoSnifferJS          com.lagradost.cloudstream3           D  BRIDGE: No videos, play buttons, or iframes found.
2026-02-11 15:40:39.096 15870-15870 VideoSnifferJS          com.lagradost.cloudstream3           D  [VideoSniffer] No videos, play buttons, or iframes found. [:9]
2026-02-11 15:40:40.090 15870-15870 WebViewStrategy         com.lagradost.cloudstream3           D  [startDomVideoExtraction] Polling attempt | attempt=1
2026-02-11 15:40:40.094 15870-15870 VideoSnifferJS          com.lagradost.cloudstream3           D  [WebViewEngine] DOM extraction running... [:3]
2026-02-11 15:40:40.094 15870-15870 VideoSnifferJS          com.lagradost.cloudstream3           D  [WebViewEngine] MediaSource is available [:33]
2026-02-11 15:40:40.094 15870-15870 VideoSnifferJS          com.lagradost.cloudstream3           D  [WebViewEngine] Extraction complete. Videos: 0 Sources: 0 Found: 0 [:54]
2026-02-11 15:40:40.095 15870-15870 WebViewStrategy         com.lagradost.cloudstream3           D  [DOM Extraction] Raw result received | result="{\"videoCount\":0,\"sourceCount\":0,\"sources\":{}}"
2026-02-11 15:40:40.095 15870-15870 WebViewStrategy         com.lagradost.cloudstream3           I  [DOM Extraction] Page analysis | videos=0, sources=0, foundUrls=0
2026-02-11 15:40:40.095 15870-15870 WebViewStrategy         com.lagradost.cloudstream3           D  [DOM Extraction] No video sources found in this poll
2026-02-11 15:40:40.095 15870-16176 VideoSnifferJS          com.lagradost.cloudstream3           D  BRIDGE: Retry #2s
2026-02-11 15:40:40.095 15870-15870 VideoSnifferJS          com.lagradost.cloudstream3           D  [VideoSniffer] Retry #2s [:9]
2026-02-11 15:40:40.097 15870-15870 VideoSnifferJS          com.lagradost.cloudstream3           D  [VideoSniffer] Attempting auto-play... [:9]
2026-02-11 15:40:40.097 15870-16176 VideoSnifferJS          com.lagradost.cloudstream3           D  BRIDGE: Attempting auto-play...
2026-02-11 15:40:40.098 15870-15870 VideoSnifferJS          com.lagradost.cloudstream3           D  [VideoSniffer] No videos, play buttons, or iframes found. [:9]
2026-02-11 15:40:40.098 15870-16176 VideoSnifferJS          com.lagradost.cloudstream3           D  BRIDGE: No videos, play buttons, or iframes found.
2026-02-11 15:40:40.099 15870-15870 VideoSnifferJS          com.lagradost.cloudstream3           D  [VideoSniffer] NUCLEAR OPTION: Blindly clicking center (Attempt 3) [:9]
2026-02-11 15:40:40.099 15870-16176 VideoSnifferJS          com.lagradost.cloudstream3           D  BRIDGE: NUCLEAR OPTION: Blindly clicking center (Attempt 3)
2026-02-11 15:40:40.102 15870-15870 VideoSnifferJS          com.lagradost.cloudstream3           D  [VideoSniffer] Clicking center element: IMG [:9]
2026-02-11 15:40:40.102 15870-16176 VideoSnifferJS          com.lagradost.cloudstream3           D  BRIDGE: Clicking center element: IMG
2026-02-11 15:40:40.104 15870-16176 VideoSnifferJS          com.lagradost.cloudstream3           D  BRIDGE: Clicking element: IMG at 490,211.5 HTML: <img src="/images2/play-button.png" style="width:100%;height:100%;">
2026-02-11 15:40:40.104 15870-15870 VideoSnifferJS          com.lagradost.cloudstream3           D  [VideoSniffer] Clicking element: IMG at 490,211.5 HTML: <img src="/images2/play-button.png" style="width:100%;height:100%;"> [:9]
2026-02-11 15:40:40.531 15870-16147 WebViewEngine           com.lagradost.cloudstream3           D  intercept: Request #10 url=https://savefiles.com/cdn-cgi/zaraz/t
2026-02-11 15:40:40.531 15870-16147 WebViewStrategy         com.lagradost.cloudstream3           D  [intercept] Request #10 | url=https://savefiles.com/cdn-cgi/zaraz/t, method=POST, isMainFrame=false
2026-02-11 15:40:40.540 15870-15870 WebViewEngine           com.lagradost.cloudstream3           I  onPageStarted: url=https://savefiles.com/dl
2026-02-11 15:40:40.540 15870-15870 WebViewStrategy         com.lagradost.cloudstream3           I  [onPageStarted] === PAGE STARTED === | url=https://savefiles.com/dl
2026-02-11 15:40:40.544 15870-16148 WebViewEngine           com.lagradost.cloudstream3           D  intercept: Request #20 url=https://savefiles.com/js/pop.js
2026-02-11 15:40:40.544 15870-16148 WebViewStrategy         com.lagradost.cloudstream3           D  [intercept] Request #20 | url=https://savefiles.com/js/pop.js, method=GET, isMainFrame=false
2026-02-11 15:40:40.634 15870-15870 View                    com.lagradost.cloudstream3           I  setRequestedFrameRate frameRate=-4.0, this=android.webkit.WebView{25a5567 VFEDHVC.. ........ 0,226-2808,1440}, caller=android.view.ViewGroup.setRequestedFrameRate:9952 WV.rf.o:1 WV.rg.h:118 WV.rg.onDraw:7 com.android.webview.chromium.WebViewChromium.onDraw:19
2026-02-11 15:40:40.668 15870-16149 WebViewEngine           com.lagradost.cloudstream3           D  intercept: Request #30 url=https://6.adsco.re/
2026-02-11 15:40:40.668 15870-16149 WebViewStrategy         com.lagradost.cloudstream3           D  [intercept] Request #30 | url=https://6.adsco.re/, method=GET, isMainFrame=false
2026-02-11 15:40:40.669 15870-15870 WebViewStrategy         com.lagradost.cloudstream3           D  [shouldOverrideUrlLoading] Redirect | url=data:text/html;charset=utf8,%3Cscript%3ERTCPeerConnection.generateCertificate(%7
2026-02-11 15:40:40.686 15870-16148 WebViewEngine           com.lagradost.cloudstream3           D  intercept: Request #40 url=https://ues5f6huxhhy.s4.adsco.re/
2026-02-11 15:40:40.686 15870-16148 WebViewStrategy         com.lagradost.cloudstream3           D  [intercept] Request #40 | url=https://ues5f6huxhhy.s4.adsco.re/, method=GET, isMainFrame=false
2026-02-11 15:40:40.690 15870-15870 VideoSnifferJS          com.lagradost.cloudstream3           D  Bot and proxy detection by Adscore.com [https://c.adsco.re/:149]
2026-02-11 15:40:40.690 15870-15870 VideoSnifferJS          com.lagradost.cloudstream3           W  A preload for 'https://4.adsco.re/' is found, but is not used because the request credentials mode does not match. Consider taking a look at crossorigin attribute. [https://c.adsco.re/:50]
2026-02-11 15:40:40.690 15870-15870 VideoSnifferJS          com.lagradost.cloudstream3           W  A preload for 'https://4.adsco.re:2087/' is found, but is not used because the request credentials mode does not match. Consider taking a look at crossorigin attribute. [https://c.adsco.re/:50]
2026-02-11 15:40:40.691 15870-15870 VideoSnifferJS          com.lagradost.cloudstream3           W  A preload for 'https://6.adsco.re/' is found, but is not used because the request credentials mode does not match. Consider taking a look at crossorigin attribute. [https://c.adsco.re/:50]
2026-02-11 15:40:40.691 15870-15870 VideoSnifferJS          com.lagradost.cloudstream3           W  A preload for 'https://6.adsco.re:2087/' is found, but is not used because the request credentials mode does not match. Consider taking a look at crossorigin attribute. [https://c.adsco.re/:50]
2026-02-11 15:40:40.694 15870-16154 AudioSystem             com.lagradost.cloudstream3           D  onNewServiceWithAdapter: media.audio_flinger service obtained 0xb40000786d388200
2026-02-11 15:40:40.696 15870-16154 AudioSystem             com.lagradost.cloudstream3           D  getService: checking for service media.audio_flinger: 0xb400007a95e4e780
2026-02-11 15:40:40.701 15870-16154 AudioSystem             com.lagradost.cloudstream3           D  onNewService: media.audio_policy service obtained 0xb40000786d55d740
2026-02-11 15:40:40.702 15870-16154 AudioSystem             com.lagradost.cloudstream3           D  getService: checking for service media.audio_policy: 0xb40000786d55d740
2026-02-11 15:40:40.703 15870-15870 View                    com.lagradost.cloudstream3           I  setRequestedFrameRate frameRate=-4.0, this=android.webkit.WebView{25a5567 VFEDHVC.. ........ 0,226-2808,1440}, caller=android.view.ViewGroup.setRequestedFrameRate:9952 WV.rf.o:1 WV.rg.h:118 WV.rg.onDraw:7 com.android.webview.chromium.WebViewChromium.onDraw:19
2026-02-11 15:40:40.710 15870-16154 cr_media                com.lagradost.cloudstream3           W  Requires MODIFY_AUDIO_SETTINGS and RECORD_AUDIO. No audio device will be available for recording
2026-02-11 15:40:40.712 15870-16154 AAudio                  com.lagradost.cloudstream3           I  AAudioStreamBuilder_openStream() called ----------------------------------------
2026-02-11 15:40:40.712 15870-16154 AudioStreamBuilder      com.lagradost.cloudstream3           I  rate   =  48000, channels  = 2, channelMask = 0x3, format   = 5, sharing = SH, dir = OUTPUT
2026-02-11 15:40:40.712 15870-16154 AudioStreamBuilder      com.lagradost.cloudstream3           I  devices = AUDIO_PORT_HANDLE_NONE, sessionId = -1, perfMode = 12, callback: ON with frames = 192
2026-02-11 15:40:40.712 15870-16154 AudioStreamBuilder      com.lagradost.cloudstream3           I  usage  =      1, contentType = 0, inputPreset = 0, allowedCapturePolicy = 0
2026-02-11 15:40:40.712 15870-16154 AudioStreamBuilder      com.lagradost.cloudstream3           I  privacy sensitive = false, opPackageName = (null), attributionTag = (null)
2026-02-11 15:40:40.712 15870-16154 AudioStreamBuilder      com.lagradost.cloudstream3           D  build, global mmap policy is 0
2026-02-11 15:40:40.712 15870-16154 AudioStreamBuilder      com.lagradost.cloudstream3           D  build, system mmap policy is 2
2026-02-11 15:40:40.712 15870-16154 AudioStreamBuilder      com.lagradost.cloudstream3           D  build, final mmap policy is 2
2026-02-11 15:40:40.712 15870-16154 AudioStreamBuilder      com.lagradost.cloudstream3           D  build, system mmap exclusive policy is 2
2026-02-11 15:40:40.712 15870-16154 AudioStreamBuilder      com.lagradost.cloudstream3           D  build, final mmap exclusive policy is 2
2026-02-11 15:40:40.712 15870-16154 st.cloudstream3         com.lagradost.cloudstream3           D  PlayerBase::PlayerBase()
2026-02-11 15:40:40.714 15870-15870 VideoSnifferJS          com.lagradost.cloudstream3           D
2026-02-11 15:40:40.714 15870-15870 VideoSnifferJS          com.lagradost.cloudstream3           D      [https://c.adsco.re/:69]
2026-02-11 15:40:40.796 15870-16154 AudioStrea...nal_Client com.lagradost.cloudstream3           D  configureDataInformation() original HW burst = 96, minMicros = 2000 => SW burst = 96
2026-02-11 15:40:40.796 15870-16154 IsochronousClockModel   com.lagradost.cloudstream3           D  setFramesPerBurst() - mFramesPerBurst = 96 - mBurstPeriodNanos = 2000000
2026-02-11 15:40:40.796 15870-16154 AAudioStream            com.lagradost.cloudstream3           D  setState(s#1) from 0 to 2
2026-02-11 15:40:40.796 15870-16154 AAudioFlowGraph         com.lagradost.cloudstream3           D  configure() source format = 0x00000005, channels = 2, sample rate = 48000, sink format = 0x00000005, channels = 2, sample rate = 48000, useMonoBlend = 0, audioBalance = 0.000000, useVolumeRamps 0
2026-02-11 15:40:40.799 15870-16154 AAudio                  com.lagradost.cloudstream3           I  AAudioStreamBuilder_openStream() returns 0 = AAUDIO_OK for s#1 ----------------
2026-02-11 15:40:40.799 15870-16154 AAudio                  com.lagradost.cloudstream3           D  AAudioStream_requestStart(s#1) called --------------
2026-02-11 15:40:40.799 15870-16154 AAudioStream            com.lagradost.cloudstream3           D  setState(s#1) from 2 to 3
2026-02-11 15:40:40.839  2223-5472  AppOps                  system_server                        E  attributionTag  not declared in manifest of com.lagradost.cloudstream3
2026-02-11 15:40:40.839  2223-5472  AppOps                  system_server                        E  attributionTag  not declared in manifest of com.lagradost.cloudstream3
2026-02-11 15:40:40.872 15870-16154 AAudio                  com.lagradost.cloudstream3           D  AAudioStream_requestStart(s#1) returned 0 ---------
2026-02-11 15:40:40.878 15870-16482 AudioStrea...lay_Client com.lagradost.cloudstream3           D  callbackLoop() entering >>>>>>>>>>>>>>>
2026-02-11 15:40:40.878 15870-16482 AudioStrea...nal_Client com.lagradost.cloudstream3           D  onEventFromServer - got AAUDIO_SERVICE_EVENT_STARTED
2026-02-11 15:40:40.878 15870-16482 AAudioStream            com.lagradost.cloudstream3           D  setState(s#1) from 3 to 4
2026-02-11 15:40:40.883 15870-15870 MediaRouter             com.lagradost.cloudstream3           D  onRestoreRoute() : route=RouteInfo{ name=Phone, description=null, status=null, category=RouteCategory{ name=System types=ROUTE_TYPE_LIVE_AUDIO ROUTE_TYPE_LIVE_VIDEO  groupable=false }, supportedTypes=ROUTE_TYPE_LIVE_AUDIO ROUTE_TYPE_LIVE_VIDEO , presentationDisplay=null }
2026-02-11 15:40:40.883 15870-15870 MediaRouter             com.lagradost.cloudstream3           V  Selecting route: RouteInfo{ name=Phone, description=null, status=null, category=RouteCategory{ name=System types=ROUTE_TYPE_LIVE_AUDIO ROUTE_TYPE_LIVE_VIDEO  groupable=false }, supportedTypes=ROUTE_TYPE_LIVE_AUDIO ROUTE_TYPE_LIVE_VIDEO , presentationDisplay=null }
2026-02-11 15:40:41.012 15870-16147 WebViewStrategy         com.lagradost.cloudstream3           D  [isVideoUrl] URL looks like video but pattern not matched | url=https://contextual.media.net/dmedianet.js?rand=0.5634063715573786, checks=m3u8=false, mp4=false, mkv=false
2026-02-11 15:40:41.012 15870-16147 WebViewEngine           com.lagradost.cloudstream3           D  intercept: Request #50 url=https://aax.amazon-adsystem.com/s/apstag.js?rand=0.34631306569869524
2026-02-11 15:40:41.012 15870-16147 WebViewStrategy         com.lagradost.cloudstream3           D  [intercept] Request #50 | url=https://aax.amazon-adsystem.com/s/apstag.js?rand=0.34631306569869524, method=GET, isMainFrame=false
2026-02-11 15:40:41.026 15870-16516 WebViewEngine           com.lagradost.cloudstream3           D  intercept: Request #60 url=https://savefiles.com/adblocker.js?rand=0.9855156148408912
2026-02-11 15:40:41.026 15870-16516 WebViewStrategy         com.lagradost.cloudstream3           D  [intercept] Request #60 | url=https://savefiles.com/adblocker.js?rand=0.9855156148408912, method=GET, isMainFrame=false
2026-02-11 15:40:41.026 15870-16153 SensorManager           com.lagradost.cloudstream3           D  registerListener :: 151, Game Rotation Vector  Non-wakeup, 16666, 0,
2026-02-11 15:40:41.032 15870-16149 SensorManager           com.lagradost.cloudstream3           D  registerListener :: 11, lsm6dso LSM6DSO Accelerometer Non-wakeup, 16666, 0,
2026-02-11 15:40:41.045 15870-16520 SensorManager           com.lagradost.cloudstream3           D  registerListener :: 101, linear_acceleration, 16666, 0,
2026-02-11 15:40:41.062 15870-16521 SensorManager           com.lagradost.cloudstream3           D  registerListener :: 41, lsm6dso LSM6DSO Gyroscope Non-wakeup, 16666, 0,
2026-02-11 15:40:41.096 15870-15870 Kumiho-Kumiho           com.lagradost.cloudstream3           I  getPackageName: com.lagradost.cloudstream3
2026-02-11 15:40:41.098 15870-15870 Kumiho-Kumiho           com.lagradost.cloudstream3           I  getPackageName: com.lagradost.cloudstream3
2026-02-11 15:40:41.147 15870-15870 View                    com.lagradost.cloudstream3           I  setRequestedFrameRate frameRate=-4.0, this=android.webkit.WebView{25a5567 VFEDHVC.. ........ 0,226-2808,1440}, caller=android.view.ViewGroup.setRequestedFrameRate:9952 WV.rf.o:1 WV.rg.h:118 WV.rg.onDraw:7 com.android.webview.chromium.WebViewChromium.onDraw:19
2026-02-11 15:40:41.179 15870-15870 VideoSnifferJS          com.lagradost.cloudstream3           E  Access to XMLHttpRequest at 'https://ads.pubmatic.com/AdServer/js/gshowad.js?rand=0.8839572322934338' from origin 'https://savefiles.com' has been blocked by CORS policy: No 'Access-Control-Allow-Origin' header is present on the requested resource. [https://savefiles.com/dl:0]
2026-02-11 15:40:41.179 15870-15870 VideoSnifferJS          com.lagradost.cloudstream3           E  Access to XMLHttpRequest at 'https://pagead2.googlesyndication.com/?rand=0.26986043958363237' from origin 'https://savefiles.com' has been blocked by CORS policy: No 'Access-Control-Allow-Origin' header is present on the requested resource. [https://savefiles.com/dl:0]
2026-02-11 15:40:41.179 15870-15870 VideoSnifferJS          com.lagradost.cloudstream3           E  Access to XMLHttpRequest at 'https://prebid.org/dist/prebid.js?rand=0.45789196087022677' from origin 'https://savefiles.com' has been blocked by CORS policy: No 'Access-Control-Allow-Origin' header is present on the requested resource. [https://savefiles.com/dl:0]
2026-02-11 15:40:41.185 15870-16147 WebViewEngine           com.lagradost.cloudstream3           D  intercept: Request #70 url=https://my.rtmark.net/gid.js
2026-02-11 15:40:41.185 15870-16147 WebViewStrategy         com.lagradost.cloudstream3           D  [intercept] Request #70 | url=https://my.rtmark.net/gid.js, method=GET, isMainFrame=false
2026-02-11 15:40:41.194 15870-15870 View                    com.lagradost.cloudstream3           I  setRequestedFrameRate frameRate=-4.0, this=android.webkit.WebView{25a5567 VFEDHVC.. ........ 0,226-2808,1440}, caller=android.view.ViewGroup.setRequestedFrameRate:9952 WV.rf.o:1 WV.rg.h:118 WV.rg.onDraw:7 com.android.webview.chromium.WebViewChromium.onDraw:19
2026-02-11 15:40:41.210 15870-15870 VideoSnifferJS          com.lagradost.cloudstream3           E  Access to XMLHttpRequest at 'https://aax.amazon-adsystem.com/s/apstag.js?rand=0.34631306569869524' from origin 'https://savefiles.com' has been blocked by CORS policy: No 'Access-Control-Allow-Origin' header is present on the requested resource. [https://savefiles.com/dl:0]
2026-02-11 15:40:41.221 15870-15870 VideoSnifferJS          com.lagradost.cloudstream3           D  console.groupEnd [https://c.adsco.re/:134]
2026-02-11 15:40:41.249 15870-15870 VideoSnifferJS          com.lagradost.cloudstream3           E  Access to XMLHttpRequest at 'https://fundingchoicesmessages.google.com/s/your_id/message.js?rand=0.39924974989034245' from origin 'https://savefiles.com' has been blocked by CORS policy: No 'Access-Control-Allow-Origin' header is present on the requested resource. [https://savefiles.com/dl:0]
2026-02-11 15:40:41.254 15870-16154 AAudio                  com.lagradost.cloudstream3           I  AAudioStreamBuilder_openStream() called ----------------------------------------
2026-02-11 15:40:41.254 15870-16154 AudioStreamBuilder      com.lagradost.cloudstream3           I  rate   =  44100, channels  = 2, channelMask = 0x3, format   = 5, sharing = SH, dir = OUTPUT
2026-02-11 15:40:41.254 15870-16154 AudioStreamBuilder      com.lagradost.cloudstream3           I  devices = AUDIO_PORT_HANDLE_NONE, sessionId = -1, perfMode = 11, callback: ON with frames = 1024
2026-02-11 15:40:41.254 15870-16154 AudioStreamBuilder      com.lagradost.cloudstream3           I  usage  =      1, contentType = 0, inputPreset = 0, allowedCapturePolicy = 0
2026-02-11 15:40:41.254 15870-16154 AudioStreamBuilder      com.lagradost.cloudstream3           I  privacy sensitive = false, opPackageName = (null), attributionTag = (null)
2026-02-11 15:40:41.254 15870-16154 AudioStreamBuilder      com.lagradost.cloudstream3           D  build, global mmap policy is 0
2026-02-11 15:40:41.254 15870-16154 AudioStreamBuilder      com.lagradost.cloudstream3           D  build, system mmap policy is 2
2026-02-11 15:40:41.254 15870-16154 AudioStreamBuilder      com.lagradost.cloudstream3           D  build, final mmap policy is 2
2026-02-11 15:40:41.254 15870-16154 AudioStreamBuilder      com.lagradost.cloudstream3           D  build, system mmap exclusive policy is 2
2026-02-11 15:40:41.254 15870-16154 AudioStreamBuilder      com.lagradost.cloudstream3           D  build, final mmap exclusive policy is 2
2026-02-11 15:40:41.254 15870-16154 AudioStreamBuilder      com.lagradost.cloudstream3           D  build() MMAP not used because AAUDIO_PERFORMANCE_MODE_LOW_LATENCY not requested.
2026-02-11 15:40:41.254 15870-16154 st.cloudstream3         com.lagradost.cloudstream3           D  PlayerBase::PlayerBase()
2026-02-11 15:40:41.254 15870-16154 AudioStreamTrack        com.lagradost.cloudstream3           D  open(), request notificationFrames = 0, frameCount = 0
2026-02-11 15:40:41.259 15870-16159 chromium                com.lagradost.cloudstream3           W  [WARNING:net/spdy/spdy_session.cc:3071] Received HEADERS for invalid stream 1
2026-02-11 15:40:41.260 15870-16154 AudioTrack              com.lagradost.cloudstream3           D  setVolume(1.000000, 1.000000) pid : 15870
2026-02-11 15:40:41.260 15870-16154 AAudioStream            com.lagradost.cloudstream3           D  setState(s#2) from 0 to 2
2026-02-11 15:40:41.262 15870-16154 AAudio                  com.lagradost.cloudstream3           I  AAudioStreamBuilder_openStream() returns 0 = AAUDIO_OK for s#2 ----------------
2026-02-11 15:40:41.263 15870-16154 AAudio                  com.lagradost.cloudstream3           D  AAudioStream_requestStart(s#2) called --------------
2026-02-11 15:40:41.263 15870-16154 AAudioStream            com.lagradost.cloudstream3           D  setState(s#2) from 2 to 3
2026-02-11 15:40:41.277 15870-15870 VideoSnifferJS          com.lagradost.cloudstream3           E  Access to XMLHttpRequest at 'https://contextual.media.net/dmedianet.js?rand=0.5634063715573786' from origin 'https://savefiles.com' has been blocked by CORS policy: No 'Access-Control-Allow-Origin' header is present on the requested resource. [https://savefiles.com/dl:0]
2026-02-11 15:40:41.278 15870-16148 WebViewEngine           com.lagradost.cloudstream3           D  intercept: Request #80 url=https://s3.savefiles.com/hls2/01/00278/,fepgxkbktt8t_n,.urlset/master.m3u8?t=qsZh-I8ro9PYjaC4FpD4zrI
2026-02-11 15:40:41.278 15870-16148 WebViewStrategy         com.lagradost.cloudstream3           D  [intercept] Request #80 | url=https://s3.savefiles.com/hls2/01/00278/,fepgxkbktt8t_n,.urlset/master.m3u8?t=qsZh-I8ro9PYjaC4FpD4zrI, method=GET, isMainFrame=false
2026-02-11 15:40:41.278 15870-16148 WebViewStrategy         com.lagradost.cloudstream3           I  [intercept] VIDEO URL DETECTED! | url=https://s3.savefiles.com/hls2/01/00278/,fepgxkbktt8t_n,.urlset/master.m3u8?t=qsZh-I8ro9PYjaC4FpD4zrI, requestNum=80
2026-02-11 15:40:41.278 15870-16148 WebViewEngine           com.lagradost.cloudstream3           I  [captureLink] LINK CAPTURED #[CapturedLinkData(url=https://s3.savefiles.com/hls2/01/00278/,fepgxkbktt8t_n,.urlset/master.m3u8?t=qsZh-I8ro9PYjaC4FpD4zrIK-AVTRNne_wFxnQFp8mM&s=1770820840&e=43200&v=554721&srv=s1&i=0.0&sp=0, qualityLabel=Network, headers={Origin=https://savefiles.com, sec-ch-ua="Not(A:Brand";v="8", "Chromium";v="144", "Android WebView";v="144", sec-ch-ua-mobile=?1, Accept=*/*, sec-ch-ua-platform="Android", User-Agent=Mozilla/5.0 (Linux; Android 14; SM-S918B) AppleWebKit/537.36 (KHTML, like Gecko) Chrome/120.0.6099.230 Mobile Safari/537.36, Referer=https://savefiles.com/})].size | url=https://s3.savefiles.com/hls2/01/00278/,fepgxkbktt8t_n,.urlset/master.m3u8?t=qsZ
2026-02-11 15:40:41.278 15870-16148 WebViewStrategy         com.lagradost.cloudstream3           I  [captureLink] LINK CAPTURED SUCCESSFULLY! | url=https://s3.savefiles.com/hls2/01/00278/,fepgxkbktt8t_n,.urlset/master.m3u8?t=qsZh-I8ro9PYjaC4FpD4zrI, quality=Network, totalLinks=1
2026-02-11 15:40:41.278 15870-16148 WebViewEngine           com.lagradost.cloudstream3           I  [captureLink] High confidence link found, suggesting exit.
2026-02-11 15:40:41.279 15870-15870 WebViewEngine           com.lagradost.cloudstream3           I  [captureLink] Updated UI: Found 1 video stream(s)
2026-02-11 15:40:41.279 15870-15870 WebViewStrategy         com.lagradost.cloudstream3           I  [checkExitCondition] Exit condition met! | count=1
2026-02-11 15:40:41.281 15870-15870 WebViewEngine           com.lagradost.cloudstream3           I  [checkExitCondition] EXITING! Sending 1 links to deferred.
2026-02-11 15:40:41.281 15870-15870 WebViewEngine           com.lagradost.cloudstream3           D   > Link: https://s3.savefiles.com/hls2/01/00278/,fepgxkbktt8t_n,.urlset/master.m3u8?t=qsZh-I8ro9PYjaC4FpD4zrIK-AVTRNne_wFxnQFp8mM&s=1770820840&e=43200&v=554721&srv=s1&i=0.0&sp=0
2026-02-11 15:40:41.281 15870-15870 WebViewStrategy         com.lagradost.cloudstream3           I  [checkExitCondition] Cleaning up UI before exit
2026-02-11 15:40:41.281 15870-15870 WindowManager           com.lagradost.cloudstream3           I  WindowManagerGlobal#removeView, ty=2, view=com.android.internal.policy.DecorView{7b2a111 V.E...... R......D 0,0-2988,1440 aid=1073741875}[MainActivity], caller=android.view.WindowManagerGlobal.removeView:654 android.view.WindowManagerImpl.removeViewImmediate:216 android.app.Dialog.dismissDialog:850
2026-02-11 15:40:41.281 15870-15870 WindowOnBackDispatcher  com.lagradost.cloudstream3           W  sendCancelIfRunning: isInProgress=false callback=android.app.Dialog$$ExternalSyntheticLambda4@1f6149
2026-02-11 15:40:41.284 15870-15870 VRI[MainAc...y]@847f276 com.lagradost.cloudstream3           I  dispatchDetachedFromWindow
2026-02-11 15:40:41.294 15870-15870 InputTransport          com.lagradost.cloudstream3           D  Input channel destroyed: 'c4ceea3', fd=155
2026-02-11 15:40:41.295 15870-15870 WebViewEngine           com.lagradost.cloudstream3           I  [checkExitCondition] Deferred completed.
2026-02-11 15:40:41.296 15870-15907 SnifferExtractor        com.lagradost.cloudstream3           I  [getUrl] WebViewEngine returned: Success
2026-02-11 15:40:41.296 15870-15907 SnifferExtractor        com.lagradost.cloudstream3           I  [getUrl] SUCCESS! Found 1 video sources
2026-02-11 15:40:41.296 15870-15907 SnifferExtractor        com.lagradost.cloudstream3           I  [getUrl] Link #0: https://s3.savefiles.com/hls2/01/00278/,fepgxkbktt8t_n,.urlset/master.m3u8?t=qsZh-I8ro9PYjaC4FpD4zrI
2026-02-11 15:40:41.296 15870-15907 SnifferExtractor        com.lagradost.cloudstream3           D  [getUrl] Found 1 video sources
2026-02-11 15:40:41.299 15870-15907 SnifferExtractor        com.lagradost.cloudstream3           D  CookieManager flushed
2026-02-11 15:40:41.299 15870-15907 SnifferExtractor        com.lagradost.cloudstream3           D  [getUrl] CookieManager flushed
2026-02-11 15:40:41.316 15870-15870 InsetsSourceConsumer    com.lagradost.cloudstream3           I  applyRequestedVisibilityToControl: visible=false, type=statusBars, host=com.lagradost.cloudstream3/com.lagradost.cloudstream3.MainActivity
2026-02-11 15:40:41.318 15870-15870 InsetsController        com.lagradost.cloudstream3           I  controlAnimationUncheckedInner: Added types=navigationBars, animType=1, host=com.lagradost.cloudstream3/com.lagradost.cloudstream3.MainActivity, from=android.view.InsetsController.controlAnimationUnchecked:1608 android.view.InsetsController.applyAnimation:2416 android.view.InsetsController.applyAnimation:2343
2026-02-11 15:40:41.319 15870-15870 InsetsController        com.lagradost.cloudstream3           I  onStateChanged: host=com.lagradost.cloudstream3/com.lagradost.cloudstream3.MainActivity, from=android.view.ViewRootImpl.onInsetsStateChanged:3026, state=InsetsState: {mDisplayFrame=Rect(0, 0 - 3088, 1440), mDisplayCutout=DisplayCutout{insets=Rect(100, 0 - 0, 0) waterfall=Insets{left=0, top=0, right=0, bottom=0} boundingRect={Bounds=[Rect(0, 684 - 100, 755), Rect(0, 0 - 0, 0), Rect(0, 0 - 0, 0), Rect(0, 0 - 0, 0)]} cutoutPathParserInfo={CutoutPathParserInfo{displayWidth=1440 displayHeight=3088 physicalDisplayWidth=1440 physicalDisplayHeight=3088 density={3.75} cutoutSpec={M 0,0 H -9.466666666666667 V 26.66666666666667‬ H 9.466666666666667 V 0 H 0 Z @dp} rotation={1} scale={1.0} physicalPixelDisplaySizeRatio={1.0}}} sideOverrides={}}, mRoundedCorners=RoundedCorners{[RoundedCorner{position=TopLeft, radius=15, center=Point(15, 15)}, RoundedCorner{position=TopRight, radius=15, center=Point(3073, 15)}, RoundedCorner{position=BottomRight, radius=15, center=Point(3073, 1425)}, RoundedCorner{position=BottomLeft, radius=15, center=Point(15, 1425)}]}  mRoundedCornerFrame=Rect(0, 0 - 3088, 1440), mPrivacyIndicatorBounds=PrivacyIndicatorBounds {static bounds=Rect(2923, 0 - 3088, 113) rotation=1}, mDisplayShape=DisplayShape{ spec=-311912193 displayWidth=1440 displayHeight=3088 physicalPixelDisplaySizeRatio=1.0 rotation=1 offsetX=0 offsetY=0 scale=1.0}, mSources= { InsetsSource: {3 mType=ime mFrame=[0,0][0,0] mVisible=false mFlags= mSideHint=NONE mBoundingRects=null}, InsetsSource: {7 mType=displayCutout mFrame=[0,0][100,1440] mVisible=true mFlags= mSideHint=LEFT mBoundingRects=null}, InsetsSource: {27660001 mType=navigationBars mFrame=[2908,0][3088,1440] mVisible=false mFlags= mSideHint=RIGHT mBoundingRects=null}, InsetsSource: {27660004 mType=systemGestures mFrame=[0,0][0,0] mVisible=true mFlags= mSideHint=NONE mBoundingRects=null}, InsetsSource: {27660005 mType=mandatorySystemGestures mFrame=[2908,0][3088,1440] mVisible=true mFlags= mSideHint=RIGHT mBoundingRects=null}, InsetsSource: {27660006 mType=tappableElement mFrame=[2908,0][3088,1440] mVisible=true mFlags= mSideHint=RIGHT mBoundingRects=null}, InsetsSource: {27660024 mType=systemGestures mFrame=[0,0][0,0] mVisible=true mFlags= mSideHint=NONE mBoundingRects=null}, InsetsSource: {41f30000 mType=statusBars mFrame=[0,0][3088,113] mVisible=false mFlags= mSideHint=TOP mBoundingRects=null}, InsetsSource: {41f30005 mType=mandatorySystemGestures mFrame=[0,0][3088,113] mVisible=true mFlags= mSideHint=TOP mBoundingRects=null}, InsetsSource: {41f30006 mType=tappableElement mFrame=[0,0][3088,113] mVisible=true mFlags= mSideHint=TOP mBoundingRects=null} }
2026-02-11 15:40:41.319 15870-15870 VRI[MainAc...ty]@e9225f com.lagradost.cloudstream3           I  handleResized, frames=ClientWindowFrames{frame=[0,0][3088,1440] display=[0,0][3088,1440] parentFrame=[0,0][0,0]} displayId=0 dragResizing=false compatScale=1.0 frameChanged=false attachedFrameChanged=false configChanged=false displayChanged=false compatScaleChanged=false dragResizingChanged=false
2026-02-11 15:40:41.319 15870-15870 VRI[MainAc...ty]@e9225f com.lagradost.cloudstream3           D  mThreadedRenderer.initializeIfNeeded()#2 mSurface={isValid=true 0xb400007b583a9c00}
2026-02-11 15:40:41.320 15870-15870 InputMethodManagerUtils com.lagradost.cloudstream3           D  startInputInner - Id : 0
2026-02-11 15:40:41.320 15870-15870 InputMethodManager      com.lagradost.cloudstream3           I  startInputInner - IInputMethodManagerGlobalInvoker.startInputOrWindowGainedFocus
2026-02-11 15:40:41.336 15870-15966 InputTransport          com.lagradost.cloudstream3           D  Input channel constructed: 'ClientS', fd=397
2026-02-11 15:40:41.349 15870-16154 AAudio                  com.lagradost.cloudstream3           D  AAudioStream_requestStart(s#2) returned 0 ---------
2026-02-11 15:40:41.349 15870-15966 AudioStreamLegacy       com.lagradost.cloudstream3           D  onAudioDeviceUpdate() devices 3 => 3
2026-02-11 15:40:41.350 15870-15870 MediaRouter             com.lagradost.cloudstream3           D  onRestoreRoute() : route=RouteInfo{ name=Phone, description=null, status=null, category=RouteCategory{ name=System types=ROUTE_TYPE_LIVE_AUDIO ROUTE_TYPE_LIVE_VIDEO  groupable=false }, supportedTypes=ROUTE_TYPE_LIVE_AUDIO ROUTE_TYPE_LIVE_VIDEO , presentationDisplay=null }
2026-02-11 15:40:41.350 15870-15870 MediaRouter             com.lagradost.cloudstream3           V  Selecting route: RouteInfo{ name=Phone, description=null, status=null, category=RouteCategory{ name=System types=ROUTE_TYPE_LIVE_AUDIO ROUTE_TYPE_LIVE_VIDEO  groupable=false }, supportedTypes=ROUTE_TYPE_LIVE_AUDIO ROUTE_TYPE_LIVE_VIDEO , presentationDisplay=null }
2026-02-11 15:40:41.370 15870-15870 WebViewStrategy         com.lagradost.cloudstream3           D  [WebView] Loading progress | percent=100
2026-02-11 15:40:41.370 15870-15870 WebViewStrategy         com.lagradost.cloudstream3           D  [WebView] Loading progress | percent=100
2026-02-11 15:40:41.372 15870-16147 SensorManager           com.lagradost.cloudstream3           D  unregisterListener
2026-02-11 15:40:41.373 15870-16159 chromium                com.lagradost.cloudstream3           W  [WARNING:net/spdy/spdy_session.cc:3071] Received HEADERS for invalid stream 1
2026-02-11 15:40:41.373 15870-16149 SensorManager           com.lagradost.cloudstream3           D  unregisterListener
2026-02-11 15:40:41.378 15870-16148 SensorManager           com.lagradost.cloudstream3           D  unregisterListener
2026-02-11 15:40:41.378 15870-15870 VideoSnifferJS          com.lagradost.cloudstream3           E  [object Object] [https://savefiles.com/player/jw8/jwplayer.js?v=16:9]
2026-02-11 15:40:41.378 15870-15870 VideoSnifferJS          com.lagradost.cloudstream3           E  JW Player Error 232011. For more information see https://developer.jwplayer.com/jw-player/docs/developer-guide/api/errors-reference#232011 [https://savefiles.com/player/jw8/jwplayer.js?v=16:9]
2026-02-11 15:40:41.380 15870-16153 SensorManager           com.lagradost.cloudstream3           D  unregisterListener
2026-02-11 15:40:41.381 15870-15870 VideoSnifferJS          com.lagradost.cloudstream3           W  Error: Request aborted [https://js.mbidadm.com/static/scripts.js:1]
2026-02-11 15:40:41.392 15870-16630 AAudioStream            com.lagradost.cloudstream3           D  setState(s#2) from 3 to 4
2026-02-11 15:40:41.400 15870-15907 SnifferExtractor        com.lagradost.cloudstream3           I  [getUrl] Attempting M3U8 quality extraction | url=https://s3.savefiles.com/hls2/01/00278/,fepgxkbktt8t_n,.urlset/master.m3u8?t=qsZh-I8ro9PYjaC4FpD4zrIK-AVTRNne_wFxnQFp8mM&s=1770820840&e=43200&v=554721&srv=s1&i=0.0&sp=0
2026-02-11 15:40:41.404 15870-15870 VideoSnifferJS          com.lagradost.cloudstream3           E  Uncaught (in promise) TypeError: Cannot read properties of null (reading 'fp') [https://js.mbidadm.com/static/scripts.js:1]
2026-02-11 15:40:41.479 15870-16630 chromium                com.lagradost.cloudstream3           W  [WARNING:services/audio/sync_reader.cc:155] ASR: No room in socket buffer.: Broken pipe (32)
2026-02-11 15:40:41.479 15870-16154 AAudio                  com.lagradost.cloudstream3           D  AAudioStream_requestStop(s#2) called
2026-02-11 15:40:41.480 15870-16154 AAudioStream            com.lagradost.cloudstream3           D  setState(s#2) from 4 to 9
2026-02-11 15:40:41.480 15870-16154 AudioTrack              com.lagradost.cloudstream3           D  stop(7090): called with 11772 frames delivered
2026-02-11 15:40:41.480 15870-16154 AAudioStream            com.lagradost.cloudstream3           D  setState(s#2) from 9 to 10
2026-02-11 15:40:41.484 15870-15870 MediaRouter             com.lagradost.cloudstream3           D  onRestoreRoute() : route=RouteInfo{ name=Phone, description=null, status=null, category=RouteCategory{ name=System types=ROUTE_TYPE_LIVE_AUDIO ROUTE_TYPE_LIVE_VIDEO  groupable=false }, supportedTypes=ROUTE_TYPE_LIVE_AUDIO ROUTE_TYPE_LIVE_VIDEO , presentationDisplay=null }
2026-02-11 15:40:41.484 15870-15870 MediaRouter             com.lagradost.cloudstream3           V  Selecting route: RouteInfo{ name=Phone, description=null, status=null, category=RouteCategory{ name=System types=ROUTE_TYPE_LIVE_AUDIO ROUTE_TYPE_LIVE_VIDEO  groupable=false }, supportedTypes=ROUTE_TYPE_LIVE_AUDIO ROUTE_TYPE_LIVE_VIDEO , presentationDisplay=null }
2026-02-11 15:40:41.577 15870-15907 SnifferExtractor        com.lagradost.cloudstream3           I  [getUrl] Extracted 1 qualities from M3U8
2026-02-11 15:40:41.577 15870-15907 ArabseedV2              com.lagradost.cloudstream3           I  [awaitSnifferResult] Video found via visible sniffer: https://s3.savefiles.com/hls2/01/00278/fepgxkbktt8t_n/index-v1-a1.m3u8?t=qsZh-I8
2026-02-11 15:40:41.577 15870-15907 SnifferExtractor        com.lagradost.cloudstream3           I  [getUrl] CALLBACK invoked
2026-02-11 15:40:41.577 15870-15907 SnifferExtractor        com.lagradost.cloudstream3           D  [getUrl] ExtractorLink callback invoked | url=https://s3.savefiles.com/hls2/01/00278/,fepgxkbktt8t_n,.urls, type=M3U8
2026-02-11 15:40:41.577 15870-15907 SnifferExtractor        com.lagradost.cloudstream3           I  [getUrl] === END === totalFound=1 callbacks=1
2026-02-11 15:40:41.577 15870-15907 SnifferExtractor        com.lagradost.cloudstream3           I  [getUrl] === END === | totalFound=1, successfulCallbacks=1
2026-02-11 15:40:41.577 15870-15907 ArabseedV2              com.lagradost.cloudstream3           I  [loadLinks] SUCCESS via sniffer: https://s3.savefiles.com/hls2/01/00278/fepgxkbktt8t_n/index-v1-a1.m3u8?t=qsZh-I8
2026-02-11 15:40:41.578 15870-15907 CookieLifecycle         com.lagradost.cloudstream3           I  [store] Cookies stored | domain=s3.savefiles.com, source=sniffer, count=12, hasClearance=true
2026-02-11 15:40:41.578 15870-15907 ProviderHttp            com.lagradost.cloudstream3           D  [storeCdnCookies] Stored cookies for CDN | url=https://s3.savefiles.com/hls2/01/00278/fepgxkbktt8t_n/index-, count=12
2026-02-11 15:40:41.578 15870-15907 RepoLink                com.lagradost.cloudstream3           D  Loaded ExtractorLink: ExtractorLink(name=Server 1 (1080p), url=https://s3.savefiles.com/hls2/01/00278/fepgxkbktt8t_n/index-v1-a1.m3u8?t=qsZh-I8ro9PYjaC4FpD4zrIK-AVTRNne_wFxnQFp8mM&s=1770820840&e=43200&v=554721&srv=s1&i=0.0&sp=0, referer=https://asd.pics/, type=M3U8)
2026-02-11 15:40:41.578 15870-15907 ArabseedV2              com.lagradost.cloudstream3           D  [loadLinks] END found=true
2026-02-11 15:40:41.580 15870-15870 CompatChangeReporter    com.lagradost.cloudstream3           D  Compat change id reported: 270674727; UID 10716; state: ENABLED
2026-02-11 15:40:41.583 15870-15870 CS3ExoPlayer            com.lagradost.cloudstream3           I  loadPlayer
2026-02-11 15:40:41.583 15870-15870 CS3ExoPlayer            com.lagradost.cloudstream3           I  releasePlayer
2026-02-11 15:40:41.583 15870-15870 CS3ExoPlayer            com.lagradost.cloudstream3           I  Handle event: PlayerAttachedEvent(player=null, source=Player)
2026-02-11 15:40:41.584 15870-15870 CS3ExoPlayer            com.lagradost.cloudstream3           I  loadOnlinePlayer ExtractorLink(name=Server 1 (1080p), url=https://s3.savefiles.com/hls2/01/00278/fepgxkbktt8t_n/index-v1-a1.m3u8?t=qsZh-I8ro9PYjaC4FpD4zrIK-AVTRNne_wFxnQFp8mM&s=1770820840&e=43200&v=554721&srv=s1&i=0.0&sp=0, referer=https://asd.pics/, type=M3U8)
