2026-02-11 16:04:15.548 22094-22094 InputMethodManagerUtils com.lagradost.cloudstream3           D  startInputInner - Id : 0
2026-02-11 16:04:15.548 22094-22094 InputMethodManager      com.lagradost.cloudstream3           I  startInputInner - IInputMethodManagerGlobalInvoker.startInputOrWindowGainedFocus
2026-02-11 16:04:15.549 22094-22094 InputMethodManager      com.lagradost.cloudstream3           I  handleMessage: setImeVisibility visible=false
2026-02-11 16:04:15.549 22094-22094 InsetsController        com.lagradost.cloudstream3           D  hide(ime(), fromIme=false)
2026-02-11 16:04:15.549 22094-22094 ImeTracker              com.lagradost.cloudstream3           I  com.lagradost.cloudstream3:877ca271: onCancelled at PHASE_CLIENT_ALREADY_HIDDEN
2026-02-11 16:04:15.550 22094-22125 InputTransport          com.lagradost.cloudstream3           D  Input channel constructed: 'ClientS', fd=192
2026-02-11 16:04:15.780 22094-22094 InsetsController        com.lagradost.cloudstream3           I  cancelAnimation: types=navigationBars, animType=0, host=com.lagradost.cloudstream3/com.lagradost.cloudstream3.MainActivity, from=android.view.InsetsController.notifyFinished:2006 android.view.InsetsAnimationThreadControlRunner$1.lambda$notifyFinished$0:82 android.view.InsetsAnimationThreadControlRunner$1.$r8$lambda$cDFF0h4Ncq-8EXdGszv69jrUu7c:0
2026-02-11 16:04:15.914 22094-22094 WebViewEngine           com.lagradost.cloudstream3           I  onPageStarted: url=https://savefiles.com/e/fepgxkbktt8t
2026-02-11 16:04:15.914 22094-22094 WebViewStrategy         com.lagradost.cloudstream3           I  [onPageStarted] === PAGE STARTED === | url=https://savefiles.com/e/fepgxkbktt8t
2026-02-11 16:04:15.917 22094-22094 WebViewStrategy         com.lagradost.cloudstream3           D  [WebView] Loading progress | percent=20
2026-02-11 16:04:15.946 22094-22094 View                    com.lagradost.cloudstream3           I  setRequestedFrameRate frameRate=-4.0, this=android.webkit.WebView{736b958 VFEDHVC.. ........ 0,226-2808,1440}, caller=android.view.ViewGroup.setRequestedFrameRate:9952 WV.rf.o:1 WV.rg.h:118 WV.rg.onDraw:7 com.android.webview.chromium.WebViewChromium.onDraw:19
2026-02-11 16:04:15.980 22094-22094 View                    com.lagradost.cloudstream3           I  setRequestedFrameRate frameRate=-4.0, this=android.webkit.WebView{736b958 VFEDHVC.. ........ 0,226-2808,1440}, caller=android.view.ViewGroup.setRequestedFrameRate:9952 WV.rf.o:1 WV.rg.h:118 WV.rg.onDraw:7 com.android.webview.chromium.WebViewChromium.onDraw:19
2026-02-11 16:04:16.000 22094-22094 WebViewStrategy         com.lagradost.cloudstream3           D  [WebView] Loading progress | percent=100
2026-02-11 16:04:16.038 22094-22094 WebViewStrategy         com.lagradost.cloudstream3           D  [WebView] Loading progress | percent=100
2026-02-11 16:04:16.039 22094-22094 WebViewEngine           com.lagradost.cloudstream3           I  onPageFinished: url=https://savefiles.com/e/fepgxkbktt8t
2026-02-11 16:04:16.039 22094-22094 WebViewStrategy         com.lagradost.cloudstream3           I  [onPageFinished] === PAGE FINISHED === | url=https://savefiles.com/e/fepgxkbktt8t
2026-02-11 16:04:16.039 22094-22094 WebViewStrategy         com.lagradost.cloudstream3           I  [onPageFinished] === STEP 4: Injecting JavaScript ===
2026-02-11 16:04:16.039 22094-22094 WebViewStrategy         com.lagradost.cloudstream3           I  [onPageFinished] === STEP 5: Starting DOM extraction ===
2026-02-11 16:04:16.039 22094-22094 WebViewStrategy         com.lagradost.cloudstream3           I  [startDomVideoExtraction] === Starting DOM video extraction polling ===
2026-02-11 16:04:16.039 22094-22094 WebViewStrategy         com.lagradost.cloudstream3           I  [startDomVideoExtraction] Polling started | maxAttempts=30
2026-02-11 16:04:16.042 22094-22094 VideoSnifferJS          com.lagradost.cloudstream3           D  [VideoSniffer] Script starting... [:2]
2026-02-11 16:04:16.042 22094-22094 VideoSnifferJS          com.lagradost.cloudstream3           D  [VideoSniffer] Initializing auto-click system... [:9]
2026-02-11 16:04:16.042 22094-22604 VideoSnifferJS          com.lagradost.cloudstream3           D  BRIDGE: Initializing auto-click system...
2026-02-11 16:04:16.043 22094-22604 VideoSnifferJS          com.lagradost.cloudstream3           D  BRIDGE: Auto-click system active - waiting for player...
2026-02-11 16:04:16.043 22094-22094 VideoSnifferJS          com.lagradost.cloudstream3           D  [VideoSniffer] Auto-click system active - waiting for player... [:9]
2026-02-11 16:04:16.044 22094-22094 WebViewStrategy         com.lagradost.cloudstream3           I  [onPageFinished] JavaScript injection result | result=null
2026-02-11 16:04:16.044 22094-22573 WebViewStrategy         com.lagradost.cloudstream3           D  [isVideoUrl] URL blacklisted | url=https://savefiles.com/favicon.ico
2026-02-11 16:04:16.545 22094-22604 VideoSnifferJS          com.lagradost.cloudstream3           D  BRIDGE: Attempting auto-play...
2026-02-11 16:04:16.545 22094-22094 VideoSnifferJS          com.lagradost.cloudstream3           D  [VideoSniffer] Attempting auto-play... [:9]
2026-02-11 16:04:16.547 22094-22604 VideoSnifferJS          com.lagradost.cloudstream3           D  BRIDGE: No videos, play buttons, or iframes found.
2026-02-11 16:04:16.547 22094-22094 VideoSnifferJS          com.lagradost.cloudstream3           D  [VideoSniffer] No videos, play buttons, or iframes found. [:9]
2026-02-11 16:04:17.044 22094-22604 VideoSnifferJS          com.lagradost.cloudstream3           D  BRIDGE: Retry #1s
2026-02-11 16:04:17.044 22094-22094 VideoSnifferJS          com.lagradost.cloudstream3           D  [VideoSniffer] Retry #1s [:9]
2026-02-11 16:04:17.045 22094-22094 VideoSnifferJS          com.lagradost.cloudstream3           D  [VideoSniffer] Attempting auto-play... [:9]
2026-02-11 16:04:17.045 22094-22604 VideoSnifferJS          com.lagradost.cloudstream3           D  BRIDGE: Attempting auto-play...
2026-02-11 16:04:17.046 22094-22604 VideoSnifferJS          com.lagradost.cloudstream3           D  BRIDGE: No videos, play buttons, or iframes found.
2026-02-11 16:04:17.046 22094-22094 VideoSnifferJS          com.lagradost.cloudstream3           D  [VideoSniffer] No videos, play buttons, or iframes found. [:9]
2026-02-11 16:04:18.039 22094-22094 WebViewStrategy         com.lagradost.cloudstream3           D  [startDomVideoExtraction] Polling attempt | attempt=1
2026-02-11 16:04:18.042 22094-22094 VideoSnifferJS          com.lagradost.cloudstream3           D  [WebViewEngine] DOM extraction running... [:3]
2026-02-11 16:04:18.043 22094-22094 VideoSnifferJS          com.lagradost.cloudstream3           D  [WebViewEngine] MediaSource is available [:33]
2026-02-11 16:04:18.043 22094-22094 VideoSnifferJS          com.lagradost.cloudstream3           D  [WebViewEngine] Extraction complete. Videos: 0 Sources: 0 Found: 0 [:54]
2026-02-11 16:04:18.043 22094-22094 WebViewStrategy         com.lagradost.cloudstream3           D  [DOM Extraction] Raw result received | result="{\"videoCount\":0,\"sourceCount\":0,\"sources\":{}}"
2026-02-11 16:04:18.043 22094-22094 WebViewStrategy         com.lagradost.cloudstream3           I  [DOM Extraction] Page analysis | videos=0, sources=0, foundUrls=0
2026-02-11 16:04:18.043 22094-22094 WebViewStrategy         com.lagradost.cloudstream3           D  [DOM Extraction] No video sources found in this poll
2026-02-11 16:04:18.044 22094-22604 VideoSnifferJS          com.lagradost.cloudstream3           D  BRIDGE: Retry #2s
2026-02-11 16:04:18.044 22094-22094 VideoSnifferJS          com.lagradost.cloudstream3           D  [VideoSniffer] Retry #2s [:9]
2026-02-11 16:04:18.045 22094-22604 VideoSnifferJS          com.lagradost.cloudstream3           D  BRIDGE: Attempting auto-play...
2026-02-11 16:04:18.045 22094-22094 VideoSnifferJS          com.lagradost.cloudstream3           D  [VideoSniffer] Attempting auto-play... [:9]
2026-02-11 16:04:18.047 22094-22094 VideoSnifferJS          com.lagradost.cloudstream3           D  [VideoSniffer] No videos, play buttons, or iframes found. [:9]
2026-02-11 16:04:18.047 22094-22604 VideoSnifferJS          com.lagradost.cloudstream3           D  BRIDGE: No videos, play buttons, or iframes found.
2026-02-11 16:04:18.048 22094-22604 VideoSnifferJS          com.lagradost.cloudstream3           D  BRIDGE: NUCLEAR OPTION: Blindly clicking center (Attempt 3)
2026-02-11 16:04:18.048 22094-22094 VideoSnifferJS          com.lagradost.cloudstream3           D  [VideoSniffer] NUCLEAR OPTION: Blindly clicking center (Attempt 3) [:9]
2026-02-11 16:04:18.049 22094-22604 VideoSnifferJS          com.lagradost.cloudstream3           D  BRIDGE: Clicking center element: IMG
2026-02-11 16:04:18.049 22094-22094 VideoSnifferJS          com.lagradost.cloudstream3           D  [VideoSniffer] Clicking center element: IMG [:9]
2026-02-11 16:04:18.051 22094-22604 VideoSnifferJS          com.lagradost.cloudstream3           D  BRIDGE: Clicking element: IMG at 490,211.5 HTML: <img src="/images2/play-button.png" style="width:100%;height:100%;">
2026-02-11 16:04:18.051 22094-22094 VideoSnifferJS          com.lagradost.cloudstream3           D  [VideoSniffer] Clicking element: IMG at 490,211.5 HTML: <img src="/images2/play-button.png" style="width:100%;height:100%;"> [:9]
2026-02-11 16:04:18.482 22094-22573 WebViewEngine           com.lagradost.cloudstream3           D  intercept: Request #10 url=https://savefiles.com/cdn-cgi/zaraz/t
2026-02-11 16:04:18.482 22094-22573 WebViewStrategy         com.lagradost.cloudstream3           D  [intercept] Request #10 | url=https://savefiles.com/cdn-cgi/zaraz/t, method=POST, isMainFrame=false
2026-02-11 16:04:18.488 22094-22094 WebViewEngine           com.lagradost.cloudstream3           I  onPageStarted: url=https://savefiles.com/dl
2026-02-11 16:04:18.488 22094-22094 WebViewStrategy         com.lagradost.cloudstream3           I  [onPageStarted] === PAGE STARTED === | url=https://savefiles.com/dl
2026-02-11 16:04:18.499 22094-22575 WebViewEngine           com.lagradost.cloudstream3           D  intercept: Request #20 url=https://savefiles.com/js/pop.js
2026-02-11 16:04:18.499 22094-22575 WebViewStrategy         com.lagradost.cloudstream3           D  [intercept] Request #20 | url=https://savefiles.com/js/pop.js, method=GET, isMainFrame=false
2026-02-11 16:04:18.583 22094-22575 WebViewEngine           com.lagradost.cloudstream3           D  intercept: Request #30 url=https://4.adsco.re:2087/
2026-02-11 16:04:18.583 22094-22575 WebViewStrategy         com.lagradost.cloudstream3           D  [intercept] Request #30 | url=https://4.adsco.re:2087/, method=GET, isMainFrame=false
2026-02-11 16:04:18.586 22094-22094 WebViewStrategy         com.lagradost.cloudstream3           D  [shouldOverrideUrlLoading] Redirect | url=data:text/html;charset=utf8,%3Cscript%3ERTCPeerConnection.generateCertificate(%7
2026-02-11 16:04:18.599 22094-22094 View                    com.lagradost.cloudstream3           I  setRequestedFrameRate frameRate=-4.0, this=android.webkit.WebView{736b958 VFEDHVC.. ........ 0,226-2808,1440}, caller=android.view.ViewGroup.setRequestedFrameRate:9952 WV.rf.o:1 WV.rg.h:118 WV.rg.onDraw:7 com.android.webview.chromium.WebViewChromium.onDraw:19
2026-02-11 16:04:18.600 22094-22094 VideoSnifferJS          com.lagradost.cloudstream3           D  Bot and proxy detection by Adscore.com [https://c.adsco.re/:149]
2026-02-11 16:04:18.602 22094-22094 VideoSnifferJS          com.lagradost.cloudstream3           W  A preload for 'https://4.adsco.re/' is found, but is not used because the request credentials mode does not match. Consider taking a look at crossorigin attribute. [https://c.adsco.re/:50]
2026-02-11 16:04:18.603 22094-22094 VideoSnifferJS          com.lagradost.cloudstream3           W  A preload for 'https://4.adsco.re:2087/' is found, but is not used because the request credentials mode does not match. Consider taking a look at crossorigin attribute. [https://c.adsco.re/:50]
2026-02-11 16:04:18.603 22094-22094 VideoSnifferJS          com.lagradost.cloudstream3           W  A preload for 'https://6.adsco.re/' is found, but is not used because the request credentials mode does not match. Consider taking a look at crossorigin attribute. [https://c.adsco.re/:50]
2026-02-11 16:04:18.603 22094-22094 VideoSnifferJS          com.lagradost.cloudstream3           W  A preload for 'https://6.adsco.re:2087/' is found, but is not used because the request credentials mode does not match. Consider taking a look at crossorigin attribute. [https://c.adsco.re/:50]
2026-02-11 16:04:18.606 22094-22578 cr_media                com.lagradost.cloudstream3           W  Requires MODIFY_AUDIO_SETTINGS and RECORD_AUDIO. No audio device will be available for recording
2026-02-11 16:04:18.612 22094-22578 AudioSystem             com.lagradost.cloudstream3           D  onNewServiceWithAdapter: media.audio_flinger service obtained 0xb400007866d2a900
2026-02-11 16:04:18.613 22094-22578 AudioSystem             com.lagradost.cloudstream3           D  getService: checking for service media.audio_flinger: 0xb400007a8eea47c0
2026-02-11 16:04:18.615 22094-22578 AudioSystem             com.lagradost.cloudstream3           D  onNewService: media.audio_policy service obtained 0xb400007a8eea48c0
2026-02-11 16:04:18.615 22094-22578 AudioSystem             com.lagradost.cloudstream3           D  getService: checking for service media.audio_policy: 0xb400007a8eea48c0
2026-02-11 16:04:18.625 22094-22094 VideoSnifferJS          com.lagradost.cloudstream3           D
2026-02-11 16:04:18.625 22094-22094 VideoSnifferJS          com.lagradost.cloudstream3           D      [https://c.adsco.re/:69]
2026-02-11 16:04:18.628 22094-22578 AAudio                  com.lagradost.cloudstream3           I  AAudioStreamBuilder_openStream() called ----------------------------------------
2026-02-11 16:04:18.628 22094-22578 AudioStreamBuilder      com.lagradost.cloudstream3           I  rate   =  48000, channels  = 2, channelMask = 0x3, format   = 5, sharing = SH, dir = OUTPUT
2026-02-11 16:04:18.628 22094-22578 AudioStreamBuilder      com.lagradost.cloudstream3           I  devices = AUDIO_PORT_HANDLE_NONE, sessionId = -1, perfMode = 12, callback: ON with frames = 192
2026-02-11 16:04:18.628 22094-22578 AudioStreamBuilder      com.lagradost.cloudstream3           I  usage  =      1, contentType = 0, inputPreset = 0, allowedCapturePolicy = 0
2026-02-11 16:04:18.628 22094-22578 AudioStreamBuilder      com.lagradost.cloudstream3           I  privacy sensitive = false, opPackageName = (null), attributionTag = (null)
2026-02-11 16:04:18.628 22094-22578 AudioStreamBuilder      com.lagradost.cloudstream3           D  build, global mmap policy is 0
2026-02-11 16:04:18.629 22094-22578 AudioStreamBuilder      com.lagradost.cloudstream3           D  build, system mmap policy is 2
2026-02-11 16:04:18.629 22094-22578 AudioStreamBuilder      com.lagradost.cloudstream3           D  build, final mmap policy is 2
2026-02-11 16:04:18.629 22094-22578 AudioStreamBuilder      com.lagradost.cloudstream3           D  build, system mmap exclusive policy is 2
2026-02-11 16:04:18.629 22094-22578 AudioStreamBuilder      com.lagradost.cloudstream3           D  build, final mmap exclusive policy is 2
2026-02-11 16:04:18.630 22094-22578 st.cloudstream3         com.lagradost.cloudstream3           D  PlayerBase::PlayerBase()
2026-02-11 16:04:18.714 22094-22578 AudioStrea...nal_Client com.lagradost.cloudstream3           D  configureDataInformation() original HW burst = 96, minMicros = 2000 => SW burst = 96
2026-02-11 16:04:18.714 22094-22578 IsochronousClockModel   com.lagradost.cloudstream3           D  setFramesPerBurst() - mFramesPerBurst = 96 - mBurstPeriodNanos = 2000000
2026-02-11 16:04:18.714 22094-22578 AAudioStream            com.lagradost.cloudstream3           D  setState(s#1) from 0 to 2
2026-02-11 16:04:18.714 22094-22578 AAudioFlowGraph         com.lagradost.cloudstream3           D  configure() source format = 0x00000005, channels = 2, sample rate = 48000, sink format = 0x00000005, channels = 2, sample rate = 48000, useMonoBlend = 0, audioBalance = 0.000000, useVolumeRamps 0
2026-02-11 16:04:18.716 22094-22578 AAudio                  com.lagradost.cloudstream3           I  AAudioStreamBuilder_openStream() returns 0 = AAUDIO_OK for s#1 ----------------
2026-02-11 16:04:18.717 22094-22578 AAudio                  com.lagradost.cloudstream3           D  AAudioStream_requestStart(s#1) called --------------
2026-02-11 16:04:18.717 22094-22578 AAudioStream            com.lagradost.cloudstream3           D  setState(s#1) from 2 to 3
2026-02-11 16:04:18.839  2223-6725  AppOps                  system_server                        E  attributionTag  not declared in manifest of com.lagradost.cloudstream3
2026-02-11 16:04:18.839  2223-6725  AppOps                  system_server                        E  attributionTag  not declared in manifest of com.lagradost.cloudstream3
2026-02-11 16:04:18.872 22094-22578 AAudio                  com.lagradost.cloudstream3           D  AAudioStream_requestStart(s#1) returned 0 ---------
2026-02-11 16:04:18.874 22094-22905 AudioStrea...lay_Client com.lagradost.cloudstream3           D  callbackLoop() entering >>>>>>>>>>>>>>>
2026-02-11 16:04:18.874 22094-22905 AudioStrea...nal_Client com.lagradost.cloudstream3           D  onEventFromServer - got AAUDIO_SERVICE_EVENT_STARTED
2026-02-11 16:04:18.874 22094-22905 AAudioStream            com.lagradost.cloudstream3           D  setState(s#1) from 3 to 4
2026-02-11 16:04:18.875 22094-22094 MediaRouter             com.lagradost.cloudstream3           D  onRestoreRoute() : route=RouteInfo{ name=Phone, description=null, status=null, category=RouteCategory{ name=System types=ROUTE_TYPE_LIVE_AUDIO ROUTE_TYPE_LIVE_VIDEO  groupable=false }, supportedTypes=ROUTE_TYPE_LIVE_AUDIO ROUTE_TYPE_LIVE_VIDEO , presentationDisplay=null }
2026-02-11 16:04:18.876 22094-22094 MediaRouter             com.lagradost.cloudstream3           V  Selecting route: RouteInfo{ name=Phone, description=null, status=null, category=RouteCategory{ name=System types=ROUTE_TYPE_LIVE_AUDIO ROUTE_TYPE_LIVE_VIDEO  groupable=false }, supportedTypes=ROUTE_TYPE_LIVE_AUDIO ROUTE_TYPE_LIVE_VIDEO , presentationDisplay=null }
2026-02-11 16:04:18.930 22094-22094 View                    com.lagradost.cloudstream3           I  setRequestedFrameRate frameRate=-4.0, this=android.webkit.WebView{736b958 VFEDHVC.. ........ 0,226-2808,1440}, caller=android.view.ViewGroup.setRequestedFrameRate:9952 WV.rf.o:1 WV.rg.h:118 WV.rg.onDraw:7 com.android.webview.chromium.WebViewChromium.onDraw:19
2026-02-11 16:04:18.939 22094-22574 SensorManager           com.lagradost.cloudstream3           D  registerListener :: 151, Game Rotation Vector  Non-wakeup, 16666, 0,
2026-02-11 16:04:18.943 22094-22575 SensorManager           com.lagradost.cloudstream3           D  registerListener :: 11, lsm6dso LSM6DSO Accelerometer Non-wakeup, 16666, 0,
2026-02-11 16:04:18.950 22094-22579 SensorManager           com.lagradost.cloudstream3           D  registerListener :: 101, linear_acceleration, 16666, 0,
2026-02-11 16:04:18.961 22094-22581 SensorManager           com.lagradost.cloudstream3           D  registerListener :: 41, lsm6dso LSM6DSO Gyroscope Non-wakeup, 16666, 0,
2026-02-11 16:04:18.962 22094-22574 WebViewEngine           com.lagradost.cloudstream3           D  intercept: Request #40 url=https://savefiles.com/images/logo-white.svg
2026-02-11 16:04:18.962 22094-22574 WebViewStrategy         com.lagradost.cloudstream3           D  [intercept] Request #40 | url=https://savefiles.com/images/logo-white.svg, method=GET, isMainFrame=false
2026-02-11 16:04:18.971 22094-22094 Kumiho-Kumiho           com.lagradost.cloudstream3           I  getPackageName: com.lagradost.cloudstream3
2026-02-11 16:04:18.973 22094-22094 Kumiho-Kumiho           com.lagradost.cloudstream3           I  getPackageName: com.lagradost.cloudstream3
2026-02-11 16:04:19.022 22094-22094 View                    com.lagradost.cloudstream3           I  setRequestedFrameRate frameRate=-4.0, this=android.webkit.WebView{736b958 VFEDHVC.. ........ 0,226-2808,1440}, caller=android.view.ViewGroup.setRequestedFrameRate:9952 WV.rf.o:1 WV.rg.h:118 WV.rg.onDraw:7 com.android.webview.chromium.WebViewChromium.onDraw:19
2026-02-11 16:04:19.055 22094-22094 View                    com.lagradost.cloudstream3           I  setRequestedFrameRate frameRate=-4.0, this=android.webkit.WebView{736b958 VFEDHVC.. ........ 0,226-2808,1440}, caller=android.view.ViewGroup.setRequestedFrameRate:9952 WV.rf.o:1 WV.rg.h:118 WV.rg.onDraw:7 com.android.webview.chromium.WebViewChromium.onDraw:19
2026-02-11 16:04:19.069 22094-22094 VideoSnifferJS          com.lagradost.cloudstream3           D  console.groupEnd [https://c.adsco.re/:134]
2026-02-11 16:04:19.121 22094-22575 WebViewEngine           com.lagradost.cloudstream3           D  intercept: Request #50 url=https://pagead2.googlesyndication.com/?rand=0.5003939844961185
2026-02-11 16:04:19.121 22094-22575 WebViewStrategy         com.lagradost.cloudstream3           D  [intercept] Request #50 | url=https://pagead2.googlesyndication.com/?rand=0.5003939844961185, method=GET, isMainFrame=false
2026-02-11 16:04:19.124 22094-22581 WebViewStrategy         com.lagradost.cloudstream3           D  [isVideoUrl] URL looks like video but pattern not matched | url=https://contextual.media.net/dmedianet.js?rand=0.4266305130188086, checks=m3u8=false, mp4=false, mkv=false
2026-02-11 16:04:19.124 22094-22579 WebViewEngine           com.lagradost.cloudstream3           D  intercept: Request #60 url=https://adserver.adtechus.com/?rand=0.6520649763119428
2026-02-11 16:04:19.124 22094-22579 WebViewStrategy         com.lagradost.cloudstream3           D  [intercept] Request #60 | url=https://adserver.adtechus.com/?rand=0.6520649763119428, method=GET, isMainFrame=false
2026-02-11 16:04:19.129 22094-22094 View                    com.lagradost.cloudstream3           I  setRequestedFrameRate frameRate=-4.0, this=android.webkit.WebView{736b958 VFEDHVC.. ........ 0,226-2808,1440}, caller=android.view.ViewGroup.setRequestedFrameRate:9952 WV.rf.o:1 WV.rg.h:118 WV.rg.onDraw:7 com.android.webview.chromium.WebViewChromium.onDraw:19
2026-02-11 16:04:19.132 22094-22862 WebViewEngine           com.lagradost.cloudstream3           D  intercept: Request #70 url=https://fundingchoicesmessages.google.com/s/your_id/message.js?rand=0.2966887196859692
2026-02-11 16:04:19.133 22094-22862 WebViewStrategy         com.lagradost.cloudstream3           D  [intercept] Request #70 | url=https://fundingchoicesmessages.google.com/s/your_id/message.js?rand=0.2966887196859692, method=GET, isMainFrame=false
2026-02-11 16:04:19.146 22094-22578 AAudio                  com.lagradost.cloudstream3           I  AAudioStreamBuilder_openStream() called ----------------------------------------
2026-02-11 16:04:19.146 22094-22578 AudioStreamBuilder      com.lagradost.cloudstream3           I  rate   =  44100, channels  = 2, channelMask = 0x3, format   = 5, sharing = SH, dir = OUTPUT
2026-02-11 16:04:19.146 22094-22578 AudioStreamBuilder      com.lagradost.cloudstream3           I  devices = AUDIO_PORT_HANDLE_NONE, sessionId = -1, perfMode = 11, callback: ON with frames = 1024
2026-02-11 16:04:19.146 22094-22578 AudioStreamBuilder      com.lagradost.cloudstream3           I  usage  =      1, contentType = 0, inputPreset = 0, allowedCapturePolicy = 0
2026-02-11 16:04:19.146 22094-22578 AudioStreamBuilder      com.lagradost.cloudstream3           I  privacy sensitive = false, opPackageName = (null), attributionTag = (null)
2026-02-11 16:04:19.146 22094-22578 AudioStreamBuilder      com.lagradost.cloudstream3           D  build, global mmap policy is 0
2026-02-11 16:04:19.146 22094-22578 AudioStreamBuilder      com.lagradost.cloudstream3           D  build, system mmap policy is 2
2026-02-11 16:04:19.146 22094-22578 AudioStreamBuilder      com.lagradost.cloudstream3           D  build, final mmap policy is 2
2026-02-11 16:04:19.146 22094-22578 AudioStreamBuilder      com.lagradost.cloudstream3           D  build, system mmap exclusive policy is 2
2026-02-11 16:04:19.146 22094-22578 AudioStreamBuilder      com.lagradost.cloudstream3           D  build, final mmap exclusive policy is 2
2026-02-11 16:04:19.146 22094-22578 AudioStreamBuilder      com.lagradost.cloudstream3           D  build() MMAP not used because AAUDIO_PERFORMANCE_MODE_LOW_LATENCY not requested.
2026-02-11 16:04:19.146 22094-22578 st.cloudstream3         com.lagradost.cloudstream3           D  PlayerBase::PlayerBase()
2026-02-11 16:04:19.146 22094-22578 AudioStreamTrack        com.lagradost.cloudstream3           D  open(), request notificationFrames = 0, frameCount = 0
2026-02-11 16:04:19.150 22094-22578 AudioTrack              com.lagradost.cloudstream3           D  setVolume(1.000000, 1.000000) pid : 22094
2026-02-11 16:04:19.152 22094-22578 AAudioStream            com.lagradost.cloudstream3           D  setState(s#2) from 0 to 2
2026-02-11 16:04:19.153 22094-22579 WebViewEngine           com.lagradost.cloudstream3           D  intercept: Request #74 url=https://s2.savefiles.com/hls2/01/00278/,fepgxkbktt8t_n,.urlset/master.m3u8?t=tEHO5pnvOE0V2dfjXFbmS9q
2026-02-11 16:04:19.153 22094-22579 WebViewStrategy         com.lagradost.cloudstream3           D  [intercept] Request #74 | url=https://s2.savefiles.com/hls2/01/00278/,fepgxkbktt8t_n,.urlset/master.m3u8?t=tEHO5pnvOE0V2dfjXFbmS9q, method=GET, isMainFrame=false
2026-02-11 16:04:19.153 22094-22579 WebViewStrategy         com.lagradost.cloudstream3           I  [intercept] VIDEO URL DETECTED! | url=https://s2.savefiles.com/hls2/01/00278/,fepgxkbktt8t_n,.urlset/master.m3u8?t=tEHO5pnvOE0V2dfjXFbmS9q, requestNum=74
2026-02-11 16:04:19.153 22094-22579 WebViewEngine           com.lagradost.cloudstream3           I  [captureLink] LINK CAPTURED #[CapturedLinkData(url=https://s2.savefiles.com/hls2/01/00278/,fepgxkbktt8t_n,.urlset/master.m3u8?t=tEHO5pnvOE0V2dfjXFbmS9q7SeDCPZNdbM2U89RvL2U&s=1770822258&e=43200&v=602828&srv=s1&i=0.0&sp=0, qualityLabel=Network, headers={Origin=https://savefiles.com, sec-ch-ua="Not(A:Brand";v="8", "Chromium";v="144", "Android WebView";v="144", sec-ch-ua-mobile=?1, Accept=*/*, sec-ch-ua-platform="Android", User-Agent=Mozilla/5.0 (Linux; Android 14; SM-S918B) AppleWebKit/537.36 (KHTML, like Gecko) Chrome/120.0.6099.230 Mobile Safari/537.36, Referer=https://savefiles.com/})].size | url=https://s2.savefiles.com/hls2/01/00278/,fepgxkbktt8t_n,.urlset/master.m3u8?t=tEH
2026-02-11 16:04:19.154 22094-22579 WebViewStrategy         com.lagradost.cloudstream3           I  [captureLink] LINK CAPTURED SUCCESSFULLY! | url=https://s2.savefiles.com/hls2/01/00278/,fepgxkbktt8t_n,.urlset/master.m3u8?t=tEHO5pnvOE0V2dfjXFbmS9q, quality=Network, totalLinks=1
2026-02-11 16:04:19.154 22094-22579 WebViewEngine           com.lagradost.cloudstream3           I  [captureLink] High confidence link found, suggesting exit.
2026-02-11 16:04:19.155 22094-22578 AAudio                  com.lagradost.cloudstream3           I  AAudioStreamBuilder_openStream() returns 0 = AAUDIO_OK for s#2 ----------------
2026-02-11 16:04:19.156 22094-22094 WebViewEngine           com.lagradost.cloudstream3           I  [captureLink] Updated UI: Found 1 video stream(s)
2026-02-11 16:04:19.156 22094-22094 WebViewStrategy         com.lagradost.cloudstream3           I  [checkExitCondition] Exit condition met! | count=1
2026-02-11 16:04:19.156 22094-22578 AAudio                  com.lagradost.cloudstream3           D  AAudioStream_requestStart(s#2) called --------------
2026-02-11 16:04:19.156 22094-22578 AAudioStream            com.lagradost.cloudstream3           D  setState(s#2) from 2 to 3
2026-02-11 16:04:19.157 22094-22094 WebViewEngine           com.lagradost.cloudstream3           I  [checkExitCondition] EXITING! Sending 1 links to deferred.
2026-02-11 16:04:19.157 22094-22094 WebViewEngine           com.lagradost.cloudstream3           D   > Link: https://s2.savefiles.com/hls2/01/00278/,fepgxkbktt8t_n,.urlset/master.m3u8?t=tEHO5pnvOE0V2dfjXFbmS9q7SeDCPZNdbM2U89RvL2U&s=1770822258&e=43200&v=602828&srv=s1&i=0.0&sp=0
2026-02-11 16:04:19.157 22094-22094 WebViewStrategy         com.lagradost.cloudstream3           I  [checkExitCondition] Cleaning up UI before exit
2026-02-11 16:04:19.157 22094-22094 WindowManager           com.lagradost.cloudstream3           I  WindowManagerGlobal#removeView, ty=2, view=com.android.internal.policy.DecorView{3d5723c V.E...... R......D 0,0-2988,1440 aid=1073741864}[MainActivity], caller=android.view.WindowManagerGlobal.removeView:654 android.view.WindowManagerImpl.removeViewImmediate:216 android.app.Dialog.dismissDialog:850
2026-02-11 16:04:19.158 22094-22094 WindowOnBackDispatcher  com.lagradost.cloudstream3           W  sendCancelIfRunning: isInProgress=false callback=android.app.Dialog$$ExternalSyntheticLambda4@befccd4
2026-02-11 16:04:19.161 22094-22094 VRI[MainAc...y]@1181bc5 com.lagradost.cloudstream3           I  dispatchDetachedFromWindow
2026-02-11 16:04:19.177 22094-22094 InputTransport          com.lagradost.cloudstream3           D  Input channel destroyed: 'bb82d8e', fd=309
2026-02-11 16:04:19.178 22094-22094 WebViewEngine           com.lagradost.cloudstream3           I  [checkExitCondition] Deferred completed.
2026-02-11 16:04:19.188 22094-22153 SnifferExtractor        com.lagradost.cloudstream3           I  [getUrl] WebViewEngine returned: Success
2026-02-11 16:04:19.188 22094-22153 SnifferExtractor        com.lagradost.cloudstream3           I  [getUrl] SUCCESS! Found 1 video sources
2026-02-11 16:04:19.188 22094-22153 SnifferExtractor        com.lagradost.cloudstream3           I  [getUrl] Link #0: https://s2.savefiles.com/hls2/01/00278/,fepgxkbktt8t_n,.urlset/master.m3u8?t=tEHO5pnvOE0V2dfjXFbmS9q
2026-02-11 16:04:19.188 22094-22153 SnifferExtractor        com.lagradost.cloudstream3           D  [getUrl] Found 1 video sources
2026-02-11 16:04:19.192 22094-22094 VRI[MainAc...ty]@e9225f com.lagradost.cloudstream3           D  mThreadedRenderer.initializeIfNeeded()#2 mSurface={isValid=true 0xb400007b404d2000}
2026-02-11 16:04:19.193 22094-22094 InputMethodManagerUtils com.lagradost.cloudstream3           D  startInputInner - Id : 0
2026-02-11 16:04:19.193 22094-22094 InputMethodManager      com.lagradost.cloudstream3           I  startInputInner - IInputMethodManagerGlobalInvoker.startInputOrWindowGainedFocus
2026-02-11 16:04:19.196 22094-22153 SnifferExtractor        com.lagradost.cloudstream3           D  CookieManager flushed
2026-02-11 16:04:19.196 22094-22153 SnifferExtractor        com.lagradost.cloudstream3           D  [getUrl] CookieManager flushed
2026-02-11 16:04:19.201 22094-22094 InsetsSourceConsumer    com.lagradost.cloudstream3           I  applyRequestedVisibilityToControl: visible=false, type=statusBars, host=com.lagradost.cloudstream3/com.lagradost.cloudstream3.MainActivity
2026-02-11 16:04:19.202 22094-22094 InsetsController        com.lagradost.cloudstream3           I  controlAnimationUncheckedInner: Added types=navigationBars, animType=1, host=com.lagradost.cloudstream3/com.lagradost.cloudstream3.MainActivity, from=android.view.InsetsController.controlAnimationUnchecked:1608 android.view.InsetsController.applyAnimation:2416 android.view.InsetsController.applyAnimation:2343
2026-02-11 16:04:19.202 22094-22094 InsetsController        com.lagradost.cloudstream3           I  onStateChanged: host=com.lagradost.cloudstream3/com.lagradost.cloudstream3.MainActivity, from=android.view.ViewRootImpl.onInsetsStateChanged:3026, state=InsetsState: {mDisplayFrame=Rect(0, 0 - 3088, 1440), mDisplayCutout=DisplayCutout{insets=Rect(100, 0 - 0, 0) waterfall=Insets{left=0, top=0, right=0, bottom=0} boundingRect={Bounds=[Rect(0, 684 - 100, 755), Rect(0, 0 - 0, 0), Rect(0, 0 - 0, 0), Rect(0, 0 - 0, 0)]} cutoutPathParserInfo={CutoutPathParserInfo{displayWidth=1440 displayHeight=3088 physicalDisplayWidth=1440 physicalDisplayHeight=3088 density={3.75} cutoutSpec={M 0,0 H -9.466666666666667 V 26.66666666666667‬ H 9.466666666666667 V 0 H 0 Z @dp} rotation={1} scale={1.0} physicalPixelDisplaySizeRatio={1.0}}} sideOverrides={}}, mRoundedCorners=RoundedCorners{[RoundedCorner{position=TopLeft, radius=15, center=Point(15, 15)}, RoundedCorner{position=TopRight, radius=15, center=Point(3073, 15)}, RoundedCorner{position=BottomRight, radius=15, center=Point(3073, 1425)}, RoundedCorner{position=BottomLeft, radius=15, center=Point(15, 1425)}]}  mRoundedCornerFrame=Rect(0, 0 - 3088, 1440), mPrivacyIndicatorBounds=PrivacyIndicatorBounds {static bounds=Rect(2923, 0 - 3088, 113) rotation=1}, mDisplayShape=DisplayShape{ spec=-311912193 displayWidth=1440 displayHeight=3088 physicalPixelDisplaySizeRatio=1.0 rotation=1 offsetX=0 offsetY=0 scale=1.0}, mSources= { InsetsSource: {3 mType=ime mFrame=[0,0][0,0] mVisible=false mFlags= mSideHint=NONE mBoundingRects=null}, InsetsSource: {7 mType=displayCutout mFrame=[0,0][100,1440] mVisible=true mFlags= mSideHint=LEFT mBoundingRects=null}, InsetsSource: {27660001 mType=navigationBars mFrame=[2908,0][3088,1440] mVisible=false mFlags= mSideHint=RIGHT mBoundingRects=null}, InsetsSource: {27660004 mType=systemGestures mFrame=[0,0][0,0] mVisible=true mFlags= mSideHint=NONE mBoundingRects=null}, InsetsSource: {27660005 mType=mandatorySystemGestures mFrame=[2908,0][3088,1440] mVisible=true mFlags= mSideHint=RIGHT mBoundingRects=null}, InsetsSource: {27660006 mType=tappableElement mFrame=[2908,0][3088,1440] mVisible=true mFlags= mSideHint=RIGHT mBoundingRects=null}, InsetsSource: {27660024 mType=systemGestures mFrame=[0,0][0,0] mVisible=true mFlags= mSideHint=NONE mBoundingRects=null}, InsetsSource: {41f30000 mType=statusBars mFrame=[0,0][3088,113] mVisible=false mFlags= mSideHint=TOP mBoundingRects=null}, InsetsSource: {41f30005 mType=mandatorySystemGestures mFrame=[0,0][3088,113] mVisible=true mFlags= mSideHint=TOP mBoundingRects=null}, InsetsSource: {41f30006 mType=tappableElement mFrame=[0,0][3088,113] mVisible=true mFlags= mSideHint=TOP mBoundingRects=null} }
2026-02-11 16:04:19.202 22094-22094 VRI[MainAc...ty]@e9225f com.lagradost.cloudstream3           I  handleResized, frames=ClientWindowFrames{frame=[0,0][3088,1440] display=[0,0][3088,1440] parentFrame=[0,0][0,0]} displayId=0 dragResizing=false compatScale=1.0 frameChanged=false attachedFrameChanged=false configChanged=false displayChanged=false compatScaleChanged=false dragResizingChanged=false
2026-02-11 16:04:19.203 22094-22125 InputTransport          com.lagradost.cloudstream3           D  Input channel constructed: 'ClientS', fd=493
2026-02-11 16:04:19.204 22094-22574 SensorManager           com.lagradost.cloudstream3           D  unregisterListener
2026-02-11 16:04:19.211 22094-22094 VideoSnifferJS          com.lagradost.cloudstream3           E  %c [AdManager] - color:red Error: [Admanager] - tag config must be object type and its adformats field must be an array type [https://js.mbidadm.com/static/scripts.js:1]
2026-02-11 16:04:19.212 22094-22094 VideoSnifferJS          com.lagradost.cloudstream3           E  [object Object] [https://savefiles.com/player/jw8/jwplayer.js?v=16:9]
2026-02-11 16:04:19.212 22094-22094 VideoSnifferJS          com.lagradost.cloudstream3           E  JW Player Error 232011. For more information see https://developer.jwplayer.com/jw-player/docs/developer-guide/api/errors-reference#232011 [https://savefiles.com/player/jw8/jwplayer.js?v=16:9]
2026-02-11 16:04:19.213 22094-22094 WebViewStrategy         com.lagradost.cloudstream3           D  [WebView] Loading progress | percent=100
2026-02-11 16:04:19.213 22094-22094 WebViewStrategy         com.lagradost.cloudstream3           D  [WebView] Loading progress | percent=100
2026-02-11 16:04:19.216 22094-22579 SensorManager           com.lagradost.cloudstream3           D  unregisterListener
2026-02-11 16:04:19.221 22094-22581 SensorManager           com.lagradost.cloudstream3           D  unregisterListener
2026-02-11 16:04:19.222 22094-22586 SensorManager           com.lagradost.cloudstream3           D  unregisterListener
2026-02-11 16:04:19.237 22094-22578 AAudio                  com.lagradost.cloudstream3           D  AAudioStream_requestStart(s#2) returned 0 ---------
2026-02-11 16:04:19.238 22094-22206 AudioStreamLegacy       com.lagradost.cloudstream3           D  onAudioDeviceUpdate() devices 3 => 3
2026-02-11 16:04:19.242 22094-22094 MediaRouter             com.lagradost.cloudstream3           D  onRestoreRoute() : route=RouteInfo{ name=Phone, description=null, status=null, category=RouteCategory{ name=System types=ROUTE_TYPE_LIVE_AUDIO ROUTE_TYPE_LIVE_VIDEO  groupable=false }, supportedTypes=ROUTE_TYPE_LIVE_AUDIO ROUTE_TYPE_LIVE_VIDEO , presentationDisplay=null }
2026-02-11 16:04:19.242 22094-22094 MediaRouter             com.lagradost.cloudstream3           V  Selecting route: RouteInfo{ name=Phone, description=null, status=null, category=RouteCategory{ name=System types=ROUTE_TYPE_LIVE_AUDIO ROUTE_TYPE_LIVE_VIDEO  groupable=false }, supportedTypes=ROUTE_TYPE_LIVE_AUDIO ROUTE_TYPE_LIVE_VIDEO , presentationDisplay=null }
2026-02-11 16:04:19.243 22094-22578 AAudio                  com.lagradost.cloudstream3           D  AAudioStream_requestStop(s#2) called
2026-02-11 16:04:19.243 22094-22578 AAudioStream            com.lagradost.cloudstream3           D  setState(s#2) from 3 to 9
2026-02-11 16:04:19.243 22094-22578 AudioTrack              com.lagradost.cloudstream3           D  stop(7098): called with 2952 frames delivered
2026-02-11 16:04:19.244 22094-22578 AAudioStream            com.lagradost.cloudstream3           D  setState(s#2) from 9 to 10
2026-02-11 16:04:19.255 22094-22094 MediaRouter             com.lagradost.cloudstream3           D  onRestoreRoute() : route=RouteInfo{ name=Phone, description=null, status=null, category=RouteCategory{ name=System types=ROUTE_TYPE_LIVE_AUDIO ROUTE_TYPE_LIVE_VIDEO  groupable=false }, supportedTypes=ROUTE_TYPE_LIVE_AUDIO ROUTE_TYPE_LIVE_VIDEO , presentationDisplay=null }
2026-02-11 16:04:19.255 22094-22094 MediaRouter             com.lagradost.cloudstream3           V  Selecting route: RouteInfo{ name=Phone, description=null, status=null, category=RouteCategory{ name=System types=ROUTE_TYPE_LIVE_AUDIO ROUTE_TYPE_LIVE_VIDEO  groupable=false }, supportedTypes=ROUTE_TYPE_LIVE_AUDIO ROUTE_TYPE_LIVE_VIDEO , presentationDisplay=null }
2026-02-11 16:04:19.296 22094-22153 SnifferExtractor        com.lagradost.cloudstream3           I  [getUrl] Processing 1 valid links (sorted)
2026-02-11 16:04:19.296 22094-22153 SnifferExtractor        com.lagradost.cloudstream3           D   > Candidate: https://s2.savefiles.com/hls2/01/00278/,fepgxkbktt8t_n,.urlset/master.m3u8?t=tEHO5pnvOE0V2dfjXFbmS9q7SeDCPZNdbM2U89RvL2U&s=1770822258&e=43200&v=602828&srv=s1&i=0.0&sp=0
2026-02-11 16:04:19.298 22094-22153 SnifferExtractor        com.lagradost.cloudstream3           I  [getUrl] Attempting M3U8 quality extraction | url=https://s2.savefiles.com/hls2/01/00278/,fepgxkbktt8t_n,.urlset/master.m3u8?t=tEHO5pnvOE0V2dfjXFbmS9q7SeDCPZNdbM2U89RvL2U&s=1770822258&e=43200&v=602828&srv=s1&i=0.0&sp=0
2026-02-11 16:04:19.405 22094-22153 SnifferExtractor        com.lagradost.cloudstream3           I  [getUrl] Extracted 1 qualities from M3U8
2026-02-11 16:04:19.405 22094-22153 ArabseedV2              com.lagradost.cloudstream3           I  [awaitSnifferResult] Video found via visible sniffer: https://s2.savefiles.com/hls2/01/00278/fepgxkbktt8t_n/index-v1-a1.m3u8?t=tEHO5pn
2026-02-11 16:04:19.405 22094-22153 SnifferExtractor        com.lagradost.cloudstream3           I  [getUrl] CALLBACK invoked
2026-02-11 16:04:19.405 22094-22153 SnifferExtractor        com.lagradost.cloudstream3           D  [getUrl] ExtractorLink callback invoked | url=https://s2.savefiles.com/hls2/01/00278/,fepgxkbktt8t_n,.urls, type=M3U8
2026-02-11 16:04:19.405 22094-22153 SnifferExtractor        com.lagradost.cloudstream3           I  [getUrl] === END === totalFound=1 callbacks=1
2026-02-11 16:04:19.405 22094-22153 SnifferExtractor        com.lagradost.cloudstream3           I  [getUrl] === END === | totalFound=1, successfulCallbacks=1
2026-02-11 16:04:19.405 22094-22153 ArabseedV2              com.lagradost.cloudstream3           I  [loadLinks] SUCCESS via sniffer: https://s2.savefiles.com/hls2/01/00278/fepgxkbktt8t_n/index-v1-a1.m3u8?t=tEHO5pn
2026-02-11 16:04:19.406 22094-22153 CookieLifecycle         com.lagradost.cloudstream3           I  [store] Cookies stored | domain=s2.savefiles.com, source=sniffer, count=12, hasClearance=true
2026-02-11 16:04:19.406 22094-22153 ProviderHttp            com.lagradost.cloudstream3           D  [storeCdnCookies] Stored cookies for CDN | url=https://s2.savefiles.com/hls2/01/00278/fepgxkbktt8t_n/index-, count=12
2026-02-11 16:04:19.406 22094-22153 RepoLink                com.lagradost.cloudstream3           D  Loaded ExtractorLink: ExtractorLink(name=Server 1 (1080p), url=https://s2.savefiles.com/hls2/01/00278/fepgxkbktt8t_n/index-v1-a1.m3u8?t=tEHO5pnvOE0V2dfjXFbmS9q7SeDCPZNdbM2U89RvL2U&s=1770822258&e=43200&v=602828&srv=s1&i=0.0&sp=0, referer=https://asd.pics/, type=M3U8)
2026-02-11 16:04:19.406 22094-22153 ArabseedV2              com.lagradost.cloudstream3           D  [loadLinks] END found=true
2026-02-11 16:04:19.407 22094-22094 CompatChangeReporter    com.lagradost.cloudstream3           D  Compat change id reported: 270674727; UID 10716; state: ENABLED
2026-02-11 16:04:19.409 22094-22094 CS3ExoPlayer            com.lagradost.cloudstream3           I  loadPlayer
2026-02-11 16:04:19.409 22094-22094 CS3ExoPlayer            com.lagradost.cloudstream3           I  releasePlayer
2026-02-11 16:04:19.409 22094-22094 CS3ExoPlayer            com.lagradost.cloudstream3           I  Handle event: PlayerAttachedEvent(player=null, source=Player)
2026-02-11 16:04:19.409 22094-22094 CS3ExoPlayer            com.lagradost.cloudstream3           I  loadOnlinePlayer ExtractorLink(name=Server 1 (1080p), url=https://s2.savefiles.com/hls2/01/00278/fepgxkbktt8t_n/index-v1-a1.m3u8?t=tEHO5pnvOE0V2dfjXFbmS9q7SeDCPZNdbM2U89RvL2U&s=1770822258&e=43200&v=602828&srv=s1&i=0.0&sp=0, referer=https://asd.pics/, type=M3U8)
2026-02-11 16:04:19.409 22094-22170 PreviewImgM3u8          com.lagradost.cloudstream3           I  Loading with url = https://s2.savefiles.com/hls2/01/00278/fepgxkbktt8t_n/index-v1-a1.m3u8?t=tEHO5pnvOE0V2dfjXFbmS9q7SeDCPZNdbM2U89RvL2U&s=1770822258&e=43200&v=602828&srv=s1&i=0.0&sp=0 headers = {Origin=https://savefiles.com, sec-ch-ua="Not(A:Brand";v="8", "Chromium";v="120", "Google Chrome";v="120", sec-ch-ua-mobile=?1, Accept=*/*, sec-ch-ua-platform=Android, User-Agent=Mozilla/5.0 (Linux; Android 14; SM-S918B) AppleWebKit/537.36 (KHTML, like Gecko) Chrome/120.0.6099.230 Mobile Safari/537.36, Referer=https://savefiles.com/e/fepgxkbktt8t, Cookie=cfz_zaraz-analytics=%7B%22_cfa_clientId%22%3A%7B%22v%22%3A%2270099140132770500%22%2C%22e%22%3A1802358256342%7D%2C%22_cfa_sId%22%3A%7B%22v%22%3A%2242835005709117100%22%2C%22e%22%3A1770824056342%7D%7D; cfzs_google-analytics_v4=%7B%22LNqE_pageviewCounter%22%3A%7B%22v%22%3A%222%22%7D%7D; cfz_google-analytics_v4=%7B%22LNqE_engagementDuration%22%3A%7B%22v%22%3A%220%22%2C%22e%22%3A1802358259495%7D%2C%22LNqE_engagementStart%22%3A%7B%22v%22%3A%221770822259495%22%2C%22e%22%3A1802358259495%7D%2C%22LNqE_counter%22%3A%7B%22v%22%3A%222%22%2C%22e%22%3A1802358259495%7D%2C%22LNqE_ga4sid%22%3A%7B%22v%22%3A%22121520807%22%2C%22e%22%3A1770824059495%7D%2C%22LNqE_session_counter%22%3A%7B%22v%22%3A%221%22%2C%22e%22%3A1802358259495%7D%2C%22LNqE_ga4%22%3A%7B%22v%22%3A%22d5417fce-50cf-483a-adc4-b2e997524838%22%2C%22e%22%3A1802358259495%7D%2C%22LNqE_let%22%3A%7B%22v%22%3A%221770822259495%22%2C%22e%22%3A1802358259495%7D%7D; cf_clearance=uLdxG9wkk_MfEIR978nilFf7seOH0rVZ.5X2vgciRIo-1770822234-1.2.1.1-vOrnlvLXr5FYjQv5VIizGZZ5PGB7jsUWTkMwSTblxkV35.x6OJZkZFNdlW4OFYCBRbL_jn2FAkVylxcJMe5g0rixHn1lJYzxagjfN.I9sfemA5ftoIDuId3rCZjwp8MF7ejMPKcEEJfrj5fXo_7UJJWfv.2mFArqMeHBBESs6NlPhstXfU5rL9qgRmhnQKuIBg5jA704tHknle9ZuOhbRfa9uB0B7ukzuUSzrHodoig; dom3ic8zudi28v8lr6fgphwffqoz0j6c=2ff4bd1f-9778-4431-b9b3-034bc898a7d3%3A2%3A1; _ga_D8NNSFR7SN=GS2.1.s1770822235$o1$g0$t1770822235$j60$l0$h0; _ga=GA1.1.283038861.1770822235; sb_page_6f4f5c3f5bfa5f5651799c658cb3556b=1; sb_main_6f4f5c3f5bfa5f5651799c658cb3556b=1; sb_count_6f4f5c3f5bfa5f5651799c658cb3556b=1; pp_main_6710543788e9f02584f3584d5416d1e3=1; pbpr0tpuw4isk85t8yg3jb2lj5vqf=radiantvalerelieve.com, Sec-Fetch-Dest=empty, Sec-Fetch-Mode=cors, Sec-Fetch-Site=cross-site}
2026-02-11 16:04:19.409 22094-22170 MediaMetadataRetriever  com.lagradost.cloudstream3           V  constructor
2026-02-11 16:04:19.413 22094-22094 CS3ExoPlayer            com.lagradost.cloudstream3           I  loadExo
2026-02-11 16:04:19.417 22094-22094 ExoPlayerImpl           com.lagradost.cloudstream3           I  Init b58e8fd [AndroidXMedia3/1.8.0] [dm3q, SM-S918B, samsung, 36]
2026-02-11 16:04:19.421 22094-22094 NextRenderersFactory    com.lagradost.cloudstream3           I  Loaded FfmpegVideoRenderer.
2026-02-11 16:04:19.422 22094-22094 NextRenderersFactory    com.lagradost.cloudstream3           I  Loaded FfmpegAudioRenderer.
2026-02-11 16:04:19.428 22094-22094 CS3ExoPlayer            com.lagradost.cloudstream3           I  Handle event: PlayerAttachedEvent(player=androidx.media3.exoplayer.ExoPlayerImpl@b58e8fd, source=Player)
2026-02-11 16:04:19.428 22094-22094 MediaSessionImpl        com.lagradost.cloudstream3           I  Init 97e433e [AndroidXMedia3/1.8.0] [dm3q, SM-S918B, samsung, 36]
2026-02-11 16:04:19.431 22094-22094 MediaSessionCompat      com.lagradost.cloudstream3           I  Couldn't find a unique registered media button receiver in the given context.
2026-02-11 16:04:19.453 22094-22094 CS3ExoPlayer            com.lagradost.cloudstream3           I  Handle event: StatusEvent(wasPlaying=IsBuffering, isPlaying=IsBuffering, source=Player)
2026-02-11 16:04:19.455 22094-22094 CS3ExoPlayer            com.lagradost.cloudstream3           I  Handle event: PositionEvent(source=Player, fromMs=0, toMs=0, durationMs=-9223372036854775807)
2026-02-11 16:04:19.457 22094-22094 CS3ExoPlayer            com.lagradost.cloudstream3           I  setActiveSubtitles 0
2026-02-11 16:04:19.457 22094-22094 CS3ExoPlayer            com.lagradost.cloudstream3           I  autoSelectFromSettings = null
2026-02-11 16:04:19.458 22094-22094 BLASTBufferQueue_Java   com.lagradost.cloudstream3           I  update, w= 3088 h= 1440 mName = VRI[MainActivity]@e9225f mNativeObject= 0xb400007b51a57000 sc.mNativeObject= 0xb400007a9d565000 format= -3 caller= android.view.ViewRootImpl.updateBlastSurfaceIfNeeded:3574 android.view.ViewRootImpl.relayoutWindow:11685 android.view.ViewRootImpl.performTraversals:4804 android.view.ViewRootImpl.doTraversal:3924 android.view.ViewRootImpl$TraversalRunnable.run:12903 android.view.Choreographer$CallbackRecord.run:1901
2026-02-11 16:04:19.458 22094-22094 VRI[MainAc...ty]@e9225f com.lagradost.cloudstream3           I  Relayout returned: old=(0,0,3088,1440) new=(0,0,3088,1440) relayoutAsync=true req=(3088,1440)0 dur=1 res=0x0 s={true 0xb400007b404d2000} ch=false seqId=0
2026-02-11 16:04:19.458 22094-22094 VRI[MainAc...ty]@e9225f com.lagradost.cloudstream3           I  updateBoundsLayer: t=android.view.SurfaceControl$Transaction@6496efb sc=Surface(name=Bounds for - com.lagradost.cloudstream3/com.lagradost.cloudstream3.MainActivity@0)/@0xe36eb18 frame=3065
2026-02-11 16:04:19.458 22094-22094 VRI[MainAc...ty]@e9225f com.lagradost.cloudstream3           I  registerCallbackForPendingTransactions
2026-02-11 16:04:19.459 22094-22189 VRI[MainAc...ty]@e9225f com.lagradost.cloudstream3           I  mWNT: t=0xb400007b484fd800 mBlastBufferQueue=0xb400007b51a57000 fn= 3066 HdrRenderState mRenderHdrSdrRatio=1.0 caller= android.view.ViewRootImpl$10.onFrameDraw:6536 android.view.ViewRootImpl$4.onFrameDraw:2489 android.view.ThreadedRenderer$1.onFrameDraw:718
2026-02-11 16:04:19.461 22094-22094 NotificationManager     com.lagradost.cloudstream3           I  com.lagradost.cloudstream3: notify(2326, null, Notification(channel=7340 shortcut=null contentView=null vibrate=null sound=null defaults=0 flags=ONGOING_EVENT|ONLY_ALERT_ONCE color=0x00000000 category=transport actions=2 vis=PUBLIC semFlags=0x0 semPriority=0 semMissedCount=0)) as user
2026-02-11 16:04:19.462 22094-22094 NotificationManager     com.lagradost.cloudstream3           D  BOOTING pkg =com.lagradost.cloudstream3 mBlockedChannelsForOverflowNoti=[]
2026-02-11 16:04:19.556 22094-22094 NotificationManager     com.lagradost.cloudstream3           I  com.lagradost.cloudstream3: notify(2326, null, Notification(channel=7340 shortcut=null contentView=null vibrate=null sound=null defaults=0 flags=ONGOING_EVENT|ONLY_ALERT_ONCE color=0x00000000 category=transport actions=4 vis=PUBLIC semFlags=0x0 semPriority=0 semMissedCount=0)) as user
2026-02-11 16:04:19.571 22094-22094 InsetsController        com.lagradost.cloudstream3           I  cancelAnimation: types=navigationBars, animType=1, host=com.lagradost.cloudstream3/com.lagradost.cloudstream3.MainActivity, from=android.view.InsetsController.notifyFinished:2006 android.view.InsetsAnimationThreadControlRunner$1.lambda$notifyFinished$0:82 android.view.InsetsAnimationThreadControlRunner$1.$r8$lambda$cDFF0h4Ncq-8EXdGszv69jrUu7c:0
2026-02-11 16:04:19.588 22094-23076 nativeloader            com.lagradost.cloudstream3           D  Load /data/app/~~8GlbFT_xKRQMArSJn9y8NA==/com.lagradost.cloudstream3-8KcPvvc4MQHP7wiICAR-6A==/lib/arm64/libmedia3ext.so using class loader ns clns-9 (caller=/data/app/~~8GlbFT_xKRQMArSJn9y8NA==/com.lagradost.cloudstream3-8KcPvvc4MQHP7wiICAR-6A==/base.apk!classes5.dex): ok
