2026-02-12 10:36:03.913 15070-15091 SV[1447572...nActivity] com.lagradost.cloudstream3           I  onSSPAndSRT: pl = 54 pt = 375 sx = 0.925 sy = 0.9266667
2026-02-12 10:36:03.913 15070-15091 SV[1447572...nActivity] com.lagradost.cloudstream3           I  aOrMT: VRI[MainActivity]@d1efe57 t = android.view.SurfaceControl$Transaction@489fe37 fN = 2030 android.view.SurfaceView.-$$Nest$mapplyOrMergeTransaction:0 android.view.SurfaceView$SurfaceViewPositionUpdateListener.positionChanged:1932 android.graphics.RenderNode$CompositePositionUpdateListener.positionChanged:401
2026-02-12 10:36:03.913 15070-15091 VRI[MainAc...y]@d1efe57 com.lagradost.cloudstream3           I  mWNT: t=0xb400007a9f6a4580 mBlastBufferQueue=0xb400007b47ab3000 fn= 2030 HdrRenderState mRenderHdrSdrRatio=1.0 caller= android.view.SurfaceView.applyOrMergeTransaction:1863 android.view.SurfaceView.-$$Nest$mapplyOrMergeTransaction:0 android.view.SurfaceView$SurfaceViewPositionUpdateListener.positionChanged:1932
2026-02-12 10:36:03.914 15070-15091 SurfaceView             com.lagradost.cloudstream3           D  109777615 updateSurfacePosition RenderWorker, frameNr = 2030, position = [18, 38, 3029, 1443] surfaceSize = 3088x1440
2026-02-12 10:36:03.914 15070-15091 SV[1097776...nActivity] com.lagradost.cloudstream3           I  uSP: rtp = Rect(18, 38 - 3029, 1443) rtsw = 3088 rtsh = 1440
2026-02-12 10:36:03.914 15070-15091 SV[1097776...nActivity] com.lagradost.cloudstream3           I  onSSPAndSRT: pl = 18 pt = 38 sx = 0.97506475 sy = 0.9756944
2026-02-12 10:36:03.914 15070-15091 SV[1097776...nActivity] com.lagradost.cloudstream3           I  aOrMT: VRI[MainActivity]@d1efe57 t = android.view.SurfaceControl$Transaction@f6b7eb0 fN = 2030 android.view.SurfaceView.-$$Nest$mapplyOrMergeTransaction:0 android.view.SurfaceView$SurfaceViewPositionUpdateListener.positionChanged:1932 android.graphics.RenderNode$CompositePositionUpdateListener.positionChanged:401
2026-02-12 10:36:03.914 15070-15091 VRI[MainAc...y]@d1efe57 com.lagradost.cloudstream3           I  mWNT: t=0xb400007a9ac14800 mBlastBufferQueue=0xb400007b47ab3000 fn= 2030 HdrRenderState mRenderHdrSdrRatio=1.0 caller= android.view.SurfaceView.applyOrMergeTransaction:1863 android.view.SurfaceView.-$$Nest$mapplyOrMergeTransaction:0 android.view.SurfaceView$SurfaceViewPositionUpdateListener.positionChanged:1932
2026-02-12 10:36:03.922 15070-15091 SurfaceView             com.lagradost.cloudstream3           D  144757249 updateSurfacePosition RenderWorker, frameNr = 2031, position = [58, 383, 1382, 1073] surfaceSize = 1440x750
2026-02-12 10:36:03.922 15070-15091 SV[1447572...nActivity] com.lagradost.cloudstream3           I  uSP: rtp = Rect(58, 383 - 1382, 1073) rtsw = 1440 rtsh = 750
2026-02-12 10:36:03.922 15070-15091 SV[1447572...nActivity] com.lagradost.cloudstream3           I  onSSPAndSRT: pl = 58 pt = 383 sx = 0.91944444 sy = 0.92
2026-02-12 10:36:03.922 15070-15091 SV[1447572...nActivity] com.lagradost.cloudstream3           I  aOrMT: VRI[MainActivity]@d1efe57 t = android.view.SurfaceControl$Transaction@489fe37 fN = 2031 android.view.SurfaceView.-$$Nest$mapplyOrMergeTransaction:0 android.view.SurfaceView$SurfaceViewPositionUpdateListener.positionChanged:1932 android.graphics.RenderNode$CompositePositionUpdateListener.positionChanged:401
2026-02-12 10:36:03.922 15070-15091 VRI[MainAc...y]@d1efe57 com.lagradost.cloudstream3           I  mWNT: t=0xb400007a9f6a4580 mBlastBufferQueue=0xb400007b47ab3000 fn= 2031 HdrRenderState mRenderHdrSdrRatio=1.0 caller= android.view.SurfaceView.applyOrMergeTransaction:1863 android.view.SurfaceView.-$$Nest$mapplyOrMergeTransaction:0 android.view.SurfaceView$SurfaceViewPositionUpdateListener.positionChanged:1932
2026-02-12 10:36:03.922 15070-15091 SurfaceView             com.lagradost.cloudstream3           D  109777615 updateSurfacePosition RenderWorker, frameNr = 2031, position = [13, 27, 3046, 1442] surfaceSize = 3088x1440
2026-02-12 10:36:03.922 15070-15091 SV[1097776...nActivity] com.lagradost.cloudstream3           I  uSP: rtp = Rect(13, 27 - 3046, 1442) rtsw = 3088 rtsh = 1440
2026-02-12 10:36:03.922 15070-15091 SV[1097776...nActivity] com.lagradost.cloudstream3           I  onSSPAndSRT: pl = 13 pt = 27 sx = 0.9821891 sy = 0.9826389
2026-02-12 10:36:03.922 15070-15091 SV[1097776...nActivity] com.lagradost.cloudstream3           I  aOrMT: VRI[MainActivity]@d1efe57 t = android.view.SurfaceControl$Transaction@f6b7eb0 fN = 2031 android.view.SurfaceView.-$$Nest$mapplyOrMergeTransaction:0 android.view.SurfaceView$SurfaceViewPositionUpdateListener.positionChanged:1932 android.graphics.RenderNode$CompositePositionUpdateListener.positionChanged:401
2026-02-12 10:36:03.922 15070-15091 VRI[MainAc...y]@d1efe57 com.lagradost.cloudstream3           I  mWNT: t=0xb400007a9ac14800 mBlastBufferQueue=0xb400007b47ab3000 fn= 2031 HdrRenderState mRenderHdrSdrRatio=1.0 caller= android.view.SurfaceView.applyOrMergeTransaction:1863 android.view.SurfaceView.-$$Nest$mapplyOrMergeTransaction:0 android.view.SurfaceView$SurfaceViewPositionUpdateListener.positionChanged:1932
2026-02-12 10:36:03.923 15070-15070 InsetsController        com.lagradost.cloudstream3           I  onStateChanged: host=com.lagradost.cloudstream3/com.lagradost.cloudstream3.MainActivity, from=android.view.ViewRootImpl.onInsetsStateChanged:3026, state=InsetsState: {mDisplayFrame=Rect(0, 0 - 3088, 1440), mDisplayCutout=DisplayCutout{insets=Rect(100, 0 - 0, 0) waterfall=Insets{left=0, top=0, right=0, bottom=0} boundingRect={Bounds=[Rect(0, 684 - 100, 755), Rect(0, 0 - 0, 0), Rect(0, 0 - 0, 0), Rect(0, 0 - 0, 0)]} cutoutPathParserInfo={CutoutPathParserInfo{displayWidth=1440 displayHeight=3088 physicalDisplayWidth=1440 physicalDisplayHeight=3088 density={3.75} cutoutSpec={M 0,0 H -9.466666666666667 V 26.66666666666667‬ H 9.466666666666667 V 0 H 0 Z @dp} rotation={1} scale={1.0} physicalPixelDisplaySizeRatio={1.0}}} sideOverrides={}}, mRoundedCorners=RoundedCorners{[RoundedCorner{position=TopLeft, radius=15, center=Point(15, 15)}, RoundedCorner{position=TopRight, radius=15, center=Point(3073, 15)}, RoundedCorner{position=BottomRight, radius=15, center=Point(3073, 1425)}, RoundedCorner{position=BottomLeft, radius=15, center=Point(15, 1425)}]}  mRoundedCornerFrame=Rect(0, 0 - 3088, 1440), mPrivacyIndicatorBounds=PrivacyIndicatorBounds {static bounds=Rect(2923, 0 - 3088, 113) rotation=1}, mDisplayShape=DisplayShape{ spec=-311912193 displayWidth=1440 displayHeight=3088 physicalPixelDisplaySizeRatio=1.0 rotation=1 offsetX=0 offsetY=0 scale=1.0}, mSources= { InsetsSource: {3 mType=ime mFrame=[0,0][0,0] mVisible=false mFlags= mSideHint=NONE mBoundingRects=null}, InsetsSource: {7 mType=displayCutout mFrame=[0,0][100,1440] mVisible=true mFlags= mSideHint=LEFT mBoundingRects=null}, InsetsSource: {27660001 mType=navigationBars mFrame=[2908,0][3088,1440] mVisible=false mFlags= mSideHint=RIGHT mBoundingRects=null}, InsetsSource: {27660004 mType=systemGestures mFrame=[0,0][0,0] mVisible=true mFlags= mSideHint=NONE mBoundingRects=null}, InsetsSource: {27660005 mType=mandatorySystemGestures mFrame=[2908,0][3088,1440] mVisible=true mFlags= mSideHint=RIGHT mBoundingRects=null}, InsetsSource: {27660006 mType=tappableElement mFrame=[2908,0][3088,1440] mVisible=true mFlags= mSideHint=RIGHT mBoundingRects=null}, InsetsSource: {27660024 mType=systemGestures mFrame=[0,0][0,0] mVisible=true mFlags= mSideHint=NONE mBoundingRects=null}, InsetsSource: {41f30000 mType=statusBars mFrame=[0,0][3088,113] mVisible=false mFlags= mSideHint=TOP mBoundingRects=null}, InsetsSource: {41f30005 mType=mandatorySystemGestures mFrame=[0,0][3088,113] mVisible=true mFlags= mSideHint=TOP mBoundingRects=null}, InsetsSource: {41f30006 mType=tappableElement mFrame=[0,0][3088,113] mVisible=true mFlags= mSideHint=TOP mBoundingRects=null} }
2026-02-12 10:36:03.923 15070-15070 InsetsController        com.lagradost.cloudstream3           I  cancelAnimation: types=statusBars navigationBars, animType=1, host=com.lagradost.cloudstream3/com.lagradost.cloudstream3.MainActivity, from=android.view.InsetsController.cancelExistingControllers:1974 android.view.InsetsController.onControlsChanged:1228 android.view.ViewRootImpl.onActiveControlsChanged:3056
2026-02-12 10:36:03.931 15070-15091 SurfaceView             com.lagradost.cloudstream3           D  144757249 updateSurfacePosition RenderWorker, frameNr = 2032, position = [67, 396, 1373, 1077] surfaceSize = 1440x750
2026-02-12 10:36:03.931 15070-15091 SV[1447572...nActivity] com.lagradost.cloudstream3           I  uSP: rtp = Rect(67, 396 - 1373, 1077) rtsw = 1440 rtsh = 750
2026-02-12 10:36:03.931 15070-15091 SV[1447572...nActivity] com.lagradost.cloudstream3           I  onSSPAndSRT: pl = 67 pt = 396 sx = 0.90694445 sy = 0.908
2026-02-12 10:36:03.931 15070-15091 SV[1447572...nActivity] com.lagradost.cloudstream3           I  aOrMT: VRI[MainActivity]@d1efe57 t = android.view.SurfaceControl$Transaction@489fe37 fN = 2032 android.view.SurfaceView.-$$Nest$mapplyOrMergeTransaction:0 android.view.SurfaceView$SurfaceViewPositionUpdateListener.positionChanged:1932 android.graphics.RenderNode$CompositePositionUpdateListener.positionChanged:401
2026-02-12 10:36:03.931 15070-15091 VRI[MainAc...y]@d1efe57 com.lagradost.cloudstream3           I  mWNT: t=0xb400007a9f6a4580 mBlastBufferQueue=0xb400007b47ab3000 fn= 2032 HdrRenderState mRenderHdrSdrRatio=1.0 caller= android.view.SurfaceView.applyOrMergeTransaction:1863 android.view.SurfaceView.-$$Nest$mapplyOrMergeTransaction:0 android.view.SurfaceView$SurfaceViewPositionUpdateListener.positionChanged:1932
2026-02-12 10:36:03.931 15070-15091 SurfaceView             com.lagradost.cloudstream3           D  109777615 updateSurfacePosition RenderWorker, frameNr = 2032, position = [4, 10, 3073, 1441] surfaceSize = 3088x1440
2026-02-12 10:36:03.931 15070-15091 SV[1097776...nActivity] com.lagradost.cloudstream3           I  uSP: rtp = Rect(4, 10 - 3073, 1441) rtsw = 3088 rtsh = 1440
2026-02-12 10:36:03.931 15070-15091 SV[1097776...nActivity] com.lagradost.cloudstream3           I  onSSPAndSRT: pl = 4 pt = 10 sx = 0.99384713 sy = 0.99375
2026-02-12 10:36:03.931 15070-15091 SV[1097776...nActivity] com.lagradost.cloudstream3           I  aOrMT: VRI[MainActivity]@d1efe57 t = android.view.SurfaceControl$Transaction@f6b7eb0 fN = 2032 android.view.SurfaceView.-$$Nest$mapplyOrMergeTransaction:0 android.view.SurfaceView$SurfaceViewPositionUpdateListener.positionChanged:1932 android.graphics.RenderNode$CompositePositionUpdateListener.positionChanged:401
2026-02-12 10:36:03.931 15070-15091 VRI[MainAc...y]@d1efe57 com.lagradost.cloudstream3           I  mWNT: t=0xb400007a9ac14800 mBlastBufferQueue=0xb400007b47ab3000 fn= 2032 HdrRenderState mRenderHdrSdrRatio=1.0 caller= android.view.SurfaceView.applyOrMergeTransaction:1863 android.view.SurfaceView.-$$Nest$mapplyOrMergeTransaction:0 android.view.SurfaceView$SurfaceViewPositionUpdateListener.positionChanged:1932
2026-02-12 10:36:03.947 15070-15091 SurfaceView             com.lagradost.cloudstream3           D  144757249 updateSurfacePosition RenderWorker, frameNr = 2034, position = [69, 400, 1371, 1079] surfaceSize = 1440x750
2026-02-12 10:36:03.947 15070-15091 SV[1447572...nActivity] com.lagradost.cloudstream3           I  uSP: rtp = Rect(69, 400 - 1371, 1079) rtsw = 1440 rtsh = 750
2026-02-12 10:36:03.947 15070-15091 SV[1447572...nActivity] com.lagradost.cloudstream3           I  onSSPAndSRT: pl = 69 pt = 400 sx = 0.90416664 sy = 0.90533334
2026-02-12 10:36:03.947 15070-15091 SV[1447572...nActivity] com.lagradost.cloudstream3           I  aOrMT: VRI[MainActivity]@d1efe57 t = android.view.SurfaceControl$Transaction@489fe37 fN = 2034 android.view.SurfaceView.-$$Nest$mapplyOrMergeTransaction:0 android.view.SurfaceView$SurfaceViewPositionUpdateListener.positionChanged:1932 android.graphics.RenderNode$CompositePositionUpdateListener.positionChanged:401
2026-02-12 10:36:03.947 15070-15091 VRI[MainAc...y]@d1efe57 com.lagradost.cloudstream3           I  mWNT: t=0xb400007a9f6a4580 mBlastBufferQueue=0xb400007b47ab3000 fn= 2034 HdrRenderState mRenderHdrSdrRatio=1.0 caller= android.view.SurfaceView.applyOrMergeTransaction:1863 android.view.SurfaceView.-$$Nest$mapplyOrMergeTransaction:0 android.view.SurfaceView$SurfaceViewPositionUpdateListener.positionChanged:1932
2026-02-12 10:36:03.947 15070-15091 SurfaceView             com.lagradost.cloudstream3           D  109777615 updateSurfacePosition RenderWorker, frameNr = 2034, position = [2, 4, 3081, 1441] surfaceSize = 3088x1440
2026-02-12 10:36:03.947 15070-15091 SV[1097776...nActivity] com.lagradost.cloudstream3           I  uSP: rtp = Rect(2, 4 - 3081, 1441) rtsw = 3088 rtsh = 1440
2026-02-12 10:36:03.947 15070-15091 SV[1097776...nActivity] com.lagradost.cloudstream3           I  onSSPAndSRT: pl = 2 pt = 4 sx = 0.9970855 sy = 0.99791664
2026-02-12 10:36:03.947 15070-15091 SV[1097776...nActivity] com.lagradost.cloudstream3           I  aOrMT: VRI[MainActivity]@d1efe57 t = android.view.SurfaceControl$Transaction@f6b7eb0 fN = 2034 android.view.SurfaceView.-$$Nest$mapplyOrMergeTransaction:0 android.view.SurfaceView$SurfaceViewPositionUpdateListener.positionChanged:1932 android.graphics.RenderNode$CompositePositionUpdateListener.positionChanged:401
2026-02-12 10:36:03.947 15070-15091 VRI[MainAc...y]@d1efe57 com.lagradost.cloudstream3           I  mWNT: t=0xb400007a9ac14800 mBlastBufferQueue=0xb400007b47ab3000 fn= 2034 HdrRenderState mRenderHdrSdrRatio=1.0 caller= android.view.SurfaceView.applyOrMergeTransaction:1863 android.view.SurfaceView.-$$Nest$mapplyOrMergeTransaction:0 android.view.SurfaceView$SurfaceViewPositionUpdateListener.positionChanged:1932
2026-02-12 10:36:03.955 15070-15091 SurfaceView             com.lagradost.cloudstream3           D  144757249 updateSurfacePosition RenderWorker, frameNr = 2035, position = [71, 403, 1369, 1080] surfaceSize = 1440x750
2026-02-12 10:36:03.955 15070-15091 SV[1447572...nActivity] com.lagradost.cloudstream3           I  uSP: rtp = Rect(71, 403 - 1369, 1080) rtsw = 1440 rtsh = 750
2026-02-12 10:36:03.955 15070-15091 SV[1447572...nActivity] com.lagradost.cloudstream3           I  onSSPAndSRT: pl = 71 pt = 403 sx = 0.9013889 sy = 0.9026667
2026-02-12 10:36:03.955 15070-15091 SV[1447572...nActivity] com.lagradost.cloudstream3           I  aOrMT: VRI[MainActivity]@d1efe57 t = android.view.SurfaceControl$Transaction@489fe37 fN = 2035 android.view.SurfaceView.-$$Nest$mapplyOrMergeTransaction:0 android.view.SurfaceView$SurfaceViewPositionUpdateListener.positionChanged:1932 android.graphics.RenderNode$CompositePositionUpdateListener.positionChanged:401
2026-02-12 10:36:03.955 15070-15091 VRI[MainAc...y]@d1efe57 com.lagradost.cloudstream3           I  mWNT: t=0xb400007a9f6a4580 mBlastBufferQueue=0xb400007b47ab3000 fn= 2035 HdrRenderState mRenderHdrSdrRatio=1.0 caller= android.view.SurfaceView.applyOrMergeTransaction:1863 android.view.SurfaceView.-$$Nest$mapplyOrMergeTransaction:0 android.view.SurfaceView$SurfaceViewPositionUpdateListener.positionChanged:1932
2026-02-12 10:36:03.955 15070-15091 SurfaceView             com.lagradost.cloudstream3           D  109777615 updateSurfacePosition RenderWorker, frameNr = 2035, position = [0, 1, 3086, 1441] surfaceSize = 3088x1440
2026-02-12 10:36:03.955 15070-15091 SV[1097776...nActivity] com.lagradost.cloudstream3           I  uSP: rtp = Rect(0, 1 - 3086, 1441) rtsw = 3088 rtsh = 1440
2026-02-12 10:36:03.955 15070-15091 SV[1097776...nActivity] com.lagradost.cloudstream3           I  onSSPAndSRT: pl = 0 pt = 1 sx = 0.99935234 sy = 1.0
2026-02-12 10:36:03.955 15070-15091 SV[1097776...nActivity] com.lagradost.cloudstream3           I  aOrMT: VRI[MainActivity]@d1efe57 t = android.view.SurfaceControl$Transaction@f6b7eb0 fN = 2035 android.view.SurfaceView.-$$Nest$mapplyOrMergeTransaction:0 android.view.SurfaceView$SurfaceViewPositionUpdateListener.positionChanged:1932 android.graphics.RenderNode$CompositePositionUpdateListener.positionChanged:401
2026-02-12 10:36:03.955 15070-15091 VRI[MainAc...y]@d1efe57 com.lagradost.cloudstream3           I  mWNT: t=0xb400007a9ac14800 mBlastBufferQueue=0xb400007b47ab3000 fn= 2035 HdrRenderState mRenderHdrSdrRatio=1.0 caller= android.view.SurfaceView.applyOrMergeTransaction:1863 android.view.SurfaceView.-$$Nest$mapplyOrMergeTransaction:0 android.view.SurfaceView$SurfaceViewPositionUpdateListener.positionChanged:1932
2026-02-12 10:36:03.956 15070-15070 SV[1447572...nActivity] com.lagradost.cloudstream3           I  onWindowVisibilityChanged(8) false android.view.SurfaceView{8a0d201 V.E...... ........ 0,0-1440,750} of VRI[MainActivity]@d1efe57
2026-02-12 10:36:03.956 15070-15070 SurfaceView             com.lagradost.cloudstream3           I  144757249 Changes: creating=false format=false size=false visible=true alpha=false hint=false left=false top=false z=false attached=true lifecycleStrategy=false
2026-02-12 10:36:03.956 15070-15070 SurfaceView             com.lagradost.cloudstream3           I  144757249 Cur surface: Surface(name=null mNativeObject=-5476376620050686208)/@0x95418d1
2026-02-12 10:36:03.956 15070-15070 SurfaceComposerClient   com.lagradost.cloudstream3           D  setCornerRadius ## 8a0d201 SurfaceView[com.lagradost.cloudstream3/com.lagradost.cloudstream3.MainActivity]@0#260090 cornerRadius=0.000000
2026-02-12 10:36:03.956 15070-15070 SV[1447572...nActivity] com.lagradost.cloudstream3           I  updateSurface: mVisible = false mSurface.isValid() = true
2026-02-12 10:36:03.956 15070-15070 SV[1447572...nActivity] com.lagradost.cloudstream3           I  updateSurface: mSurfaceCreated = true surfaceChanged = false visibleChanged = true
2026-02-12 10:36:03.956 15070-15070 SurfaceView             com.lagradost.cloudstream3           V  Layout: x=0 y=288 w=1440 h=750, frame=Rect(0, 0 - 1440, 750)
2026-02-12 10:36:03.956 15070-15070 SurfaceView             com.lagradost.cloudstream3           I  144757249 Detaching SV
2026-02-12 10:36:03.956 15070-15070 SurfaceView             com.lagradost.cloudstream3           I  144757249 Changes: creating=false format=false size=false visible=false alpha=false hint=false left=false top=false z=false attached=false lifecycleStrategy=false
2026-02-12 10:36:03.956 15070-15070 SurfaceView             com.lagradost.cloudstream3           I  144757249 Cur surface: Surface(name=null mNativeObject=-5476376620050686208)/@0x95418d1
2026-02-12 10:36:03.956 15070-15070 SurfaceComposerClient   com.lagradost.cloudstream3           D  setCornerRadius ## 8a0d201 SurfaceView[com.lagradost.cloudstream3/com.lagradost.cloudstream3.MainActivity]@0#260090 cornerRadius=0.000000
2026-02-12 10:36:03.956 15070-15070 SurfaceView             com.lagradost.cloudstream3           I  144757249 surfaceDestroyed
2026-02-12 10:36:03.956 15070-15070 SV[1447572...nActivity] com.lagradost.cloudstream3           I  surfaceDestroyed callback.size 0 #4 android.view.SurfaceView{8a0d201 V.E...... ........ 0,0-1440,750}
2026-02-12 10:36:03.956 15070-15070 SV[1447572...nActivity] com.lagradost.cloudstream3           I  updateSurface: mVisible = false mSurface.isValid() = true
2026-02-12 10:36:03.956 15070-15070 SV[1447572...nActivity] com.lagradost.cloudstream3           I  releaseSurfaces: viewRoot = VRI[MainActivity]@d1efe57
2026-02-12 10:36:03.956 15070-15070 SurfaceView             com.lagradost.cloudstream3           V  Layout: x=0 y=288 w=1440 h=750, frame=Rect(0, 0 - 1440, 750)
2026-02-12 10:36:03.957 15070-15070 SV[1447572...nActivity] com.lagradost.cloudstream3           I  onDetachedFromWindow: tryReleaseSurfaces()
2026-02-12 10:36:03.957 15070-15070 SV[1447572...nActivity] com.lagradost.cloudstream3           I  releaseSurfaces: viewRoot = VRI[MainActivity]@d1efe57
2026-02-12 10:36:03.963 15070-15070 VRI[MainAc...y]@d1efe57 com.lagradost.cloudstream3           I  registerCallbackForPendingTransactions
2026-02-12 10:36:03.963 15070-15091 SurfaceView             com.lagradost.cloudstream3           D  109777615 updateSurfacePosition RenderWorker, frameNr = 2036, position = [0, 0, 3088, 1440] surfaceSize = 3088x1440
2026-02-12 10:36:03.963 15070-15091 SV[1097776...nActivity] com.lagradost.cloudstream3           I  uSP: rtp = Rect(0, 0 - 3088, 1440) rtsw = 3088 rtsh = 1440
2026-02-12 10:36:03.963 15070-15091 SV[1097776...nActivity] com.lagradost.cloudstream3           I  onSSPAndSRT: pl = 0 pt = 0 sx = 1.0 sy = 1.0
2026-02-12 10:36:03.964 15070-15091 SV[1097776...nActivity] com.lagradost.cloudstream3           I  aOrMT: VRI[MainActivity]@d1efe57 t = android.view.SurfaceControl$Transaction@f6b7eb0 fN = 2036 android.view.SurfaceView.-$$Nest$mapplyOrMergeTransaction:0 android.view.SurfaceView$SurfaceViewPositionUpdateListener.positionChanged:1932 android.graphics.RenderNode$CompositePositionUpdateListener.positionChanged:401
2026-02-12 10:36:03.964 15070-15091 VRI[MainAc...y]@d1efe57 com.lagradost.cloudstream3           I  mWNT: t=0xb400007a9ac14800 mBlastBufferQueue=0xb400007b47ab3000 fn= 2036 HdrRenderState mRenderHdrSdrRatio=1.0 caller= android.view.SurfaceView.applyOrMergeTransaction:1863 android.view.SurfaceView.-$$Nest$mapplyOrMergeTransaction:0 android.view.SurfaceView$SurfaceViewPositionUpdateListener.positionChanged:1932
2026-02-12 10:36:03.964 15070-15091 SurfaceView             com.lagradost.cloudstream3           D  49066514 windowPositionLost, frameNr = 2036
2026-02-12 10:36:03.964 15070-15125 VRI[MainAc...y]@d1efe57 com.lagradost.cloudstream3           I  mWNT: t=0xb400007a9ac15d00 mBlastBufferQueue=0xb400007b47ab3000 fn= 2036 HdrRenderState mRenderHdrSdrRatio=1.0 caller= android.view.ViewRootImpl$10.onFrameDraw:6536 android.view.ViewRootImpl$4.onFrameDraw:2489 android.view.ThreadedRenderer$1.onFrameDraw:718
2026-02-12 10:36:04.136 15070-15111 RequestQueue            com.lagradost.cloudstream3           I  [executeAsLeader] Leader SUCCESS | domain=asd.pics
2026-02-12 10:36:04.141 15070-15111 ArabseedV2              com.lagradost.cloudstream3           D  [loadLinks] Watch page resolved. Parsing sources...
2026-02-12 10:36:04.159 15070-15111 ArabseedV2              com.lagradost.cloudstream3           D  [loadLinks] Qualities: [1080, 720, 480], Default: 480
2026-02-12 10:36:04.159 15070-15111 ArabseedV2              com.lagradost.cloudstream3           D  [loadLinks] GlobalPostID: N/A, CSRF: FOUND
2026-02-12 10:36:04.159 15070-15111 ArabseedV2              com.lagradost.cloudstream3           D  [collectSources] Starting with 3 qualities, 6 visible servers
2026-02-12 10:36:04.159 15070-15111 ArabseedV2              com.lagradost.cloudstream3           I  [collectSources] Collected 16 sources
2026-02-12 10:36:04.159 15070-15111 ArabseedV2              com.lagradost.cloudstream3           I  [loadLinks] Collected 16 sources. Starting sequential processing...
2026-02-12 10:36:04.159 15070-15111 ArabseedV2              com.lagradost.cloudstream3           I  [resolveSourceUrl] Resolving Lazy URL: https://arabseed-lazy.com/?post_id=832389&quality=1080&server=1&csrf_token=92d7db8dfb&base=https://asd.pics
2026-02-12 10:36:04.159 15070-15111 ProviderSession         com.lagradost.cloudstream3           D  [buildHeaders] Building request headers | domain=asd.pics, cookieCount=9, hasClearance=true, isValid=true, uaHash=1541428330
2026-02-12 10:36:04.159 15070-15111 ProviderSession         com.lagradost.cloudstream3           D  [buildHeaders] Cookie header set | keys=[cf_clearance, dom3ic8zudi28v8lr6fgphwffqoz0j6c, sb_page_6f4f5c3f5bfa5f5651799c658cb3556b, sb_main_6f4f5c3f5bfa5f5651799c658cb3556b, sb_count_6f4f5c3f5bfa5f5651799c658cb3556b, pp_main_6710543788e9f02584f3584d5416d1e3, _ga_D8NNSFR7SN, _ga, pbpr0tpuw4isk85t8yg3jb2lj5vqf]
2026-02-12 10:36:04.159 15070-15111 ProviderHttp            com.lagradost.cloudstream3           D  [executePostRequest] Executing POST request | url=https://asd.pics/get__watch__server/, domain=asd.pics, hasCookie=true
2026-02-12 10:36:04.434 15070-15111 ArabseedV2              com.lagradost.cloudstream3           I  [loadLinks] Processing source 0/16: https://savefiles.com/e/fepgxkbktt8t
2026-02-12 10:36:04.434 15070-15111 ArabseedV2              com.lagradost.cloudstream3           D  [extractVideo] STEP 1: Trying standard extractors...
2026-02-12 10:36:04.435 15070-15111 SavefilesExtractor      com.lagradost.cloudstream3           D  [getUrl] Processing | url=https://savefiles.com/e/fepgxkbktt8t, referer=https://asd.pics/
2026-02-12 10:36:05.065 15070-15111 SavefilesExtractor      com.lagradost.cloudstream3           D  [getUrl] Response received | code=200, length=4830
2026-02-12 10:36:05.065 15070-15111 SavefilesExtractor      com.lagradost.cloudstream3           D  [getUrl] Interstitial detected, preparing POST request
2026-02-12 10:36:05.066 15070-15111 SavefilesExtractor      com.lagradost.cloudstream3           D  [getUrl] Posting to /dl | data={op=embed, file_code=fepgxkbktt8t, auto=1, referer=https://savefiles.com/}
2026-02-12 10:36:05.476 15070-15111 SavefilesExtractor      com.lagradost.cloudstream3           D  [getUrl] POST successful | length=49876
2026-02-12 10:36:05.477 15070-15111 SavefilesExtractor      com.lagradost.cloudstream3           I  [getUrl] Found video URL | url=https://s3.savefiles.com/hls2/01/00278/,fepgxkbktt8t_n,.urlset/master.m3u8?t=DNe
2026-02-12 10:36:05.477 15070-15111 ArabseedV2              com.lagradost.cloudstream3           I  [extractVideo] SUCCESS via standard extractor: https://s3.savefiles.com/hls2/01/00278/,fepgxkbktt8t_n,.urlset/master.m3u8?t=DNe
2026-02-12 10:36:05.477 15070-15111 ArabseedV2              com.lagradost.cloudstream3           I  [loadLinks] SUCCESS for source 0: https://s3.savefiles.com/hls2/01/00278/,fepgxkbktt8t_n,.urlset/master.m3u8?t=DNe
2026-02-12 10:36:05.477 15070-15111 ArabseedV2              com.lagradost.cloudstream3           I  [loadLinks] Video moved to top. List now: 16 items
2026-02-12 10:36:05.478 15070-15111 ArabseedV2              com.lagradost.cloudstream3           I  [loadLinks] BREAKING LOOP - Video found!
2026-02-12 10:36:05.478 15070-15111 ArabseedV2              com.lagradost.cloudstream3           I  [loadLinks] Processing complete. 16 sources remain, 1 successful
2026-02-12 10:36:05.478 15070-15111 ArabseedV2              com.lagradost.cloudstream3           I  [loadLinks] Returning video: https://s3.savefiles.com/hls2/01/00278/,fepgxkbktt8t_n,.urlset/master.m3u8?t=DNe
2026-02-12 10:36:05.478 15070-15111 RepoLink                com.lagradost.cloudstream3           D  Loaded ExtractorLink: ExtractorLink(name=Server 1 (1080p), url=https://s3.savefiles.com/hls2/01/00278/,fepgxkbktt8t_n,.urlset/master.m3u8?t=DNeNx-qDfaC94EH_rwNDAFroaCXcqSdN--fDG12RDg0&s=1770888965&e=43200&v=378690&srv=s1&i=0.0&sp=0, referer=https://asd.pics/, type=M3U8)
2026-02-12 10:36:05.478 15070-15111 ArabseedV2              com.lagradost.cloudstream3           D  [loadLinks] Returning lazy source: Server 2 (1080p)
2026-02-12 10:36:05.479 15070-15111 RepoLink                com.lagradost.cloudstream3           D  Loaded ExtractorLink: ExtractorLink(name=Server 2 (1080p), url=https://arabseed-lazy.com/?post_id=832389&quality=1080&server=2&csrf_token=92d7db8dfb&base=https://asd.pics, referer=https://asd.pics/, type=VIDEO)
2026-02-12 10:36:05.479 15070-15111 ArabseedV2              com.lagradost.cloudstream3           D  [loadLinks] Returning lazy source: Server 3 (1080p)
2026-02-12 10:36:05.479 15070-15111 RepoLink                com.lagradost.cloudstream3           D  Loaded ExtractorLink: ExtractorLink(name=Server 3 (1080p), url=https://arabseed-lazy.com/?post_id=832389&quality=1080&server=3&csrf_token=92d7db8dfb&base=https://asd.pics, referer=https://asd.pics/, type=VIDEO)
2026-02-12 10:36:05.479 15070-15111 ArabseedV2              com.lagradost.cloudstream3           D  [loadLinks] Returning lazy source: Server 4 (1080p)
2026-02-12 10:36:05.479 15070-15111 RepoLink                com.lagradost.cloudstream3           D  Loaded ExtractorLink: ExtractorLink(name=Server 4 (1080p), url=https://arabseed-lazy.com/?post_id=832389&quality=1080&server=4&csrf_token=92d7db8dfb&base=https://asd.pics, referer=https://asd.pics/, type=VIDEO)
2026-02-12 10:36:05.479 15070-15111 ArabseedV2              com.lagradost.cloudstream3           D  [loadLinks] Returning lazy source: Server 5 (1080p)
2026-02-12 10:36:05.479 15070-15111 RepoLink                com.lagradost.cloudstream3           D  Loaded ExtractorLink: ExtractorLink(name=Server 5 (1080p), url=https://arabseed-lazy.com/?post_id=832389&quality=1080&server=5&csrf_token=92d7db8dfb&base=https://asd.pics, referer=https://asd.pics/, type=VIDEO)
2026-02-12 10:36:05.479 15070-15111 ArabseedV2              com.lagradost.cloudstream3           D  [loadLinks] Returning lazy source: Server 1 (720p)
2026-02-12 10:36:05.479 15070-15111 RepoLink                com.lagradost.cloudstream3           D  Loaded ExtractorLink: ExtractorLink(name=Server 1 (720p), url=https://arabseed-lazy.com/?post_id=832389&quality=720&server=1&csrf_token=92d7db8dfb&base=https://asd.pics, referer=https://asd.pics/, type=VIDEO)
2026-02-12 10:36:05.479 15070-15111 ArabseedV2              com.lagradost.cloudstream3           D  [loadLinks] Returning lazy source: Server 2 (720p)
2026-02-12 10:36:05.479 15070-15111 RepoLink                com.lagradost.cloudstream3           D  Loaded ExtractorLink: ExtractorLink(name=Server 2 (720p), url=https://arabseed-lazy.com/?post_id=832389&quality=720&server=2&csrf_token=92d7db8dfb&base=https://asd.pics, referer=https://asd.pics/, type=VIDEO)
2026-02-12 10:36:05.479 15070-15111 ArabseedV2              com.lagradost.cloudstream3           D  [loadLinks] Returning lazy source: Server 3 (720p)
2026-02-12 10:36:05.479 15070-15111 RepoLink                com.lagradost.cloudstream3           D  Loaded ExtractorLink: ExtractorLink(name=Server 3 (720p), url=https://arabseed-lazy.com/?post_id=832389&quality=720&server=3&csrf_token=92d7db8dfb&base=https://asd.pics, referer=https://asd.pics/, type=VIDEO)
2026-02-12 10:36:05.479 15070-15111 ArabseedV2              com.lagradost.cloudstream3           D  [loadLinks] Returning lazy source: Server 4 (720p)
2026-02-12 10:36:05.479 15070-15111 RepoLink                com.lagradost.cloudstream3           D  Loaded ExtractorLink: ExtractorLink(name=Server 4 (720p), url=https://arabseed-lazy.com/?post_id=832389&quality=720&server=4&csrf_token=92d7db8dfb&base=https://asd.pics, referer=https://asd.pics/, type=VIDEO)
2026-02-12 10:36:05.479 15070-15111 ArabseedV2              com.lagradost.cloudstream3           D  [loadLinks] Returning lazy source: Server 5 (720p)
2026-02-12 10:36:05.479 15070-15111 RepoLink                com.lagradost.cloudstream3           D  Loaded ExtractorLink: ExtractorLink(name=Server 5 (720p), url=https://arabseed-lazy.com/?post_id=832389&quality=720&server=5&csrf_token=92d7db8dfb&base=https://asd.pics, referer=https://asd.pics/, type=VIDEO)
2026-02-12 10:36:05.479 15070-15111 ArabseedV2              com.lagradost.cloudstream3           D  [loadLinks] Returning visible source: /play.php?url=aHR0cHM6Ly9tLnJldmlld3JhdGUubmV0L2VtYmVkLWhhOXdjenlheTFkZy5odG1s
2026-02-12 10:36:05.479 15070-15111 RepoLink                com.lagradost.cloudstream3           D  Loaded ExtractorLink: ExtractorLink(name=Server 0 (480), url=/play.php?url=aHR0cHM6Ly9tLnJldmlld3JhdGUubmV0L2VtYmVkLWhhOXdjenlheTFkZy5odG1s, referer=https://asd.pics/, type=VIDEO)
2026-02-12 10:36:05.479 15070-15111 ArabseedV2              com.lagradost.cloudstream3           D  [loadLinks] Returning visible source: https://asd.pics/play/?id=aHR0cHM6Ly9zYXZlZmlsZXMuY29tL2UvajM5YXFleG1tdngy
2026-02-12 10:36:05.479 15070-15111 RepoLink                com.lagradost.cloudstream3           D  Loaded ExtractorLink: ExtractorLink(name=Server 1 (480), url=https://asd.pics/play/?id=aHR0cHM6Ly9zYXZlZmlsZXMuY29tL2UvajM5YXFleG1tdngy, referer=https://asd.pics/, type=VIDEO)
2026-02-12 10:36:05.479 15070-15111 ArabseedV2              com.lagradost.cloudstream3           D  [loadLinks] Returning visible source: https://asd.pics/play/?id=aHR0cHM6Ly92aWRhcmEudG8vZS9JNHR4b1dMMWhsWnBP
2026-02-12 10:36:05.479 15070-15111 RepoLink                com.lagradost.cloudstream3           D  Loaded ExtractorLink: ExtractorLink(name=Server 2 (480), url=https://asd.pics/play/?id=aHR0cHM6Ly92aWRhcmEudG8vZS9JNHR4b1dMMWhsWnBP, referer=https://asd.pics/, type=VIDEO)
2026-02-12 10:36:05.479 15070-15111 ArabseedV2              com.lagradost.cloudstream3           D  [loadLinks] Returning visible source: https://asd.pics/play/?id=aHR0cHM6Ly91cDRmdW4udG9wL2VtYmVkLTE0NzVmcHMzejVhNS5odG
2026-02-12 10:36:05.479 15070-15111 RepoLink                com.lagradost.cloudstream3           D  Loaded ExtractorLink: ExtractorLink(name=Server 3 (480), url=https://asd.pics/play/?id=aHR0cHM6Ly91cDRmdW4udG9wL2VtYmVkLTE0NzVmcHMzejVhNS5odG1s, referer=https://asd.pics/, type=VIDEO)
2026-02-12 10:36:05.479 15070-15111 ArabseedV2              com.lagradost.cloudstream3           D  [loadLinks] Returning visible source: https://asd.pics/play/?id=aHR0cHM6Ly92aWRtb2x5Lm5ldC9lbWJlZC1ydWo0aXE0NTk0d3EuaH
2026-02-12 10:36:05.479 15070-15111 RepoLink                com.lagradost.cloudstream3           D  Loaded ExtractorLink: ExtractorLink(name=Server 4 (480), url=https://asd.pics/play/?id=aHR0cHM6Ly92aWRtb2x5Lm5ldC9lbWJlZC1ydWo0aXE0NTk0d3EuaHRtbA, referer=https://asd.pics/, type=VIDEO)
2026-02-12 10:36:05.479 15070-15111 ArabseedV2              com.lagradost.cloudstream3           D  [loadLinks] Returning visible source: https://asd.pics/play/?id=aHR0cHM6Ly9ieXNlemVqYXRhb3MuY29tL2UvNmp1YTE5ZjZ6aHN0
2026-02-12 10:36:05.479 15070-15111 RepoLink                com.lagradost.cloudstream3           D  Loaded ExtractorLink: ExtractorLink(name=Server 5 (480), url=https://asd.pics/play/?id=aHR0cHM6Ly9ieXNlemVqYXRhb3MuY29tL2UvNmp1YTE5ZjZ6aHN0, referer=https://asd.pics/, type=VIDEO)
2026-02-12 10:36:05.479 15070-15111 ArabseedV2              com.lagradost.cloudstream3           D  [loadLinks] END - Returned 16 sources, found=true
2026-02-12 10:36:05.481 15070-15070 CompatChangeReporter    com.lagradost.cloudstream3           D  Compat change id reported: 270674727; UID 10716; state: ENABLED
2026-02-12 10:36:05.483 15070-15070 CS3ExoPlayer            com.lagradost.cloudstream3           I  loadPlayer
2026-02-12 10:36:05.483 15070-15070 CS3ExoPlayer            com.lagradost.cloudstream3           I  releasePlayer
2026-02-12 10:36:05.483 15070-15070 CS3ExoPlayer            com.lagradost.cloudstream3           I  Handle event: PlayerAttachedEvent(player=null, source=Player)
2026-02-12 10:36:05.483 15070-15070 MediaMetadataRetriever  com.lagradost.cloudstream3           V  constructor
2026-02-12 10:36:05.484 15070-15070 CS3ExoPlayer            com.lagradost.cloudstream3           I  loadOnlinePlayer ExtractorLink(name=Server 2 (1080p), url=https://arabseed-lazy.com/?post_id=832389&quality=1080&server=2&csrf_token=92d7db8dfb&base=https://asd.pics, referer=https://asd.pics/, type=VIDEO)
2026-02-12 10:36:05.484 15070-15109 PreviewImgMp4           com.lagradost.cloudstream3           I  Loading with url = https://arabseed-lazy.com/?post_id=832389&quality=1080&server=2&csrf_token=92d7db8dfb&base=https://asd.pics headers = {referer=https://asd.pics/}
2026-02-12 10:36:05.484 15070-15109 MediaHTTPService        com.lagradost.cloudstream3           V  MediaHTTPService(android.media.MediaHTTPService@93acf45): Cookies: null
2026-02-12 10:36:05.484 15070-15109 MediaMetadataRetriever  com.lagradost.cloudstream3           V  setDataSource
2026-02-12 10:36:05.486 15070-15109 MediaHTTPService        com.lagradost.cloudstream3           V  makeHTTPConnection: CookieManager created: java.net.CookieManager@d8f769a
2026-02-12 10:36:05.486 15070-15109 MediaHTTPService        com.lagradost.cloudstream3           V  makeHTTPConnection(android.media.MediaHTTPService@93acf45): cookieHandler: java.net.CookieManager@d8f769a Cookies: null
2026-02-12 10:36:05.490 15070-15070 CS3ExoPlayer            com.lagradost.cloudstream3           I  loadExo
2026-02-12 10:36:05.492 15070-15133 MediaHTTPConnection     com.lagradost.cloudstream3           I  [0] - setReadTimeout and setConnectTimeout with 8000ms
2026-02-12 10:36:05.496 15070-15070 ExoPlayerImpl           com.lagradost.cloudstream3           I  Init c5e6266 [AndroidXMedia3/1.8.0] [dm3q, SM-S918B, samsung, 36]
2026-02-12 10:36:05.499 15070-15070 NextRenderersFactory    com.lagradost.cloudstream3           I  Loaded FfmpegVideoRenderer.
2026-02-12 10:36:05.501 15070-15070 NextRenderersFactory    com.lagradost.cloudstream3           I  Loaded FfmpegAudioRenderer.
2026-02-12 10:36:05.506 15070-15070 CS3ExoPlayer            com.lagradost.cloudstream3           I  Handle event: PlayerAttachedEvent(player=androidx.media3.exoplayer.ExoPlayerImpl@c5e6266, source=Player)
2026-02-12 10:36:05.507 15070-15070 MediaSessionImpl        com.lagradost.cloudstream3           I  Init dde3ef2 [AndroidXMedia3/1.8.0] [dm3q, SM-S918B, samsung, 36]
2026-02-12 10:36:05.508 15070-15575 AudioSystem             com.lagradost.cloudstream3           D  onNewServiceWithAdapter: media.audio_flinger service obtained 0xb400007ab9d65200
2026-02-12 10:36:05.511 15070-15070 MediaSessionCompat      com.lagradost.cloudstream3           I  Couldn't find a unique registered media button receiver in the given context.
2026-02-12 10:36:05.512 15070-15575 AudioSystem             com.lagradost.cloudstream3           D  getService: checking for service media.audio_flinger: 0xb400007b47d5fa80
2026-02-12 10:36:05.521 15070-15070 AudioSystem             com.lagradost.cloudstream3           D  onNewService: media.audio_policy service obtained 0xb400007ab9d796c0
2026-02-12 10:36:05.522 15070-15070 AudioSystem             com.lagradost.cloudstream3           D  getService: checking for service media.audio_policy: 0xb400007ab9d796c0
2026-02-12 10:36:05.532 15070-15070 CS3ExoPlayer            com.lagradost.cloudstream3           I  Handle event: StatusEvent(wasPlaying=IsBuffering, isPlaying=IsBuffering, source=Player)
2026-02-12 10:36:05.534 15070-15070 CS3ExoPlayer            com.lagradost.cloudstream3           I  Handle event: PositionEvent(source=Player, fromMs=0, toMs=0, durationMs=-9223372036854775807)
2026-02-12 10:36:05.535 15070-15070 CS3ExoPlayer            com.lagradost.cloudstream3           I  setActiveSubtitles 0
2026-02-12 10:36:05.535 15070-15070 CS3ExoPlayer            com.lagradost.cloudstream3           I  autoSelectFromSettings = null
2026-02-12 10:36:05.536 15070-15070 BLASTBufferQueue_Java   com.lagradost.cloudstream3           I  update, w= 3088 h= 1440 mName = VRI[MainActivity]@d1efe57 mNativeObject= 0xb400007b47ab3000 sc.mNativeObject= 0xb400007a9f564640 format= -3 caller= android.view.ViewRootImpl.updateBlastSurfaceIfNeeded:3574 android.view.ViewRootImpl.relayoutWindow:11685 android.view.ViewRootImpl.performTraversals:4804 android.view.ViewRootImpl.doTraversal:3924 android.view.ViewRootImpl$TraversalRunnable.run:12903 android.view.Choreographer$CallbackRecord.run:1901
2026-02-12 10:36:05.536 15070-15070 VRI[MainAc...y]@d1efe57 com.lagradost.cloudstream3           I  Relayout returned: old=(0,0,3088,1440) new=(0,0,3088,1440) relayoutAsync=true req=(3088,1440)0 dur=0 res=0x0 s={true 0xb400007ab9b47800} ch=false seqId=0
2026-02-12 10:36:05.536 15070-15070 VRI[MainAc...y]@d1efe57 com.lagradost.cloudstream3           I  updateBoundsLayer: t=android.view.SurfaceControl$Transaction@62d9850 sc=Surface(name=Bounds for - com.lagradost.cloudstream3/com.lagradost.cloudstream3.MainActivity@0)/@0x3b26a49 frame=2225
2026-02-12 10:36:05.537 15070-15070 VRI[MainAc...y]@d1efe57 com.lagradost.cloudstream3           I  registerCallbackForPendingTransactions
2026-02-12 10:36:05.537 15070-15123 VRI[MainAc...y]@d1efe57 com.lagradost.cloudstream3           I  mWNT: t=0xb400007a9ac15e80 mBlastBufferQueue=0xb400007b47ab3000 fn= 2225 HdrRenderState mRenderHdrSdrRatio=1.0 caller= android.view.ViewRootImpl$10.onFrameDraw:6536 android.view.ViewRootImpl$4.onFrameDraw:2489 android.view.ThreadedRenderer$1.onFrameDraw:718
2026-02-12 10:36:05.538 15070-15111 PreviewImgMp4           com.lagradost.cloudstream3           I  Requesting preview for 0.5 but 0 < 3
2026-02-12 10:36:05.539 15070-15070 NotificationManager     com.lagradost.cloudstream3           I  com.lagradost.cloudstream3: notify(2326, null, Notification(channel=7340 shortcut=null contentView=null vibrate=null sound=null defaults=0 flags=ONGOING_EVENT|ONLY_ALERT_ONCE color=0x00000000 category=transport actions=2 vis=PUBLIC semFlags=0x0 semPriority=0 semMissedCount=0)) as user
2026-02-12 10:36:05.539 15070-15070 NotificationManager     com.lagradost.cloudstream3           D  BOOTING pkg =com.lagradost.cloudstream3 mBlockedChannelsForOverflowNoti=[]
2026-02-12 10:36:05.545 15070-15111 PreviewImgMp4           com.lagradost.cloudstream3           I  Requesting preview for 0.5 but 0 < 3
2026-02-12 10:36:05.545 15070-15070 NotificationManager     com.lagradost.cloudstream3           I  com.lagradost.cloudstream3: notify(2326, null, Notification(channel=7340 shortcut=null contentView=null vibrate=null sound=null defaults=0 flags=ONGOING_EVENT|ONLY_ALERT_ONCE color=0x00000000 category=transport actions=2 vis=PUBLIC semFlags=0x0 semPriority=0 semMissedCount=0)) as user
2026-02-12 10:36:05.551 15070-15133 MediaHTTPConnection     com.lagradost.cloudstream3           E
2026-02-12 10:36:05.631 15070-15070 VRI[MainAc...y]@d1efe57 com.lagradost.cloudstream3           I  ViewPostIme pointer 0
2026-02-12 10:36:05.718 15070-15070 VRI[MainAc...y]@d1efe57 com.lagradost.cloudstream3           I  ViewPostIme pointer 1
2026-02-12 10:36:06.539 15070-15115 PreviewImgMp4           com.lagradost.cloudstream3           I  Requesting preview for 0.5 but 0 < 3
2026-02-12 10:36:06.546 15070-15115 PreviewImgMp4           com.lagradost.cloudstream3           I  Requesting preview for 0.5 but 0 < 3
2026-02-12 10:36:06.872 15070-15070 VideoSnifferJS          com.lagradost.cloudstream3           E  Uncaught TypeError: Cannot set properties of null (setting 'innerHTML') [about:blank:56]
2026-02-12 10:36:07.540 15070-15115 PreviewImgMp4           com.lagradost.cloudstream3           I  Requesting preview for 0.5 but 0 < 3
2026-02-12 10:36:07.546 15070-15111 PreviewImgMp4           com.lagradost.cloudstream3           I  Requesting preview for 0.5 but 0 < 3
2026-02-12 10:36:08.541 15070-15111 PreviewImgMp4           com.lagradost.cloudstream3           I  Requesting preview for 0.5 but 0 < 3
2026-02-12 10:36:08.547 15070-15111 PreviewImgMp4           com.lagradost.cloudstream3           I  Requesting preview for 0.5 but 0 < 3
2026-02-12 10:36:08.553 15070-15576 MediaHTTPConnection     com.lagradost.cloudstream3           I  [0] - setReadTimeout and setConnectTimeout with 8000ms
2026-02-12 10:36:08.558 15070-15576 MediaHTTPConnection     com.lagradost.cloudstream3           E
2026-02-12 10:36:08.559 15070-15133 MediaHTTPConnection     com.lagradost.cloudstream3           I  [0] - setReadTimeout and setConnectTimeout with 8000ms
2026-02-12 10:36:08.559 15070-15133 MediaHTTPConnection     com.lagradost.cloudstream3           E
2026-02-12 10:36:08.563 15070-15575 ExoPlayerImplInternal   com.lagradost.cloudstream3           E  Playback error
                                                                                                      UnknownHostException (no network)
2026-02-12 10:36:08.567 15070-15070 CS3ExoPlayer            com.lagradost.cloudstream3           I  Handle event: ErrorEvent(error=androidx.media3.exoplayer.ExoPlaybackException: Source error, source=Player)
2026-02-12 10:36:08.568 15070-15070 CS3ExoPlayer            com.lagradost.cloudstream3           E  playerError: (ExtractorLink(name=Server 2 (1080p), url=https://arabseed-lazy.com/?post_id=832389&quality=1080&server=2&csrf_token=92d7db8dfb&base=https://asd.pics, referer=https://asd.pics/, type=VIDEO), null), type=androidx.media3.exoplayer.ExoPlaybackException, message=Source error, url=https://arabseed-lazy.com/?post_id=832389&quality=1080&server=2&csrf_token=92d7db8dfb&base=https://asd.pics, headers={}, referer=https://asd.pics/, position=0, duration=-9223372036854775807, isPlaying=false
2026-02-12 10:36:08.569 15070-15070 COMPACT                 com.lagradost.cloudstream3           I  showToast = Remote error
                                                                                                    ERROR_CODE_IO_NETWORK_CONNECTION_FAILED (2001)
                                                                                                    Source error
2026-02-12 10:36:08.571 15070-15070 Toast                   com.lagradost.cloudstream3           E  setGravity() shouldn't be called on text toasts, the values won't be used
2026-02-12 10:36:08.571 15070-15070 Toast                   com.lagradost.cloudstream3           I  setView: it's a custom toast
2026-02-12 10:36:08.572 15070-15070 Toast                   com.lagradost.cloudstream3           I  show: caller = com.lagradost.cloudstream3.CommonActivity.showToast:185
2026-02-12 10:36:08.573 15070-15070 Toast                   com.lagradost.cloudstream3           I  show: contextDispId = 0 mCustomDisplayId = -1 focusedDisplayId = 0 isActivityContext = true
2026-02-12 10:36:08.586 15070-15070 CS3ExoPlayer            com.lagradost.cloudstream3           I  loadPlayer
2026-02-12 10:36:08.586 15070-15070 CS3ExoPlayer            com.lagradost.cloudstream3           I  saveData
2026-02-12 10:36:08.587 15070-15070 CS3ExoPlayer            com.lagradost.cloudstream3           I  Handle event: PositionEvent(source=Player, fromMs=0, toMs=0, durationMs=-9223372036854775807)
2026-02-12 10:36:08.587 15070-15070 CS3ExoPlayer            com.lagradost.cloudstream3           I  releasePlayer
2026-02-12 10:36:08.587 15070-15070 CS3ExoPlayer            com.lagradost.cloudstream3           I  Handle event: PositionEvent(source=Player, fromMs=0, toMs=0, durationMs=-9223372036854775807)
2026-02-12 10:36:08.587 15070-15070 ExoPlayerImpl           com.lagradost.cloudstream3           I  Release c5e6266 [AndroidXMedia3/1.8.0] [dm3q, SM-S918B, samsung, 36] [media3.common, media3.ui, media3.exoplayer, media3.decoder, media3.database, media3.session, media3.datasource.okhttp, media3.datasource]
2026-02-12 10:36:08.589 15070-15070 CS3ExoPlayer            com.lagradost.cloudstream3           I  Handle event: PlayerAttachedEvent(player=null, source=Player)
2026-02-12 10:36:08.590 15070-15070 MediaMetadataRetriever  com.lagradost.cloudstream3           V  constructor
2026-02-12 10:36:08.590 15070-15070 CS3ExoPlayer            com.lagradost.cloudstream3           I  loadOnlinePlayer ExtractorLink(name=Server 3 (1080p), url=https://arabseed-lazy.com/?post_id=832389&quality=1080&server=3&csrf_token=92d7db8dfb&base=https://asd.pics, referer=https://asd.pics/, type=VIDEO)
2026-02-12 10:36:08.590 15070-15115 PreviewImgMp4           com.lagradost.cloudstream3           I  Loading with url = https://arabseed-lazy.com/?post_id=832389&quality=1080&server=3&csrf_token=92d7db8dfb&base=https://asd.pics headers = {referer=https://asd.pics/}
2026-02-12 10:36:08.590 15070-15115 MediaHTTPService        com.lagradost.cloudstream3           V  MediaHTTPService(android.media.MediaHTTPService@c9f510c): Cookies: null
2026-02-12 10:36:08.590 15070-15115 MediaMetadataRetriever  com.lagradost.cloudstream3           V  setDataSource
2026-02-12 10:36:08.591 15070-15115 MediaHTTPService        com.lagradost.cloudstream3           V  makeHTTPConnection: CookieHandler (java.net.CookieManager@d8f769a) exists.
2026-02-12 10:36:08.591 15070-15115 MediaHTTPService        com.lagradost.cloudstream3           V  makeHTTPConnection(android.media.MediaHTTPService@c9f510c): cookieHandler: java.net.CookieManager@d8f769a Cookies: null
2026-02-12 10:36:08.591 15070-15070 CS3ExoPlayer            com.lagradost.cloudstream3           I  loadExo
2026-02-12 10:36:08.592 15070-15070 ExoPlayerImpl           com.lagradost.cloudstream3           I  Init 5cf5a55 [AndroidXMedia3/1.8.0] [dm3q, SM-S918B, samsung, 36]
2026-02-12 10:36:08.593 15070-15070 NextRenderersFactory    com.lagradost.cloudstream3           I  Loaded FfmpegVideoRenderer.
2026-02-12 10:36:08.593 15070-15133 MediaHTTPConnection     com.lagradost.cloudstream3           I  [0] - setReadTimeout and setConnectTimeout with 8000ms
2026-02-12 10:36:08.594 15070-15070 NextRenderersFactory    com.lagradost.cloudstream3           I  Loaded FfmpegAudioRenderer.
2026-02-12 10:36:08.594 15070-15133 MediaHTTPConnection     com.lagradost.cloudstream3           E
2026-02-12 10:36:08.596 15070-15070 CS3ExoPlayer            com.lagradost.cloudstream3           I  Handle event: PlayerAttachedEvent(player=androidx.media3.exoplayer.ExoPlayerImpl@5cf5a55, source=Player)
2026-02-12 10:36:08.596 15070-15070 MediaSessionImpl        com.lagradost.cloudstream3           I  Release dde3ef2 [AndroidXMedia3/1.8.0] [dm3q, SM-S918B, samsung, 36] [media3.common, media3.ui, media3.exoplayer, media3.decoder, media3.database, media3.session, media3.datasource.okhttp, media3.datasource]
2026-02-12 10:36:08.600 15070-15070 MediaSessionImpl        com.lagradost.cloudstream3           I  Init 47671f8 [AndroidXMedia3/1.8.0] [dm3q, SM-S918B, samsung, 36]
2026-02-12 10:36:08.604 15070-15070 MediaSessionCompat      com.lagradost.cloudstream3           I  Couldn't find a unique registered media button receiver in the given context.
2026-02-12 10:36:08.616 15070-15070 ExoPlayerImplInternal   com.lagradost.cloudstream3           W  Ignoring messages sent after release.
2026-02-12 10:36:08.620 15070-15070 CS3ExoPlayer            com.lagradost.cloudstream3           I  Handle event: StatusEvent(wasPlaying=IsBuffering, isPlaying=IsBuffering, source=Player)
2026-02-12 10:36:08.624 15070-15070 ToastPresenter          com.lagradost.cloudstream3           V  yOffset = 18
