2026-02-12 10:26:51.147 11134-11176 SV[2253851...nActivity] com.lagradost.cloudstream3           I  aOrMT: VRI[MainActivity]@6e506b9 t = android.view.SurfaceControl$Transaction@6eac16f fN = 30 android.view.SurfaceView.-$$Nest$mapplyOrMergeTransaction:0 android.view.SurfaceView$SurfaceViewPositionUpdateListener.positionChanged:1932 android.graphics.RenderNode$CompositePositionUpdateListener.positionChanged:401
2026-02-12 10:26:51.147 11134-11176 VRI[MainAc...y]@6e506b9 com.lagradost.cloudstream3           I  mWNT: t=0xb400007c06b60480 mBlastBufferQueue=0xb400007b4686f000 fn= 30 HdrRenderState mRenderHdrSdrRatio=1.0 caller= android.view.SurfaceView.applyOrMergeTransaction:1863 android.view.SurfaceView.-$$Nest$mapplyOrMergeTransaction:0 android.view.SurfaceView$SurfaceViewPositionUpdateListener.positionChanged:1932
2026-02-12 10:26:51.147 11134-11176 SurfaceView             com.lagradost.cloudstream3           D  45874751 updateSurfacePosition RenderWorker, frameNr = 30, position = [29, 64, 2990, 1445] surfaceSize = 3088x1440
2026-02-12 10:26:51.147 11134-11176 SV[4587475...nActivity] com.lagradost.cloudstream3           I  uSP: rtp = Rect(29, 64 - 2990, 1445) rtsw = 3088 rtsh = 1440
2026-02-12 10:26:51.147 11134-11176 SV[4587475...nActivity] com.lagradost.cloudstream3           I  onSSPAndSRT: pl = 29 pt = 64 sx = 0.95887303 sy = 0.95902777
2026-02-12 10:26:51.147 11134-11176 SV[4587475...nActivity] com.lagradost.cloudstream3           I  aOrMT: VRI[MainActivity]@6e506b9 t = android.view.SurfaceControl$Transaction@11e9233 fN = 30 android.view.SurfaceView.-$$Nest$mapplyOrMergeTransaction:0 android.view.SurfaceView$SurfaceViewPositionUpdateListener.positionChanged:1932 android.graphics.RenderNode$CompositePositionUpdateListener.positionChanged:401
2026-02-12 10:26:51.147 11134-11176 VRI[MainAc...y]@6e506b9 com.lagradost.cloudstream3           I  mWNT: t=0xb400007a8c72bd00 mBlastBufferQueue=0xb400007b4686f000 fn= 30 HdrRenderState mRenderHdrSdrRatio=1.0 caller= android.view.SurfaceView.applyOrMergeTransaction:1863 android.view.SurfaceView.-$$Nest$mapplyOrMergeTransaction:0 android.view.SurfaceView$SurfaceViewPositionUpdateListener.positionChanged:1932
2026-02-12 10:26:51.157 11134-11176 SurfaceView             com.lagradost.cloudstream3           D  225385104 updateSurfacePosition RenderWorker, frameNr = 31, position = [48, 378, 1392, 1079] surfaceSize = 1440x750
2026-02-12 10:26:51.157 11134-11176 SV[2253851...nActivity] com.lagradost.cloudstream3           I  uSP: rtp = Rect(48, 378 - 1392, 1079) rtsw = 1440 rtsh = 750
2026-02-12 10:26:51.157 11134-11176 SV[2253851...nActivity] com.lagradost.cloudstream3           I  onSSPAndSRT: pl = 48 pt = 378 sx = 0.93333334 sy = 0.9346667
2026-02-12 10:26:51.157 11134-11176 SV[2253851...nActivity] com.lagradost.cloudstream3           I  aOrMT: VRI[MainActivity]@6e506b9 t = android.view.SurfaceControl$Transaction@6eac16f fN = 31 android.view.SurfaceView.-$$Nest$mapplyOrMergeTransaction:0 android.view.SurfaceView$SurfaceViewPositionUpdateListener.positionChanged:1932 android.graphics.RenderNode$CompositePositionUpdateListener.positionChanged:401
2026-02-12 10:26:51.157 11134-11176 VRI[MainAc...y]@6e506b9 com.lagradost.cloudstream3           I  mWNT: t=0xb400007c06b60480 mBlastBufferQueue=0xb400007b4686f000 fn= 31 HdrRenderState mRenderHdrSdrRatio=1.0 caller= android.view.SurfaceView.applyOrMergeTransaction:1863 android.view.SurfaceView.-$$Nest$mapplyOrMergeTransaction:0 android.view.SurfaceView$SurfaceViewPositionUpdateListener.positionChanged:1932
2026-02-12 10:26:51.157 11134-11176 SurfaceView             com.lagradost.cloudstream3           D  45874751 updateSurfacePosition RenderWorker, frameNr = 31, position = [23, 50, 3011, 1444] surfaceSize = 3088x1440
2026-02-12 10:26:51.157 11134-11176 SV[4587475...nActivity] com.lagradost.cloudstream3           I  uSP: rtp = Rect(23, 50 - 3011, 1444) rtsw = 3088 rtsh = 1440
2026-02-12 10:26:51.157 11134-11176 SV[4587475...nActivity] com.lagradost.cloudstream3           I  onSSPAndSRT: pl = 23 pt = 50 sx = 0.96761656 sy = 0.96805555
2026-02-12 10:26:51.157 11134-11176 SV[4587475...nActivity] com.lagradost.cloudstream3           I  aOrMT: VRI[MainActivity]@6e506b9 t = android.view.SurfaceControl$Transaction@11e9233 fN = 31 android.view.SurfaceView.-$$Nest$mapplyOrMergeTransaction:0 android.view.SurfaceView$SurfaceViewPositionUpdateListener.positionChanged:1932 android.graphics.RenderNode$CompositePositionUpdateListener.positionChanged:401
2026-02-12 10:26:51.157 11134-11176 VRI[MainAc...y]@6e506b9 com.lagradost.cloudstream3           I  mWNT: t=0xb400007a8c72bd00 mBlastBufferQueue=0xb400007b4686f000 fn= 31 HdrRenderState mRenderHdrSdrRatio=1.0 caller= android.view.SurfaceView.applyOrMergeTransaction:1863 android.view.SurfaceView.-$$Nest$mapplyOrMergeTransaction:0 android.view.SurfaceView$SurfaceViewPositionUpdateListener.positionChanged:1932
2026-02-12 10:26:51.164 11134-11176 SurfaceView             com.lagradost.cloudstream3           D  225385104 updateSurfacePosition RenderWorker, frameNr = 32, position = [54, 387, 1386, 1082] surfaceSize = 1440x750
2026-02-12 10:26:51.164 11134-11176 SV[2253851...nActivity] com.lagradost.cloudstream3           I  uSP: rtp = Rect(54, 387 - 1386, 1082) rtsw = 1440 rtsh = 750
2026-02-12 10:26:51.164 11134-11176 SV[2253851...nActivity] com.lagradost.cloudstream3           I  onSSPAndSRT: pl = 54 pt = 387 sx = 0.925 sy = 0.9266667
2026-02-12 10:26:51.164 11134-11176 SV[2253851...nActivity] com.lagradost.cloudstream3           I  aOrMT: VRI[MainActivity]@6e506b9 t = android.view.SurfaceControl$Transaction@6eac16f fN = 32 android.view.SurfaceView.-$$Nest$mapplyOrMergeTransaction:0 android.view.SurfaceView$SurfaceViewPositionUpdateListener.positionChanged:1932 android.graphics.RenderNode$CompositePositionUpdateListener.positionChanged:401
2026-02-12 10:26:51.164 11134-11176 VRI[MainAc...y]@6e506b9 com.lagradost.cloudstream3           I  mWNT: t=0xb400007c06b60480 mBlastBufferQueue=0xb400007b4686f000 fn= 32 HdrRenderState mRenderHdrSdrRatio=1.0 caller= android.view.SurfaceView.applyOrMergeTransaction:1863 android.view.SurfaceView.-$$Nest$mapplyOrMergeTransaction:0 android.view.SurfaceView$SurfaceViewPositionUpdateListener.positionChanged:1932
2026-02-12 10:26:51.164 11134-11176 SurfaceView             com.lagradost.cloudstream3           D  45874751 updateSurfacePosition RenderWorker, frameNr = 32, position = [18, 38, 3029, 1443] surfaceSize = 3088x1440
2026-02-12 10:26:51.164 11134-11176 SV[4587475...nActivity] com.lagradost.cloudstream3           I  uSP: rtp = Rect(18, 38 - 3029, 1443) rtsw = 3088 rtsh = 1440
2026-02-12 10:26:51.164 11134-11176 SV[4587475...nActivity] com.lagradost.cloudstream3           I  onSSPAndSRT: pl = 18 pt = 38 sx = 0.97506475 sy = 0.9756944
2026-02-12 10:26:51.164 11134-11176 SV[4587475...nActivity] com.lagradost.cloudstream3           I  aOrMT: VRI[MainActivity]@6e506b9 t = android.view.SurfaceControl$Transaction@11e9233 fN = 32 android.view.SurfaceView.-$$Nest$mapplyOrMergeTransaction:0 android.view.SurfaceView$SurfaceViewPositionUpdateListener.positionChanged:1932 android.graphics.RenderNode$CompositePositionUpdateListener.positionChanged:401
2026-02-12 10:26:51.164 11134-11176 VRI[MainAc...y]@6e506b9 com.lagradost.cloudstream3           I  mWNT: t=0xb400007a8c72bd00 mBlastBufferQueue=0xb400007b4686f000 fn= 32 HdrRenderState mRenderHdrSdrRatio=1.0 caller= android.view.SurfaceView.applyOrMergeTransaction:1863 android.view.SurfaceView.-$$Nest$mapplyOrMergeTransaction:0 android.view.SurfaceView$SurfaceViewPositionUpdateListener.positionChanged:1932
2026-02-12 10:26:51.172 11134-11176 SurfaceView             com.lagradost.cloudstream3           D  225385104 updateSurfacePosition RenderWorker, frameNr = 33, position = [58, 395, 1382, 1084] surfaceSize = 1440x750
2026-02-12 10:26:51.172 11134-11176 SV[2253851...nActivity] com.lagradost.cloudstream3           I  uSP: rtp = Rect(58, 395 - 1382, 1084) rtsw = 1440 rtsh = 750
2026-02-12 10:26:51.172 11134-11176 SV[2253851...nActivity] com.lagradost.cloudstream3           I  onSSPAndSRT: pl = 58 pt = 395 sx = 0.91944444 sy = 0.91866666
2026-02-12 10:26:51.172 11134-11176 SV[2253851...nActivity] com.lagradost.cloudstream3           I  aOrMT: VRI[MainActivity]@6e506b9 t = android.view.SurfaceControl$Transaction@6eac16f fN = 33 android.view.SurfaceView.-$$Nest$mapplyOrMergeTransaction:0 android.view.SurfaceView$SurfaceViewPositionUpdateListener.positionChanged:1932 android.graphics.RenderNode$CompositePositionUpdateListener.positionChanged:401
2026-02-12 10:26:51.172 11134-11176 VRI[MainAc...y]@6e506b9 com.lagradost.cloudstream3           I  mWNT: t=0xb400007c06b60480 mBlastBufferQueue=0xb400007b4686f000 fn= 33 HdrRenderState mRenderHdrSdrRatio=1.0 caller= android.view.SurfaceView.applyOrMergeTransaction:1863 android.view.SurfaceView.-$$Nest$mapplyOrMergeTransaction:0 android.view.SurfaceView$SurfaceViewPositionUpdateListener.positionChanged:1932
2026-02-12 10:26:51.172 11134-11176 SurfaceView             com.lagradost.cloudstream3           D  45874751 updateSurfacePosition RenderWorker, frameNr = 33, position = [13, 27, 3046, 1442] surfaceSize = 3088x1440
2026-02-12 10:26:51.172 11134-11176 SV[4587475...nActivity] com.lagradost.cloudstream3           I  uSP: rtp = Rect(13, 27 - 3046, 1442) rtsw = 3088 rtsh = 1440
2026-02-12 10:26:51.172 11134-11176 SV[4587475...nActivity] com.lagradost.cloudstream3           I  onSSPAndSRT: pl = 13 pt = 27 sx = 0.9821891 sy = 0.9826389
2026-02-12 10:26:51.172 11134-11176 SV[4587475...nActivity] com.lagradost.cloudstream3           I  aOrMT: VRI[MainActivity]@6e506b9 t = android.view.SurfaceControl$Transaction@11e9233 fN = 33 android.view.SurfaceView.-$$Nest$mapplyOrMergeTransaction:0 android.view.SurfaceView$SurfaceViewPositionUpdateListener.positionChanged:1932 android.graphics.RenderNode$CompositePositionUpdateListener.positionChanged:401
2026-02-12 10:26:51.172 11134-11176 VRI[MainAc...y]@6e506b9 com.lagradost.cloudstream3           I  mWNT: t=0xb400007a8c72bd00 mBlastBufferQueue=0xb400007b4686f000 fn= 33 HdrRenderState mRenderHdrSdrRatio=1.0 caller= android.view.SurfaceView.applyOrMergeTransaction:1863 android.view.SurfaceView.-$$Nest$mapplyOrMergeTransaction:0 android.view.SurfaceView$SurfaceViewPositionUpdateListener.positionChanged:1932
2026-02-12 10:26:51.181 11134-11176 SurfaceView             com.lagradost.cloudstream3           D  225385104 updateSurfacePosition RenderWorker, frameNr = 34, position = [63, 403, 1377, 1087] surfaceSize = 1440x750
2026-02-12 10:26:51.181 11134-11176 SV[2253851...nActivity] com.lagradost.cloudstream3           I  uSP: rtp = Rect(63, 403 - 1377, 1087) rtsw = 1440 rtsh = 750
2026-02-12 10:26:51.181 11134-11176 SV[2253851...nActivity] com.lagradost.cloudstream3           I  onSSPAndSRT: pl = 63 pt = 403 sx = 0.9125 sy = 0.912
2026-02-12 10:26:51.181 11134-11176 SV[2253851...nActivity] com.lagradost.cloudstream3           I  aOrMT: VRI[MainActivity]@6e506b9 t = android.view.SurfaceControl$Transaction@6eac16f fN = 34 android.view.SurfaceView.-$$Nest$mapplyOrMergeTransaction:0 android.view.SurfaceView$SurfaceViewPositionUpdateListener.positionChanged:1932 android.graphics.RenderNode$CompositePositionUpdateListener.positionChanged:401
2026-02-12 10:26:51.181 11134-11176 VRI[MainAc...y]@6e506b9 com.lagradost.cloudstream3           I  mWNT: t=0xb400007c06b60480 mBlastBufferQueue=0xb400007b4686f000 fn= 34 HdrRenderState mRenderHdrSdrRatio=1.0 caller= android.view.SurfaceView.applyOrMergeTransaction:1863 android.view.SurfaceView.-$$Nest$mapplyOrMergeTransaction:0 android.view.SurfaceView$SurfaceViewPositionUpdateListener.positionChanged:1932
2026-02-12 10:26:51.181 11134-11176 SurfaceView             com.lagradost.cloudstream3           D  45874751 updateSurfacePosition RenderWorker, frameNr = 34, position = [8, 17, 3061, 1442] surfaceSize = 3088x1440
2026-02-12 10:26:51.181 11134-11176 SV[4587475...nActivity] com.lagradost.cloudstream3           I  uSP: rtp = Rect(8, 17 - 3061, 1442) rtsw = 3088 rtsh = 1440
2026-02-12 10:26:51.181 11134-11176 SV[4587475...nActivity] com.lagradost.cloudstream3           I  onSSPAndSRT: pl = 8 pt = 17 sx = 0.9886658 sy = 0.9895833
2026-02-12 10:26:51.181 11134-11176 SV[4587475...nActivity] com.lagradost.cloudstream3           I  aOrMT: VRI[MainActivity]@6e506b9 t = android.view.SurfaceControl$Transaction@11e9233 fN = 34 android.view.SurfaceView.-$$Nest$mapplyOrMergeTransaction:0 android.view.SurfaceView$SurfaceViewPositionUpdateListener.positionChanged:1932 android.graphics.RenderNode$CompositePositionUpdateListener.positionChanged:401
2026-02-12 10:26:51.181 11134-11176 VRI[MainAc...y]@6e506b9 com.lagradost.cloudstream3           I  mWNT: t=0xb400007a8c72bd00 mBlastBufferQueue=0xb400007b4686f000 fn= 34 HdrRenderState mRenderHdrSdrRatio=1.0 caller= android.view.SurfaceView.applyOrMergeTransaction:1863 android.view.SurfaceView.-$$Nest$mapplyOrMergeTransaction:0 android.view.SurfaceView$SurfaceViewPositionUpdateListener.positionChanged:1932
2026-02-12 10:26:51.189 11134-11176 SurfaceView             com.lagradost.cloudstream3           D  225385104 updateSurfacePosition RenderWorker, frameNr = 35, position = [67, 408, 1373, 1089] surfaceSize = 1440x750
2026-02-12 10:26:51.189 11134-11176 SV[2253851...nActivity] com.lagradost.cloudstream3           I  uSP: rtp = Rect(67, 408 - 1373, 1089) rtsw = 1440 rtsh = 750
2026-02-12 10:26:51.189 11134-11176 SV[2253851...nActivity] com.lagradost.cloudstream3           I  onSSPAndSRT: pl = 67 pt = 408 sx = 0.90694445 sy = 0.908
2026-02-12 10:26:51.189 11134-11176 SV[2253851...nActivity] com.lagradost.cloudstream3           I  aOrMT: VRI[MainActivity]@6e506b9 t = android.view.SurfaceControl$Transaction@6eac16f fN = 35 android.view.SurfaceView.-$$Nest$mapplyOrMergeTransaction:0 android.view.SurfaceView$SurfaceViewPositionUpdateListener.positionChanged:1932 android.graphics.RenderNode$CompositePositionUpdateListener.positionChanged:401
2026-02-12 10:26:51.189 11134-11176 VRI[MainAc...y]@6e506b9 com.lagradost.cloudstream3           I  mWNT: t=0xb400007c06b60480 mBlastBufferQueue=0xb400007b4686f000 fn= 35 HdrRenderState mRenderHdrSdrRatio=1.0 caller= android.view.SurfaceView.applyOrMergeTransaction:1863 android.view.SurfaceView.-$$Nest$mapplyOrMergeTransaction:0 android.view.SurfaceView$SurfaceViewPositionUpdateListener.positionChanged:1932
2026-02-12 10:26:51.189 11134-11176 SurfaceView             com.lagradost.cloudstream3           D  45874751 updateSurfacePosition RenderWorker, frameNr = 35, position = [4, 10, 3073, 1441] surfaceSize = 3088x1440
2026-02-12 10:26:51.189 11134-11176 SV[4587475...nActivity] com.lagradost.cloudstream3           I  uSP: rtp = Rect(4, 10 - 3073, 1441) rtsw = 3088 rtsh = 1440
2026-02-12 10:26:51.189 11134-11176 SV[4587475...nActivity] com.lagradost.cloudstream3           I  onSSPAndSRT: pl = 4 pt = 10 sx = 0.99384713 sy = 0.99375
2026-02-12 10:26:51.189 11134-11176 SV[4587475...nActivity] com.lagradost.cloudstream3           I  aOrMT: VRI[MainActivity]@6e506b9 t = android.view.SurfaceControl$Transaction@11e9233 fN = 35 android.view.SurfaceView.-$$Nest$mapplyOrMergeTransaction:0 android.view.SurfaceView$SurfaceViewPositionUpdateListener.positionChanged:1932 android.graphics.RenderNode$CompositePositionUpdateListener.positionChanged:401
2026-02-12 10:26:51.189 11134-11176 VRI[MainAc...y]@6e506b9 com.lagradost.cloudstream3           I  mWNT: t=0xb400007a8c72bd00 mBlastBufferQueue=0xb400007b4686f000 fn= 35 HdrRenderState mRenderHdrSdrRatio=1.0 caller= android.view.SurfaceView.applyOrMergeTransaction:1863 android.view.SurfaceView.-$$Nest$mapplyOrMergeTransaction:0 android.view.SurfaceView$SurfaceViewPositionUpdateListener.positionChanged:1932
2026-02-12 10:26:51.190 11134-11134 InsetsController        com.lagradost.cloudstream3           I  onStateChanged: host=com.lagradost.cloudstream3/com.lagradost.cloudstream3.MainActivity, from=android.view.ViewRootImpl.onInsetsStateChanged:3026, state=InsetsState: {mDisplayFrame=Rect(0, 0 - 3088, 1440), mDisplayCutout=DisplayCutout{insets=Rect(100, 0 - 0, 0) waterfall=Insets{left=0, top=0, right=0, bottom=0} boundingRect={Bounds=[Rect(0, 684 - 100, 755), Rect(0, 0 - 0, 0), Rect(0, 0 - 0, 0), Rect(0, 0 - 0, 0)]} cutoutPathParserInfo={CutoutPathParserInfo{displayWidth=1440 displayHeight=3088 physicalDisplayWidth=1440 physicalDisplayHeight=3088 density={3.75} cutoutSpec={M 0,0 H -9.466666666666667 V 26.66666666666667‬ H 9.466666666666667 V 0 H 0 Z @dp} rotation={1} scale={1.0} physicalPixelDisplaySizeRatio={1.0}}} sideOverrides={}}, mRoundedCorners=RoundedCorners{[RoundedCorner{position=TopLeft, radius=15, center=Point(15, 15)}, RoundedCorner{position=TopRight, radius=15, center=Point(3073, 15)}, RoundedCorner{position=BottomRight, radius=15, center=Point(3073, 1425)}, RoundedCorner{position=BottomLeft, radius=15, center=Point(15, 1425)}]}  mRoundedCornerFrame=Rect(0, 0 - 3088, 1440), mPrivacyIndicatorBounds=PrivacyIndicatorBounds {static bounds=Rect(2923, 0 - 3088, 113) rotation=1}, mDisplayShape=DisplayShape{ spec=-311912193 displayWidth=1440 displayHeight=3088 physicalPixelDisplaySizeRatio=1.0 rotation=1 offsetX=0 offsetY=0 scale=1.0}, mSources= { InsetsSource: {3 mType=ime mFrame=[0,0][0,0] mVisible=false mFlags= mSideHint=NONE mBoundingRects=null}, InsetsSource: {7 mType=displayCutout mFrame=[0,0][100,1440] mVisible=true mFlags= mSideHint=LEFT mBoundingRects=null}, InsetsSource: {27660001 mType=navigationBars mFrame=[2908,0][3088,1440] mVisible=false mFlags= mSideHint=RIGHT mBoundingRects=null}, InsetsSource: {27660004 mType=systemGestures mFrame=[0,0][0,0] mVisible=true mFlags= mSideHint=NONE mBoundingRects=null}, InsetsSource: {27660005 mType=mandatorySystemGestures mFrame=[2908,0][3088,1440] mVisible=true mFlags= mSideHint=RIGHT mBoundingRects=null}, InsetsSource: {27660006 mType=tappableElement mFrame=[2908,0][3088,1440] mVisible=true mFlags= mSideHint=RIGHT mBoundingRects=null}, InsetsSource: {27660024 mType=systemGestures mFrame=[0,0][0,0] mVisible=true mFlags= mSideHint=NONE mBoundingRects=null}, InsetsSource: {41f30000 mType=statusBars mFrame=[0,0][3088,113] mVisible=false mFlags= mSideHint=TOP mBoundingRects=null}, InsetsSource: {41f30005 mType=mandatorySystemGestures mFrame=[0,0][3088,113] mVisible=true mFlags= mSideHint=TOP mBoundingRects=null}, InsetsSource: {41f30006 mType=tappableElement mFrame=[0,0][3088,113] mVisible=true mFlags= mSideHint=TOP mBoundingRects=null} }
2026-02-12 10:26:51.191 11134-11134 InsetsController        com.lagradost.cloudstream3           I  cancelAnimation: types=statusBars navigationBars, animType=1, host=com.lagradost.cloudstream3/com.lagradost.cloudstream3.MainActivity, from=android.view.InsetsController.cancelExistingControllers:1974 android.view.InsetsController.onControlsChanged:1228 android.view.ViewRootImpl.onActiveControlsChanged:3056
2026-02-12 10:26:51.198 11134-11176 SurfaceView             com.lagradost.cloudstream3           D  225385104 updateSurfacePosition RenderWorker, frameNr = 36, position = [71, 415, 1369, 1092] surfaceSize = 1440x750
2026-02-12 10:26:51.198 11134-11176 SV[2253851...nActivity] com.lagradost.cloudstream3           I  uSP: rtp = Rect(71, 415 - 1369, 1092) rtsw = 1440 rtsh = 750
2026-02-12 10:26:51.198 11134-11176 SV[2253851...nActivity] com.lagradost.cloudstream3           I  onSSPAndSRT: pl = 71 pt = 415 sx = 0.9013889 sy = 0.9026667
2026-02-12 10:26:51.198 11134-11176 SV[2253851...nActivity] com.lagradost.cloudstream3           I  aOrMT: VRI[MainActivity]@6e506b9 t = android.view.SurfaceControl$Transaction@6eac16f fN = 36 android.view.SurfaceView.-$$Nest$mapplyOrMergeTransaction:0 android.view.SurfaceView$SurfaceViewPositionUpdateListener.positionChanged:1932 android.graphics.RenderNode$CompositePositionUpdateListener.positionChanged:401
2026-02-12 10:26:51.198 11134-11176 VRI[MainAc...y]@6e506b9 com.lagradost.cloudstream3           I  mWNT: t=0xb400007c06b60480 mBlastBufferQueue=0xb400007b4686f000 fn= 36 HdrRenderState mRenderHdrSdrRatio=1.0 caller= android.view.SurfaceView.applyOrMergeTransaction:1863 android.view.SurfaceView.-$$Nest$mapplyOrMergeTransaction:0 android.view.SurfaceView$SurfaceViewPositionUpdateListener.positionChanged:1932
2026-02-12 10:26:51.198 11134-11176 SurfaceView             com.lagradost.cloudstream3           D  45874751 updateSurfacePosition RenderWorker, frameNr = 36, position = [0, 1, 3087, 1441] surfaceSize = 3088x1440
2026-02-12 10:26:51.198 11134-11176 SV[4587475...nActivity] com.lagradost.cloudstream3           I  uSP: rtp = Rect(0, 1 - 3087, 1441) rtsw = 3088 rtsh = 1440
2026-02-12 10:26:51.198 11134-11176 SV[4587475...nActivity] com.lagradost.cloudstream3           I  onSSPAndSRT: pl = 0 pt = 1 sx = 0.99967617 sy = 1.0
2026-02-12 10:26:51.198 11134-11176 SV[4587475...nActivity] com.lagradost.cloudstream3           I  aOrMT: VRI[MainActivity]@6e506b9 t = android.view.SurfaceControl$Transaction@11e9233 fN = 36 android.view.SurfaceView.-$$Nest$mapplyOrMergeTransaction:0 android.view.SurfaceView$SurfaceViewPositionUpdateListener.positionChanged:1932 android.graphics.RenderNode$CompositePositionUpdateListener.positionChanged:401
2026-02-12 10:26:51.198 11134-11176 VRI[MainAc...y]@6e506b9 com.lagradost.cloudstream3           I  mWNT: t=0xb400007a8c72bd00 mBlastBufferQueue=0xb400007b4686f000 fn= 36 HdrRenderState mRenderHdrSdrRatio=1.0 caller= android.view.SurfaceView.applyOrMergeTransaction:1863 android.view.SurfaceView.-$$Nest$mapplyOrMergeTransaction:0 android.view.SurfaceView$SurfaceViewPositionUpdateListener.positionChanged:1932
2026-02-12 10:26:51.207 11134-11134 SV[2253851...nActivity] com.lagradost.cloudstream3           I  onWindowVisibilityChanged(8) false android.view.SurfaceView{d6f1a90 V.E...... ........ 0,0-1440,750} of VRI[MainActivity]@6e506b9
2026-02-12 10:26:51.207 11134-11134 SurfaceView             com.lagradost.cloudstream3           I  225385104 Changes: creating=false format=false size=false visible=true alpha=false hint=false left=false top=false z=false attached=true lifecycleStrategy=false
2026-02-12 10:26:51.207 11134-11134 SurfaceView             com.lagradost.cloudstream3           I  225385104 Cur surface: Surface(name=null mNativeObject=-5476376619844136192)/@0x3e8cad
2026-02-12 10:26:51.207 11134-11134 SurfaceComposerClient   com.lagradost.cloudstream3           D  setCornerRadius ## d6f1a90 SurfaceView[com.lagradost.cloudstream3/com.lagradost.cloudstream3.MainActivity]@0#259873 cornerRadius=0.000000
2026-02-12 10:26:51.207 11134-11134 SV[2253851...nActivity] com.lagradost.cloudstream3           I  updateSurface: mVisible = false mSurface.isValid() = true
2026-02-12 10:26:51.207 11134-11134 SV[2253851...nActivity] com.lagradost.cloudstream3           I  updateSurface: mSurfaceCreated = true surfaceChanged = false visibleChanged = true
2026-02-12 10:26:51.207 11134-11134 SurfaceView             com.lagradost.cloudstream3           V  Layout: x=0 y=301 w=1440 h=750, frame=Rect(0, 0 - 1440, 750)
2026-02-12 10:26:51.207 11134-11134 SurfaceView             com.lagradost.cloudstream3           I  225385104 Detaching SV
2026-02-12 10:26:51.207 11134-11134 SurfaceView             com.lagradost.cloudstream3           I  225385104 Changes: creating=false format=false size=false visible=false alpha=false hint=false left=false top=false z=false attached=false lifecycleStrategy=false
2026-02-12 10:26:51.207 11134-11134 SurfaceView             com.lagradost.cloudstream3           I  225385104 Cur surface: Surface(name=null mNativeObject=-5476376619844136192)/@0x3e8cad
2026-02-12 10:26:51.207 11134-11134 SurfaceComposerClient   com.lagradost.cloudstream3           D  setCornerRadius ## d6f1a90 SurfaceView[com.lagradost.cloudstream3/com.lagradost.cloudstream3.MainActivity]@0#259873 cornerRadius=0.000000
2026-02-12 10:26:51.207 11134-11134 SurfaceView             com.lagradost.cloudstream3           I  225385104 surfaceDestroyed
2026-02-12 10:26:51.207 11134-11134 SV[2253851...nActivity] com.lagradost.cloudstream3           I  surfaceDestroyed callback.size 0 #4 android.view.SurfaceView{d6f1a90 V.E...... ........ 0,0-1440,750}
2026-02-12 10:26:51.207 11134-11134 SV[2253851...nActivity] com.lagradost.cloudstream3           I  updateSurface: mVisible = false mSurface.isValid() = true
2026-02-12 10:26:51.208 11134-11134 SV[2253851...nActivity] com.lagradost.cloudstream3           I  releaseSurfaces: viewRoot = VRI[MainActivity]@6e506b9
2026-02-12 10:26:51.208 11134-11134 SurfaceView             com.lagradost.cloudstream3           V  Layout: x=0 y=301 w=1440 h=750, frame=Rect(0, 0 - 1440, 750)
2026-02-12 10:26:51.208 11134-11134 SV[2253851...nActivity] com.lagradost.cloudstream3           I  onDetachedFromWindow: tryReleaseSurfaces()
2026-02-12 10:26:51.208 11134-11134 SV[2253851...nActivity] com.lagradost.cloudstream3           I  releaseSurfaces: viewRoot = VRI[MainActivity]@6e506b9
2026-02-12 10:26:51.213 11134-11134 VRI[MainAc...y]@6e506b9 com.lagradost.cloudstream3           I  registerCallbackForPendingTransactions
2026-02-12 10:26:51.214 11134-11176 SurfaceView             com.lagradost.cloudstream3           D  45874751 updateSurfacePosition RenderWorker, frameNr = 38, position = [0, 0, 3088, 1440] surfaceSize = 3088x1440
2026-02-12 10:26:51.214 11134-11176 SV[4587475...nActivity] com.lagradost.cloudstream3           I  uSP: rtp = Rect(0, 0 - 3088, 1440) rtsw = 3088 rtsh = 1440
2026-02-12 10:26:51.214 11134-11176 SV[4587475...nActivity] com.lagradost.cloudstream3           I  onSSPAndSRT: pl = 0 pt = 0 sx = 1.0 sy = 1.0
2026-02-12 10:26:51.214 11134-11176 SV[4587475...nActivity] com.lagradost.cloudstream3           I  aOrMT: VRI[MainActivity]@6e506b9 t = android.view.SurfaceControl$Transaction@11e9233 fN = 38 android.view.SurfaceView.-$$Nest$mapplyOrMergeTransaction:0 android.view.SurfaceView$SurfaceViewPositionUpdateListener.positionChanged:1932 android.graphics.RenderNode$CompositePositionUpdateListener.positionChanged:401
2026-02-12 10:26:51.214 11134-11176 VRI[MainAc...y]@6e506b9 com.lagradost.cloudstream3           I  mWNT: t=0xb400007a8c72bd00 mBlastBufferQueue=0xb400007b4686f000 fn= 38 HdrRenderState mRenderHdrSdrRatio=1.0 caller= android.view.SurfaceView.applyOrMergeTransaction:1863 android.view.SurfaceView.-$$Nest$mapplyOrMergeTransaction:0 android.view.SurfaceView$SurfaceViewPositionUpdateListener.positionChanged:1932
2026-02-12 10:26:51.214 11134-11176 SurfaceView             com.lagradost.cloudstream3           D  1922013 windowPositionLost, frameNr = 38
2026-02-12 10:26:51.214 11134-11210 VRI[MainAc...y]@6e506b9 com.lagradost.cloudstream3           I  mWNT: t=0xb400007a9d554080 mBlastBufferQueue=0xb400007b4686f000 fn= 38 HdrRenderState mRenderHdrSdrRatio=1.0 caller= android.view.ViewRootImpl$10.onFrameDraw:6536 android.view.ViewRootImpl$4.onFrameDraw:2489 android.view.ThreadedRenderer$1.onFrameDraw:718
2026-02-12 10:26:51.638 11134-11202 RequestQueue            com.lagradost.cloudstream3           I  [executeAsLeader] Leader SUCCESS | domain=asd.pics
2026-02-12 10:26:51.652 11134-11202 ArabseedV2              com.lagradost.cloudstream3           D  [loadLinks] Watch page resolved. Parsing sources...
2026-02-12 10:26:51.672 11134-11202 ArabseedV2              com.lagradost.cloudstream3           D  [loadLinks] Qualities: [1080, 720, 480], Default: 480
2026-02-12 10:26:51.672 11134-11202 ArabseedV2              com.lagradost.cloudstream3           D  [loadLinks] GlobalPostID: N/A, CSRF: FOUND
2026-02-12 10:26:51.672 11134-11202 ArabseedV2              com.lagradost.cloudstream3           D  [collectSources] Starting with 3 qualities, 6 visible servers
2026-02-12 10:26:51.672 11134-11202 ArabseedV2              com.lagradost.cloudstream3           I  [collectSources] Collected 16 sources
2026-02-12 10:26:51.672 11134-11202 ArabseedV2              com.lagradost.cloudstream3           I  [loadLinks] Collected 16 sources. Starting sequential processing...
2026-02-12 10:26:51.672 11134-11202 ArabseedV2              com.lagradost.cloudstream3           I  [resolveSourceUrl] Resolving Lazy URL: https://arabseed-lazy.com/?post_id=832389&quality=1080&server=1&csrf_token=92d7db8dfb&base=https://asd.pics
2026-02-12 10:26:51.673 11134-11202 ProviderSession         com.lagradost.cloudstream3           D  [buildHeaders] Building request headers | domain=asd.pics, cookieCount=9, hasClearance=true, isValid=true, uaHash=1541428330
2026-02-12 10:26:51.673 11134-11202 ProviderSession         com.lagradost.cloudstream3           D  [buildHeaders] Cookie header set | keys=[cf_clearance, dom3ic8zudi28v8lr6fgphwffqoz0j6c, sb_page_6f4f5c3f5bfa5f5651799c658cb3556b, sb_main_6f4f5c3f5bfa5f5651799c658cb3556b, sb_count_6f4f5c3f5bfa5f5651799c658cb3556b, pp_main_6710543788e9f02584f3584d5416d1e3, _ga_D8NNSFR7SN, _ga, pbpr0tpuw4isk85t8yg3jb2lj5vqf]
2026-02-12 10:26:51.673 11134-11202 ProviderHttp            com.lagradost.cloudstream3           D  [executePostRequest] Executing POST request | url=https://asd.pics/get__watch__server/, domain=asd.pics, hasCookie=true
2026-02-12 10:26:51.939 11134-11202 ArabseedV2              com.lagradost.cloudstream3           I  [loadLinks] Processing source 0/16: https://savefiles.com/e/fepgxkbktt8t
2026-02-12 10:26:51.939 11134-11202 ArabseedV2              com.lagradost.cloudstream3           D  [extractVideo] STEP 1: Trying standard extractors...
2026-02-12 10:26:51.939 11134-11202 SavefilesExtractor      com.lagradost.cloudstream3           D  [getUrl] Processing | url=https://savefiles.com/e/fepgxkbktt8t, referer=https://asd.pics/
2026-02-12 10:26:52.492 11134-11202 SavefilesExtractor      com.lagradost.cloudstream3           D  [getUrl] Response received | code=200, length=4830
2026-02-12 10:26:52.492 11134-11202 SavefilesExtractor      com.lagradost.cloudstream3           D  [getUrl] Interstitial detected, preparing POST request
2026-02-12 10:26:52.493 11134-11202 SavefilesExtractor      com.lagradost.cloudstream3           D  [getUrl] Posting to /dl | data={op=embed, file_code=fepgxkbktt8t, auto=1, referer=https://savefiles.com/}
2026-02-12 10:26:52.820 11134-11202 SavefilesExtractor      com.lagradost.cloudstream3           D  [getUrl] POST successful | length=49876
2026-02-12 10:26:52.820 11134-11202 SavefilesExtractor      com.lagradost.cloudstream3           I  [getUrl] Found video URL | url=https://s2.savefiles.com/hls2/01/00278/,fepgxkbktt8t_n,.urlset/master.m3u8?t=vy2
2026-02-12 10:26:52.820 11134-11202 ArabseedV2              com.lagradost.cloudstream3           I  [extractVideo] SUCCESS via standard extractor: https://s2.savefiles.com/hls2/01/00278/,fepgxkbktt8t_n,.urlset/master.m3u8?t=vy2
2026-02-12 10:26:52.820 11134-11202 ArabseedV2              com.lagradost.cloudstream3           I  [loadLinks] SUCCESS for source 0: https://s2.savefiles.com/hls2/01/00278/,fepgxkbktt8t_n,.urlset/master.m3u8?t=vy2
2026-02-12 10:26:52.820 11134-11202 ArabseedV2              com.lagradost.cloudstream3           I  [loadLinks] Video moved to top. List now: 16 items
2026-02-12 10:26:52.820 11134-11202 ArabseedV2              com.lagradost.cloudstream3           D  [resolveSourceUrl] Video already resolved: https://s2.savefiles.com/hls2/01/00278/,fepgxkbktt8t_n,.urlset/master.m3u8?t=vy2
2026-02-12 10:26:52.820 11134-11202 ArabseedV2              com.lagradost.cloudstream3           I  [loadLinks] Processing source 0/16: https://s2.savefiles.com/hls2/01/00278/,fepgxkbktt8t_n,.urlset/master.m3u8?t=vy2aYFcKIS5bjQuPwzGxqMlAo9Gh5fGNw2JxocD7Sjk&s=1770888412&e=43200&v=360328&srv=s1&i=0.0&sp=0
2026-02-12 10:26:52.820 11134-11202 ArabseedV2              com.lagradost.cloudstream3           D  [extractVideo] STEP 1: Trying standard extractors...
2026-02-12 10:26:52.826 11134-11202 SavefilesExtractor      com.lagradost.cloudstream3           D  [getUrl] Processing | url=https://s2.savefiles.com/hls2/01/00278/,fepgxkbktt8t_n,.urls, referer=https://asd.pics/
2026-02-12 10:26:53.193 11134-11202 SavefilesExtractor      com.lagradost.cloudstream3           D  [getUrl] Response received | code=200, length=548
2026-02-12 10:26:53.193 11134-11202 SavefilesExtractor      com.lagradost.cloudstream3           D  [getUrl] Direct regex failed, checking for packed JS
2026-02-12 10:26:53.193 11134-11202 SavefilesExtractor      com.lagradost.cloudstream3           W  [getUrl] No video URL found | responsePreview=#EXTM3U
                                                                                                    #EXT-X-STREAM-INF:PROGRAM-ID=1,BANDWIDTH=1359736,RESOLUTION=1280x720,FRAME-RATE=25.000,CODECS="avc1.64001f,mp4a.40.2"
                                                                                                    https://s2.savefiles.com/hls2/01/00278/fepgxkbktt8t_n/index-v1-a1.m3u8?t=vy2aYFcKIS5bjQuPwzGxqMlAo9Gh5fGNw2JxocD7Sjk&s=1770888412&e=43200&v=360328&srv=s1&i=0.0&sp=0

                                                                                                    #EXT-X-I-FRAME-STREAM-INF:BANDWIDTH=94106,RESOLUTION=1280x720,CODECS="avc1.64001f",URI="https://s2.savefiles.com/hls2/01/00278/fepgxkbktt8t_n/iframes-v1-a1.m3u8?t=vy2aYFcKIS5bjQuPwzGxqMlAo9Gh5fGNw2JxocD7Sjk&s
2026-02-12 10:26:53.895 11134-11134 VRI[MainAc...y]@6e506b9 com.lagradost.cloudstream3           I  call setFrameRateCategory for touch hint category=no preference, reason=boost timeout, vri=VRI[MainActivity]@6e506b9
2026-02-12 10:27:00.822 11134-11202 ArabseedV2              com.lagradost.cloudstream3           W  [extractVideo] STEP 2: Standard extractors failed, trying sniffer...
2026-02-12 10:27:00.822 11134-11202 ArabseedV2              com.lagradost.cloudstream3           I  [awaitSnifferResult] === START === target=https://s2.savefiles.com/hls2/01/00278/,fepgxkbktt8t_n,.urlset/master.m3u8?t=vy2
2026-02-12 10:27:00.823 11134-11202 ArabseedV2              com.lagradost.cloudstream3           D  [awaitSnifferResult] Created deferred, timeout=60000
2026-02-12 10:27:00.823 11134-11202 ArabseedV2              com.lagradost.cloudstream3           I  [awaitSnifferResult] Sniffer URL: sniff://https%3A%2F%2Fs2.savefiles.com%2Fhls2%2F01%2F00278%2F%2Cfepgxkbktt8t_n%2C.urlset%2Fmaster.m3u8%3Ft%3Dvy2aYFcKIS5bjQuPwzGxqMlAo9Gh5fGNw2JxocD7Sjk%26s%3D1770888412%26e%3D43200%26v%3D360328%26srv%3Ds1%26i%3D0.0%26sp%3D0?referer=https%3A%2F%2Fasd.pics%2F
2026-02-12 10:27:00.823 11134-11202 ArabseedV2              com.lagradost.cloudstream3           D  [awaitSnifferResult] Calling loadExtractor...
2026-02-12 10:27:00.823 11134-11202 SnifferExtractor        com.lagradost.cloudstream3           D  getUrl called with url: sniff://https%3A%2F%2Fs2.savefiles.com%2Fhls2%2F01%2F00278%2F%2Cfepgxkbktt8t_n%2C.urlset%2Fmaster.m3u8%3Ft%3Dvy2aYFcKIS5bjQuPwzGxqMlAo9Gh5fGNw2JxocD7Sjk%26s%3D1770888412%26e%3D43200%26v%3D360328%26srv%3Ds1%26i%3D0.0%26sp%3D0?referer=https%3A%2F%2Fasd.pics%2F
2026-02-12 10:27:00.824 11134-11202 SnifferExtractor        com.lagradost.cloudstream3           D  [getUrl] Processing sniffer URL | url=sniff://https%3A%2F%2Fs2.savefiles.com%2Fhls2%2F01%2F00278%2F%2Cfepgxkbktt8t_n%2
2026-02-12 10:27:00.824 11134-11202 SnifferExtractor        com.lagradost.cloudstream3           D  Parsed embed URL: https://s2.savefiles.com/hls2/01/00278/,fepgxkbktt8t_n,.urlset/master.m3u8?t=vy2aYFcKIS5bjQuPwzGxqMlAo9Gh5fGNw2JxocD7Sjk&s=1770888412&e=43200&v=360328&srv=s1&i=0.0&sp=0, referer: https://asd.pics/
2026-02-12 10:27:00.824 11134-11202 SnifferExtractor        com.lagradost.cloudstream3           D  [getUrl] Parsed embed URL | embedUrl=https://s2.savefiles.com/hls2/01/00278/,fepgxkbktt8t_n,.urls, embedReferer=https://asd.pics/
2026-02-12 10:27:00.824 11134-11202 SnifferExtractor        com.lagradost.cloudstream3           D  Using SessionProvider UA: Mozilla/5.0 (Linux; Android 6.0; Nexus 5 Build/MRA...
2026-02-12 10:27:00.824 11134-11202 SnifferExtractor        com.lagradost.cloudstream3           D  [getUrl] Using SessionProvider UA | uaHash=1541428330, hasSession=true
2026-02-12 10:27:00.824 11134-11202 SnifferExtractor        com.lagradost.cloudstream3           I  [getUrl] === STARTING WEBVIEW SNIFF ===
2026-02-12 10:27:00.824 11134-11202 SnifferExtractor        com.lagradost.cloudstream3           I  [getUrl] Target URL: https://s2.savefiles.com/hls2/01/00278/,fepgxkbktt8t_n,.urlset/master.m3u8?t=vy2
2026-02-12 10:27:00.824 11134-11202 SnifferExtractor        com.lagradost.cloudstream3           I  [getUrl] Mode: FULLSCREEN
2026-02-12 10:27:00.824 11134-11202 SnifferExtractor        com.lagradost.cloudstream3           I  [getUrl] Timeout: 60s
2026-02-12 10:27:00.824 11134-11202 SnifferExtractor        com.lagradost.cloudstream3           D  [getUrl] Starting WebViewEngine sniffing (Visible)
2026-02-12 10:27:00.824 11134-11134 ActivityProvider        com.lagradost.cloudstream3           D  currentActivity requested: MainActivity
2026-02-12 10:27:00.825 11134-11134 WebViewEngine           com.lagradost.cloudstream3           D  runSession: Session started, capturedLinks cleared. URL: https://s2.savefiles.com/hls2/01/00278/,fepgxkbktt8t_n,.urlset/master.m3u8?t=vy2aYFcKIS5bjQuPwzGxqMlAo9Gh5fGNw2JxocD7Sjk&s=1770888412&e=43200&v=360328&srv=s1&i=0.0&sp=0
2026-02-12 10:27:00.825 11134-11134 WebViewStrategy         com.lagradost.cloudstream3           D  [runSession] Session started, capturedLinks cleared
2026-02-12 10:27:00.825 11134-11134 WebViewStrategy         com.lagradost.cloudstream3           I  [runSession] === STEP 1: Creating WebView === | url=https://s2.savefiles.com/hls2/01/00278/,fepgxkbktt8t_n,.urlset/master.m3u8?t=vy2
2026-02-12 10:27:00.864 11134-11134 WebViewStrategy         com.lagradost.cloudstream3           I  [runSession] WebView UA | ua=Mozilla/5.0 (Linux; Android 6.0; Nexus 5 Build/MRA58N) AppleWebKit/537.36 (KHTML, like Gecko) Chrome/65.0.3325.181 Mobile Safari/537.36
2026-02-12 10:27:00.864 11134-11134 WebViewStrategy         com.lagradost.cloudstream3           I  [runSession] === STEP 2: Setting up cookies ===
2026-02-12 10:27:00.864 11134-11134 WebViewStrategy         com.lagradost.cloudstream3           I  [runSession] === STEP 3: Setting up mode === | mode=FULLSCREEN
2026-02-12 10:27:00.867 11134-11134 Dialog                  com.lagradost.cloudstream3           I  mIsDeviceDefault = false, mIsSamsungBasicInteraction = false, isMetaDataInActivity = false
2026-02-12 10:27:00.869 11134-11134 DecorView               com.lagradost.cloudstream3           I  setWindowBackground: isPopOver=false color=ff1e1f25 d=android.graphics.drawable.ColorDrawable@d737515
2026-02-12 10:27:00.871 11134-11134 WindowManager           com.lagradost.cloudstream3           I  WindowManagerGlobal#addView, ty=2, view=com.android.internal.policy.DecorView{ee25bb8 V.E...... R.....ID 0,0-0,0}[MainActivity], caller=android.view.WindowManagerImpl.addView:158 android.app.Dialog.show:540 com.cloudstream.shared.webview.WebViewEngine$runSession$2.invokeSuspend:168
2026-02-12 10:27:00.871 11134-11134 ViewRootImpl            com.lagradost.cloudstream3           D  desktopMode is false
2026-02-12 10:27:00.871 11134-11134 ViewRootImpl            com.lagradost.cloudstream3           I  dVRR is disabled
2026-02-12 10:27:00.872 11134-11176 NativeCust...ncyManager com.lagradost.cloudstream3           D  [NativeCFMS] BpCustomFrequencyManager::BpCustomFrequencyManager()
2026-02-12 10:27:00.872 11134-11134 InsetsController        com.lagradost.cloudstream3           D  Setting requestedVisibleTypes to -14 (was -9)
2026-02-12 10:27:00.872 11134-11134 InsetsController        com.lagradost.cloudstream3           I  setRequestedVisibleTypes: visible=false, mask=statusBars captionBar, host=com.lagradost.cloudstream3/com.lagradost.cloudstream3.MainActivity, from=android.view.InsetsController.controlAnimationUnchecked:1604 android.view.InsetsController.applyAnimation:2416 android.view.InsetsController.applyAnimation:2343 android.view.InsetsController.hide:1540 android.view.InsetsController.hide:1450 android.view.ViewRootImpl.controlInsetsForCompatibility:4170 android.view.ViewRootImpl.setView:1970 android.view.WindowManagerGlobal.addView:604 android.view.WindowManagerImpl.addView:158 android.app.Dialog.show:540
2026-02-12 10:27:00.895 11134-11134 InputTransport          com.lagradost.cloudstream3           D  Input channel constructed: 'e796306', fd=159
2026-02-12 10:27:00.896 11134-11134 InsetsController        com.lagradost.cloudstream3           I  onStateChanged: host=com.lagradost.cloudstream3/com.lagradost.cloudstream3.MainActivity, from=android.view.ViewRootImpl.onInsetsStateChanged:3026, state=InsetsState: {mDisplayFrame=Rect(0, 0 - 3088, 1440), mDisplayCutout=DisplayCutout{insets=Rect(100, 0 - 0, 0) waterfall=Insets{left=0, top=0, right=0, bottom=0} boundingRect={Bounds=[Rect(0, 684 - 100, 755), Rect(0, 0 - 0, 0), Rect(0, 0 - 0, 0), Rect(0, 0 - 0, 0)]} cutoutPathParserInfo={CutoutPathParserInfo{displayWidth=1440 displayHeight=3088 physicalDisplayWidth=1440 physicalDisplayHeight=3088 density={3.75} cutoutSpec={M 0,0 H -9.466666666666667 V 26.66666666666667‬ H 9.466666666666667 V 0 H 0 Z @dp} rotation={1} scale={1.0} physicalPixelDisplaySizeRatio={1.0}}} sideOverrides={}}, mRoundedCorners=RoundedCorners{[RoundedCorner{position=TopLeft, radius=15, center=Point(15, 15)}, RoundedCorner{position=TopRight, radius=15, center=Point(3073, 15)}, RoundedCorner{position=BottomRight, radius=15, center=Point(3073, 1425)}, RoundedCorner{position=BottomLeft, radius=15, center=Point(15, 1425)}]}  mRoundedCornerFrame=Rect(0, 0 - 3088, 1440), mPrivacyIndicatorBounds=PrivacyIndicatorBounds {static bounds=Rect(2923, 0 - 3088, 113) rotation=1}, mDisplayShape=DisplayShape{ spec=-311912193 displayWidth=1440 displayHeight=3088 physicalPixelDisplaySizeRatio=1.0 rotation=1 offsetX=0 offsetY=0 scale=1.0}, mSources= { InsetsSource: {3 mType=ime mFrame=[0,0][0,0] mVisible=false mFlags= mSideHint=NONE mBoundingRects=null}, InsetsSource: {7 mType=displayCutout mFrame=[0,0][100,1440] mVisible=true mFlags= mSideHint=LEFT mBoundingRects=null}, InsetsSource: {27660001 mType=navigationBars mFrame=[2908,0][3088,1440] mVisible=false mFlags= mSideHint=RIGHT mBoundingRects=null}, InsetsSource: {27660004 mType=systemGestures mFrame=[0,0][0,0] mVisible=true mFlags= mSideHint=NONE mBoundingRects=null}, InsetsSource: {27660005 mType=mandatorySystemGestures mFrame=[2908,0][3088,1440] mVisible=true mFlags= mSideHint=RIGHT mBoundingRects=null}, InsetsSource: {27660006 mType=tappableElement mFrame=[2908,0][3088,1440] mVisible=true mFlags= mSideHint=RIGHT mBoundingRects=null}, InsetsSource: {27660024 mType=systemGestures mFrame=[0,0][0,0] mVisible=true mFlags= mSideHint=NONE mBoundingRects=null}, InsetsSource: {41f30000 mType=statusBars mFrame=[0,0][3088,113] mVisible=false mFlags= mSideHint=TOP mBoundingRects=null}, InsetsSource: {41f30005 mType=mandatorySystemGestures mFrame=[0,0][3088,113] mVisible=true mFlags= mSideHint=TOP mBoundingRects=null}, InsetsSource: {41f30006 mType=tappableElement mFrame=[0,0][3088,113] mVisible=true mFlags= mSideHint=TOP mBoundingRects=null} }
2026-02-12 10:27:00.896 11134-11134 VRI[MainAc...y]@6a34d91 com.lagradost.cloudstream3           I  synced displayState. AttachInfo displayState=2
2026-02-12 10:27:00.896 11134-11134 VRI[MainAc...y]@6a34d91 com.lagradost.cloudstream3           I  setView = com.android.internal.policy.DecorView@ee25bb8 IsHRR=false mFlingFrameRateChange=0 TM=true
2026-02-12 10:27:00.897 11134-11134 WebViewStrategy         com.lagradost.cloudstream3           D  [runSession] FULLSCREEN mode | url=https://s2.savefiles.com/hls2/01/00278/,fepgxkbktt8t_n,.urlset/master.m3u8?t=vy2
2026-02-12 10:27:00.898 11134-11134 WebViewStrategy         com.lagradost.cloudstream3           I  [runSession] === STEP 6: Loading URL === | url=https://s2.savefiles.com/hls2/01/00278/,fepgxkbktt8t_n,.urlset/master.m3u8?t=vy2
2026-02-12 10:27:00.898 11134-11134 WebViewStrategy         com.lagradost.cloudstream3           I  [runSession] Loading URL with headers | url=https://s2.savefiles.com/hls2/01/00278/,fepgxkbktt8t_n,.urlset/master.m3u8?t=vy2, headers=X-Requested-With
2026-02-12 10:27:00.913 11134-11134 WebViewStrategy         com.lagradost.cloudstream3           I  [runSession] === STEP 7: URL loaded, waiting for callbacks ===
2026-02-12 10:27:00.916 11134-11469 WebViewEngine           com.lagradost.cloudstream3           D  intercept: Request #1 url=https://s2.savefiles.com/hls2/01/00278/,fepgxkbktt8t_n,.urlset/master.m3u8?t=vy2aYFcKIS5bjQuPwzGxqMl
2026-02-12 10:27:00.916 11134-11469 WebViewStrategy         com.lagradost.cloudstream3           D  [intercept] Request #1 | url=https://s2.savefiles.com/hls2/01/00278/,fepgxkbktt8t_n,.urlset/master.m3u8?t=vy2aYFcKIS5bjQuPwzGxqMl, method=GET, isMainFrame=true
2026-02-12 10:27:00.916 11134-11469 WebViewStrategy         com.lagradost.cloudstream3           I  [intercept] VIDEO URL DETECTED! | url=https://s2.savefiles.com/hls2/01/00278/,fepgxkbktt8t_n,.urlset/master.m3u8?t=vy2aYFcKIS5bjQuPwzGxqMl, requestNum=1
2026-02-12 10:27:00.916 11134-11469 WebViewEngine           com.lagradost.cloudstream3           I  [captureLink] LINK CAPTURED #[CapturedLinkData(url=https://s2.savefiles.com/hls2/01/00278/,fepgxkbktt8t_n,.urlset/master.m3u8?t=vy2aYFcKIS5bjQuPwzGxqMlAo9Gh5fGNw2JxocD7Sjk&s=1770888412&e=43200&v=360328&srv=s1&i=0.0&sp=0, qualityLabel=Network, headers={sec-ch-ua="Not(A:Brand";v="8", "Chromium";v="144", "Android WebView";v="144", sec-ch-ua-mobile=?1, Accept=text/html,application/xhtml+xml,application/xml;q=0.9,image/avif,image/webp,image/apng,*/*;q=0.8,application/signed-exchange;v=b3;q=0.7, Upgrade-Insecure-Requests=1, sec-ch-ua-platform="Android", User-Agent=Mozilla/5.0 (Linux; Android 6.0; Nexus 5 Build/MRA58N) AppleWebKit/537.36 (KHTML, like Gecko) Chrome/65.0.3325.181 Mobile Safari/537.36, x-requested-with=})].size | url=https://s2.savefiles.com/hls2/01/00278/,fepgxkbktt8t_n,.urlset/master.m3u8?t=vy2
2026-02-12 10:27:00.916 11134-11469 WebViewStrategy         com.lagradost.cloudstream3           I  [captureLink] LINK CAPTURED SUCCESSFULLY! | url=https://s2.savefiles.com/hls2/01/00278/,fepgxkbktt8t_n,.urlset/master.m3u8?t=vy2aYFcKIS5bjQuPwzGxqMl, quality=Network, totalLinks=1
2026-02-12 10:27:00.916 11134-11469 WebViewEngine           com.lagradost.cloudstream3           I  [captureLink] High confidence link found, suggesting exit.
2026-02-12 10:27:00.922 11134-11134 WebViewEngine           com.lagradost.cloudstream3           D  videoMonitorJob: Started. requiredCount=1
2026-02-12 10:27:00.922 11134-11134 WebViewStrategy         com.lagradost.cloudstream3           D  [runSession] Video monitor started | requiredCount=1
2026-02-12 10:27:00.923 11134-11176 HWUI                    com.lagradost.cloudstream3           D  HWUI - treat SMPTE_170M as sRGB
2026-02-12 10:27:00.945 11134-11134 InsetsController        com.lagradost.cloudstream3           I  onStateChanged: host=com.lagradost.cloudstream3/com.lagradost.cloudstream3.MainActivity, from=android.view.ViewRootImpl.onInsetsStateChanged:3026, state=InsetsState: {mDisplayFrame=Rect(0, 0 - 3088, 1440), mDisplayCutout=DisplayCutout{insets=Rect(100, 0 - 0, 0) waterfall=Insets{left=0, top=0, right=0, bottom=0} boundingRect={Bounds=[Rect(0, 684 - 100, 755), Rect(0, 0 - 0, 0), Rect(0, 0 - 0, 0), Rect(0, 0 - 0, 0)]} cutoutPathParserInfo={CutoutPathParserInfo{displayWidth=1440 displayHeight=3088 physicalDisplayWidth=1440 physicalDisplayHeight=3088 density={3.75} cutoutSpec={M 0,0 H -9.466666666666667 V 26.66666666666667‬ H 9.466666666666667 V 0 H 0 Z @dp} rotation={1} scale={1.0} physicalPixelDisplaySizeRatio={1.0}}} sideOverrides={}}, mRoundedCorners=RoundedCorners{[RoundedCorner{position=TopLeft, radius=15, center=Point(15, 15)}, RoundedCorner{position=TopRight, radius=15, center=Point(3073, 15)}, RoundedCorner{position=BottomRight, radius=15, center=Point(3073, 1425)}, RoundedCorner{position=BottomLeft, radius=15, center=Point(15, 1425)}]}  mRoundedCornerFrame=Rect(0, 0 - 3088, 1440), mPrivacyIndicatorBounds=PrivacyIndicatorBounds {static bounds=Rect(2923, 0 - 3088, 113) rotation=1}, mDisplayShape=DisplayShape{ spec=-311912193 displayWidth=1440 displayHeight=3088 physicalPixelDisplaySizeRatio=1.0 rotation=1 offsetX=0 offsetY=0 scale=1.0}, mSources= { InsetsSource: {3 mType=ime mFrame=[0,0][0,0] mVisible=false mFlags= mSideHint=NONE mBoundingRects=null}, InsetsSource: {7 mType=displayCutout mFrame=[0,0][100,1440] mVisible=true mFlags= mSideHint=LEFT mBoundingRects=null}, InsetsSource: {27660001 mType=navigationBars mFrame=[2908,0][3088,1440] mVisible=true mFlags= mSideHint=RIGHT mBoundingRects=null}, InsetsSource: {27660004 mType=systemGestures mFrame=[0,0][0,0] mVisible=true mFlags= mSideHint=NONE mBoundingRects=null}, InsetsSource: {27660005 mType=mandatorySystemGestures mFrame=[2908,0][3088,1440] mVisible=true mFlags= mSideHint=RIGHT mBoundingRects=null}, InsetsSource: {27660006 mType=tappableElement mFrame=[2908,0][3088,1440] mVisible=true mFlags= mSideHint=RIGHT mBoundingRects=null}, InsetsSource: {27660024 mType=systemGestures mFrame=[0,0][0,0] mVisible=true mFlags= mSideHint=NONE mBoundingRects=null}, InsetsSource: {41f30000 mType=statusBars mFrame=[0,0][3088,113] mVisible=false mFlags= mSideHint=TOP mBoundingRects=null}, InsetsSource: {41f30005 mType=mandatorySystemGestures mFrame=[0,0][3088,113] mVisible=true mFlags= mSideHint=TOP mBoundingRects=null}, InsetsSource: {41f30006 mType=tappableElement mFrame=[0,0][3088,113] mVisible=true mFlags= mSideHint=TOP mBoundingRects=null} }
2026-02-12 10:27:00.945 11134-11134 InsetsSourceConsumer    com.lagradost.cloudstream3           I  applyRequestedVisibilityToControl: visible=false, type=statusBars, host=com.lagradost.cloudstream3/com.lagradost.cloudstream3.MainActivity
