2026-02-10 18:34:48.275 10642-10642 WebViewStrategy         com.lagradost.cloudstream3           I  [onPageFinished] === PAGE FINISHED === | url=https://savefiles.com/dl
2026-02-10 18:34:48.275 10642-10642 WebViewStrategy         com.lagradost.cloudstream3           I  [onPageFinished] === STEP 4: Injecting JavaScript ===
2026-02-10 18:34:48.275 10642-10642 WebViewStrategy         com.lagradost.cloudstream3           I  [onPageFinished] === STEP 5: Starting DOM extraction ===
2026-02-10 18:34:48.275 10642-10642 WebViewStrategy         com.lagradost.cloudstream3           I  [startDomVideoExtraction] === Starting DOM video extraction polling ===
2026-02-10 18:34:48.275 10642-10642 WebViewStrategy         com.lagradost.cloudstream3           W  [onPageFinished] Result already delivered, skipping
2026-02-10 18:34:48.275 10642-10642 WebViewStrategy         com.lagradost.cloudstream3           I  [onPageFinished] JavaScript injection result | result=null
2026-02-10 18:34:48.275 10642-10642 WebViewEngine           com.lagradost.cloudstream3           I  onPageFinished: url=https://savefiles.com/dl
2026-02-10 18:34:48.275 10642-10642 WebViewStrategy         com.lagradost.cloudstream3           I  [onPageFinished] === PAGE FINISHED === | url=https://savefiles.com/dl
2026-02-10 18:34:48.275 10642-10642 WebViewStrategy         com.lagradost.cloudstream3           I  [onPageFinished] === STEP 4: Injecting JavaScript ===
2026-02-10 18:34:48.275 10642-10642 WebViewStrategy         com.lagradost.cloudstream3           I  [onPageFinished] === STEP 5: Starting DOM extraction ===
2026-02-10 18:34:48.275 10642-10642 WebViewStrategy         com.lagradost.cloudstream3           I  [startDomVideoExtraction] === Starting DOM video extraction polling ===
2026-02-10 18:34:48.276 10642-10642 WebViewStrategy         com.lagradost.cloudstream3           W  [onPageFinished] Result already delivered, skipping
2026-02-10 18:34:48.276 10642-10642 WebViewStrategy         com.lagradost.cloudstream3           I  [startDomVideoExtraction] Polling started | maxAttempts=30
2026-02-10 18:34:48.276 10642-10642 WebViewStrategy         com.lagradost.cloudstream3           I  [startDomVideoExtraction] === Polling ended (result delivered) === | totalAttempts=0
2026-02-10 18:34:48.276 10642-10642 WebViewStrategy         com.lagradost.cloudstream3           I  [startDomVideoExtraction] Polling started | maxAttempts=30
2026-02-10 18:34:48.276 10642-10642 WebViewStrategy         com.lagradost.cloudstream3           I  [startDomVideoExtraction] === Polling ended (result delivered) === | totalAttempts=0
2026-02-10 18:34:48.279 10642-10642 WebViewStrategy         com.lagradost.cloudstream3           I  [onPageFinished] JavaScript injection result | result=null
2026-02-10 18:34:48.279 10642-10642 WebViewStrategy         com.lagradost.cloudstream3           I  [onPageFinished] JavaScript injection result | result=null
2026-02-10 18:34:48.306 10642-24192 IsochronousClockModel   com.lagradost.cloudstream3           D  processTimestamp() - STATE_RUNNING - #124, 64381 micros VERY LATE, 1 times
2026-02-10 18:34:48.316 10642-10642 View                    com.lagradost.cloudstream3           I  setRequestedFrameRate frameRate=-4.0, this=android.webkit.WebView{609ad85 VFEDHVC.. .F...... 0,226-2808,1440 aid=1073742089}, caller=android.view.ViewGroup.setRequestedFrameRate:9952 WV.rf.o:1 WV.rg.h:118 WV.rg.onDraw:7 com.android.webview.chromium.WebViewChromium.onDraw:19
2026-02-10 18:34:48.368 10642-11150 WebViewEngine           com.lagradost.cloudstream3           I  SnifferBridge: Sources found! jsonLen=282
2026-02-10 18:34:48.368 10642-11150 WebViewStrategy         com.lagradost.cloudstream3           I  [SnifferBridge] === JS Bridge: Sources found! === | jsonLength=282
2026-02-10 18:34:48.368 10642-11150 WebViewStrategy         com.lagradost.cloudstream3           I  [SnifferBridge] Parsing JS sources | count=2
2026-02-10 18:34:48.368 10642-11150 WebViewStrategy         com.lagradost.cloudstream3           I  [SnifferBridge] Processing source #0 | src=blob:https://savefiles.com/8f8b11ba-2246-4cd3-b5a5-568c3acaf225, type=, label=Video
2026-02-10 18:34:48.368 10642-11150 WebViewStrategy         com.lagradost.cloudstream3           I  [SnifferBridge] Capturing source from JS | url=blob:https://savefiles.com/8f8b11ba-2246-4cd3-b5a5-568c3acaf225, label=Video
2026-02-10 18:34:48.368 10642-11150 WebViewEngine           com.lagradost.cloudstream3           W  [captureLink] Duplicate URL captured (This is expected if page reloads or loops) | url=blob:https://savefiles.com/8f8b11ba-2246-4cd3-b5a5-568c3acaf225
2026-02-10 18:34:48.368 10642-11150 WebViewStrategy         com.lagradost.cloudstream3           I  [SnifferBridge] Processing source #1 | src=https://s3.savefiles.com/hls2/01/00273/,bmzga12wpyk9_n,.urlset/master.m3u8?t=kDw, type=, label=0
2026-02-10 18:34:48.368 10642-11150 WebViewStrategy         com.lagradost.cloudstream3           I  [SnifferBridge] Capturing source from JS | url=https://s3.savefiles.com/hls2/01/00273/,bmzga12wpyk9_n,.urlset/master.m3u8?t=kDwnmXYuc_AyS3fQJziZAO4, label=0
2026-02-10 18:34:48.368 10642-11150 WebViewEngine           com.lagradost.cloudstream3           W  [captureLink] Duplicate URL captured (This is expected if page reloads or loops) | url=https://s3.savefiles.com/hls2/01/00273/,bmzga12wpyk9_n,.urlset/master.m3u8?t=kDw
2026-02-10 18:34:48.370 10642-11150 WebViewEngine           com.lagradost.cloudstream3           I  SnifferBridge: Sources found! jsonLen=282
2026-02-10 18:34:48.370 10642-11150 WebViewStrategy         com.lagradost.cloudstream3           I  [SnifferBridge] === JS Bridge: Sources found! === | jsonLength=282
2026-02-10 18:34:48.370 10642-11150 WebViewStrategy         com.lagradost.cloudstream3           I  [SnifferBridge] Parsing JS sources | count=2
2026-02-10 18:34:48.370 10642-11150 WebViewStrategy         com.lagradost.cloudstream3           I  [SnifferBridge] Processing source #0 | src=blob:https://savefiles.com/8f8b11ba-2246-4cd3-b5a5-568c3acaf225, type=, label=Video
2026-02-10 18:34:48.370 10642-11150 WebViewStrategy         com.lagradost.cloudstream3           I  [SnifferBridge] Capturing source from JS | url=blob:https://savefiles.com/8f8b11ba-2246-4cd3-b5a5-568c3acaf225, label=Video
2026-02-10 18:34:48.370 10642-11150 WebViewEngine           com.lagradost.cloudstream3           W  [captureLink] Duplicate URL captured (This is expected if page reloads or loops) | url=blob:https://savefiles.com/8f8b11ba-2246-4cd3-b5a5-568c3acaf225
2026-02-10 18:34:48.370 10642-11150 WebViewStrategy         com.lagradost.cloudstream3           I  [SnifferBridge] Processing source #1 | src=https://s3.savefiles.com/hls2/01/00273/,bmzga12wpyk9_n,.urlset/master.m3u8?t=kDw, type=, label=0
2026-02-10 18:34:48.370 10642-11150 WebViewStrategy         com.lagradost.cloudstream3           I  [SnifferBridge] Capturing source from JS | url=https://s3.savefiles.com/hls2/01/00273/,bmzga12wpyk9_n,.urlset/master.m3u8?t=kDwnmXYuc_AyS3fQJziZAO4, label=0
2026-02-10 18:34:48.370 10642-11150 WebViewEngine           com.lagradost.cloudstream3           W  [captureLink] Duplicate URL captured (This is expected if page reloads or loops) | url=https://s3.savefiles.com/hls2/01/00273/,bmzga12wpyk9_n,.urlset/master.m3u8?t=kDw
2026-02-10 18:34:48.372 10642-11122 WebViewEngine           com.lagradost.cloudstream3           D  intercept: Request #110 url=https://static.bookmsg.com/creatives/SG/SG_083be47dfc3e28c9a68305b76181a5033bc45790_icon.webp
2026-02-10 18:34:48.372 10642-11122 WebViewStrategy         com.lagradost.cloudstream3           D  [intercept] Request #110 | url=https://static.bookmsg.com/creatives/SG/SG_083be47dfc3e28c9a68305b76181a5033bc45790_icon.webp, method=GET, isMainFrame=false
2026-02-10 18:34:48.373 10642-11123 WebViewEngine           com.lagradost.cloudstream3           D  intercept: Request #112 url=https://mbdippex.com/in/show/?tag_ab=c&site_id=312008159&adblock=0&testab=0&auction_host=&mm=0&yc=0&
2026-02-10 18:34:48.373 10642-11123 WebViewStrategy         com.lagradost.cloudstream3           D  [intercept] Request #112 | url=https://mbdippex.com/in/show/?tag_ab=c&site_id=312008159&adblock=0&testab=0&auction_host=&mm=0&yc=0&, method=GET, isMainFrame=false
2026-02-10 18:34:48.373 10642-11132 WebViewEngine           com.lagradost.cloudstream3           D  intercept: Request #113 url=https://mbdippex.com/in/show/?tag_ab=c&site_id=312008159&adblock=0&testab=0&auction_host=&mm=0&yc=0&
2026-02-10 18:34:48.373 10642-11132 WebViewStrategy         com.lagradost.cloudstream3           D  [intercept] Request #113 | url=https://mbdippex.com/in/show/?tag_ab=c&site_id=312008159&adblock=0&testab=0&auction_host=&mm=0&yc=0&, method=GET, isMainFrame=false
2026-02-10 18:34:48.373 10642-11123 WebViewStrategy         com.lagradost.cloudstream3           D  [isVideoUrl] URL looks like video but pattern not matched | url=https://mbdippex.com/in/show/?tag_ab=c&site_id=312008159&adblock=0&testab=0&auct, checks=m3u8=false, mp4=false, mkv=false
2026-02-10 18:34:48.374 10642-11123 WebViewStrategy         com.lagradost.cloudstream3           W  [intercept] URL rejected | url=https://mbdippex.com/in/show/?tag_ab=c&site_id=312008159&adblock=0&testab=0&auction_host=&mm=0&yc=0&, reason=Failed video pattern check, isBlacklisted=false
2026-02-10 18:34:48.374 10642-11132 WebViewStrategy         com.lagradost.cloudstream3           D  [isVideoUrl] URL looks like video but pattern not matched | url=https://mbdippex.com/in/show/?tag_ab=c&site_id=312008159&adblock=0&testab=0&auct, checks=m3u8=false, mp4=false, mkv=false
2026-02-10 18:34:48.374 10642-11132 WebViewStrategy         com.lagradost.cloudstream3           W  [intercept] URL rejected | url=https://mbdippex.com/in/show/?tag_ab=c&site_id=312008159&adblock=0&testab=0&auction_host=&mm=0&yc=0&, reason=Failed video pattern check, isBlacklisted=false
2026-02-10 18:34:48.399 10642-10642 BLASTBufferQueue_Java   com.lagradost.cloudstream3           I  update, w= 2988 h= 1440 mName = VRI[MainActivity]@3285515 mNativeObject= 0xb400007a98d1d000 sc.mNativeObject= 0xb400007834117640 format= -1 caller= android.view.ViewRootImpl.updateBlastSurfaceIfNeeded:3574 android.view.ViewRootImpl.relayoutWindow:11685 android.view.ViewRootImpl.performTraversals:4804 android.view.ViewRootImpl.doTraversal:3924 android.view.ViewRootImpl$TraversalRunnable.run:12903 android.view.Choreographer$CallbackRecord.run:1901
2026-02-10 18:34:48.399 10642-10642 VRI[MainAc...y]@3285515 com.lagradost.cloudstream3           I  Relayout returned: old=(100,0,3088,1440) new=(100,0,3088,1440) relayoutAsync=true req=(2988,1440)0 dur=0 res=0x0 s={true 0xb400007a9de4ce00} ch=false seqId=0
2026-02-10 18:34:48.399 10642-10642 VRI[MainAc...y]@3285515 com.lagradost.cloudstream3           I  registerCallbackForPendingTransactions
2026-02-10 18:34:48.399 10642-10642 View                    com.lagradost.cloudstream3           I  setRequestedFrameRate frameRate=-4.0, this=android.webkit.WebView{609ad85 VFEDHVC.. .F...... 0,226-2808,1440 aid=1073742089}, caller=android.view.ViewGroup.setRequestedFrameRate:9952 WV.rf.o:1 WV.rg.h:118 WV.rg.onDraw:7 com.android.webview.chromium.WebViewChromium.onDraw:19
2026-02-10 18:34:48.400 10642-10719 VRI[MainAc...y]@3285515 com.lagradost.cloudstream3           I  mWNT: t=0xb400007831353680 mBlastBufferQueue=0xb400007a98d1d000 fn= 280 HdrRenderState mRenderHdrSdrRatio=1.0 caller= android.view.ViewRootImpl$10.onFrameDraw:6536 android.view.ViewRootImpl$4.onFrameDraw:2489 android.view.ThreadedRenderer$1.onFrameDraw:718
2026-02-10 18:34:48.408 10642-24192 IsochronousClockModel   com.lagradost.cloudstream3           D  processTimestamp() - STATE_RUNNING - #125, 64072 micros VERY LATE, 2 times
2026-02-10 18:34:48.411 10642-11123 WebViewStrategy         com.lagradost.cloudstream3           D  [isVideoUrl] URL blacklisted | url=https://asd.pics/favicon.ico
2026-02-10 18:34:48.441 10642-10642 View                    com.lagradost.cloudstream3           I  setRequestedFrameRate frameRate=-4.0, this=android.webkit.WebView{609ad85 VFEDHVC.. .F...... 0,226-2808,1440 aid=1073742089}, caller=android.view.ViewGroup.setRequestedFrameRate:9952 WV.rf.o:1 WV.rg.h:118 WV.rg.onDraw:7 com.android.webview.chromium.WebViewChromium.onDraw:19
2026-02-10 18:34:48.448 10642-19893 MediaHTTPConnection     com.lagradost.cloudstream3           I  [0] - response code = 200
2026-02-10 18:34:48.464 10642-11121 WebViewEngine           com.lagradost.cloudstream3           D  intercept: Request #118 url=https://mbdippex.com/in/show/?tag_ab=c&site_id=312008162&adblock=0&testab=0&auction_host=&mm=0&yc=0&
2026-02-10 18:34:48.464 10642-11121 WebViewStrategy         com.lagradost.cloudstream3           D  [intercept] Request #118 | url=https://mbdippex.com/in/show/?tag_ab=c&site_id=312008162&adblock=0&testab=0&auction_host=&mm=0&yc=0&, method=GET, isMainFrame=false
2026-02-10 18:34:48.464 10642-11123 WebViewEngine           com.lagradost.cloudstream3           D  intercept: Request #119 url=https://mbdippex.com/in/show/?tag_ab=c&site_id=312008162&adblock=0&testab=0&auction_host=&mm=0&yc=0&
2026-02-10 18:34:48.464 10642-11123 WebViewStrategy         com.lagradost.cloudstream3           D  [intercept] Request #119 | url=https://mbdippex.com/in/show/?tag_ab=c&site_id=312008162&adblock=0&testab=0&auction_host=&mm=0&yc=0&, method=GET, isMainFrame=false
2026-02-10 18:34:48.465 10642-11121 WebViewStrategy         com.lagradost.cloudstream3           D  [isVideoUrl] URL looks like video but pattern not matched | url=https://mbdippex.com/in/show/?tag_ab=c&site_id=312008162&adblock=0&testab=0&auct, checks=m3u8=false, mp4=false, mkv=false
2026-02-10 18:34:48.465 10642-11121 WebViewStrategy         com.lagradost.cloudstream3           W  [intercept] URL rejected | url=https://mbdippex.com/in/show/?tag_ab=c&site_id=312008162&adblock=0&testab=0&auction_host=&mm=0&yc=0&, reason=Failed video pattern check, isBlacklisted=false
2026-02-10 18:34:48.465 10642-11123 WebViewStrategy         com.lagradost.cloudstream3           D  [isVideoUrl] URL looks like video but pattern not matched | url=https://mbdippex.com/in/show/?tag_ab=c&site_id=312008162&adblock=0&testab=0&auct, checks=m3u8=false, mp4=false, mkv=false
2026-02-10 18:34:48.465 10642-11123 WebViewStrategy         com.lagradost.cloudstream3           W  [intercept] URL rejected | url=https://mbdippex.com/in/show/?tag_ab=c&site_id=312008162&adblock=0&testab=0&auction_host=&mm=0&yc=0&, reason=Failed video pattern check, isBlacklisted=false
2026-02-10 18:34:48.465 10642-11121 WebViewEngine           com.lagradost.cloudstream3           D  intercept: Request #120 url=https://static.bookmsg.com/creatives/SG/SG_083be47dfc3e28c9a68305b76181a5033bc45790.webp
2026-02-10 18:34:48.465 10642-11121 WebViewStrategy         com.lagradost.cloudstream3           D  [intercept] Request #120 | url=https://static.bookmsg.com/creatives/SG/SG_083be47dfc3e28c9a68305b76181a5033bc45790.webp, method=GET, isMainFrame=false
2026-02-10 18:34:48.482 10642-10642 BLASTBufferQueue_Java   com.lagradost.cloudstream3           I  update, w= 2988 h= 1440 mName = VRI[MainActivity]@3285515 mNativeObject= 0xb400007a98d1d000 sc.mNativeObject= 0xb400007834117640 format= -1 caller= android.view.ViewRootImpl.updateBlastSurfaceIfNeeded:3574 android.view.ViewRootImpl.relayoutWindow:11685 android.view.ViewRootImpl.performTraversals:4804 android.view.ViewRootImpl.doTraversal:3924 android.view.ViewRootImpl$TraversalRunnable.run:12903 android.view.Choreographer$CallbackRecord.run:1901
2026-02-10 18:34:48.482 10642-10642 VRI[MainAc...y]@3285515 com.lagradost.cloudstream3           I  Relayout returned: old=(100,0,3088,1440) new=(100,0,3088,1440) relayoutAsync=true req=(2988,1440)0 dur=0 res=0x0 s={true 0xb400007a9de4ce00} ch=false seqId=0
2026-02-10 18:34:48.482 10642-10642 VRI[MainAc...y]@3285515 com.lagradost.cloudstream3           I  registerCallbackForPendingTransactions
2026-02-10 18:34:48.483 10642-10642 View                    com.lagradost.cloudstream3           I  setRequestedFrameRate frameRate=-4.0, this=android.webkit.WebView{609ad85 VFEDHVC.. .F...... 0,226-2808,1440 aid=1073742089}, caller=android.view.ViewGroup.setRequestedFrameRate:9952 WV.rf.o:1 WV.rg.h:118 WV.rg.onDraw:7 com.android.webview.chromium.WebViewChromium.onDraw:19
2026-02-10 18:34:48.483 10642-10720 VRI[MainAc...y]@3285515 com.lagradost.cloudstream3           I  mWNT: t=0xb400007831353800 mBlastBufferQueue=0xb400007a98d1d000 fn= 282 HdrRenderState mRenderHdrSdrRatio=1.0 caller= android.view.ViewRootImpl$10.onFrameDraw:6536 android.view.ViewRootImpl$4.onFrameDraw:2489 android.view.ThreadedRenderer$1.onFrameDraw:718
2026-02-10 18:34:48.525 10642-10642 View                    com.lagradost.cloudstream3           I  setRequestedFrameRate frameRate=-4.0, this=android.webkit.WebView{609ad85 VFEDHVC.. .F...... 0,226-2808,1440 aid=1073742089}, caller=android.view.ViewGroup.setRequestedFrameRate:9952 WV.rf.o:1 WV.rg.h:118 WV.rg.onDraw:7 com.android.webview.chromium.WebViewChromium.onDraw:19
2026-02-10 18:34:48.567 10642-10642 View                    com.lagradost.cloudstream3           I  setRequestedFrameRate frameRate=-4.0, this=android.webkit.WebView{609ad85 VFEDHVC.. .F...... 0,226-2808,1440 aid=1073742089}, caller=android.view.ViewGroup.setRequestedFrameRate:9952 WV.rf.o:1 WV.rg.h:118 WV.rg.onDraw:7 com.android.webview.chromium.WebViewChromium.onDraw:19
2026-02-10 18:34:48.609 10642-10642 View                    com.lagradost.cloudstream3           I  setRequestedFrameRate frameRate=-4.0, this=android.webkit.WebView{609ad85 VFEDHVC.. .F...... 0,226-2808,1440 aid=1073742089}, caller=android.view.ViewGroup.setRequestedFrameRate:9952 WV.rf.o:1 WV.rg.h:118 WV.rg.onDraw:7 com.android.webview.chromium.WebViewChromium.onDraw:19
2026-02-10 18:34:48.655 10642-10642 BLASTBufferQueue_Java   com.lagradost.cloudstream3           I  update, w= 2988 h= 1440 mName = VRI[MainActivity]@3285515 mNativeObject= 0xb400007a98d1d000 sc.mNativeObject= 0xb400007834117640 format= -1 caller= android.view.ViewRootImpl.updateBlastSurfaceIfNeeded:3574 android.view.ViewRootImpl.relayoutWindow:11685 android.view.ViewRootImpl.performTraversals:4804 android.view.ViewRootImpl.doTraversal:3924 android.view.ViewRootImpl$TraversalRunnable.run:12903 android.view.Choreographer$CallbackRecord.run:1901
2026-02-10 18:34:48.655 10642-10642 VRI[MainAc...y]@3285515 com.lagradost.cloudstream3           I  Relayout returned: old=(100,0,3088,1440) new=(100,0,3088,1440) relayoutAsync=true req=(2988,1440)0 dur=0 res=0x0 s={true 0xb400007a9de4ce00} ch=false seqId=0
2026-02-10 18:34:48.655 10642-10642 VRI[MainAc...y]@3285515 com.lagradost.cloudstream3           I  registerCallbackForPendingTransactions
2026-02-10 18:34:48.655 10642-10642 View                    com.lagradost.cloudstream3           I  setRequestedFrameRate frameRate=-4.0, this=android.webkit.WebView{609ad85 VFEDHVC.. .F...... 0,226-2808,1440 aid=1073742089}, caller=android.view.ViewGroup.setRequestedFrameRate:9952 WV.rf.o:1 WV.rg.h:118 WV.rg.onDraw:7 com.android.webview.chromium.WebViewChromium.onDraw:19
2026-02-10 18:34:48.657 10642-10719 VRI[MainAc...y]@3285515 com.lagradost.cloudstream3           I  mWNT: t=0xb400007831353980 mBlastBufferQueue=0xb400007a98d1d000 fn= 286 HdrRenderState mRenderHdrSdrRatio=1.0 caller= android.view.ViewRootImpl$10.onFrameDraw:6536 android.view.ViewRootImpl$4.onFrameDraw:2489 android.view.ThreadedRenderer$1.onFrameDraw:718
2026-02-10 18:34:48.667 10642-24192 chromium                com.lagradost.cloudstream3           W  [WARNING:services/audio/sync_reader.cc:155] ASR: No room in socket buffer.: Broken pipe (32)
2026-02-10 18:34:48.667 10642-11121 SensorManager           com.lagradost.cloudstream3           D  unregisterListener
2026-02-10 18:34:48.668 10642-11135 AAudio                  com.lagradost.cloudstream3           D  AAudioStream_requestStop(s#3) called
2026-02-10 18:34:48.670 10642-24192 AudioStrea...lay_Client com.lagradost.cloudstream3           D  callbackLoop() exiting, result = 192, isActive() = 1 <<<<<<<<<<<<<<
2026-02-10 18:34:48.671 10642-11133 SensorManager           com.lagradost.cloudstream3           D  unregisterListener
2026-02-10 18:34:48.675 10642-11121 cr_MediaCodecBridge     com.lagradost.cloudstream3           W  Releasing: c2.qti.avc.decoder
2026-02-10 18:34:48.675 10642-24342 libc                    com.lagradost.cloudstream3           W  Access denied finding property "vendor.display.enable_optimal_refresh_rate"
2026-02-10 18:34:48.675 10642-24342 SurfaceUtils            com.lagradost.cloudstream3           D  connecting to surface 0xb400007a9f368710, reason connectToSurface
2026-02-10 18:34:48.675 10642-24342 MediaCodec              com.lagradost.cloudstream3           I  [c2.qti.avc.decoder] setting surface generation to 10897423
2026-02-10 18:34:48.675 10642-24342 SurfaceUtils            com.lagradost.cloudstream3           D  disconnecting from surface 0xb400007a9f368710, reason connectToSurface(reconnect)
2026-02-10 18:34:48.675 10642-24342 SurfaceUtils            com.lagradost.cloudstream3           D  connecting to surface 0xb400007a9f368700, reason connectToSurface(reconnect-with-listener)
2026-02-10 18:34:48.675 10642-24342 Codec2-Out...ufferQueue com.lagradost.cloudstream3           D  remote graphic buffer migration 0/0
2026-02-10 18:34:48.675 10642-24342 Codec2Client            com.lagradost.cloudstream3           D  setOutputSurface -- failed to set consumer usage (6/BAD_INDEX)
2026-02-10 18:34:48.675 10642-24342 Codec2Client            com.lagradost.cloudstream3           D  setOutputSurface -- generation=10897423 consumer usage=0x900
2026-02-10 18:34:48.675 10642-11123 SensorManager           com.lagradost.cloudstream3           D  unregisterListener
2026-02-10 18:34:48.678 10642-24342 Codec2Client            com.lagradost.cloudstream3           D  Surface configure completed
2026-02-10 18:34:48.678 10642-24342 SurfaceUtils            com.lagradost.cloudstream3           D  disconnecting from surface 0xb400007a9f08c210, reason disconnectFromSurface
2026-02-10 18:34:48.679 10642-11135 AAudioStream            com.lagradost.cloudstream3           D  joinThread_l() pthread_join succeeded
2026-02-10 18:34:48.679 10642-11135 IsochronousClockModel   com.lagradost.cloudstream3           D  stop(nanos = 604233279187157) max lateness = 64451 micros, DSP stalled 2 times
2026-02-10 18:34:48.679 10642-11135 AAudioStream            com.lagradost.cloudstream3           D  setState(s#3) from 4 to 9
2026-02-10 18:34:48.679 10642-24342 CCodec                  com.lagradost.cloudstream3           I  [c2.qti.avc.decoder] state->set(RELEASING)
2026-02-10 18:34:48.679 10642-24342 CCodecBufferChannel     com.lagradost.cloudstream3           D  [c2.qti.avc.decoder#937] MediaCodec discarded an unknown buffer
2026-02-10 18:34:48.679 10642-24342 CCodecBufferChannel     com.lagradost.cloudstream3           D  [c2.qti.avc.decoder#937] MediaCodec discarded an unknown buffer
2026-02-10 18:34:48.679 10642-24342 CCodecBufferChannel     com.lagradost.cloudstream3           D  [c2.qti.avc.decoder#937] MediaCodec discarded an unknown buffer
2026-02-10 18:34:48.679 10642-24342 CCodecBufferChannel     com.lagradost.cloudstream3           D  [c2.qti.avc.decoder#937] MediaCodec discarded an unknown buffer
2026-02-10 18:34:48.679 10642-11121 cr_MediaCodecBridge     com.lagradost.cloudstream3           W  Codec released
2026-02-10 18:34:48.680 10642-24364 CCodec                  com.lagradost.cloudstream3           I  [release][3409] surface -> component
2026-02-10 18:34:48.680  2223-5244  AppOps                  system_server                        E  attributionTag  not declared in manifest of com.lagradost.cloudstream3
2026-02-10 18:34:48.680 10642-11140 SensorManager           com.lagradost.cloudstream3           D  unregisterListener
2026-02-10 18:34:48.681  2223-4749  AppOps                  system_server                        E  attributionTag  not declared in manifest of com.lagradost.cloudstream3
2026-02-10 18:34:48.690 10642-10642 BLASTBufferQueue_Java   com.lagradost.cloudstream3           I  update, w= 2988 h= 1440 mName = VRI[MainActivity]@3285515 mNativeObject= 0xb400007a98d1d000 sc.mNativeObject= 0xb400007834117640 format= -1 caller= android.view.ViewRootImpl.updateBlastSurfaceIfNeeded:3574 android.view.ViewRootImpl.relayoutWindow:11685 android.view.ViewRootImpl.performTraversals:4804 android.view.ViewRootImpl.doTraversal:3924 android.view.ViewRootImpl$TraversalRunnable.run:12903 android.view.Choreographer$CallbackRecord.run:1901
2026-02-10 18:34:48.690 10642-10642 VRI[MainAc...y]@3285515 com.lagradost.cloudstream3           I  Relayout returned: old=(100,0,3088,1440) new=(100,0,3088,1440) relayoutAsync=true req=(2988,1440)0 dur=0 res=0x0 s={true 0xb400007a9de4ce00} ch=false seqId=0
2026-02-10 18:34:48.691 10642-10642 VRI[MainAc...y]@3285515 com.lagradost.cloudstream3           I  registerCallbackForPendingTransactions
2026-02-10 18:34:48.691 10642-10642 View                    com.lagradost.cloudstream3           I  setRequestedFrameRate frameRate=-4.0, this=android.webkit.WebView{609ad85 VFEDHVC.. .F...... 0,226-2808,1440 aid=1073742089}, caller=android.view.ViewGroup.setRequestedFrameRate:9952 WV.rf.o:1 WV.rg.h:118 WV.rg.onDraw:7 com.android.webview.chromium.WebViewChromium.onDraw:19
2026-02-10 18:34:48.691 10642-24364 CCodec                  com.lagradost.cloudstream3           I  [c2.qti.avc.decoder] state->set(RELEASED)
2026-02-10 18:34:48.691 10642-24343 Codec2Client            com.lagradost.cloudstream3           I  Component destructing
2026-02-10 18:34:48.691 10642-24343 hw-BpHwBinder           com.lagradost.cloudstream3           I  onLastStrongRef automatically unlinking death recipients
2026-02-10 18:34:48.691 10642-24342 SurfaceUtils            com.lagradost.cloudstream3           D  disconnecting from surface 0xb400007a9f368710, reason disconnectFromSurface
2026-02-10 18:34:48.692 10642-10720 VRI[MainAc...y]@3285515 com.lagradost.cloudstream3           I  mWNT: t=0xb400007831353b00 mBlastBufferQueue=0xb400007a98d1d000 fn= 287 HdrRenderState mRenderHdrSdrRatio=1.0 caller= android.view.ViewRootImpl$10.onFrameDraw:6536 android.view.ViewRootImpl$4.onFrameDraw:2489 android.view.ThreadedRenderer$1.onFrameDraw:718
2026-02-10 18:34:48.692 10642-10642 WebViewEngine           com.lagradost.cloudstream3           I  onPageStarted: url=https://mcpuwpsh.com/popunder/in/click/?ip=5.42.207.9&usage_type=MOB&timezone_ol
2026-02-10 18:34:48.692 10642-10642 WebViewStrategy         com.lagradost.cloudstream3           I  [onPageStarted] === PAGE STARTED === | url=https://mcpuwpsh.com/popunder/in/click/?ip=5.42.207.9&usage_type=MOB&timezone_ol
2026-02-10 18:34:48.692 10642-24342 MediaCodec              com.lagradost.cloudstream3           I  Codec shutdown complete
2026-02-10 18:34:48.694 10642-10679 chromium                com.lagradost.cloudstream3           E  [ERROR:gpu/command_buffer/service/shared_image/shared_image_manager.cc:397] SharedImageManager::ProduceSkia: Trying to Produce a Skia representation from a non-existent mailbox.
2026-02-10 18:34:48.695 10642-24342 CCodecBufferChannel     com.lagradost.cloudstream3           I  CCodecBufferChannel destructing c2.qti.avc.decoder#937
2026-02-10 18:34:48.714 10642-11135 AudioStrea...nal_Client com.lagradost.cloudstream3           D  onEventFromServer - got AAUDIO_SERVICE_EVENT_STOPPED
2026-02-10 18:34:48.714 10642-11135 AAudioStream            com.lagradost.cloudstream3           D  setState(s#3) from 9 to 10
2026-02-10 18:34:48.715 10642-10642 MediaRouter             com.lagradost.cloudstream3           D  onRestoreRoute() : route=RouteInfo{ name=Phone, description=null, status=null, category=RouteCategory{ name=System types=ROUTE_TYPE_LIVE_AUDIO ROUTE_TYPE_LIVE_VIDEO  groupable=false }, supportedTypes=ROUTE_TYPE_LIVE_AUDIO ROUTE_TYPE_LIVE_VIDEO , presentationDisplay=null }
2026-02-10 18:34:48.715 10642-10642 MediaRouter             com.lagradost.cloudstream3           V  Selecting route: RouteInfo{ name=Phone, description=null, status=null, category=RouteCategory{ name=System types=ROUTE_TYPE_LIVE_AUDIO ROUTE_TYPE_LIVE_VIDEO  groupable=false }, supportedTypes=ROUTE_TYPE_LIVE_AUDIO ROUTE_TYPE_LIVE_VIDEO , presentationDisplay=null }
2026-02-10 18:34:48.733 10642-10642 View                    com.lagradost.cloudstream3           I  setRequestedFrameRate frameRate=-4.0, this=android.webkit.WebView{609ad85 VFEDHVC.. .F...... 0,226-2808,1440 aid=1073742089}, caller=android.view.ViewGroup.setRequestedFrameRate:9952 WV.rf.o:1 WV.rg.h:118 WV.rg.onDraw:7 com.android.webview.chromium.WebViewChromium.onDraw:19
2026-02-10 18:34:48.734 10642-10679 chromium                com.lagradost.cloudstream3           E  [ERROR:gpu/command_buffer/service/shared_image/shared_image_manager.cc:397] SharedImageManager::ProduceSkia: Trying to Produce a Skia representation from a non-existent mailbox.
2026-02-10 18:34:48.775 10642-10642 View                    com.lagradost.cloudstream3           I  setRequestedFrameRate frameRate=-4.0, this=android.webkit.WebView{609ad85 VFEDHVC.. .F...... 0,226-2808,1440 aid=1073742089}, caller=android.view.ViewGroup.setRequestedFrameRate:9952 WV.rf.o:1 WV.rg.h:118 WV.rg.onDraw:7 com.android.webview.chromium.WebViewChromium.onDraw:19
2026-02-10 18:34:48.777 10642-10679 chromium                com.lagradost.cloudstream3           E  [ERROR:gpu/command_buffer/service/shared_image/shared_image_manager.cc:397] SharedImageManager::ProduceSkia: Trying to Produce a Skia representation from a non-existent mailbox.
2026-02-10 18:34:48.816 10642-10642 View                    com.lagradost.cloudstream3           I  setRequestedFrameRate frameRate=-4.0, this=android.webkit.WebView{609ad85 VFEDHVC.. .F...... 0,226-2808,1440 aid=1073742089}, caller=android.view.ViewGroup.setRequestedFrameRate:9952 WV.rf.o:1 WV.rg.h:118 WV.rg.onDraw:7 com.android.webview.chromium.WebViewChromium.onDraw:19
2026-02-10 18:34:48.818 10642-10679 chromium                com.lagradost.cloudstream3           E  [ERROR:gpu/command_buffer/service/shared_image/shared_image_manager.cc:397] SharedImageManager::ProduceSkia: Trying to Produce a Skia representation from a non-existent mailbox.
2026-02-10 18:34:48.858 10642-10642 View                    com.lagradost.cloudstream3           I  setRequestedFrameRate frameRate=-4.0, this=android.webkit.WebView{609ad85 VFEDHVC.. .F...... 0,226-2808,1440 aid=1073742089}, caller=android.view.ViewGroup.setRequestedFrameRate:9952 WV.rf.o:1 WV.rg.h:118 WV.rg.onDraw:7 com.android.webview.chromium.WebViewChromium.onDraw:19
2026-02-10 18:34:48.860 10642-10679 chromium                com.lagradost.cloudstream3           E  [ERROR:gpu/command_buffer/service/shared_image/shared_image_manager.cc:397] SharedImageManager::ProduceSkia: Trying to Produce a Skia representation from a non-existent mailbox.
2026-02-10 18:34:48.900 10642-10642 View                    com.lagradost.cloudstream3           I  setRequestedFrameRate frameRate=-4.0, this=android.webkit.WebView{609ad85 VFEDHVC.. .F...... 0,226-2808,1440 aid=1073742089}, caller=android.view.ViewGroup.setRequestedFrameRate:9952 WV.rf.o:1 WV.rg.h:118 WV.rg.onDraw:7 com.android.webview.chromium.WebViewChromium.onDraw:19
2026-02-10 18:34:48.902 10642-10679 chromium                com.lagradost.cloudstream3           E  [ERROR:gpu/command_buffer/service/shared_image/shared_image_manager.cc:397] SharedImageManager::ProduceSkia: Trying to Produce a Skia representation from a non-existent mailbox.
2026-02-10 18:34:48.941 10642-10642 View                    com.lagradost.cloudstream3           I  setRequestedFrameRate frameRate=-4.0, this=android.webkit.WebView{609ad85 VFEDHVC.. .F...... 0,226-2808,1440 aid=1073742089}, caller=android.view.ViewGroup.setRequestedFrameRate:9952 WV.rf.o:1 WV.rg.h:118 WV.rg.onDraw:7 com.android.webview.chromium.WebViewChromium.onDraw:19
2026-02-10 18:34:48.943 10642-10679 chromium                com.lagradost.cloudstream3           E  [ERROR:gpu/command_buffer/service/shared_image/shared_image_manager.cc:397] SharedImageManager::ProduceSkia: Trying to Produce a Skia representation from a non-existent mailbox.
2026-02-10 18:34:48.983 10642-10642 View                    com.lagradost.cloudstream3           I  setRequestedFrameRate frameRate=-4.0, this=android.webkit.WebView{609ad85 VFEDHVC.. .F...... 0,226-2808,1440 aid=1073742089}, caller=android.view.ViewGroup.setRequestedFrameRate:9952 WV.rf.o:1 WV.rg.h:118 WV.rg.onDraw:7 com.android.webview.chromium.WebViewChromium.onDraw:19
2026-02-10 18:34:48.986 10642-10679 chromium                com.lagradost.cloudstream3           E  [ERROR:gpu/command_buffer/service/shared_image/shared_image_manager.cc:397] SharedImageManager::ProduceSkia: Trying to Produce a Skia representation from a non-existent mailbox.
2026-02-10 18:34:49.024 10642-10642 View                    com.lagradost.cloudstream3           I  setRequestedFrameRate frameRate=-4.0, this=android.webkit.WebView{609ad85 VFEDHVC.. .F...... 0,226-2808,1440 aid=1073742089}, caller=android.view.ViewGroup.setRequestedFrameRate:9952 WV.rf.o:1 WV.rg.h:118 WV.rg.onDraw:7 com.android.webview.chromium.WebViewChromium.onDraw:19
2026-02-10 18:34:49.026 10642-10679 chromium                com.lagradost.cloudstream3           E  [ERROR:gpu/command_buffer/service/shared_image/shared_image_manager.cc:397] SharedImageManager::ProduceSkia: Trying to Produce a Skia representation from a non-existent mailbox.
2026-02-10 18:34:49.113 10642-10642 WebViewEngine           com.lagradost.cloudstream3           I  onPageFinished: url=https://mcpuwpsh.com/popunder/in/click/?ip=5.42.207.9&usage_type=MOB&timezone_ol
2026-02-10 18:34:49.113 10642-10642 WebViewStrategy         com.lagradost.cloudstream3           I  [onPageFinished] === PAGE FINISHED === | url=https://mcpuwpsh.com/popunder/in/click/?ip=5.42.207.9&usage_type=MOB&timezone_ol
2026-02-10 18:34:49.113 10642-10642 WebViewStrategy         com.lagradost.cloudstream3           I  [onPageFinished] === STEP 4: Injecting JavaScript ===
2026-02-10 18:34:49.113 10642-10642 WebViewStrategy         com.lagradost.cloudstream3           I  [onPageFinished] === STEP 5: Starting DOM extraction ===
2026-02-10 18:34:49.113 10642-10642 WebViewStrategy         com.lagradost.cloudstream3           I  [startDomVideoExtraction] === Starting DOM video extraction polling ===
2026-02-10 18:34:49.113 10642-10642 WebViewStrategy         com.lagradost.cloudstream3           W  [onPageFinished] Result already delivered, skipping
2026-02-10 18:34:49.113 10642-10642 WebViewStrategy         com.lagradost.cloudstream3           I  [startDomVideoExtraction] Polling started | maxAttempts=30
2026-02-10 18:34:49.113 10642-10642 WebViewStrategy         com.lagradost.cloudstream3           I  [startDomVideoExtraction] === Polling ended (result delivered) === | totalAttempts=0
2026-02-10 18:34:49.114 10642-11121 WebViewStrategy         com.lagradost.cloudstream3           D  [isVideoUrl] URL blacklisted | url=https://mcpuwpsh.com/favicon.ico
2026-02-10 18:34:49.115 10642-10642 View                    com.lagradost.cloudstream3           I  setRequestedFrameRate frameRate=-4.0, this=android.webkit.WebView{609ad85 VFEDHVC.. .F...... 0,226-2808,1440 aid=1073742089}, caller=android.view.ViewGroup.setRequestedFrameRate:9952 WV.rf.o:1 WV.rg.h:118 WV.rg.onDraw:7 com.android.webview.chromium.WebViewChromium.onDraw:19
2026-02-10 18:34:49.116 10642-10642 WebViewStrategy         com.lagradost.cloudstream3           I  [onPageFinished] JavaScript injection result | result=null
2026-02-10 18:34:49.117 10642-10679 chromium                com.lagradost.cloudstream3           E  [ERROR:gpu/command_buffer/service/shared_image/shared_image_manager.cc:397] SharedImageManager::ProduceSkia: Trying to Produce a Skia representation from a non-existent mailbox.
2026-02-10 18:34:49.120 10642-10642 WindowManager           com.lagradost.cloudstream3           I  WindowManagerGlobal#removeView, ty=2, view=com.android.internal.policy.DecorView{3a87ecc V.E...... R....... 0,0-2988,1440 aid=1073742088}[MainActivity], caller=android.view.WindowManagerGlobal.removeView:654 android.view.WindowManagerImpl.removeViewImmediate:216 android.app.Dialog.dismissDialog:850
2026-02-10 18:34:49.121 10642-10642 WindowOnBackDispatcher  com.lagradost.cloudstream3           W  sendCancelIfRunning: isInProgress=false callback=android.app.Dialog$$ExternalSyntheticLambda4@65000f7
2026-02-10 18:34:49.135 10642-11608 BufferQueueProducer     com.lagradost.cloudstream3           E  [d1943f8 SurfaceView[com.lagradost.cloudstream3/com.lagradost.cloudstream3.MainActivity]@0#27(BLAST Consumer)27](id:299200000025,api:3,p:10642,c:10642) dequeueBuffer: waitForFreeSlotThenRelock: timeout. dequeuedCount: 18, acquiredCount: 3, mDequeueTimeout: 0
2026-02-10 18:34:49.139 10642-10642 VRI[MainAc...y]@3285515 com.lagradost.cloudstream3           I  dispatchDetachedFromWindow
2026-02-10 18:34:49.144 10642-10642 InputTransport          com.lagradost.cloudstream3           D  Input channel destroyed: '513ab66', fd=195
2026-02-10 18:34:49.144 10642-10642 WindowOnBackDispatcher  com.lagradost.cloudstream3           D  onBackInvoked, callback=android.app.Dialog$$ExternalSyntheticLambda4@65000f7
2026-02-10 18:34:49.150 10642-23024 MediaHTTPConnection     com.lagradost.cloudstream3           I  [1949864] - setReadTimeout and setConnectTimeout with 8000ms
2026-02-10 18:34:49.160 10642-10642 InsetsSourceConsumer    com.lagradost.cloudstream3           I  applyRequestedVisibilityToControl: visible=false, type=statusBars, host=com.lagradost.cloudstream3/com.lagradost.cloudstream3.MainActivity
2026-02-10 18:34:49.161 10642-10642 InsetsController        com.lagradost.cloudstream3           I  controlAnimationUncheckedInner: Added types=navigationBars, animType=1, host=com.lagradost.cloudstream3/com.lagradost.cloudstream3.MainActivity, from=android.view.InsetsController.controlAnimationUnchecked:1608 android.view.InsetsController.applyAnimation:2416 android.view.InsetsController.applyAnimation:2343
2026-02-10 18:34:49.166 10642-10642 InsetsController        com.lagradost.cloudstream3           I  onStateChanged: host=com.lagradost.cloudstream3/com.lagradost.cloudstream3.MainActivity, from=android.view.ViewRootImpl.onInsetsStateChanged:3026, state=InsetsState: {mDisplayFrame=Rect(0, 0 - 3088, 1440), mDisplayCutout=DisplayCutout{insets=Rect(100, 0 - 0, 0) waterfall=Insets{left=0, top=0, right=0, bottom=0} boundingRect={Bounds=[Rect(0, 684 - 100, 755), Rect(0, 0 - 0, 0), Rect(0, 0 - 0, 0), Rect(0, 0 - 0, 0)]} cutoutPathParserInfo={CutoutPathParserInfo{displayWidth=1440 displayHeight=3088 physicalDisplayWidth=1440 physicalDisplayHeight=3088 density={3.75} cutoutSpec={M 0,0 H -9.466666666666667 V 26.66666666666667‬ H 9.466666666666667 V 0 H 0 Z @dp} rotation={1} scale={1.0} physicalPixelDisplaySizeRatio={1.0}}} sideOverrides={}}, mRoundedCorners=RoundedCorners{[RoundedCorner{position=TopLeft, radius=15, center=Point(15, 15)}, RoundedCorner{position=TopRight, radius=15, center=Point(3073, 15)}, RoundedCorner{position=BottomRight, radius=15, center=Point(3073, 1425)}, RoundedCorner{position=BottomLeft, radius=15, center=Point(15, 1425)}]}  mRoundedCornerFrame=Rect(0, 0 - 3088, 1440), mPrivacyIndicatorBounds=PrivacyIndicatorBounds {static bounds=Rect(2923, 0 - 3088, 113) rotation=1}, mDisplayShape=DisplayShape{ spec=-311912193 displayWidth=1440 displayHeight=3088 physicalPixelDisplaySizeRatio=1.0 rotation=1 offsetX=0 offsetY=0 scale=1.0}, mSources= { InsetsSource: {3 mType=ime mFrame=[0,0][0,0] mVisible=false mFlags= mSideHint=NONE mBoundingRects=null}, InsetsSource: {7 mType=displayCutout mFrame=[0,0][100,1440] mVisible=true mFlags= mSideHint=LEFT mBoundingRects=null}, InsetsSource: {27660001 mType=navigationBars mFrame=[2908,0][3088,1440] mVisible=false mFlags= mSideHint=RIGHT mBoundingRects=null}, InsetsSource: {27660004 mType=systemGestures mFrame=[0,0][0,0] mVisible=true mFlags= mSideHint=NONE mBoundingRects=null}, InsetsSource: {27660005 mType=mandatorySystemGestures mFrame=[2908,0][3088,1440] mVisible=true mFlags= mSideHint=RIGHT mBoundingRects=null}, InsetsSource: {27660006 mType=tappableElement mFrame=[2908,0][3088,1440] mVisible=true mFlags= mSideHint=RIGHT mBoundingRects=null}, InsetsSource: {27660024 mType=systemGestures mFrame=[0,0][0,0] mVisible=true mFlags= mSideHint=NONE mBoundingRects=null}, InsetsSource: {41f30000 mType=statusBars mFrame=[0,0][3088,113] mVisible=false mFlags= mSideHint=TOP mBoundingRects=null}, InsetsSource: {41f30005 mType=mandatorySystemGestures mFrame=[0,0][3088,113] mVisible=true mFlags= mSideHint=TOP mBoundingRects=null}, InsetsSource: {41f30006 mType=tappableElement mFrame=[0,0][3088,113] mVisible=true mFlags= mSideHint=TOP mBoundingRects=null} }
2026-02-10 18:34:49.166 10642-10642 VRI[MainAc...y]@bb02080 com.lagradost.cloudstream3           I  handleResized, frames=ClientWindowFrames{frame=[0,0][3088,1440] display=[0,0][3088,1440] parentFrame=[0,0][0,0]} displayId=0 dragResizing=false compatScale=1.0 frameChanged=false attachedFrameChanged=false configChanged=false displayChanged=false compatScaleChanged=false dragResizingChanged=false
2026-02-10 18:34:49.166 10642-10642 VRI[MainAc...y]@bb02080 com.lagradost.cloudstream3           D  mThreadedRenderer.initializeIfNeeded()#2 mSurface={isValid=true 0xb400007a9de20000}
2026-02-10 18:34:49.167 10642-10642 InputMethodManagerUtils com.lagradost.cloudstream3           D  startInputInner - Id : 0
2026-02-10 18:34:49.167 10642-10642 InputMethodManager      com.lagradost.cloudstream3           I  startInputInner - IInputMethodManagerGlobalInvoker.startInputOrWindowGainedFocus
2026-02-10 18:34:49.169 10642-19893 InputTransport          com.lagradost.cloudstream3           D  Input channel constructed: 'ClientS', fd=342
2026-02-10 18:34:49.273 10642-11608 BufferQueueProducer     com.lagradost.cloudstream3           E  [d1943f8 SurfaceView[com.lagradost.cloudstream3/com.lagradost.cloudstream3.MainActivity]@0#27(BLAST Consumer)27](id:299200000025,api:3,p:10642,c:10642) dequeueBuffer: waitForFreeSlotThenRelock: timeout. dequeuedCount: 18, acquiredCount: 3, mDequeueTimeout: 0
2026-02-10 18:34:49.478 10642-11121 WebViewEngine           com.lagradost.cloudstream3           D  intercept: Request #128 url=http://mcpuwpsh.com/popunder/in/bad_click/?ip=5.42.207.9&usage_type=MOB&timezone_olson=Europe%2FBerl
2026-02-10 18:34:49.478 10642-11121 WebViewStrategy         com.lagradost.cloudstream3           D  [intercept] Request #128 | url=http://mcpuwpsh.com/popunder/in/bad_click/?ip=5.42.207.9&usage_type=MOB&timezone_olson=Europe%2FBerl, method=POST, isMainFrame=false
2026-02-10 18:34:49.479 10642-11121 WebViewStrategy         com.lagradost.cloudstream3           D  [isVideoUrl] URL looks like video but pattern not matched | url=http://mcpuwpsh.com/popunder/in/bad_click/?ip=5.42.207.9&usage_type=MOB&timezone, checks=m3u8=false, mp4=false, mkv=false
2026-02-10 18:34:49.479 10642-11121 WebViewStrategy         com.lagradost.cloudstream3           W  [intercept] URL rejected | url=http://mcpuwpsh.com/popunder/in/bad_click/?ip=5.42.207.9&usage_type=MOB&timezone_olson=Europe%2FBerl, reason=Failed video pattern check, isBlacklisted=false
2026-02-10 18:34:49.480 10642-10642 WebViewStrategy         com.lagradost.cloudstream3           D  [shouldOverrideUrlLoading] Redirect | url=https://popdemission.com/in/849/?source=1850224654&site_id=22&utm1=&utm2=&utm3=&
2026-02-10 18:34:49.507 10642-10642 InsetsController        com.lagradost.cloudstream3           I  cancelAnimation: types=navigationBars, animType=1, host=com.lagradost.cloudstream3/com.lagradost.cloudstream3.MainActivity, from=android.view.InsetsController.notifyFinished:2006 android.view.InsetsAnimationThreadControlRunner$1.lambda$notifyFinished$0:82 android.view.InsetsAnimationThreadControlRunner$1.$r8$lambda$cDFF0h4Ncq-8EXdGszv69jrUu7c:0
2026-02-10 18:34:49.552 10642-23024 MediaHTTPConnection     com.lagradost.cloudstream3           I  [1949864] - response code = 206
2026-02-10 18:34:49.607 10642-11608 BufferQueueProducer     com.lagradost.cloudstream3           E  [d1943f8 SurfaceView[com.lagradost.cloudstream3/com.lagradost.cloudstream3.MainActivity]@0#27(BLAST Consumer)27](id:299200000025,api:3,p:10642,c:10642) dequeueBuffer: waitForFreeSlotThenRelock: timeout. dequeuedCount: 18, acquiredCount: 3, mDequeueTimeout: 0
2026-02-10 18:34:49.734 10642-11608 BufferQueueProducer     com.lagradost.cloudstream3           E  [d1943f8 SurfaceView[com.lagradost.cloudstream3/com.lagradost.cloudstream3.MainActivity]@0#27(BLAST Consumer)27](id:299200000025,api:3,p:10642,c:10642) dequeueBuffer: waitForFreeSlotThenRelock: timeout. dequeuedCount: 18, acquiredCount: 3, mDequeueTimeout: 0
2026-02-10 18:34:49.853 10642-10642 WebViewStrategy         com.lagradost.cloudstream3           D  [shouldOverrideUrlLoading] Redirect | url=https://affidavitheadfirstonward.com/2081554?c1=
2026-02-10 18:34:49.874 10642-10705 MediaMetadataRetriever  com.lagradost.cloudstream3           V  setDataSource return(0)
2026-02-10 18:34:49.874 10642-10705 MediaMetadataRetriever  com.lagradost.cloudstream3           V  getFrameAtTime: time(0 us) option(2) colorFormat(1) metaOnly(0)
2026-02-10 18:34:49.944 10642-23024 MediaHTTPConnection     com.lagradost.cloudstream3           I  [0] - setReadTimeout and setConnectTimeout with 8000ms
2026-02-10 18:34:49.977 10642-11608 BufferQueueProducer     com.lagradost.cloudstream3           E  [d1943f8 SurfaceView[com.lagradost.cloudstream3/com.lagradost.cloudstream3.MainActivity]@0#27(BLAST Consumer)27](id:299200000025,api:3,p:10642,c:10642) dequeueBuffer: waitForFreeSlotThenRelock: timeout. dequeuedCount: 18, acquiredCount: 3, mDequeueTimeout: 0
2026-02-10 18:34:50.056 10642-23024 MediaHTTPConnection     com.lagradost.cloudstream3           I  [0] - response code = 200
2026-02-10 18:34:50.159 10642-10642 WebViewEngine           com.lagradost.cloudstream3           I  onPageStarted: url=https://affidavitheadfirstonward.com/2081554?c1=
2026-02-10 18:34:50.159 10642-10642 WebViewStrategy         com.lagradost.cloudstream3           I  [onPageStarted] === PAGE STARTED === | url=https://affidavitheadfirstonward.com/2081554?c1=
2026-02-10 18:34:50.163 10642-11122 WebViewEngine           com.lagradost.cloudstream3           D  intercept: Request #130 url=https://affidavitheadfirstonward.com/submit.min.js
2026-02-10 18:34:50.163 10642-11122 WebViewStrategy         com.lagradost.cloudstream3           D  [intercept] Request #130 | url=https://affidavitheadfirstonward.com/submit.min.js, method=GET, isMainFrame=false
2026-02-10 18:34:50.164 10642-10705 PreviewImgM3u8          com.lagradost.cloudstream3           I  Generating preview for 133
2026-02-10 18:34:50.164 10642-10705 MediaHTTPService        com.lagradost.cloudstream3           V  MediaHTTPService(android.media.MediaHTTPService@5964c54): Cookies: null
2026-02-10 18:34:50.164 10642-10705 MediaMetadataRetriever  com.lagradost.cloudstream3           V  setDataSource
2026-02-10 18:34:50.164 10642-10705 MediaHTTPService        com.lagradost.cloudstream3           V  makeHTTPConnection: CookieHandler (java.net.CookieManager@3cdfe2) exists.
2026-02-10 18:34:50.164 10642-10705 MediaHTTPService        com.lagradost.cloudstream3           V  makeHTTPConnection(android.media.MediaHTTPService@5964c54): cookieHandler: java.net.CookieManager@3cdfe2 Cookies: null
2026-02-10 18:34:50.166 10642-23024 MediaHTTPConnection     com.lagradost.cloudstream3           I  [0] - setReadTimeout and setConnectTimeout with 8000ms
2026-02-10 18:34:50.201 10642-10642 WebViewStrategy         com.lagradost.cloudstream3           D  [shouldOverrideUrlLoading] Redirect | url=https://affidavitheadfirstonward.com/rdl/e/mitb/2081554?pb=53c7c1055a08120873924
2026-02-10 18:34:50.258 10642-10642 VRI[MainAc...y]@bb02080 com.lagradost.cloudstream3           I  ViewPostIme pointer 0
2026-02-10 18:34:50.261 10642-10642 VRI[MainAc...y]@bb02080 com.lagradost.cloudstream3           I  call setFrameRateCategory for touch hint category=high hint, reason=touch, vri=VRI[MainActivity]@bb02080
2026-02-10 18:34:50.293 10642-10642 VRI[MainAc...y]@bb02080 com.lagradost.cloudstream3           I  ViewPostIme pointer 1
2026-02-10 18:34:50.351 10642-10642 WebViewStrategy         com.lagradost.cloudstream3           D  [shouldOverrideUrlLoading] Redirect | url=https://onelink.shein.com/15/4wh5j6ktxgqy?url_from=affiliate_af_b_33_91_0&click_
2026-02-10 18:34:50.354 10642-10642 WebViewEngine           com.lagradost.cloudstream3           I  onPageStarted: url=https://affidavitheadfirstonward.com/rdl/e/mitb/2081554?pb=53c7c1055a08120873924
2026-02-10 18:34:50.354 10642-10642 WebViewStrategy         com.lagradost.cloudstream3           I  [onPageStarted] === PAGE STARTED === | url=https://affidavitheadfirstonward.com/rdl/e/mitb/2081554?pb=53c7c1055a08120873924
2026-02-10 18:34:50.354 10642-10642 WebViewEngine           com.lagradost.cloudstream3           I  onPageFinished: url=https://affidavitheadfirstonward.com/sklnk/2081554?var=2081554&rv=1&bavar=0
2026-02-10 18:34:50.354 10642-10642 WebViewStrategy         com.lagradost.cloudstream3           I  [onPageFinished] === PAGE FINISHED === | url=https://affidavitheadfirstonward.com/sklnk/2081554?var=2081554&rv=1&bavar=0
2026-02-10 18:34:50.354 10642-10642 WebViewStrategy         com.lagradost.cloudstream3           I  [onPageFinished] === STEP 4: Injecting JavaScript ===
2026-02-10 18:34:50.354 10642-10642 WebViewStrategy         com.lagradost.cloudstream3           I  [onPageFinished] === STEP 5: Starting DOM extraction ===
2026-02-10 18:34:50.354 10642-10642 WebViewStrategy         com.lagradost.cloudstream3           I  [startDomVideoExtraction] === Starting DOM video extraction polling ===
