2026-02-11 20:08:10.025  5111-5254  libc                    com...cloudstream3.prerelease.debug  W  Access denied finding property "vendor.mesa.vk.trace.per.submit"
2026-02-11 20:08:10.026  5111-5254  libc                    com...cloudstream3.prerelease.debug  W  Access denied finding property "vendor.mesa.vk.trace.frame"
2026-02-11 20:08:10.036  5111-5254  libc                    com...cloudstream3.prerelease.debug  W  Access denied finding property "vendor.mesa.vk.wsi.headless.swa"
2026-02-11 20:08:10.058  5111-5111  VideoSnifferJS          com...cloudstream3.prerelease.debug  W  No available adapters. [https://challenges.cloudflare.com/cdn-cgi/challenge-platform/h/g/turnstile/f/ov2/av0/rch/y9zdm/0x4AAAAAAADnPIDROrmt1Wwj/dark/fbE/new/normal?lang=auto:0]
2026-02-11 20:08:10.091  5111-5111  VideoSnifferJS          com...cloudstream3.prerelease.debug  D  Error [https://challenges.cloudflare.com/cdn-cgi/challenge-platform/h/g/turnstile/f/ov2/av0/rch/y9zdm/0x4AAAAAAADnPIDROrmt1Wwj/dark/fbE/new/normal?lang=auto:1]
2026-02-11 20:08:10.157  5111-5111  VideoSnifferJS          com...cloudstream3.prerelease.debug  D  YzDg [https://challenges.cloudflare.com/cdn-cgi/challenge-platform/h/g/turnstile/f/ov2/av0/rch/y9zdm/0x4AAAAAAADnPIDROrmt1Wwj/dark/fbE/new/normal?lang=auto:1]
2026-02-11 20:08:10.157  5111-5111  VideoSnifferJS          com...cloudstream3.prerelease.debug  D  YzDg [https://challenges.cloudflare.com/cdn-cgi/challenge-platform/h/g/turnstile/f/ov2/av0/rch/y9zdm/0x4AAAAAAADnPIDROrmt1Wwj/dark/fbE/new/normal?lang=auto:1]
2026-02-11 20:08:10.157  5111-5111  VideoSnifferJS          com...cloudstream3.prerelease.debug  D  LkXk [https://challenges.cloudflare.com/cdn-cgi/challenge-platform/h/g/turnstile/f/ov2/av0/rch/y9zdm/0x4AAAAAAADnPIDROrmt1Wwj/dark/fbE/new/normal?lang=auto:1]
2026-02-11 20:08:10.157  5111-5111  VideoSnifferJS          com...cloudstream3.prerelease.debug  D  LkXk [https://challenges.cloudflare.com/cdn-cgi/challenge-platform/h/g/turnstile/f/ov2/av0/rch/y9zdm/0x4AAAAAAADnPIDROrmt1Wwj/dark/fbE/new/normal?lang=auto:1]
2026-02-11 20:08:10.157  5111-5111  VideoSnifferJS          com...cloudstream3.prerelease.debug  D  [object HTMLAnchorElement] [https://challenges.cloudflare.com/cdn-cgi/challenge-platform/h/g/turnstile/f/ov2/av0/rch/y9zdm/0x4AAAAAAADnPIDROrmt1Wwj/dark/fbE/new/normal?lang=auto:1]
2026-02-11 20:08:10.157  5111-5111  VideoSnifferJS          com...cloudstream3.prerelease.debug  D  [object HTMLAnchorElement] [https://challenges.cloudflare.com/cdn-cgi/challenge-platform/h/g/turnstile/f/ov2/av0/rch/y9zdm/0x4AAAAAAADnPIDROrmt1Wwj/dark/fbE/new/normal?lang=auto:1]
2026-02-11 20:08:10.157  5111-5111  VideoSnifferJS          com...cloudstream3.prerelease.debug  D  ��: 1 [https://challenges.cloudflare.com/cdn-cgi/challenge-platform/h/g/turnstile/f/ov2/av0/rch/y9zdm/0x4AAAAAAADnPIDROrmt1Wwj/dark/fbE/new/normal?lang=auto:1]
2026-02-11 20:08:10.157  5111-5111  VideoSnifferJS          com...cloudstream3.prerelease.debug  D  ��: 1 [https://challenges.cloudflare.com/cdn-cgi/challenge-platform/h/g/turnstile/f/ov2/av0/rch/y9zdm/0x4AAAAAAADnPIDROrmt1Wwj/dark/fbE/new/normal?lang=auto:1]
2026-02-11 20:08:10.157  5111-5111  VideoSnifferJS          com...cloudstream3.prerelease.debug  D  %c%d font-size:0;color:transparent NaN [https://challenges.cloudflare.com/cdn-cgi/challenge-platform/h/g/turnstile/f/ov2/av0/rch/y9zdm/0x4AAAAAAADnPIDROrmt1Wwj/dark/fbE/new/normal?lang=auto:1]
2026-02-11 20:08:10.157  5111-5111  VideoSnifferJS          com...cloudstream3.prerelease.debug  D  %c%d font-size:0;color:transparent NaN [https://challenges.cloudflare.com/cdn-cgi/challenge-platform/h/g/turnstile/f/ov2/av0/rch/y9zdm/0x4AAAAAAADnPIDROrmt1Wwj/dark/fbE/new/normal?lang=auto:1]
2026-02-11 20:08:10.157  5111-5111  VideoSnifferJS          com...cloudstream3.prerelease.debug  D   DNZH: igQt [https://challenges.cloudflare.com/cdn-cgi/challenge-platform/h/g/turnstile/f/ov2/av0/rch/y9zdm/0x4AAAAAAADnPIDROrmt1Wwj/dark/fbE/new/normal?lang=auto:1]
2026-02-11 20:08:10.157  5111-5111  VideoSnifferJS          com...cloudstream3.prerelease.debug  D   DNZH: igQt [https://challenges.cloudflare.com/cdn-cgi/challenge-platform/h/g/turnstile/f/ov2/av0/rch/y9zdm/0x4AAAAAAADnPIDROrmt1Wwj/dark/fbE/new/normal?lang=auto:1]
2026-02-11 20:08:10.157  5111-5111  VideoSnifferJS          com...cloudstream3.prerelease.debug  D  %c%d font-size:0;color:transparent DNZH: igQt [https://challenges.cloudflare.com/cdn-cgi/challenge-platform/h/g/turnstile/f/ov2/av0/rch/y9zdm/0x4AAAAAAADnPIDROrmt1Wwj/dark/fbE/new/normal?lang=auto:1]
2026-02-11 20:08:10.157  5111-5111  VideoSnifferJS          com...cloudstream3.prerelease.debug  D  %c%d font-size:0;color:transparent DNZH: igQt [https://challenges.cloudflare.com/cdn-cgi/challenge-platform/h/g/turnstile/f/ov2/av0/rch/y9zdm/0x4AAAAAAADnPIDROrmt1Wwj/dark/fbE/new/normal?lang=auto:1]
2026-02-11 20:08:10.178  5111-5111  VideoSnifferJS          com...cloudstream3.prerelease.debug  E  %c%d font-size:0;color:transparent NaN [https://challenges.cloudflare.com/cdn-cgi/challenge-platform/h/g/turnstile/f/ov2/av0/rch/y9zdm/0x4AAAAAAADnPIDROrmt1Wwj/dark/fbE/new/normal?lang=auto:1]
2026-02-11 20:08:10.178  5111-5111  VideoSnifferJS          com...cloudstream3.prerelease.debug  E  %c%d font-size:0;color:transparent NaN [https://challenges.cloudflare.com/cdn-cgi/challenge-platform/h/g/turnstile/f/ov2/av0/rch/y9zdm/0x4AAAAAAADnPIDROrmt1Wwj/dark/fbE/new/normal?lang=auto:1]
2026-02-11 20:08:10.178  5111-5111  VideoSnifferJS          com...cloudstream3.prerelease.debug  D  %c%d font-size:0;color:transparent NaN [https://challenges.cloudflare.com/cdn-cgi/challenge-platform/h/g/turnstile/f/ov2/av0/rch/y9zdm/0x4AAAAAAADnPIDROrmt1Wwj/dark/fbE/new/normal?lang=auto:1]
2026-02-11 20:08:10.178  5111-5111  VideoSnifferJS          com...cloudstream3.prerelease.debug  D  %c%d font-size:0;color:transparent NaN [https://challenges.cloudflare.com/cdn-cgi/challenge-platform/h/g/turnstile/f/ov2/av0/rch/y9zdm/0x4AAAAAAADnPIDROrmt1Wwj/dark/fbE/new/normal?lang=auto:1]
2026-02-11 20:08:10.178  5111-5111  VideoSnifferJS          com...cloudstream3.prerelease.debug  D  %c%d font-size:0;color:transparent NaN [https://challenges.cloudflare.com/cdn-cgi/challenge-platform/h/g/turnstile/f/ov2/av0/rch/y9zdm/0x4AAAAAAADnPIDROrmt1Wwj/dark/fbE/new/normal?lang=auto:1]
2026-02-11 20:08:10.179  5111-5111  VideoSnifferJS          com...cloudstream3.prerelease.debug  D  %c%d font-size:0;color:transparent NaN [https://challenges.cloudflare.com/cdn-cgi/challenge-platform/h/g/turnstile/f/ov2/av0/rch/y9zdm/0x4AAAAAAADnPIDROrmt1Wwj/dark/fbE/new/normal?lang=auto:1]
2026-02-11 20:08:10.179  5111-5111  VideoSnifferJS          com...cloudstream3.prerelease.debug  D  %c%d font-size:0;color:transparent DNZH: igQt [https://challenges.cloudflare.com/cdn-cgi/challenge-platform/h/g/turnstile/f/ov2/av0/rch/y9zdm/0x4AAAAAAADnPIDROrmt1Wwj/dark/fbE/new/normal?lang=auto:1]
2026-02-11 20:08:10.179  5111-5111  VideoSnifferJS          com...cloudstream3.prerelease.debug  D  %c%d font-size:0;color:transparent DNZH: igQt [https://challenges.cloudflare.com/cdn-cgi/challenge-platform/h/g/turnstile/f/ov2/av0/rch/y9zdm/0x4AAAAAAADnPIDROrmt1Wwj/dark/fbE/new/normal?lang=auto:1]
2026-02-11 20:08:10.179  5111-5111  VideoSnifferJS          com...cloudstream3.prerelease.debug  D  %c%d font-size:0;color:transparent NaN [https://challenges.cloudflare.com/cdn-cgi/challenge-platform/h/g/turnstile/f/ov2/av0/rch/y9zdm/0x4AAAAAAADnPIDROrmt1Wwj/dark/fbE/new/normal?lang=auto:1]
2026-02-11 20:08:10.179  5111-5111  VideoSnifferJS          com...cloudstream3.prerelease.debug  D  %c%d font-size:0;color:transparent NaN [https://challenges.cloudflare.com/cdn-cgi/challenge-platform/h/g/turnstile/f/ov2/av0/rch/y9zdm/0x4AAAAAAADnPIDROrmt1Wwj/dark/fbE/new/normal?lang=auto:1]
2026-02-11 20:08:10.179  5111-5111  VideoSnifferJS          com...cloudstream3.prerelease.debug  W  %c%d font-size:0;color:transparent NaN [https://challenges.cloudflare.com/cdn-cgi/challenge-platform/h/g/turnstile/f/ov2/av0/rch/y9zdm/0x4AAAAAAADnPIDROrmt1Wwj/dark/fbE/new/normal?lang=auto:1]
2026-02-11 20:08:10.179  5111-5111  VideoSnifferJS          com...cloudstream3.prerelease.debug  W  %c%d font-size:0;color:transparent NaN [https://challenges.cloudflare.com/cdn-cgi/challenge-platform/h/g/turnstile/f/ov2/av0/rch/y9zdm/0x4AAAAAAADnPIDROrmt1Wwj/dark/fbE/new/normal?lang=auto:1]
2026-02-11 20:08:10.180  5111-5111  VideoSnifferJS          com...cloudstream3.prerelease.debug  D  console.groupEnd [https://challenges.cloudflare.com/cdn-cgi/challenge-platform/h/g/turnstile/f/ov2/av0/rch/y9zdm/0x4AAAAAAADnPIDROrmt1Wwj/dark/fbE/new/normal?lang=auto:1]
2026-02-11 20:08:10.665  5111-5217  WebViewEngine           com...cloudstream3.prerelease.debug  D  intercept: Request #10 url=https://challenges.cloudflare.com/cdn-cgi/challenge-platform/h/g/pat/9cc622add8b62436/1770836913268/
2026-02-11 20:08:10.666  5111-5217  WebViewStrategy         com...cloudstream3.prerelease.debug  D  [intercept] Request #10 | url=https://challenges.cloudflare.com/cdn-cgi/challenge-platform/h/g/pat/9cc622add8b62436/1770836913268/, method=GET, isMainFrame=false
2026-02-11 20:08:10.674  5111-5111  VideoSnifferJS          com...cloudstream3.prerelease.debug  D  Request for the Private Access Token challenge. [https://challenges.cloudflare.com/cdn-cgi/challenge-platform/h/g/turnstile/f/ov2/av0/rch/y9zdm/0x4AAAAAAADnPIDROrmt1Wwj/dark/fbE/new/normal?lang=auto:1]
2026-02-11 20:08:10.674  5111-5111  VideoSnifferJS          com...cloudstream3.prerelease.debug  D  The next request for the Private Access Token challenge may return a 401 and show a warning in console. [https://challenges.cloudflare.com/cdn-cgi/challenge-platform/h/g/turnstile/f/ov2/av0/rch/y9zdm/0x4AAAAAAADnPIDROrmt1Wwj/dark/fbE/new/normal?lang=auto:1]
2026-02-11 20:08:10.712  5111-5111  VideoSnifferJS          com...cloudstream3.prerelease.debug  D  console.groupEnd [https://challenges.cloudflare.com/cdn-cgi/challenge-platform/h/g/turnstile/f/ov2/av0/rch/y9zdm/0x4AAAAAAADnPIDROrmt1Wwj/dark/fbE/new/normal?lang=auto:1]
2026-02-11 20:08:14.725  5111-5111  VideoSnifferJS          com...cloudstream3.prerelease.debug  W  The resource https://challenges.cloudflare.com/cdn-cgi/challenge-platform/h/g/cmg/1 was preloaded using link preload but not used within a few seconds from the window's load event. Please make sure it has an appropriate `as` value and it is preloaded intentionally. [https://challenges.cloudflare.com/cdn-cgi/challenge-platform/h/g/turnstile/f/ov2/av0/rch/y9zdm/0x4AAAAAAADnPIDROrmt1Wwj/dark/fbE/new/normal?lang=auto:0]
2026-02-11 20:08:21.997  5111-5111  VideoSnifferJS          com...cloudstream3.prerelease.debug  D  Error [https://challenges.cloudflare.com/cdn-cgi/challenge-platform/h/g/turnstile/f/ov2/av0/rch/y9zdm/0x4AAAAAAADnPIDROrmt1Wwj/dark/fbE/new/normal?lang=auto:1]
2026-02-11 20:08:23.152  5111-5111  WebViewStrategy         com...cloudstream3.prerelease.debug  D  [WebView] Loading progress | percent=100
2026-02-11 20:08:23.152  5111-5111  WebViewStrategy         com...cloudstream3.prerelease.debug  D  [WebView] Loading progress | percent=100
2026-02-11 20:08:23.158  5111-5217  WebViewStrategy         com...cloudstream3.prerelease.debug  D  [isVideoUrl] URL blacklisted | url=https://asd.pics/favicon.ico
2026-02-11 20:08:23.466  5111-5111  WebViewEngine           com...cloudstream3.prerelease.debug  I  onPageStarted: url=https://asd.pics/movies-1/
2026-02-11 20:08:23.467  5111-5111  WebViewStrategy         com...cloudstream3.prerelease.debug  I  [onPageStarted] === PAGE STARTED === | url=https://asd.pics/movies-1/
2026-02-11 20:08:23.593  5111-5220  WebViewEngine           com...cloudstream3.prerelease.debug  D  intercept: Request #20 url=https://radiantvalerelieve.com/67/10/54/6710543788e9f02584f3584d5416d1e3.js
2026-02-11 20:08:23.593  5111-5220  WebViewStrategy         com...cloudstream3.prerelease.debug  D  [intercept] Request #20 | url=https://radiantvalerelieve.com/67/10/54/6710543788e9f02584f3584d5416d1e3.js, method=GET, isMainFrame=false
2026-02-11 20:08:28.425  5111-5217  WebViewEngine           com...cloudstream3.prerelease.debug  D  intercept: Request #30 url=https://radiantvalerelieve.com/ren.gif?sid=H4sIAAAAAAAC_1STT4gcRRTGu3fDGowo_sOT0IeoCWZm-8909ww5LJsoq
2026-02-11 20:08:28.440  5111-5217  WebViewStrategy         com...cloudstream3.prerelease.debug  D  [intercept] Request #30 | url=https://radiantvalerelieve.com/ren.gif?sid=H4sIAAAAAAAC_1STT4gcRRTGu3fDGowo_sOT0IeoCWZm-8909ww5LJsoq, method=GET, isMainFrame=false
2026-02-11 20:08:29.352  5111-5111  WebViewStrategy         com...cloudstream3.prerelease.debug  D  [WebView] Loading progress | percent=80
2026-02-11 20:08:30.948  5111-5217  WebViewEngine           com...cloudstream3.prerelease.debug  D  intercept: Request #40 url=https://fonts.googleapis.com/css?family=Roboto:300,400,700&display=swap
2026-02-11 20:08:30.949  5111-5217  WebViewStrategy         com...cloudstream3.prerelease.debug  D  [intercept] Request #40 | url=https://fonts.googleapis.com/css?family=Roboto:300,400,700&display=swap, method=GET, isMainFrame=false
2026-02-11 20:08:31.459  5111-5111  WebViewStrategy         com...cloudstream3.prerelease.debug  D  [WebView] Loading progress | percent=80
2026-02-11 20:08:31.513  5111-5111  WebViewStrategy         com...cloudstream3.prerelease.debug  D  [WebView] Loading progress | percent=100
2026-02-11 20:08:31.866  5111-5111  WebViewStrategy         com...cloudstream3.prerelease.debug  D  [WebView] Loading progress | percent=100
2026-02-11 20:08:31.867  5111-5111  WebViewEngine           com...cloudstream3.prerelease.debug  I  onPageFinished: url=https://asd.pics/movies-1/
2026-02-11 20:08:31.868  5111-5111  WebViewStrategy         com...cloudstream3.prerelease.debug  I  [onPageFinished] === PAGE FINISHED === | url=https://asd.pics/movies-1/
2026-02-11 20:08:31.868  5111-5111  WebViewStrategy         com...cloudstream3.prerelease.debug  D  [onPageFinished] Skipping sniffer injection (Not in VideoFound mode)
2026-02-11 20:08:31.966  5111-5217  WebViewStrategy         com...cloudstream3.prerelease.debug  D  [isVideoUrl] URL blacklisted | url=https://asd.pics/favicon.ico
2026-02-11 20:08:32.205  5111-5217  WebViewEngine           com...cloudstream3.prerelease.debug  D  intercept: Request #50 url=https://skinnycrawlinglax.com/pixel/sbls?bv=&tmpl=482&u=https%3A%2F%2Fcreative-sb1.com%2Fsb%2Finters
2026-02-11 20:08:32.207  5111-5217  WebViewStrategy         com...cloudstream3.prerelease.debug  D  [intercept] Request #50 | url=https://skinnycrawlinglax.com/pixel/sbls?bv=&tmpl=482&u=https%3A%2F%2Fcreative-sb1.com%2Fsb%2Finters, method=GET, isMainFrame=false
2026-02-11 20:08:32.243  5111-5111  VideoSnifferJS          com...cloudstream3.prerelease.debug  D  element not Found: a3 [:51]
2026-02-11 20:08:33.372  5111-5111  WebViewEngine           com...cloudstream3.prerelease.debug  I  [onPageFinished] EXITING! Sending 0 links to deferred.
2026-02-11 20:08:33.372  5111-5111  WindowOnBackDispatcher  com...cloudstream3.prerelease.debug  W  sendCancelIfRunning: isInProgress=false callback=android.app.Dialog$$ExternalSyntheticLambda2@83b12c9
2026-02-11 20:08:33.419  5111-5111  WebViewEngine           com...cloudstream3.prerelease.debug  I  [onPageFinished] Deferred completed.
2026-02-11 20:08:33.432  5111-5111  Choreographer           com...cloudstream3.prerelease.debug  I  Skipped 66 frames!  The application may be doing too much work on its main thread.
2026-02-11 20:08:33.447  5111-6848  ProviderSession         com...cloudstream3.prerelease.debug  D  [save] Saved session | domain=asd.pics, cookies=9
2026-02-11 20:08:33.448  5111-6848  SessionProvider         com...cloudstream3.prerelease.debug  D  [update] Session updated | domain=asd.pics, hasCookies=true
2026-02-11 20:08:33.448  5111-6848  CookieLifecycle         com...cloudstream3.prerelease.debug  I  [store] Cookies stored | domain=asd.pics, source=webview, count=9, hasClearance=true
2026-02-11 20:08:33.449  5111-6848  RequestQueue            com...cloudstream3.prerelease.debug  I  [executeAsLeader] CF solved, retrying leader
2026-02-11 20:08:33.450  5111-6848  ProviderSession         com...cloudstream3.prerelease.debug  D  [buildHeaders] Building request headers | domain=asd.pics, cookieCount=9, hasClearance=true, isValid=true, uaHash=803669695
2026-02-11 20:08:33.454  5111-6848  ProviderSession         com...cloudstream3.prerelease.debug  D  [buildHeaders] Cookie header set | keys=[_ga, dom3ic8zudi28v8lr6fgphwffqoz0j6c, pp_main_6710543788e9f02584f3584d5416d1e3, cf_clearance, sb_page_6f4f5c3f5bfa5f5651799c658cb3556b, sb_main_6f4f5c3f5bfa5f5651799c658cb3556b, sb_count_6f4f5c3f5bfa5f5651799c658cb3556b, pbpr0tpuw4isk85t8yg3jb2lj5vqf, _ga_D8NNSFR7SN]
2026-02-11 20:08:33.454  5111-6848  ProviderHttp            com...cloudstream3.prerelease.debug  D  [executeDirectRequest] Executing HTTP request | url=https://asd.pics/movies-1/, domain=asd.pics, hasCookie=true, cookieKeys=[_ga, dom3ic8zudi28v8lr6fgphwffqoz0j6c, pp_main_6710543788e9f02584f3584d5416d1e3, cf_clearance, sb_page_6f4f5c3f5bfa5f5651799c658cb3556b, sb_main_6f4f5c3f5bfa5f5651799c658cb3556b, sb_count_6f4f5c3f5bfa5f5651799c658cb3556b, pbpr0tpuw4isk85t8yg3jb2lj5vqf, _ga_D8NNSFR7SN]
2026-02-11 20:08:33.459  5111-5286  HWUI                    com...cloudstream3.prerelease.debug  I  Davey! duration=1132ms; Flags=0, FrameTimelineVsyncId=4716620, IntendedVsync=11182530239671, Vsync=11183630239627, InputEventId=0, HandleInputStart=11183641201665, AnimationStart=11183641203373, PerformTraversalsStart=11183643109040, DrawStart=11183643175665, FrameDeadline=11182563573003, FrameStartTime=11183640582582, FrameInterval=16666666, WorkloadTarget=16666666, SyncQueued=11183643290832, SyncStart=11183644664915, IssueDrawCommandsStart=11183646438373, SwapBuffers=11183653325165, FrameCompleted=11183664430832, DequeueBufferDuration=2875, QueueBufferDuration=139959, GpuCompleted=11183664430832, SwapBuffersCompleted=11183658217457, DisplayPresentTime=0, CommandSubmissionCompleted=11183653325165,
2026-02-11 20:08:33.543  5111-6848  RequestQueue            com...cloudstream3.prerelease.debug  D  [verifyAndRunFollowers] Verifying cookies | url=https://asd.pics/series-1/
2026-02-11 20:08:33.544  5111-6848  ProviderSession         com...cloudstream3.prerelease.debug  D  [buildHeaders] Building request headers | domain=asd.pics, cookieCount=9, hasClearance=true, isValid=true, uaHash=803669695
2026-02-11 20:08:33.544  5111-6848  ProviderSession         com...cloudstream3.prerelease.debug  D  [buildHeaders] Cookie header set | keys=[_ga, dom3ic8zudi28v8lr6fgphwffqoz0j6c, pp_main_6710543788e9f02584f3584d5416d1e3, cf_clearance, sb_page_6f4f5c3f5bfa5f5651799c658cb3556b, sb_main_6f4f5c3f5bfa5f5651799c658cb3556b, sb_count_6f4f5c3f5bfa5f5651799c658cb3556b, pbpr0tpuw4isk85t8yg3jb2lj5vqf, _ga_D8NNSFR7SN]
2026-02-11 20:08:33.544  5111-6848  ProviderHttp            com...cloudstream3.prerelease.debug  D  [executeDirectRequest] Executing HTTP request | url=https://asd.pics/series-1/, domain=asd.pics, hasCookie=true, cookieKeys=[_ga, dom3ic8zudi28v8lr6fgphwffqoz0j6c, pp_main_6710543788e9f02584f3584d5416d1e3, cf_clearance, sb_page_6f4f5c3f5bfa5f5651799c658cb3556b, sb_main_6f4f5c3f5bfa5f5651799c658cb3556b, sb_count_6f4f5c3f5bfa5f5651799c658cb3556b, pbpr0tpuw4isk85t8yg3jb2lj5vqf, _ga_D8NNSFR7SN]
2026-02-11 20:08:33.608  5111-6848  RequestQueue            com...cloudstream3.prerelease.debug  W  [verifyAndRunFollowers] Verification FAILED | domain=asd.pics
2026-02-11 20:08:33.609  5111-6848  ProviderHttp            com...cloudstream3.prerelease.debug  W  [getDocument] 403 - WebView fallback | url=https://asd.pics/movies-1/
2026-02-11 20:08:33.610  5111-6851  ProviderHttp            com...cloudstream3.prerelease.debug  W  [getDocument] 403 - WebView fallback | url=https://asd.pics/series-1/
2026-02-11 20:08:33.610  5111-6848  ProviderSession         com...cloudstream3.prerelease.debug  D  [save] Saved session | domain=asd.pics, cookies=0
2026-02-11 20:08:33.610  5111-6848  ProviderHttp            com...cloudstream3.prerelease.debug  I  [invalidateSession] Preparing for CF solve
2026-02-11 20:08:33.611  5111-6851  ProviderSession         com...cloudstream3.prerelease.debug  D  [save] Saved session | domain=asd.pics, cookies=0
2026-02-11 20:08:33.611  5111-6851  ProviderHttp            com...cloudstream3.prerelease.debug  I  [invalidateSession] Preparing for CF solve
2026-02-11 20:08:33.611  5111-5111  ActivityProvider        com...cloudstream3.prerelease.debug  D  currentActivity requested: MainActivity
2026-02-11 20:08:33.611  5111-5111  WebViewEngine           com...cloudstream3.prerelease.debug  D  runSession: Session started, capturedLinks cleared. URL: https://asd.pics/movies-1/
2026-02-11 20:08:33.611  5111-5111  WebViewStrategy         com...cloudstream3.prerelease.debug  D  [runSession] Session started, capturedLinks cleared
2026-02-11 20:08:33.611  5111-5111  WebViewStrategy         com...cloudstream3.prerelease.debug  I  [runSession] === STEP 1: Creating WebView === | url=https://asd.pics/movies-1/
2026-02-11 20:08:33.630  5111-5111  WebViewStrategy         com...cloudstream3.prerelease.debug  I  [runSession] WebView UA | ua=Mozilla/5.0 (Linux; Android 14; SM-S918B) AppleWebKit/537.36 (KHTML, like Gecko) Chrome/120.0.6099.230 Mobile Safari/537.36
2026-02-11 20:08:33.630  5111-5111  WebViewStrategy         com...cloudstream3.prerelease.debug  I  [runSession] === STEP 2: Setting up cookies ===
2026-02-11 20:08:33.630  5111-5111  WebViewStrategy         com...cloudstream3.prerelease.debug  I  [runSession] === STEP 3: Setting up mode === | mode=FULLSCREEN
2026-02-11 20:08:33.637  5111-5111  InsetsController        com...cloudstream3.prerelease.debug  D  Setting requestedVisibleTypes to -14 (was -9)
2026-02-11 20:08:33.643  5111-5111  WebViewStrategy         com...cloudstream3.prerelease.debug  D  [runSession] FULLSCREEN mode | url=https://asd.pics/movies-1/
2026-02-11 20:08:33.646  5111-5111  WebViewStrategy         com...cloudstream3.prerelease.debug  I  [runSession] === STEP 6: Loading URL === | url=https://asd.pics/movies-1/
2026-02-11 20:08:33.646  5111-5111  WebViewStrategy         com...cloudstream3.prerelease.debug  I  [runSession] Loading URL with headers | url=https://asd.pics/movies-1/, headers=X-Requested-With
2026-02-11 20:08:33.652  5111-5111  WebViewStrategy         com...cloudstream3.prerelease.debug  I  [runSession] === STEP 7: URL loaded, waiting for callbacks ===
2026-02-11 20:08:33.652  5111-5111  ActivityProvider        com...cloudstream3.prerelease.debug  D  currentActivity requested: MainActivity
2026-02-11 20:08:33.652  5111-5111  WebViewEngine           com...cloudstream3.prerelease.debug  D  runSession: Session started, capturedLinks cleared. URL: https://asd.pics/series-1/
2026-02-11 20:08:33.652  5111-5111  WebViewStrategy         com...cloudstream3.prerelease.debug  D  [runSession] Session started, capturedLinks cleared
2026-02-11 20:08:33.652  5111-5111  WebViewStrategy         com...cloudstream3.prerelease.debug  I  [runSession] === STEP 1: Creating WebView === | url=https://asd.pics/series-1/
2026-02-11 20:08:33.669  5111-5111  WebViewStrategy         com...cloudstream3.prerelease.debug  I  [runSession] WebView UA | ua=Mozilla/5.0 (Linux; Android 14; SM-S918B) AppleWebKit/537.36 (KHTML, like Gecko) Chrome/120.0.6099.230 Mobile Safari/537.36
2026-02-11 20:08:33.670  5111-5111  WebViewStrategy         com...cloudstream3.prerelease.debug  I  [runSession] === STEP 2: Setting up cookies ===
2026-02-11 20:08:33.670  5111-5111  WebViewStrategy         com...cloudstream3.prerelease.debug  I  [runSession] === STEP 3: Setting up mode === | mode=FULLSCREEN
2026-02-11 20:08:33.679  5111-5111  InsetsController        com...cloudstream3.prerelease.debug  D  Setting requestedVisibleTypes to -14 (was -9)
2026-02-11 20:08:33.684  5111-5111  WebViewStrategy         com...cloudstream3.prerelease.debug  D  [runSession] FULLSCREEN mode | url=https://asd.pics/series-1/
2026-02-11 20:08:33.685  5111-5111  WebViewStrategy         com...cloudstream3.prerelease.debug  I  [runSession] === STEP 6: Loading URL === | url=https://asd.pics/series-1/
2026-02-11 20:08:33.685  5111-5111  WebViewStrategy         com...cloudstream3.prerelease.debug  I  [runSession] Loading URL with headers | url=https://asd.pics/series-1/, headers=X-Requested-With
2026-02-11 20:08:33.690  5111-5111  WebViewStrategy         com...cloudstream3.prerelease.debug  I  [runSession] === STEP 7: URL loaded, waiting for callbacks ===
2026-02-11 20:08:33.819  5111-5111  ImeTracker              com...cloudstream3.prerelease.debug  I  com.lagradost.cloudstream3.prerelease.debug:a0349ae9: onRequestHide at ORIGIN_CLIENT reason HIDE_WINDOW_LOST_FOCUS fromUser false
2026-02-11 20:08:33.820  5111-5111  InsetsController        com...cloudstream3.prerelease.debug  D  hide(ime(), fromIme=false)
2026-02-11 20:08:33.820  5111-5111  ImeTracker              com...cloudstream3.prerelease.debug  I  com.lagradost.cloudstream3.prerelease.debug:a0349ae9: onCancelled at PHASE_CLIENT_ALREADY_HIDDEN
2026-02-11 20:08:33.882  5111-5111  InsetsController        com...cloudstream3.prerelease.debug  D  hide(ime(), fromIme=false)
2026-02-11 20:08:33.886  5111-5111  ImeTracker              com...cloudstream3.prerelease.debug  I  com.lagradost.cloudstream3.prerelease.debug:1663a631: onCancelled at PHASE_CLIENT_ALREADY_HIDDEN
2026-02-11 20:08:33.911  5111-5111  WebViewEngine           com...cloudstream3.prerelease.debug  I  onPageStarted: url=https://asd.pics/movies-1/
2026-02-11 20:08:33.911  5111-5111  WebViewStrategy         com...cloudstream3.prerelease.debug  I  [onPageStarted] === PAGE STARTED === | url=https://asd.pics/movies-1/
2026-02-11 20:08:33.968  5111-5111  WebViewEngine           com...cloudstream3.prerelease.debug  I  onPageStarted: url=https://asd.pics/series-1/
2026-02-11 20:08:33.968  5111-5111  WebViewStrategy         com...cloudstream3.prerelease.debug  I  [onPageStarted] === PAGE STARTED === | url=https://asd.pics/series-1/
2026-02-11 20:08:34.206  5111-5217  WebViewEngine           com...cloudstream3.prerelease.debug  D  intercept: Request #10 url=https://skinnycrawlinglax.com/pixel/purst?dl=0&th=0&sc=0&rs=487&rd=487&fd=189.60000000149012&bv=26.2
2026-02-11 20:08:34.208  5111-5217  WebViewStrategy         com...cloudstream3.prerelease.debug  D  [intercept] Request #10 | url=https://skinnycrawlinglax.com/pixel/purst?dl=0&th=0&sc=0&rs=487&rd=487&fd=189.60000000149012&bv=26.2, method=GET, isMainFrame=false
2026-02-11 20:08:34.707  5111-5217  WebViewEngine           com...cloudstream3.prerelease.debug  D  intercept: Request #10 url=https://kettledroopingcontinuation.com/pixel/purst?dl=0&th=0&sc=0&rs=585.9000000003725&rd=585.900000
2026-02-11 20:08:34.707  5111-5217  WebViewStrategy         com...cloudstream3.prerelease.debug  D  [intercept] Request #10 | url=https://kettledroopingcontinuation.com/pixel/purst?dl=0&th=0&sc=0&rs=585.9000000003725&rd=585.900000, method=GET, isMainFrame=false
2026-02-11 20:08:35.386  5111-5111  WebViewStrategy         com...cloudstream3.prerelease.debug  D  [WebView] Loading progress | percent=80
2026-02-11 20:08:35.738  5111-5217  WebViewEngine           com...cloudstream3.prerelease.debug  D  intercept: Request #20 url=https://radiantvalerelieve.com/ren.gif?sid=H4sIAAAAAAAC_1RTz4scRRTu3gQTovgjip6EPgRNIDPpH9Pd0-SwJFFWS
2026-02-11 20:08:35.738  5111-5217  WebViewStrategy         com...cloudstream3.prerelease.debug  D  [intercept] Request #20 | url=https://radiantvalerelieve.com/ren.gif?sid=H4sIAAAAAAAC_1RTz4scRRTu3gQTovgjip6EPgRNIDPpH9Pd0-SwJFFWS, method=GET, isMainFrame=false
2026-02-11 20:08:35.807  5111-5111  WebViewStrategy         com...cloudstream3.prerelease.debug  D  [WebView] Loading progress | percent=80
2026-02-11 20:08:35.807  5111-5111  WebViewStrategy         com...cloudstream3.prerelease.debug  D  [WebView] Loading progress | percent=100
2026-02-11 20:08:35.961  5111-5217  WebViewEngine           com...cloudstream3.prerelease.debug  D  intercept: Request #20 url=https://radiantvalerelieve.com/ren.gif?sid=H4sIAAAAAAAC_1RTz4scRRTu3gQTovgjip6EPgRNIDPbP6a7p8lhSaKsk
2026-02-11 20:08:35.961  5111-5217  WebViewStrategy         com...cloudstream3.prerelease.debug  D  [intercept] Request #20 | url=https://radiantvalerelieve.com/ren.gif?sid=H4sIAAAAAAAC_1RTz4scRRTu3gQTovgjip6EPgRNIDPbP6a7p8lhSaKsk, method=GET, isMainFrame=false
2026-02-11 20:08:36.021  5111-5111  WebViewStrategy         com...cloudstream3.prerelease.debug  D  [WebView] Loading progress | percent=100
2026-02-11 20:08:36.211  5111-5111  WebViewStrategy         com...cloudstream3.prerelease.debug  D  [WebView] Loading progress | percent=100
2026-02-11 20:08:36.212  5111-5111  WebViewEngine           com...cloudstream3.prerelease.debug  I  onPageFinished: url=https://asd.pics/movies-1/
2026-02-11 20:08:36.213  5111-5111  WebViewStrategy         com...cloudstream3.prerelease.debug  I  [onPageFinished] === PAGE FINISHED === | url=https://asd.pics/movies-1/
2026-02-11 20:08:36.213  5111-5111  WebViewStrategy         com...cloudstream3.prerelease.debug  D  [onPageFinished] Skipping sniffer injection (Not in VideoFound mode)
2026-02-11 20:08:36.502  5111-5218  WebViewStrategy         com...cloudstream3.prerelease.debug  D  [isVideoUrl] URL blacklisted | url=https://asd.pics/favicon.ico
2026-02-11 20:08:36.556  5111-5111  VideoSnifferJS          com...cloudstream3.prerelease.debug  W  The resource https://asd.pics/wp-content/themes/ArabSeed/assets/css/core.css was preloaded using link preload but not used within a few seconds from the window's load event. Please make sure it has an appropriate `as` value and it is preloaded intentionally. [https://asd.pics/movies-1/:0]
2026-02-11 20:08:36.556  5111-5111  VideoSnifferJS          com...cloudstream3.prerelease.debug  W  The resource https://asd.pics/wp-content/themes/ArabSeed/assets/css/style.min.css was preloaded using link preload but not used within a few seconds from the window's load event. Please make sure it has an appropriate `as` value and it is preloaded intentionally. [https://asd.pics/movies-1/:0]
2026-02-11 20:08:36.557  5111-5111  WebViewStrategy         com...cloudstream3.prerelease.debug  D  [WebView] Loading progress | percent=100
2026-02-11 20:08:36.557  5111-5111  WebViewEngine           com...cloudstream3.prerelease.debug  I  onPageFinished: url=https://asd.pics/series-1/
2026-02-11 20:08:36.557  5111-5111  WebViewStrategy         com...cloudstream3.prerelease.debug  I  [onPageFinished] === PAGE FINISHED === | url=https://asd.pics/series-1/
2026-02-11 20:08:36.557  5111-5111  WebViewStrategy         com...cloudstream3.prerelease.debug  D  [onPageFinished] Skipping sniffer injection (Not in VideoFound mode)
2026-02-11 20:08:36.628  5111-5217  WebViewStrategy         com...cloudstream3.prerelease.debug  D  [isVideoUrl] URL blacklisted | url=https://asd.pics/favicon.ico
2026-02-11 20:08:36.774  5111-5218  WebViewEngine           com...cloudstream3.prerelease.debug  D  intercept: Request #30 url=https://flushpersist.com/pxf.gif?uuid=1077260a-21eb-41d7-8a6a-77cda22a5820&eb=f511ef327733ea9eeb6640
2026-02-11 20:08:36.775  5111-5218  WebViewStrategy         com...cloudstream3.prerelease.debug  D  [intercept] Request #30 | url=https://flushpersist.com/pxf.gif?uuid=1077260a-21eb-41d7-8a6a-77cda22a5820&eb=f511ef327733ea9eeb6640, method=GET, isMainFrame=false
2026-02-11 20:08:36.885  5111-5125  rerelease.debug         com...cloudstream3.prerelease.debug  I  Background concurrent mark compact GC freed 6714KB AllocSpace bytes, 27(11MB) LOS objects, 44% free, 29MB/53MB, paused 239us,3.037ms total 335.050ms
2026-02-11 20:08:37.383  5111-5111  WebViewEngine           com...cloudstream3.prerelease.debug  I  [onPageFinished] EXITING! Sending 0 links to deferred.
2026-02-11 20:08:37.383  5111-5111  WindowOnBackDispatcher  com...cloudstream3.prerelease.debug  W  sendCancelIfRunning: isInProgress=false callback=android.app.Dialog$$ExternalSyntheticLambda2@33e92f8
2026-02-11 20:08:37.398  5111-5111  WebViewEngine           com...cloudstream3.prerelease.debug  I  [onPageFinished] Deferred completed.
2026-02-11 20:08:37.409  5111-5111  Choreographer           com...cloudstream3.prerelease.debug  I  Skipped 50 frames!  The application may be doing too much work on its main thread.
2026-02-11 20:08:37.426  5111-5130  HWUI                    com...cloudstream3.prerelease.debug  I  Davey! duration=850ms; Flags=0, FrameTimelineVsyncId=4718222, IntendedVsync=11186780239501, Vsync=11187613572801, InputEventId=0, HandleInputStart=11187617759750, AnimationStart=11187617760667, PerformTraversalsStart=11187620836417, DrawStart=11187620899542, FrameDeadline=11186813572833, FrameStartTime=11187617444167, FrameInterval=16666666, WorkloadTarget=16666666, SyncQueued=11187620998542, SyncStart=11187622136750, IssueDrawCommandsStart=11187622583292, SwapBuffers=11187628181459, FrameCompleted=11187631431834, DequeueBufferDuration=4542, QueueBufferDuration=187416, GpuCompleted=11187631431834, SwapBuffersCompleted=11187628956792, DisplayPresentTime=0, CommandSubmissionCompleted=11187628181459,
2026-02-11 20:08:37.445  5111-6851  ProviderSession         com...cloudstream3.prerelease.debug  D  [save] Saved session | domain=asd.pics, cookies=9
2026-02-11 20:08:37.445  5111-6851  SessionProvider         com...cloudstream3.prerelease.debug  D  [update] Session updated | domain=asd.pics, hasCookies=true
2026-02-11 20:08:37.445  5111-6851  CookieLifecycle         com...cloudstream3.prerelease.debug  I  [store] Cookies stored | domain=asd.pics, source=webview, count=9, hasClearance=true
2026-02-11 20:08:37.459  5111-5286  HWUI                    com...cloudstream3.prerelease.debug  I  Davey! duration=870ms; Flags=0, FrameTimelineVsyncId=4718222, IntendedVsync=11186780239501, Vsync=11187613572801, InputEventId=0, HandleInputStart=11187617759750, AnimationStart=11187617760667, PerformTraversalsStart=11187620836417, DrawStart=11187624438209, FrameDeadline=11186846906165, FrameStartTime=11187617444167, FrameInterval=16666666, WorkloadTarget=16666666, SyncQueued=11187624866750, SyncStart=11187629240459, IssueDrawCommandsStart=11187629270625, SwapBuffers=11187653660792, FrameCompleted=11187655133500, DequeueBufferDuration=2542, QueueBufferDuration=1089250, GpuCompleted=11187655080625, SwapBuffersCompleted=11187655133500, DisplayPresentTime=0, CommandSubmissionCompleted=11187653660792,
2026-02-11 20:08:37.689  5111-6851  ProviderHttp            com...cloudstream3.prerelease.debug  D  [getImageHeaders] Building image headers | domain=asd.pics, hasCookies=true, cookieKeys=[_ga, dom3ic8zudi28v8lr6fgphwffqoz0j6c, pp_main_6710543788e9f02584f3584d5416d1e3, cf_clearance, sb_main_6f4f5c3f5bfa5f5651799c658cb3556b, pbpr0tpuw4isk85t8yg3jb2lj5vqf, sb_page_6f4f5c3f5bfa5f5651799c658cb3556b, sb_count_6f4f5c3f5bfa5f5651799c658cb3556b, _ga_D8NNSFR7SN]
2026-02-11 20:08:37.690  5111-6851  ArabseedV2              com...cloudstream3.prerelease.debug  D  [getMainPage] Image headers for 180 items: hasCookies=true, cookieLen=716
2026-02-11 20:08:37.690  5111-6851  ArabseedV2              com...cloudstream3.prerelease.debug  D  [getMainPage] Item[0]: poster=https://asd.pics/wp-content/uploads/2026/01/37aaa0e3-6c29-4b...
2026-02-11 20:08:37.690  5111-6851  ArabseedV2              com...cloudstream3.prerelease.debug  D  [getMainPage] Item[1]: poster=https://asd.pics/wp-content/uploads/2026/01/The-Time-That-Re...
2026-02-11 20:08:37.690  5111-6851  ArabseedV2              com...cloudstream3.prerelease.debug  D  [getMainPage] Item[2]: poster=https://asd.pics/wp-content/uploads/2026/01/1e14a16d361a7093...
2026-02-11 20:08:38.106  5111-5111  WebViewEngine           com...cloudstream3.prerelease.debug  I  [onPageFinished] EXITING! Sending 0 links to deferred.
2026-02-11 20:08:38.106  5111-5111  WindowOnBackDispatcher  com...cloudstream3.prerelease.debug  W  sendCancelIfRunning: isInProgress=false callback=android.app.Dialog$$ExternalSyntheticLambda2@7c6102f
2026-02-11 20:08:38.118  5111-5111  WebViewEngine           com...cloudstream3.prerelease.debug  I  [onPageFinished] Deferred completed.
2026-02-11 20:08:38.126  5111-5111  Choreographer           com...cloudstream3.prerelease.debug  I  Skipped 32 frames!  The application may be doing too much work on its main thread.
2026-02-11 20:08:38.135  5111-6848  ProviderSession         com...cloudstream3.prerelease.debug  D  [save] Saved session | domain=asd.pics, cookies=8
2026-02-11 20:08:38.135  5111-6848  SessionProvider         com...cloudstream3.prerelease.debug  D  [update] Session updated | domain=asd.pics, hasCookies=true
2026-02-11 20:08:38.135  5111-6848  CookieLifecycle         com...cloudstream3.prerelease.debug  I  [store] Cookies stored | domain=asd.pics, source=webview, count=8, hasClearance=true
2026-02-11 20:08:38.264  5111-6848  ProviderHttp            com...cloudstream3.prerelease.debug  D  [getImageHeaders] Building image headers | domain=asd.pics, hasCookies=true, cookieKeys=[_ga, dom3ic8zudi28v8lr6fgphwffqoz0j6c, pp_main_6710543788e9f02584f3584d5416d1e3, cf_clearance, sb_main_6f4f5c3f5bfa5f5651799c658cb3556b, sb_page_6f4f5c3f5bfa5f5651799c658cb3556b, sb_count_6f4f5c3f5bfa5f5651799c658cb3556b, _ga_D8NNSFR7SN]
2026-02-11 20:08:38.264  5111-6848  ArabseedV2              com...cloudstream3.prerelease.debug  D  [getMainPage] Image headers for 86 items: hasCookies=true, cookieLen=662
2026-02-11 20:08:38.264  5111-6848  ArabseedV2              com...cloudstream3.prerelease.debug  D  [getMainPage] Item[0]: poster=https://asd.pics/wp-content/uploads/2026/01/انمي-Goumon-Bait...
2026-02-11 20:08:38.264  5111-6848  ArabseedV2              com...cloudstream3.prerelease.debug  D  [getMainPage] Item[1]: poster=https://asd.pics/wp-content/uploads/2025/10/انمي-Digimon-Bea...
2026-02-11 20:08:38.264  5111-6848  ArabseedV2              com...cloudstream3.prerelease.debug  D  [getMainPage] Item[2]: poster=https://asd.pics/wp-content/uploads/2025/10/انمي-Ao-no-Orche...
2026-02-11 20:08:38.270  5111-6847  ProviderSession         com...cloudstream3.prerelease.debug  D  [load] Loaded session | domain=asd.pics, cookies=8, valid=true
2026-02-11 20:08:38.270  5111-6851  ProviderSession         com...cloudstream3.prerelease.debug  D  [load] Loaded session | domain=asd.pics, cookies=8, valid=true
2026-02-11 20:08:38.271  5111-6851  SessionProvider         com...cloudstream3.prerelease.debug  D  [initialize] Session initialized | domain=asd.pics, hasCookies=true, uaHash=803669695
2026-02-11 20:08:38.271  5111-6851  ArabseedV2              com...cloudstream3.prerelease.debug  D  [load] Loading: https://asd.pics/selary/%d9%85%d8%b3%d9%84%d8%b3%d9%84-as-yo...
2026-02-11 20:08:38.272  5111-6847  SessionProvider         com...cloudstream3.prerelease.debug  D  [initialize] Session initialized | domain=asd.pics, hasCookies=true, uaHash=803669695
2026-02-11 20:08:38.272  5111-6847  ArabseedV2              com...cloudstream3.prerelease.debug  D  [load] Loading: https://asd.pics/%d9%85%d8%b3%d8%b1%d8%ad%d9%8a%d8%a9-%d8%a7...
2026-02-11 20:08:38.272  5111-6847  RequestQueue            com...cloudstream3.prerelease.debug  D  [enqueue] Request is LEADER | domain=asd.pics, url=https://asd.pics/%d9%85%d8%b3%d8%b1%d8%ad%d9%8a%d8%a9-%d8%a7%d9%86%d8%b3%d8%aa%d
2026-02-11 20:08:38.273  5111-6847  ProviderSession         com...cloudstream3.prerelease.debug  D  [buildHeaders] Building request headers | domain=asd.pics, cookieCount=8, hasClearance=true, isValid=true, uaHash=803669695
2026-02-11 20:08:38.273  5111-6850  ProviderSession         com...cloudstream3.prerelease.debug  D  [load] Loaded session | domain=asd.pics, cookies=8, valid=true
2026-02-11 20:08:38.273  5111-6850  SessionProvider         com...cloudstream3.prerelease.debug  D  [initialize] Session initialized | domain=asd.pics, hasCookies=true, uaHash=803669695
2026-02-11 20:08:38.273  5111-6850  ArabseedV2              com...cloudstream3.prerelease.debug  D  [load] Loading: https://asd.pics/%d9%81%d9%8a%d9%84%d9%85-120-bahadur-2025-%...
2026-02-11 20:08:38.273  5111-6850  RequestQueue            com...cloudstream3.prerelease.debug  D  [enqueue] Request is FOLLOWER | domain=asd.pics, url=https://asd.pics/%d9%81%d9%8a%d9%84%d9%85-120-bahadur-2025-%d9%85%d8%aa%d8%b1%d8
2026-02-11 20:08:38.274  5111-6851  RequestQueue            com...cloudstream3.prerelease.debug  D  [enqueue] Request is FOLLOWER | domain=asd.pics, url=https://asd.pics/selary/%d9%85%d8%b3%d9%84%d8%b3%d9%84-as-you-stood-by-%d9%85%d8
2026-02-11 20:08:38.276  5111-6847  ProviderSession         com...cloudstream3.prerelease.debug  D  [buildHeaders] Cookie header set | keys=[_ga, dom3ic8zudi28v8lr6fgphwffqoz0j6c, pp_main_6710543788e9f02584f3584d5416d1e3, cf_clearance, sb_main_6f4f5c3f5bfa5f5651799c658cb3556b, sb_page_6f4f5c3f5bfa5f5651799c658cb3556b, sb_count_6f4f5c3f5bfa5f5651799c658cb3556b, _ga_D8NNSFR7SN]
2026-02-11 20:08:38.277  5111-6847  ProviderHttp            com...cloudstream3.prerelease.debug  D  [executeDirectRequest] Executing HTTP request | url=https://asd.pics/%d9%85%d8%b3%d8%b1%d8%ad%d9%8a%d8%a9-%d8%a7%d9%86%d8%b3%d8%aa%d, domain=asd.pics, hasCookie=true, cookieKeys=[_ga, dom3ic8zudi28v8lr6fgphwffqoz0j6c, pp_main_6710543788e9f02584f3584d5416d1e3, cf_clearance, sb_main_6f4f5c3f5bfa5f5651799c658cb3556b, sb_page_6f4f5c3f5bfa5f5651799c658cb3556b, sb_count_6f4f5c3f5bfa5f5651799c658cb3556b, _ga_D8NNSFR7SN]
2026-02-11 20:08:38.343  5111-6847  RequestQueue            com...cloudstream3.prerelease.debug  I  [executeAsLeader] Leader CF BLOCKED - solving | domain=asd.pics
2026-02-11 20:08:38.343  5111-6847  ProviderSession         com...cloudstream3.prerelease.debug  D  [save] Saved session | domain=asd.pics, cookies=0
2026-02-11 20:08:38.343  5111-6847  ProviderHttp            com...cloudstream3.prerelease.debug  I  [invalidateSession] Preparing for CF solve
2026-02-11 20:08:38.343  5111-5111  ActivityProvider        com...cloudstream3.prerelease.debug  D  currentActivity requested: MainActivity
2026-02-11 20:08:38.343  5111-5111  WebViewEngine           com...cloudstream3.prerelease.debug  D  runSession: Session started, capturedLinks cleared. URL: https://asd.pics/%d9%85%d8%b3%d8%b1%d8%ad%d9%8a%d8%a9-%d8%a7%d9%86%d8%b3%d8%aa%d9%88%d9%86%d8%a7-2022/
2026-02-11 20:08:38.343  5111-5111  WebViewStrategy         com...cloudstream3.prerelease.debug  D  [runSession] Session started, capturedLinks cleared
2026-02-11 20:08:38.343  5111-5111  WebViewStrategy         com...cloudstream3.prerelease.debug  I  [runSession] === STEP 1: Creating WebView === | url=https://asd.pics/%d9%85%d8%b3%d8%b1%d8%ad%d9%8a%d8%a9-%d8%a7%d9%86%d8%b3%d8%aa%d
2026-02-11 20:08:38.352  5111-5111  WebViewStrategy         com...cloudstream3.prerelease.debug  I  [runSession] WebView UA | ua=Mozilla/5.0 (Linux; Android 14; SM-S918B) AppleWebKit/537.36 (KHTML, like Gecko) Chrome/120.0.6099.230 Mobile Safari/537.36
2026-02-11 20:08:38.352  5111-5111  WebViewStrategy         com...cloudstream3.prerelease.debug  I  [runSession] === STEP 2: Setting up cookies ===
2026-02-11 20:08:38.353  5111-5111  WebViewStrategy         com...cloudstream3.prerelease.debug  I  [runSession] === STEP 3: Setting up mode === | mode=FULLSCREEN
2026-02-11 20:08:38.357  5111-5111  InsetsController        com...cloudstream3.prerelease.debug  D  Setting requestedVisibleTypes to -14 (was -9)
2026-02-11 20:08:38.363  5111-5111  WebViewStrategy         com...cloudstream3.prerelease.debug  D  [runSession] FULLSCREEN mode | url=https://asd.pics/%d9%85%d8%b3%d8%b1%d8%ad%d9%8a%d8%a9-%d8%a7%d9%86%d8%b3%d8%aa%d
2026-02-11 20:08:38.364  5111-5111  WebViewStrategy         com...cloudstream3.prerelease.debug  I  [runSession] === STEP 6: Loading URL === | url=https://asd.pics/%d9%85%d8%b3%d8%b1%d8%ad%d9%8a%d8%a9-%d8%a7%d9%86%d8%b3%d8%aa%d
2026-02-11 20:08:38.364  5111-5111  WebViewStrategy         com...cloudstream3.prerelease.debug  I  [runSession] Loading URL with headers | url=https://asd.pics/%d9%85%d8%b3%d8%b1%d8%ad%d9%8a%d8%a9-%d8%a7%d9%86%d8%b3%d8%aa%d, headers=X-Requested-With
2026-02-11 20:08:38.368  5111-5111  WebViewStrategy         com...cloudstream3.prerelease.debug  I  [runSession] === STEP 7: URL loaded, waiting for callbacks ===
2026-02-11 20:08:38.441  5111-5111  ImeTracker              com...cloudstream3.prerelease.debug  I  com.lagradost.cloudstream3.prerelease.debug:106a994c: onRequestHide at ORIGIN_CLIENT reason HIDE_WINDOW_LOST_FOCUS fromUser false
2026-02-11 20:08:38.441  5111-5111  InsetsController        com...cloudstream3.prerelease.debug  D  hide(ime(), fromIme=false)
2026-02-11 20:08:38.442  5111-5111  ImeTracker              com...cloudstream3.prerelease.debug  I  com.lagradost.cloudstream3.prerelease.debug:106a994c: onCancelled at PHASE_CLIENT_ALREADY_HIDDEN
2026-02-11 20:08:38.459  5111-5111  InsetsController        com...cloudstream3.prerelease.debug  D  hide(ime(), fromIme=false)
2026-02-11 20:08:38.460  5111-5111  ImeTracker              com...cloudstream3.prerelease.debug  I  com.lagradost.cloudstream3.prerelease.debug:e54268b0: onCancelled at PHASE_CLIENT_ALREADY_HIDDEN
2026-02-11 20:08:38.591  5111-5111  WebViewEngine           com...cloudstream3.prerelease.debug  I  onPageStarted: url=https://asd.pics/%d9%85%d8%b3%d8%b1%d8%ad%d9%8a%d8%a9-%d8%a7%d9%86%d8%b3%d8%aa%d
2026-02-11 20:08:38.591  5111-5111  WebViewStrategy         com...cloudstream3.prerelease.debug  I  [onPageStarted] === PAGE STARTED === | url=https://asd.pics/%d9%85%d8%b3%d8%b1%d8%ad%d9%8a%d8%a9-%d8%a7%d9%86%d8%b3%d8%aa%d
2026-02-11 20:08:38.744  5111-5218  WebViewEngine           com...cloudstream3.prerelease.debug  D  intercept: Request #10 url=https://www.googletagmanager.com/gtag/js?id=G-D8NNSFR7SN
2026-02-11 20:08:38.745  5111-5218  WebViewStrategy         com...cloudstream3.prerelease.debug  D  [intercept] Request #10 | url=https://www.googletagmanager.com/gtag/js?id=G-D8NNSFR7SN, method=GET, isMainFrame=false
2026-02-11 20:08:38.993  5111-5218  WebViewEngine           com...cloudstream3.prerelease.debug  D  intercept: Request #20 url=https://cdn.lordicon.com/rqmwejgl.json
2026-02-11 20:08:38.993  5111-5218  WebViewStrategy         com...cloudstream3.prerelease.debug  D  [intercept] Request #20 | url=https://cdn.lordicon.com/rqmwejgl.json, method=GET, isMainFrame=false
2026-02-11 20:08:39.296  5111-5111  WebViewStrategy         com...cloudstream3.prerelease.debug  D  [WebView] Loading progress | percent=100
2026-02-11 20:08:39.297  5111-5111  WebViewStrategy         com...cloudstream3.prerelease.debug  D  [WebView] Loading progress | percent=100
2026-02-11 20:08:39.350  5111-5217  WebViewStrategy         com...cloudstream3.prerelease.debug  D  [isVideoUrl] URL blacklisted | url=https://asd.pics/favicon.ico
2026-02-11 20:08:39.369  5111-5111  WebViewStrategy         com...cloudstream3.prerelease.debug  D  [WebView] Loading progress | percent=100
2026-02-11 20:08:39.370  5111-5111  WebViewEngine           com...cloudstream3.prerelease.debug  I  onPageFinished: url=https://asd.pics/%d9%85%d8%b3%d8%b1%d8%ad%d9%8a%d8%a9-%d8%a7%d9%86%d8%b3%d8%aa%d
2026-02-11 20:08:39.370  5111-5111  WebViewStrategy         com...cloudstream3.prerelease.debug  I  [onPageFinished] === PAGE FINISHED === | url=https://asd.pics/%d9%85%d8%b3%d8%b1%d8%ad%d9%8a%d8%a9-%d8%a7%d9%86%d8%b3%d8%aa%d
2026-02-11 20:08:39.370  5111-5111  WebViewStrategy         com...cloudstream3.prerelease.debug  D  [onPageFinished] Skipping sniffer injection (Not in VideoFound mode)
2026-02-11 20:08:39.931  5111-5111  WebViewEngine           com...cloudstream3.prerelease.debug  I  [onPageFinished] EXITING! Sending 0 links to deferred.
2026-02-11 20:08:39.931  5111-5111  WindowOnBackDispatcher  com...cloudstream3.prerelease.debug  W  sendCancelIfRunning: isInProgress=false callback=android.app.Dialog$$ExternalSyntheticLambda2@db5324c
2026-02-11 20:08:39.947  5111-5111  WebViewEngine           com...cloudstream3.prerelease.debug  I  [onPageFinished] Deferred completed.
2026-02-11 20:08:39.960  5111-5111  Choreographer           com...cloudstream3.prerelease.debug  I  Skipped 30 frames!  The application may be doing too much work on its main thread.
2026-02-11 20:08:39.982  5111-6847  ProviderSession         com...cloudstream3.prerelease.debug  D  [save] Saved session | domain=asd.pics, cookies=9
2026-02-11 20:08:39.983  5111-6847  SessionProvider         com...cloudstream3.prerelease.debug  D  [update] Session updated | domain=asd.pics, hasCookies=true
2026-02-11 20:08:39.984  5111-6847  CookieLifecycle         com...cloudstream3.prerelease.debug  I  [store] Cookies stored | domain=asd.pics, source=webview, count=9, hasClearance=true
2026-02-11 20:08:39.984  5111-6847  RequestQueue            com...cloudstream3.prerelease.debug  I  [executeAsLeader] CF solved, retrying leader
2026-02-11 20:08:39.985  5111-6847  ProviderSession         com...cloudstream3.prerelease.debug  D  [buildHeaders] Building request headers | domain=asd.pics, cookieCount=9, hasClearance=true, isValid=true, uaHash=803669695
2026-02-11 20:08:39.986  5111-6847  ProviderSession         com...cloudstream3.prerelease.debug  D  [buildHeaders] Cookie header set | keys=[_ga, dom3ic8zudi28v8lr6fgphwffqoz0j6c, pp_main_6710543788e9f02584f3584d5416d1e3, cf_clearance, sb_main_6f4f5c3f5bfa5f5651799c658cb3556b, _ga_D8NNSFR7SN, sb_page_6f4f5c3f5bfa5f5651799c658cb3556b, sb_count_6f4f5c3f5bfa5f5651799c658cb3556b, pbpr0tpuw4isk85t8yg3jb2lj5vqf]
