2026-02-11 16:04:27.875 22094-22138 SV[4240407...nActivity] com.lagradost.cloudstream3           I  aOrMT: VRI[MainActivity]@e9225f t = android.view.SurfaceControl$Transaction@cd7ad10 fN = 3244 android.view.SurfaceView.-$$Nest$mapplyOrMergeTransaction:0 android.view.SurfaceView$SurfaceViewPositionUpdateListener.positionChanged:1932 android.graphics.RenderNode$CompositePositionUpdateListener.positionChanged:401
2026-02-11 16:04:27.875 22094-22138 VRI[MainAc...ty]@e9225f com.lagradost.cloudstream3           I  mWNT: t=0xb400007866295500 mBlastBufferQueue=0xb400007b51a57000 fn= 3244 HdrRenderState mRenderHdrSdrRatio=1.0 caller= android.view.SurfaceView.applyOrMergeTransaction:1863 android.view.SurfaceView.-$$Nest$mapplyOrMergeTransaction:0 android.view.SurfaceView$SurfaceViewPositionUpdateListener.positionChanged:1932
2026-02-11 16:04:27.875 22094-22138 SurfaceView             com.lagradost.cloudstream3           D  47521992 updateSurfacePosition RenderWorker, frameNr = 3244, position = [317, 29, 2771, 1411] surfaceSize = 2560x1440
2026-02-11 16:04:27.875 22094-22138 SV[4752199...nActivity] com.lagradost.cloudstream3           I  uSP: rtp = Rect(317, 29 - 2771, 1411) rtsw = 2560 rtsh = 1440
2026-02-11 16:04:27.875 22094-22138 SV[4752199...nActivity] com.lagradost.cloudstream3           I  onSSPAndSRT: pl = 317 pt = 29 sx = 0.9585937 sy = 0.9597222
2026-02-11 16:04:27.875 22094-22138 SV[4752199...nActivity] com.lagradost.cloudstream3           I  aOrMT: VRI[MainActivity]@e9225f t = android.view.SurfaceControl$Transaction@265ee1e fN = 3244 android.view.SurfaceView.-$$Nest$mapplyOrMergeTransaction:0 android.view.SurfaceView$SurfaceViewPositionUpdateListener.positionChanged:1932 android.graphics.RenderNode$CompositePositionUpdateListener.positionChanged:401
2026-02-11 16:04:27.875 22094-22138 VRI[MainAc...ty]@e9225f com.lagradost.cloudstream3           I  mWNT: t=0xb400007b40508f00 mBlastBufferQueue=0xb400007b51a57000 fn= 3244 HdrRenderState mRenderHdrSdrRatio=1.0 caller= android.view.SurfaceView.applyOrMergeTransaction:1863 android.view.SurfaceView.-$$Nest$mapplyOrMergeTransaction:0 android.view.SurfaceView$SurfaceViewPositionUpdateListener.positionChanged:1932
2026-02-11 16:04:27.883 22094-22138 SurfaceView             com.lagradost.cloudstream3           D  42404073 updateSurfacePosition RenderWorker, frameNr = 3245, position = [36, 358, 1404, 1072] surfaceSize = 1440x750
2026-02-11 16:04:27.883 22094-22138 SV[4240407...nActivity] com.lagradost.cloudstream3           I  uSP: rtp = Rect(36, 358 - 1404, 1072) rtsw = 1440 rtsh = 750
2026-02-11 16:04:27.883 22094-22138 SV[4240407...nActivity] com.lagradost.cloudstream3           I  onSSPAndSRT: pl = 36 pt = 358 sx = 0.95 sy = 0.952
2026-02-11 16:04:27.884 22094-22138 SV[4240407...nActivity] com.lagradost.cloudstream3           I  aOrMT: VRI[MainActivity]@e9225f t = android.view.SurfaceControl$Transaction@cd7ad10 fN = 3245 android.view.SurfaceView.-$$Nest$mapplyOrMergeTransaction:0 android.view.SurfaceView$SurfaceViewPositionUpdateListener.positionChanged:1932 android.graphics.RenderNode$CompositePositionUpdateListener.positionChanged:401
2026-02-11 16:04:27.884 22094-22138 VRI[MainAc...ty]@e9225f com.lagradost.cloudstream3           I  mWNT: t=0xb400007866295500 mBlastBufferQueue=0xb400007b51a57000 fn= 3245 HdrRenderState mRenderHdrSdrRatio=1.0 caller= android.view.SurfaceView.applyOrMergeTransaction:1863 android.view.SurfaceView.-$$Nest$mapplyOrMergeTransaction:0 android.view.SurfaceView$SurfaceViewPositionUpdateListener.positionChanged:1932
2026-02-11 16:04:27.884 22094-22138 SurfaceView             com.lagradost.cloudstream3           D  47521992 updateSurfacePosition RenderWorker, frameNr = 3245, position = [328, 36, 2760, 1404] surfaceSize = 2560x1440
2026-02-11 16:04:27.884 22094-22138 SV[4752199...nActivity] com.lagradost.cloudstream3           I  uSP: rtp = Rect(328, 36 - 2760, 1404) rtsw = 2560 rtsh = 1440
2026-02-11 16:04:27.884 22094-22138 SV[4752199...nActivity] com.lagradost.cloudstream3           I  onSSPAndSRT: pl = 328 pt = 36 sx = 0.95 sy = 0.95
2026-02-11 16:04:27.884 22094-22138 SV[4752199...nActivity] com.lagradost.cloudstream3           I  aOrMT: VRI[MainActivity]@e9225f t = android.view.SurfaceControl$Transaction@265ee1e fN = 3245 android.view.SurfaceView.-$$Nest$mapplyOrMergeTransaction:0 android.view.SurfaceView$SurfaceViewPositionUpdateListener.positionChanged:1932 android.graphics.RenderNode$CompositePositionUpdateListener.positionChanged:401
2026-02-11 16:04:27.884 22094-22138 VRI[MainAc...ty]@e9225f com.lagradost.cloudstream3           I  mWNT: t=0xb400007b40508f00 mBlastBufferQueue=0xb400007b51a57000 fn= 3245 HdrRenderState mRenderHdrSdrRatio=1.0 caller= android.view.SurfaceView.applyOrMergeTransaction:1863 android.view.SurfaceView.-$$Nest$mapplyOrMergeTransaction:0 android.view.SurfaceView$SurfaceViewPositionUpdateListener.positionChanged:1932
2026-02-11 16:04:27.892 22094-22138 SurfaceView             com.lagradost.cloudstream3           D  42404073 updateSurfacePosition RenderWorker, frameNr = 3246, position = [29, 349, 1411, 1068] surfaceSize = 1440x750
2026-02-11 16:04:27.892 22094-22138 SV[4240407...nActivity] com.lagradost.cloudstream3           I  uSP: rtp = Rect(29, 349 - 1411, 1068) rtsw = 1440 rtsh = 750
2026-02-11 16:04:27.892 22094-22138 SV[4240407...nActivity] com.lagradost.cloudstream3           I  onSSPAndSRT: pl = 29 pt = 349 sx = 0.9597222 sy = 0.9586667
2026-02-11 16:04:27.892 22094-22138 SV[4240407...nActivity] com.lagradost.cloudstream3           I  aOrMT: VRI[MainActivity]@e9225f t = android.view.SurfaceControl$Transaction@cd7ad10 fN = 3246 android.view.SurfaceView.-$$Nest$mapplyOrMergeTransaction:0 android.view.SurfaceView$SurfaceViewPositionUpdateListener.positionChanged:1932 android.graphics.RenderNode$CompositePositionUpdateListener.positionChanged:401
2026-02-11 16:04:27.893 22094-22138 VRI[MainAc...ty]@e9225f com.lagradost.cloudstream3           I  mWNT: t=0xb400007866295500 mBlastBufferQueue=0xb400007b51a57000 fn= 3246 HdrRenderState mRenderHdrSdrRatio=1.0 caller= android.view.SurfaceView.applyOrMergeTransaction:1863 android.view.SurfaceView.-$$Nest$mapplyOrMergeTransaction:0 android.view.SurfaceView$SurfaceViewPositionUpdateListener.positionChanged:1932
2026-02-11 16:04:27.893 22094-22138 SurfaceView             com.lagradost.cloudstream3           D  47521992 updateSurfacePosition RenderWorker, frameNr = 3246, position = [338, 42, 2750, 1398] surfaceSize = 2560x1440
2026-02-11 16:04:27.893 22094-22138 SV[4752199...nActivity] com.lagradost.cloudstream3           I  uSP: rtp = Rect(338, 42 - 2750, 1398) rtsw = 2560 rtsh = 1440
2026-02-11 16:04:27.893 22094-22138 SV[4752199...nActivity] com.lagradost.cloudstream3           I  onSSPAndSRT: pl = 338 pt = 42 sx = 0.9421875 sy = 0.94166666
2026-02-11 16:04:27.893 22094-22138 SV[4752199...nActivity] com.lagradost.cloudstream3           I  aOrMT: VRI[MainActivity]@e9225f t = android.view.SurfaceControl$Transaction@265ee1e fN = 3246 android.view.SurfaceView.-$$Nest$mapplyOrMergeTransaction:0 android.view.SurfaceView$SurfaceViewPositionUpdateListener.positionChanged:1932 android.graphics.RenderNode$CompositePositionUpdateListener.positionChanged:401
2026-02-11 16:04:27.893 22094-22138 VRI[MainAc...ty]@e9225f com.lagradost.cloudstream3           I  mWNT: t=0xb400007b40508f00 mBlastBufferQueue=0xb400007b51a57000 fn= 3246 HdrRenderState mRenderHdrSdrRatio=1.0 caller= android.view.SurfaceView.applyOrMergeTransaction:1863 android.view.SurfaceView.-$$Nest$mapplyOrMergeTransaction:0 android.view.SurfaceView$SurfaceViewPositionUpdateListener.positionChanged:1932
2026-02-11 16:04:27.900 22094-22138 SurfaceView             com.lagradost.cloudstream3           D  42404073 updateSurfacePosition RenderWorker, frameNr = 3247, position = [23, 338, 1417, 1065] surfaceSize = 1440x750
2026-02-11 16:04:27.900 22094-22138 SV[4240407...nActivity] com.lagradost.cloudstream3           I  uSP: rtp = Rect(23, 338 - 1417, 1065) rtsw = 1440 rtsh = 750
2026-02-11 16:04:27.900 22094-22138 SV[4240407...nActivity] com.lagradost.cloudstream3           I  onSSPAndSRT: pl = 23 pt = 338 sx = 0.96805555 sy = 0.96933335
2026-02-11 16:04:27.900 22094-22138 SV[4240407...nActivity] com.lagradost.cloudstream3           I  aOrMT: VRI[MainActivity]@e9225f t = android.view.SurfaceControl$Transaction@cd7ad10 fN = 3247 android.view.SurfaceView.-$$Nest$mapplyOrMergeTransaction:0 android.view.SurfaceView$SurfaceViewPositionUpdateListener.positionChanged:1932 android.graphics.RenderNode$CompositePositionUpdateListener.positionChanged:401
2026-02-11 16:04:27.900 22094-22138 VRI[MainAc...ty]@e9225f com.lagradost.cloudstream3           I  mWNT: t=0xb400007866295500 mBlastBufferQueue=0xb400007b51a57000 fn= 3247 HdrRenderState mRenderHdrSdrRatio=1.0 caller= android.view.SurfaceView.applyOrMergeTransaction:1863 android.view.SurfaceView.-$$Nest$mapplyOrMergeTransaction:0 android.view.SurfaceView$SurfaceViewPositionUpdateListener.positionChanged:1932
2026-02-11 16:04:27.900 22094-22138 SurfaceView             com.lagradost.cloudstream3           D  47521992 updateSurfacePosition RenderWorker, frameNr = 3247, position = [350, 48, 2738, 1392] surfaceSize = 2560x1440
2026-02-11 16:04:27.900 22094-22138 SV[4752199...nActivity] com.lagradost.cloudstream3           I  uSP: rtp = Rect(350, 48 - 2738, 1392) rtsw = 2560 rtsh = 1440
2026-02-11 16:04:27.900 22094-22138 SV[4752199...nActivity] com.lagradost.cloudstream3           I  onSSPAndSRT: pl = 350 pt = 48 sx = 0.9328125 sy = 0.93333334
2026-02-11 16:04:27.900 22094-22138 SV[4752199...nActivity] com.lagradost.cloudstream3           I  aOrMT: VRI[MainActivity]@e9225f t = android.view.SurfaceControl$Transaction@265ee1e fN = 3247 android.view.SurfaceView.-$$Nest$mapplyOrMergeTransaction:0 android.view.SurfaceView$SurfaceViewPositionUpdateListener.positionChanged:1932 android.graphics.RenderNode$CompositePositionUpdateListener.positionChanged:401
2026-02-11 16:04:27.900 22094-22138 VRI[MainAc...ty]@e9225f com.lagradost.cloudstream3           I  mWNT: t=0xb400007b40508f00 mBlastBufferQueue=0xb400007b51a57000 fn= 3247 HdrRenderState mRenderHdrSdrRatio=1.0 caller= android.view.SurfaceView.applyOrMergeTransaction:1863 android.view.SurfaceView.-$$Nest$mapplyOrMergeTransaction:0 android.view.SurfaceView$SurfaceViewPositionUpdateListener.positionChanged:1932
2026-02-11 16:04:27.908 22094-22138 SurfaceView             com.lagradost.cloudstream3           D  42404073 updateSurfacePosition RenderWorker, frameNr = 3248, position = [18, 329, 1422, 1062] surfaceSize = 1440x750
2026-02-11 16:04:27.908 22094-22138 SV[4240407...nActivity] com.lagradost.cloudstream3           I  uSP: rtp = Rect(18, 329 - 1422, 1062) rtsw = 1440 rtsh = 750
2026-02-11 16:04:27.908 22094-22138 SV[4240407...nActivity] com.lagradost.cloudstream3           I  onSSPAndSRT: pl = 18 pt = 329 sx = 0.975 sy = 0.9773333
2026-02-11 16:04:27.908 22094-22138 SV[4240407...nActivity] com.lagradost.cloudstream3           I  aOrMT: VRI[MainActivity]@e9225f t = android.view.SurfaceControl$Transaction@cd7ad10 fN = 3248 android.view.SurfaceView.-$$Nest$mapplyOrMergeTransaction:0 android.view.SurfaceView$SurfaceViewPositionUpdateListener.positionChanged:1932 android.graphics.RenderNode$CompositePositionUpdateListener.positionChanged:401
2026-02-11 16:04:27.908 22094-22138 VRI[MainAc...ty]@e9225f com.lagradost.cloudstream3           I  mWNT: t=0xb400007866295500 mBlastBufferQueue=0xb400007b51a57000 fn= 3248 HdrRenderState mRenderHdrSdrRatio=1.0 caller= android.view.SurfaceView.applyOrMergeTransaction:1863 android.view.SurfaceView.-$$Nest$mapplyOrMergeTransaction:0 android.view.SurfaceView$SurfaceViewPositionUpdateListener.positionChanged:1932
2026-02-11 16:04:27.909 22094-22138 SurfaceView             com.lagradost.cloudstream3           D  47521992 updateSurfacePosition RenderWorker, frameNr = 3248, position = [360, 54, 2728, 1386] surfaceSize = 2560x1440
2026-02-11 16:04:27.909 22094-22138 SV[4752199...nActivity] com.lagradost.cloudstream3           I  uSP: rtp = Rect(360, 54 - 2728, 1386) rtsw = 2560 rtsh = 1440
2026-02-11 16:04:27.909 22094-22138 SV[4752199...nActivity] com.lagradost.cloudstream3           I  onSSPAndSRT: pl = 360 pt = 54 sx = 0.925 sy = 0.925
2026-02-11 16:04:27.909 22094-22138 SV[4752199...nActivity] com.lagradost.cloudstream3           I  aOrMT: VRI[MainActivity]@e9225f t = android.view.SurfaceControl$Transaction@265ee1e fN = 3248 android.view.SurfaceView.-$$Nest$mapplyOrMergeTransaction:0 android.view.SurfaceView$SurfaceViewPositionUpdateListener.positionChanged:1932 android.graphics.RenderNode$CompositePositionUpdateListener.positionChanged:401
2026-02-11 16:04:27.909 22094-22138 VRI[MainAc...ty]@e9225f com.lagradost.cloudstream3           I  mWNT: t=0xb400007b40508f00 mBlastBufferQueue=0xb400007b51a57000 fn= 3248 HdrRenderState mRenderHdrSdrRatio=1.0 caller= android.view.SurfaceView.applyOrMergeTransaction:1863 android.view.SurfaceView.-$$Nest$mapplyOrMergeTransaction:0 android.view.SurfaceView$SurfaceViewPositionUpdateListener.positionChanged:1932
2026-02-11 16:04:27.917 22094-22138 SurfaceView             com.lagradost.cloudstream3           D  42404073 updateSurfacePosition RenderWorker, frameNr = 3249, position = [13, 321, 1427, 1059] surfaceSize = 1440x750
2026-02-11 16:04:27.917 22094-22138 SV[4240407...nActivity] com.lagradost.cloudstream3           I  uSP: rtp = Rect(13, 321 - 1427, 1059) rtsw = 1440 rtsh = 750
2026-02-11 16:04:27.917 22094-22138 SV[4240407...nActivity] com.lagradost.cloudstream3           I  onSSPAndSRT: pl = 13 pt = 321 sx = 0.98194444 sy = 0.984
2026-02-11 16:04:27.917 22094-22138 SV[4240407...nActivity] com.lagradost.cloudstream3           I  aOrMT: VRI[MainActivity]@e9225f t = android.view.SurfaceControl$Transaction@cd7ad10 fN = 3249 android.view.SurfaceView.-$$Nest$mapplyOrMergeTransaction:0 android.view.SurfaceView$SurfaceViewPositionUpdateListener.positionChanged:1932 android.graphics.RenderNode$CompositePositionUpdateListener.positionChanged:401
2026-02-11 16:04:27.917 22094-22138 VRI[MainAc...ty]@e9225f com.lagradost.cloudstream3           I  mWNT: t=0xb400007866295500 mBlastBufferQueue=0xb400007b51a57000 fn= 3249 HdrRenderState mRenderHdrSdrRatio=1.0 caller= android.view.SurfaceView.applyOrMergeTransaction:1863 android.view.SurfaceView.-$$Nest$mapplyOrMergeTransaction:0 android.view.SurfaceView$SurfaceViewPositionUpdateListener.positionChanged:1932
2026-02-11 16:04:27.917 22094-22138 SurfaceView             com.lagradost.cloudstream3           D  47521992 updateSurfacePosition RenderWorker, frameNr = 3249, position = [368, 58, 2720, 1382] surfaceSize = 2560x1440
2026-02-11 16:04:27.917 22094-22138 SV[4752199...nActivity] com.lagradost.cloudstream3           I  uSP: rtp = Rect(368, 58 - 2720, 1382) rtsw = 2560 rtsh = 1440
2026-02-11 16:04:27.917 22094-22138 SV[4752199...nActivity] com.lagradost.cloudstream3           I  onSSPAndSRT: pl = 368 pt = 58 sx = 0.91875 sy = 0.91944444
2026-02-11 16:04:27.917 22094-22138 SV[4752199...nActivity] com.lagradost.cloudstream3           I  aOrMT: VRI[MainActivity]@e9225f t = android.view.SurfaceControl$Transaction@265ee1e fN = 3249 android.view.SurfaceView.-$$Nest$mapplyOrMergeTransaction:0 android.view.SurfaceView$SurfaceViewPositionUpdateListener.positionChanged:1932 android.graphics.RenderNode$CompositePositionUpdateListener.positionChanged:401
2026-02-11 16:04:27.917 22094-22138 VRI[MainAc...ty]@e9225f com.lagradost.cloudstream3           I  mWNT: t=0xb400007b40508f00 mBlastBufferQueue=0xb400007b51a57000 fn= 3249 HdrRenderState mRenderHdrSdrRatio=1.0 caller= android.view.SurfaceView.applyOrMergeTransaction:1863 android.view.SurfaceView.-$$Nest$mapplyOrMergeTransaction:0 android.view.SurfaceView$SurfaceViewPositionUpdateListener.positionChanged:1932
2026-02-11 16:04:27.925 22094-22138 SurfaceView             com.lagradost.cloudstream3           D  42404073 updateSurfacePosition RenderWorker, frameNr = 3250, position = [8, 314, 1432, 1056] surfaceSize = 1440x750
2026-02-11 16:04:27.925 22094-22138 SV[4240407...nActivity] com.lagradost.cloudstream3           I  uSP: rtp = Rect(8, 314 - 1432, 1056) rtsw = 1440 rtsh = 750
2026-02-11 16:04:27.925 22094-22138 SV[4240407...nActivity] com.lagradost.cloudstream3           I  onSSPAndSRT: pl = 8 pt = 314 sx = 0.98888886 sy = 0.98933333
2026-02-11 16:04:27.925 22094-22138 SV[4240407...nActivity] com.lagradost.cloudstream3           I  aOrMT: VRI[MainActivity]@e9225f t = android.view.SurfaceControl$Transaction@cd7ad10 fN = 3250 android.view.SurfaceView.-$$Nest$mapplyOrMergeTransaction:0 android.view.SurfaceView$SurfaceViewPositionUpdateListener.positionChanged:1932 android.graphics.RenderNode$CompositePositionUpdateListener.positionChanged:401
2026-02-11 16:04:27.925 22094-22138 VRI[MainAc...ty]@e9225f com.lagradost.cloudstream3           I  mWNT: t=0xb400007866295500 mBlastBufferQueue=0xb400007b51a57000 fn= 3250 HdrRenderState mRenderHdrSdrRatio=1.0 caller= android.view.SurfaceView.applyOrMergeTransaction:1863 android.view.SurfaceView.-$$Nest$mapplyOrMergeTransaction:0 android.view.SurfaceView$SurfaceViewPositionUpdateListener.positionChanged:1932
2026-02-11 16:04:27.925 22094-22138 SurfaceView             com.lagradost.cloudstream3           D  47521992 updateSurfacePosition RenderWorker, frameNr = 3250, position = [377, 63, 2711, 1377] surfaceSize = 2560x1440
2026-02-11 16:04:27.925 22094-22138 SV[4752199...nActivity] com.lagradost.cloudstream3           I  uSP: rtp = Rect(377, 63 - 2711, 1377) rtsw = 2560 rtsh = 1440
2026-02-11 16:04:27.925 22094-22138 SV[4752199...nActivity] com.lagradost.cloudstream3           I  onSSPAndSRT: pl = 377 pt = 63 sx = 0.9117187 sy = 0.9125
2026-02-11 16:04:27.925 22094-22138 SV[4752199...nActivity] com.lagradost.cloudstream3           I  aOrMT: VRI[MainActivity]@e9225f t = android.view.SurfaceControl$Transaction@265ee1e fN = 3250 android.view.SurfaceView.-$$Nest$mapplyOrMergeTransaction:0 android.view.SurfaceView$SurfaceViewPositionUpdateListener.positionChanged:1932 android.graphics.RenderNode$CompositePositionUpdateListener.positionChanged:401
2026-02-11 16:04:27.925 22094-22138 VRI[MainAc...ty]@e9225f com.lagradost.cloudstream3           I  mWNT: t=0xb400007b40508f00 mBlastBufferQueue=0xb400007b51a57000 fn= 3250 HdrRenderState mRenderHdrSdrRatio=1.0 caller= android.view.SurfaceView.applyOrMergeTransaction:1863 android.view.SurfaceView.-$$Nest$mapplyOrMergeTransaction:0 android.view.SurfaceView$SurfaceViewPositionUpdateListener.positionChanged:1932
2026-02-11 16:04:27.933 22094-22138 SurfaceView             com.lagradost.cloudstream3           D  42404073 updateSurfacePosition RenderWorker, frameNr = 3251, position = [4, 308, 1436, 1054] surfaceSize = 1440x750
2026-02-11 16:04:27.933 22094-22138 SV[4240407...nActivity] com.lagradost.cloudstream3           I  uSP: rtp = Rect(4, 308 - 1436, 1054) rtsw = 1440 rtsh = 750
2026-02-11 16:04:27.933 22094-22138 SV[4240407...nActivity] com.lagradost.cloudstream3           I  onSSPAndSRT: pl = 4 pt = 308 sx = 0.99444443 sy = 0.9946667
2026-02-11 16:04:27.933 22094-22138 SV[4240407...nActivity] com.lagradost.cloudstream3           I  aOrMT: VRI[MainActivity]@e9225f t = android.view.SurfaceControl$Transaction@cd7ad10 fN = 3251 android.view.SurfaceView.-$$Nest$mapplyOrMergeTransaction:0 android.view.SurfaceView$SurfaceViewPositionUpdateListener.positionChanged:1932 android.graphics.RenderNode$CompositePositionUpdateListener.positionChanged:401
2026-02-11 16:04:27.933 22094-22138 VRI[MainAc...ty]@e9225f com.lagradost.cloudstream3           I  mWNT: t=0xb400007866295500 mBlastBufferQueue=0xb400007b51a57000 fn= 3251 HdrRenderState mRenderHdrSdrRatio=1.0 caller= android.view.SurfaceView.applyOrMergeTransaction:1863 android.view.SurfaceView.-$$Nest$mapplyOrMergeTransaction:0 android.view.SurfaceView$SurfaceViewPositionUpdateListener.positionChanged:1932
2026-02-11 16:04:27.934 22094-22138 SurfaceView             com.lagradost.cloudstream3           D  47521992 updateSurfacePosition RenderWorker, frameNr = 3251, position = [383, 67, 2705, 1373] surfaceSize = 2560x1440
2026-02-11 16:04:27.934 22094-22138 SV[4752199...nActivity] com.lagradost.cloudstream3           I  uSP: rtp = Rect(383, 67 - 2705, 1373) rtsw = 2560 rtsh = 1440
2026-02-11 16:04:27.934 22094-22138 SV[4752199...nActivity] com.lagradost.cloudstream3           I  onSSPAndSRT: pl = 383 pt = 67 sx = 0.90703124 sy = 0.90694445
2026-02-11 16:04:27.934 22094-22138 SV[4752199...nActivity] com.lagradost.cloudstream3           I  aOrMT: VRI[MainActivity]@e9225f t = android.view.SurfaceControl$Transaction@265ee1e fN = 3251 android.view.SurfaceView.-$$Nest$mapplyOrMergeTransaction:0 android.view.SurfaceView$SurfaceViewPositionUpdateListener.positionChanged:1932 android.graphics.RenderNode$CompositePositionUpdateListener.positionChanged:401
2026-02-11 16:04:27.934 22094-22138 VRI[MainAc...ty]@e9225f com.lagradost.cloudstream3           I  mWNT: t=0xb400007b40508f00 mBlastBufferQueue=0xb400007b51a57000 fn= 3251 HdrRenderState mRenderHdrSdrRatio=1.0 caller= android.view.SurfaceView.applyOrMergeTransaction:1863 android.view.SurfaceView.-$$Nest$mapplyOrMergeTransaction:0 android.view.SurfaceView$SurfaceViewPositionUpdateListener.positionChanged:1932
2026-02-11 16:04:27.942 22094-22138 SurfaceView             com.lagradost.cloudstream3           D  42404073 updateSurfacePosition RenderWorker, frameNr = 3252, position = [2, 304, 1438, 1053] surfaceSize = 1440x750
2026-02-11 16:04:27.942 22094-22138 SV[4240407...nActivity] com.lagradost.cloudstream3           I  uSP: rtp = Rect(2, 304 - 1438, 1053) rtsw = 1440 rtsh = 750
2026-02-11 16:04:27.942 22094-22138 SV[4240407...nActivity] com.lagradost.cloudstream3           I  onSSPAndSRT: pl = 2 pt = 304 sx = 0.99722224 sy = 0.99866664
2026-02-11 16:04:27.942 22094-22138 SV[4240407...nActivity] com.lagradost.cloudstream3           I  aOrMT: VRI[MainActivity]@e9225f t = android.view.SurfaceControl$Transaction@cd7ad10 fN = 3252 android.view.SurfaceView.-$$Nest$mapplyOrMergeTransaction:0 android.view.SurfaceView$SurfaceViewPositionUpdateListener.positionChanged:1932 android.graphics.RenderNode$CompositePositionUpdateListener.positionChanged:401
2026-02-11 16:04:27.942 22094-22138 VRI[MainAc...ty]@e9225f com.lagradost.cloudstream3           I  mWNT: t=0xb400007866295500 mBlastBufferQueue=0xb400007b51a57000 fn= 3252 HdrRenderState mRenderHdrSdrRatio=1.0 caller= android.view.SurfaceView.applyOrMergeTransaction:1863 android.view.SurfaceView.-$$Nest$mapplyOrMergeTransaction:0 android.view.SurfaceView$SurfaceViewPositionUpdateListener.positionChanged:1932
2026-02-11 16:04:27.942 22094-22138 SurfaceView             com.lagradost.cloudstream3           D  47521992 updateSurfacePosition RenderWorker, frameNr = 3252, position = [387, 69, 2701, 1371] surfaceSize = 2560x1440
2026-02-11 16:04:27.942 22094-22138 SV[4752199...nActivity] com.lagradost.cloudstream3           I  uSP: rtp = Rect(387, 69 - 2701, 1371) rtsw = 2560 rtsh = 1440
2026-02-11 16:04:27.942 22094-22138 SV[4752199...nActivity] com.lagradost.cloudstream3           I  onSSPAndSRT: pl = 387 pt = 69 sx = 0.9039062 sy = 0.90416664
2026-02-11 16:04:27.942 22094-22138 SV[4752199...nActivity] com.lagradost.cloudstream3           I  aOrMT: VRI[MainActivity]@e9225f t = android.view.SurfaceControl$Transaction@265ee1e fN = 3252 android.view.SurfaceView.-$$Nest$mapplyOrMergeTransaction:0 android.view.SurfaceView$SurfaceViewPositionUpdateListener.positionChanged:1932 android.graphics.RenderNode$CompositePositionUpdateListener.positionChanged:401
2026-02-11 16:04:27.942 22094-22138 VRI[MainAc...ty]@e9225f com.lagradost.cloudstream3           I  mWNT: t=0xb400007b40508f00 mBlastBufferQueue=0xb400007b51a57000 fn= 3252 HdrRenderState mRenderHdrSdrRatio=1.0 caller= android.view.SurfaceView.applyOrMergeTransaction:1863 android.view.SurfaceView.-$$Nest$mapplyOrMergeTransaction:0 android.view.SurfaceView$SurfaceViewPositionUpdateListener.positionChanged:1932
2026-02-11 16:04:27.951 22094-22153 PreviewImgM3u8          com.lagradost.cloudstream3           I  Generating preview for 237
2026-02-11 16:04:27.951 22094-22153 MediaHTTPService        com.lagradost.cloudstream3           V  MediaHTTPService(android.media.MediaHTTPService@2e82b04): Cookies: null
2026-02-11 16:04:27.951 22094-22153 MediaMetadataRetriever  com.lagradost.cloudstream3           V  setDataSource
2026-02-11 16:04:27.951 22094-22138 SurfaceView             com.lagradost.cloudstream3           D  42404073 updateSurfacePosition RenderWorker, frameNr = 3253, position = [0, 301, 1440, 1052] surfaceSize = 1440x750
2026-02-11 16:04:27.951 22094-22138 SV[4240407...nActivity] com.lagradost.cloudstream3           I  uSP: rtp = Rect(0, 301 - 1440, 1052) rtsw = 1440 rtsh = 750
2026-02-11 16:04:27.951 22094-22138 SV[4240407...nActivity] com.lagradost.cloudstream3           I  onSSPAndSRT: pl = 0 pt = 301 sx = 1.0 sy = 1.0013334
2026-02-11 16:04:27.951 22094-22138 SV[4240407...nActivity] com.lagradost.cloudstream3           I  aOrMT: VRI[MainActivity]@e9225f t = android.view.SurfaceControl$Transaction@cd7ad10 fN = 3253 android.view.SurfaceView.-$$Nest$mapplyOrMergeTransaction:0 android.view.SurfaceView$SurfaceViewPositionUpdateListener.positionChanged:1932 android.graphics.RenderNode$CompositePositionUpdateListener.positionChanged:401
2026-02-11 16:04:27.951 22094-22138 VRI[MainAc...ty]@e9225f com.lagradost.cloudstream3           I  mWNT: t=0xb400007866295500 mBlastBufferQueue=0xb400007b51a57000 fn= 3253 HdrRenderState mRenderHdrSdrRatio=1.0 caller= android.view.SurfaceView.applyOrMergeTransaction:1863 android.view.SurfaceView.-$$Nest$mapplyOrMergeTransaction:0 android.view.SurfaceView$SurfaceViewPositionUpdateListener.positionChanged:1932
2026-02-11 16:04:27.951 22094-22138 SurfaceView             com.lagradost.cloudstream3           D  47521992 updateSurfacePosition RenderWorker, frameNr = 3253, position = [391, 71, 2697, 1369] surfaceSize = 2560x1440
2026-02-11 16:04:27.951 22094-22138 SV[4752199...nActivity] com.lagradost.cloudstream3           I  uSP: rtp = Rect(391, 71 - 2697, 1369) rtsw = 2560 rtsh = 1440
2026-02-11 16:04:27.951 22094-22138 SV[4752199...nActivity] com.lagradost.cloudstream3           I  onSSPAndSRT: pl = 391 pt = 71 sx = 0.9007813 sy = 0.9013889
2026-02-11 16:04:27.951 22094-22138 SV[4752199...nActivity] com.lagradost.cloudstream3           I  aOrMT: VRI[MainActivity]@e9225f t = android.view.SurfaceControl$Transaction@265ee1e fN = 3253 android.view.SurfaceView.-$$Nest$mapplyOrMergeTransaction:0 android.view.SurfaceView$SurfaceViewPositionUpdateListener.positionChanged:1932 android.graphics.RenderNode$CompositePositionUpdateListener.positionChanged:401
2026-02-11 16:04:27.951 22094-22138 VRI[MainAc...ty]@e9225f com.lagradost.cloudstream3           I  mWNT: t=0xb400007b40508f00 mBlastBufferQueue=0xb400007b51a57000 fn= 3253 HdrRenderState mRenderHdrSdrRatio=1.0 caller= android.view.SurfaceView.applyOrMergeTransaction:1863 android.view.SurfaceView.-$$Nest$mapplyOrMergeTransaction:0 android.view.SurfaceView$SurfaceViewPositionUpdateListener.positionChanged:1932
2026-02-11 16:04:27.952 22094-22153 MediaHTTPService        com.lagradost.cloudstream3           V  makeHTTPConnection: CookieHandler (java.net.CookieManager@e531c28) exists.
2026-02-11 16:04:27.952 22094-22153 MediaHTTPService        com.lagradost.cloudstream3           V  makeHTTPConnection(android.media.MediaHTTPService@2e82b04): cookieHandler: java.net.CookieManager@e531c28 Cookies: null
2026-02-11 16:04:27.955 22094-23133 MediaHTTPConnection     com.lagradost.cloudstream3           I  [0] - setReadTimeout and setConnectTimeout with 8000ms
2026-02-11 16:04:27.958 22094-22138 SurfaceView             com.lagradost.cloudstream3           D  42404073 updateSurfacePosition RenderWorker, frameNr = 3254, position = [0, 301, 1440, 1051] surfaceSize = 1440x750
2026-02-11 16:04:27.958 22094-22138 SV[4240407...nActivity] com.lagradost.cloudstream3           I  uSP: rtp = Rect(0, 301 - 1440, 1051) rtsw = 1440 rtsh = 750
2026-02-11 16:04:27.958 22094-22138 SV[4240407...nActivity] com.lagradost.cloudstream3           I  onSSPAndSRT: pl = 0 pt = 301 sx = 1.0 sy = 1.0
2026-02-11 16:04:27.958 22094-22138 SV[4240407...nActivity] com.lagradost.cloudstream3           I  aOrMT: VRI[MainActivity]@e9225f t = android.view.SurfaceControl$Transaction@cd7ad10 fN = 3254 android.view.SurfaceView.-$$Nest$mapplyOrMergeTransaction:0 android.view.SurfaceView$SurfaceViewPositionUpdateListener.positionChanged:1932 android.graphics.RenderNode$CompositePositionUpdateListener.positionChanged:401
2026-02-11 16:04:27.959 22094-22138 VRI[MainAc...ty]@e9225f com.lagradost.cloudstream3           I  mWNT: t=0xb400007866295500 mBlastBufferQueue=0xb400007b51a57000 fn= 3254 HdrRenderState mRenderHdrSdrRatio=1.0 caller= android.view.SurfaceView.applyOrMergeTransaction:1863 android.view.SurfaceView.-$$Nest$mapplyOrMergeTransaction:0 android.view.SurfaceView$SurfaceViewPositionUpdateListener.positionChanged:1932
2026-02-11 16:04:27.959 22094-22138 SurfaceView             com.lagradost.cloudstream3           D  47521992 updateSurfacePosition RenderWorker, frameNr = 3254, position = [392, 72, 2696, 1368] surfaceSize = 2560x1440
2026-02-11 16:04:27.959 22094-22138 SV[4752199...nActivity] com.lagradost.cloudstream3           I  uSP: rtp = Rect(392, 72 - 2696, 1368) rtsw = 2560 rtsh = 1440
2026-02-11 16:04:27.959 22094-22138 SV[4752199...nActivity] com.lagradost.cloudstream3           I  onSSPAndSRT: pl = 392 pt = 72 sx = 0.9 sy = 0.9
2026-02-11 16:04:27.959 22094-22138 SV[4752199...nActivity] com.lagradost.cloudstream3           I  aOrMT: VRI[MainActivity]@e9225f t = android.view.SurfaceControl$Transaction@265ee1e fN = 3254 android.view.SurfaceView.-$$Nest$mapplyOrMergeTransaction:0 android.view.SurfaceView$SurfaceViewPositionUpdateListener.positionChanged:1932 android.graphics.RenderNode$CompositePositionUpdateListener.positionChanged:401
2026-02-11 16:04:27.959 22094-22138 VRI[MainAc...ty]@e9225f com.lagradost.cloudstream3           I  mWNT: t=0xb400007b40508f00 mBlastBufferQueue=0xb400007b51a57000 fn= 3254 HdrRenderState mRenderHdrSdrRatio=1.0 caller= android.view.SurfaceView.applyOrMergeTransaction:1863 android.view.SurfaceView.-$$Nest$mapplyOrMergeTransaction:0 android.view.SurfaceView$SurfaceViewPositionUpdateListener.positionChanged:1932
2026-02-11 16:04:27.960 22094-22094 SV[4752199...nActivity] com.lagradost.cloudstream3           I  onWindowVisibilityChanged(8) false android.view.SurfaceView{2d520c8 V.E...... ........ 0,0-2560,1440} of VRI[MainActivity]@e9225f
2026-02-11 16:04:27.960 22094-22094 SurfaceView             com.lagradost.cloudstream3           I  47521992 Changes: creating=false format=false size=false visible=true alpha=false hint=false left=false top=false z=false attached=true lifecycleStrategy=false
2026-02-11 16:04:27.960 22094-22094 SurfaceView             com.lagradost.cloudstream3           I  47521992 Cur surface: Surface(name=null mNativeObject=-5476376629773629184)/@0x5939971
2026-02-11 16:04:27.960 22094-22094 SurfaceComposerClient   com.lagradost.cloudstream3           D  setCornerRadius ## 2d520c8 SurfaceView[com.lagradost.cloudstream3/com.lagradost.cloudstream3.MainActivity]@0#249819 cornerRadius=0.000000
2026-02-11 16:04:27.960 22094-22094 SV[4752199...nActivity] com.lagradost.cloudstream3           I  updateSurface: mVisible = false mSurface.isValid() = true
2026-02-11 16:04:27.960 22094-22094 SV[4752199...nActivity] com.lagradost.cloudstream3           I  updateSurface: mSurfaceCreated = true surfaceChanged = false visibleChanged = true
2026-02-11 16:04:27.960 22094-22094 SurfaceView             com.lagradost.cloudstream3           V  Layout: x=264 y=0 w=2560 h=1440, frame=Rect(0, 0 - 2560, 1440)
2026-02-11 16:04:27.960 22094-22094 SurfaceView             com.lagradost.cloudstream3           I  47521992 Detaching SV
2026-02-11 16:04:27.960 22094-22094 SurfaceView             com.lagradost.cloudstream3           I  47521992 Changes: creating=false format=false size=false visible=false alpha=false hint=false left=false top=false z=false attached=false lifecycleStrategy=false
2026-02-11 16:04:27.960 22094-22094 SurfaceView             com.lagradost.cloudstream3           I  47521992 Cur surface: Surface(name=null mNativeObject=-5476376629773629184)/@0x5939971
2026-02-11 16:04:27.960 22094-22094 SurfaceComposerClient   com.lagradost.cloudstream3           D  setCornerRadius ## 2d520c8 SurfaceView[com.lagradost.cloudstream3/com.lagradost.cloudstream3.MainActivity]@0#249819 cornerRadius=0.000000
2026-02-11 16:04:27.960 22094-22094 SurfaceView             com.lagradost.cloudstream3           I  47521992 surfaceDestroyed
2026-02-11 16:04:27.960 22094-22094 SV[4752199...nActivity] com.lagradost.cloudstream3           I  surfaceDestroyed callback.size 1 #4 android.view.SurfaceView{2d520c8 V.E...... ........ 0,0-2560,1440}
2026-02-11 16:04:27.961 22094-23096 libc                    com.lagradost.cloudstream3           W  Access denied finding property "vendor.display.enable_optimal_refresh_rate"
2026-02-11 16:04:27.961 22094-23096 SurfaceUtils            com.lagradost.cloudstream3           D  connecting to surface 0xb400007866d81510, reason connectToSurface
2026-02-11 16:04:27.961 22094-23096 MediaCodec              com.lagradost.cloudstream3           I  [c2.qti.avc.decoder] setting surface generation to 22624258
2026-02-11 16:04:27.961 22094-23096 SurfaceUtils            com.lagradost.cloudstream3           D  disconnecting from surface 0xb400007866d81510, reason connectToSurface(reconnect)
2026-02-11 16:04:27.961 22094-23096 SurfaceUtils            com.lagradost.cloudstream3           D  connecting to surface 0xb400007866d81500, reason connectToSurface(reconnect-with-listener)
2026-02-11 16:04:27.961 22094-23096 Codec2-Out...ufferQueue com.lagradost.cloudstream3           D  remote graphic buffer migration 17/17
2026-02-11 16:04:27.962 22094-23096 Codec2Client            com.lagradost.cloudstream3           D  setOutputSurface -- failed to set consumer usage (6/BAD_INDEX)
2026-02-11 16:04:27.962 22094-23096 Codec2Client            com.lagradost.cloudstream3           D  setOutputSurface -- generation=22624258 consumer usage=0x900
2026-02-11 16:04:27.971 22094-23096 Codec2Client            com.lagradost.cloudstream3           D  Surface configure completed
2026-02-11 16:04:27.971 22094-23096 SurfaceUtils            com.lagradost.cloudstream3           D  disconnecting from surface 0xb4000078670e2210, reason disconnectFromSurface
2026-02-11 16:04:27.972 22094-22094 SV[4752199...nActivity] com.lagradost.cloudstream3           I  updateSurface: mVisible = false mSurface.isValid() = true
2026-02-11 16:04:27.973 22094-22094 SV[4752199...nActivity] com.lagradost.cloudstream3           I  releaseSurfaces: viewRoot = VRI[MainActivity]@e9225f
2026-02-11 16:04:27.973 22094-22094 SurfaceView             com.lagradost.cloudstream3           V  Layout: x=264 y=0 w=2560 h=1440, frame=Rect(0, 0 - 2560, 1440)
2026-02-11 16:04:27.973 22094-22094 SV[4752199...nActivity] com.lagradost.cloudstream3           I  onDetachedFromWindow: tryReleaseSurfaces()
2026-02-11 16:04:27.973 22094-22094 SV[4752199...nActivity] com.lagradost.cloudstream3           I  releaseSurfaces: viewRoot = VRI[MainActivity]@e9225f
2026-02-11 16:04:27.974 22094-22152 SYNCVM                  com.lagradost.cloudstream3           I  updateUserData
2026-02-11 16:04:27.978 22094-22094 CS3ExoPlayer            com.lagradost.cloudstream3           I  releasePlayer
2026-02-11 16:04:27.978 22094-22094 CS3ExoPlayer            com.lagradost.cloudstream3           I  Handle event: PositionEvent(source=Player, fromMs=3056, toMs=3056, durationMs=6320150)
2026-02-11 16:04:27.979 22094-23096 CCodec                  com.lagradost.cloudstream3           I  [c2.qti.avc.decoder] state->set(FLUSHING)
2026-02-11 16:04:27.979 22094-22094 CS3ExoPlayer            com.lagradost.cloudstream3           I  Handle event: StatusEvent(wasPlaying=IsPaused, isPlaying=IsPaused, source=Player)
2026-02-11 16:04:27.981 22094-22094 ExoPlayerImpl           com.lagradost.cloudstream3           I  Release b58e8fd [AndroidXMedia3/1.8.0] [dm3q, SM-S918B, samsung, 36] [media3.common, media3.ui, media3.exoplayer.hls, media3.exoplayer, media3.decoder, media3.database, media3.session, media3.datasource, media3.datasource.okhttp, media3.extractor, media3.decoder.ffmpeg]
2026-02-11 16:04:27.987 22094-23097 CCodec                  com.lagradost.cloudstream3           I  [c2.qti.avc.decoder] state->set(FLUSHED)
2026-02-11 16:04:27.987 22094-23097 CCodecBufferChannel     com.lagradost.cloudstream3           D  [c2.qti.avc.decoder#252] Discard frames from previous generation.
2026-02-11 16:04:27.987 22094-23097 CCodecBufferChannel     com.lagradost.cloudstream3           D  [c2.qti.avc.decoder#252] Discard frames from previous generation.
2026-02-11 16:04:27.987 22094-23097 CCodecBufferChannel     com.lagradost.cloudstream3           D  [c2.qti.avc.decoder#252] Discard frames from previous generation.
2026-02-11 16:04:27.987 22094-23097 CCodecBufferChannel     com.lagradost.cloudstream3           D  [c2.qti.avc.decoder#252] Discard frames from previous generation.
2026-02-11 16:04:27.987 22094-23076 MediaCodec              com.lagradost.cloudstream3           D  keep callback message for reclaim
2026-02-11 16:04:27.987 22094-23096 CCodec                  com.lagradost.cloudstream3           I  [c2.qti.avc.decoder] state->set(RESUMING)
2026-02-11 16:04:27.988 22094-23096 CCodecConfig            com.lagradost.cloudstream3           I  query failed after returning 16 values (BAD_INDEX)
2026-02-11 16:04:27.988 22094-23097 CCodecBufferChannel     com.lagradost.cloudstream3           D  [c2.qti.avc.decoder#252] flushed work; ignored.
2026-02-11 16:04:27.988 22094-23097 CCodecBufferChannel     com.lagradost.cloudstream3           D  [c2.qti.avc.decoder#252] Discard frames from previous generation.
2026-02-11 16:04:27.988 22094-23097 CCodecBufferChannel     com.lagradost.cloudstream3           D  [c2.qti.avc.decoder#252] flushed work; ignored.
2026-02-11 16:04:27.988 22094-23097 CCodecBufferChannel     com.lagradost.cloudstream3           D  [c2.qti.avc.decoder#252] Discard frames from previous generation.
2026-02-11 16:04:27.988 22094-23097 CCodecBufferChannel     com.lagradost.cloudstream3           D  [c2.qti.avc.decoder#252] flushed work; ignored.
2026-02-11 16:04:27.988 22094-23097 CCodecBufferChannel     com.lagradost.cloudstream3           D  [c2.qti.avc.decoder#252] Discard frames from previous generation.
2026-02-11 16:04:27.988 22094-23097 CCodecBufferChannel     com.lagradost.cloudstream3           D  [c2.qti.avc.decoder#252] flushed work; ignored.
2026-02-11 16:04:27.988 22094-23097 CCodecBufferChannel     com.lagradost.cloudstream3           D  [c2.qti.avc.decoder#252] Discard frames from previous generation.
2026-02-11 16:04:27.988 22094-23096 BufferPoolAccessor2.0   com.lagradost.cloudstream3           D  bufferpool2 0xb400007b5a0e0628 : 5(41943040 size) total buffers - 1(8388608 size) used buffers - 99/104 (recycle/alloc) - 6/104 (fetch/transfer)
2026-02-11 16:04:27.988 22094-23096 CCodecBufferChannel     com.lagradost.cloudstream3           I  [c2.qti.avc.decoder#252] 4 initial input buffers available
2026-02-11 16:04:27.988 22094-23096 Codec2Client            com.lagradost.cloudstream3           W  query -- param skipped: index = 1342179345.
2026-02-11 16:04:27.988 22094-23096 Codec2Client            com.lagradost.cloudstream3           W  query -- param skipped: index = 2415921170.
2026-02-11 16:04:27.988 22094-23096 Codec2Client            com.lagradost.cloudstream3           W  query -- param skipped: index = 1610614798.
2026-02-11 16:04:27.989 22094-23096 CCodec                  com.lagradost.cloudstream3           I  [c2.qti.avc.decoder] state->set(RUNNING)
2026-02-11 16:04:27.990 22094-23125 CCodec                  com.lagradost.cloudstream3           I  [c2.android.aac.decoder] state->set(FLUSHING)
2026-02-11 16:04:27.990 22094-23125 CCodec                  com.lagradost.cloudstream3           I  [c2.android.aac.decoder] state->set(FLUSHED)
2026-02-11 16:04:27.990 22094-23076 MediaCodec              com.lagradost.cloudstream3           D  keep callback message for reclaim
2026-02-11 16:04:27.991 22094-23125 CCodec                  com.lagradost.cloudstream3           I  [c2.android.aac.decoder] state->set(RESUMING)
2026-02-11 16:04:27.991 22094-23125 CCodecConfig            com.lagradost.cloudstream3           I  query failed after returning 21 values (BAD_INDEX)
2026-02-11 16:04:27.991 22094-23125 BufferPoolAccessor2.0   com.lagradost.cloudstream3           D  bufferpool2 0xb400007b51d61828 : 5(40960 size) total buffers - 1(8192 size) used buffers - 159/164 (recycle/alloc) - 5/163 (fetch/transfer)
2026-02-11 16:04:27.991 22094-23125 CCodecBufferChannel     com.lagradost.cloudstream3           I  [c2.android.aac.decoder#672] 4 initial input buffers available
2026-02-11 16:04:27.995 22094-23125 Codec2Client            com.lagradost.cloudstream3           W  query -- param skipped: index = 1342179345.
2026-02-11 16:04:27.995 22094-23125 Codec2Client            com.lagradost.cloudstream3           W  query -- param skipped: index = 2415921170.
2026-02-11 16:04:27.995 22094-23125 Codec2Client            com.lagradost.cloudstream3           W  query -- param skipped: index = 1610614798.
2026-02-11 16:04:27.995 22094-23125 CCodec                  com.lagradost.cloudstream3           I  [c2.android.aac.decoder] state->set(RUNNING)
2026-02-11 16:04:27.996 22094-23096 MediaCodec              com.lagradost.cloudstream3           I  [c2.qti.avc.decoder] connecting to the same surface. Nothing to do.
2026-02-11 16:04:27.996 22094-23096 CCodec                  com.lagradost.cloudstream3           I  [c2.qti.avc.decoder] state->set(RELEASING)
2026-02-11 16:04:27.997 22094-23096 CCodecBufferChannel     com.lagradost.cloudstream3           D  [c2.qti.avc.decoder#252] MediaCodec discarded an unknown buffer
2026-02-11 16:04:27.997 22094-23096 CCodecBufferChannel     com.lagradost.cloudstream3           D  [c2.qti.avc.decoder#252] MediaCodec discarded an unknown buffer
2026-02-11 16:04:27.997 22094-23096 CCodecBufferChannel     com.lagradost.cloudstream3           D  [c2.qti.avc.decoder#252] MediaCodec discarded an unknown buffer
2026-02-11 16:04:27.997 22094-23096 CCodecBufferChannel     com.lagradost.cloudstream3           D  [c2.qti.avc.decoder#252] MediaCodec discarded an unknown buffer
2026-02-11 16:04:27.997 22094-23201 CCodec                  com.lagradost.cloudstream3           I  [release][3409] surface -> component
2026-02-11 16:04:27.998 22094-23125 CCodec                  com.lagradost.cloudstream3           I  [c2.android.aac.decoder] state->set(RELEASING)
2026-02-11 16:04:27.999 22094-23125 CCodecBufferChannel     com.lagradost.cloudstream3           D  [c2.android.aac.decoder#672] MediaCodec discarded an unknown buffer
2026-02-11 16:04:27.999 22094-23202 CCodec                  com.lagradost.cloudstream3           I  [release][3409] surface -> component
2026-02-11 16:04:27.999 22094-23125 CCodecBufferChannel     com.lagradost.cloudstream3           D  [c2.android.aac.decoder#672] MediaCodec discarded an unknown buffer
2026-02-11 16:04:27.999 22094-23125 CCodecBufferChannel     com.lagradost.cloudstream3           D  [c2.android.aac.decoder#672] MediaCodec discarded an unknown buffer
2026-02-11 16:04:27.999 22094-23125 CCodecBufferChannel     com.lagradost.cloudstream3           D  [c2.android.aac.decoder#672] MediaCodec discarded an unknown buffer
2026-02-11 16:04:28.003 22094-23202 CCodec                  com.lagradost.cloudstream3           I  [c2.android.aac.decoder] state->set(RELEASED)
2026-02-11 16:04:28.003 22094-23125 Codec2Client            com.lagradost.cloudstream3           I  Component destructing
2026-02-11 16:04:28.003 22094-23125 hw-BpHwBinder           com.lagradost.cloudstream3           I  onLastStrongRef automatically unlinking death recipients
2026-02-11 16:04:28.003 22094-22094 CS3ExoPlayer            com.lagradost.cloudstream3           I  Handle event: PlayerAttachedEvent(player=null, source=Player)
2026-02-11 16:04:28.003 22094-23125 MediaCodec              com.lagradost.cloudstream3           I  Codec shutdown complete
2026-02-11 16:04:28.004 22094-23201 CCodec                  com.lagradost.cloudstream3           I  [c2.qti.avc.decoder] state->set(RELEASED)
2026-02-11 16:04:28.004 22094-22094 MediaSessionImpl        com.lagradost.cloudstream3           I  Release 97e433e [AndroidXMedia3/1.8.0] [dm3q, SM-S918B, samsung, 36] [media3.common, media3.ui, media3.exoplayer.hls, media3.exoplayer, media3.decoder, media3.database, media3.session, media3.datasource, media3.datasource.okhttp, media3.extractor, media3.decoder.ffmpeg]
2026-02-11 16:04:28.004 22094-23096 SurfaceUtils            com.lagradost.cloudstream3           D  disconnecting from surface 0xb400007866d81510, reason disconnectFromSurface
2026-02-11 16:04:28.005 22094-23096 MediaCodec              com.lagradost.cloudstream3           I  Codec shutdown complete
2026-02-11 16:04:28.005 22094-23201 Codec2Client            com.lagradost.cloudstream3           I  Component destructing
2026-02-11 16:04:28.005 22094-23201 hw-BpHwBinder           com.lagradost.cloudstream3           I  onLastStrongRef automatically unlinking death recipients
2026-02-11 16:04:28.008 22094-22094 ExoPlayerImplInternal   com.lagradost.cloudstream3           W  Ignoring messages sent after release.
2026-02-11 16:04:28.010 22094-23096 CCodecBufferChannel     com.lagradost.cloudstream3           I  CCodecBufferChannel destructing c2.qti.avc.decoder#252
2026-02-11 16:04:28.011 22094-22094 BLASTBufferQueue_Java   com.lagradost.cloudstream3           I  update, w= 1440 h= 3088 mName = VRI[MainActivity]@e9225f mNativeObject= 0xb400007b51a57000 sc.mNativeObject= 0xb4000078443ec540 format= -3 caller= android.view.ViewRootImpl.updateBlastSurfaceIfNeeded:3574 android.view.ViewRootImpl.relayoutWindow:11685 android.view.ViewRootImpl.performTraversals:4804 android.view.ViewRootImpl.doTraversal:3924 android.view.ViewRootImpl$TraversalRunnable.run:12903 android.view.Choreographer$CallbackRecord.run:1901
2026-02-11 16:04:28.011 22094-22094 VRI[MainAc...ty]@e9225f com.lagradost.cloudstream3           I  Relayout returned: old=(0,0,1440,3088) new=(0,0,1440,3088) relayoutAsync=true req=(1440,3088)0 dur=1 res=0x0 s={true 0xb400007b404d2000} ch=false seqId=0
2026-02-11 16:04:28.011 22094-22094 VRI[MainAc...ty]@e9225f com.lagradost.cloudstream3           I  updateBoundsLayer: t=android.view.SurfaceControl$Transaction@6496efb sc=Surface(name=Bounds for - com.lagradost.cloudstream3/com.lagradost.cloudstream3.MainActivity@0)/@0xe36eb18 frame=3255
2026-02-11 16:04:28.012 22094-22094 VRI[MainAc...ty]@e9225f com.lagradost.cloudstream3           I  registerCallbackForPendingTransactions
2026-02-11 16:04:28.012 22094-23125 CCodecBufferChannel     com.lagradost.cloudstream3           I  CCodecBufferChannel destructing c2.android.aac.decoder#672
2026-02-11 16:04:28.013 22094-22138 SurfaceView             com.lagradost.cloudstream3           D  31176541 windowPositionLost, frameNr = 3255
2026-02-11 16:04:28.013 22094-22190 VRI[MainAc...ty]@e9225f com.lagradost.cloudstream3           I  mWNT: t=0xb4000078662acd80 mBlastBufferQueue=0xb400007b51a57000 fn= 3255 HdrRenderState mRenderHdrSdrRatio=1.0 caller= android.view.ViewRootImpl$10.onFrameDraw:6536 android.view.ViewRootImpl$4.onFrameDraw:2489 android.view.ThreadedRenderer$1.onFrameDraw:718
2026-02-11 16:04:28.013 22094-22094 InsetsSourceConsumer    com.lagradost.cloudstream3           I  applyRequestedVisibilityToControl: visible=true, type=navigationBars, host=com.lagradost.cloudstream3/com.lagradost.cloudstream3.MainActivity
2026-02-11 16:04:28.075 22094-23133 MediaHTTPConnection     com.lagradost.cloudstream3           I  [0] - response code = 200
2026-02-11 16:04:29.372 22094-23175 MediaHTTPConnection     com.lagradost.cloudstream3           I  [1811496] - setReadTimeout and setConnectTimeout with 8000ms
2026-02-11 16:04:29.860 22094-22094 VRI[MainAc...ty]@e9225f com.lagradost.cloudstream3           I  handleAppVisibility mAppVisible = true visible = false
2026-02-11 16:04:29.860 22094-22094 VRI[MainAc...ty]@e9225f com.lagradost.cloudstream3           D  visibilityChanged oldVisibility=true newVisibility=false
2026-02-11 16:04:29.869 22094-22094 SV[4240407...nActivity] com.lagradost.cloudstream3           I  onWindowVisibilityChanged(8) false android.view.SurfaceView{28708e9 V.E...... ........ 0,0-1440,750} of VRI[MainActivity]@e9225f
2026-02-11 16:04:29.869 22094-22094 SurfaceView             com.lagradost.cloudstream3           I  42404073 Changes: creating=false format=false size=false visible=true alpha=false hint=false left=false top=false z=false attached=true lifecycleStrategy=false
2026-02-11 16:04:29.869 22094-22094 SurfaceView             com.lagradost.cloudstream3           I  42404073 Cur surface: Surface(name=null mNativeObject=-5476376629772222208)/@0x12a8aa4
2026-02-11 16:04:29.869 22094-22094 SurfaceComposerClient   com.lagradost.cloudstream3           D  setCornerRadius ## 28708e9 SurfaceView[com.lagradost.cloudstream3/com.lagradost.cloudstream3.MainActivity]@0#249853 cornerRadius=0.000000
2026-02-11 16:04:29.869 22094-22094 SV[4240407...nActivity] com.lagradost.cloudstream3           I  updateSurface: mVisible = false mSurface.isValid() = true
2026-02-11 16:04:29.869 22094-22094 SV[4240407...nActivity] com.lagradost.cloudstream3           I  updateSurface: mSurfaceCreated = true surfaceChanged = false visibleChanged = true
2026-02-11 16:04:29.869 22094-22094 SurfaceView             com.lagradost.cloudstream3           V  Layout: x=0 y=301 w=1440 h=750, frame=Rect(0, 0 - 1440, 750)
