2026-02-12 10:26:50.852 11134-11134 VRI[MainAc...y]@6e506b9 com.lagradost.cloudstream3           I  ViewPostIme pointer 0
2026-02-12 10:26:50.864 11134-11134 VRI[MainAc...y]@6e506b9 com.lagradost.cloudstream3           I  call setFrameRateCategory for touch hint category=high hint, reason=touch, vri=VRI[MainActivity]@6e506b9
2026-02-12 10:26:50.892 11134-11134 VRI[MainAc...y]@6e506b9 com.lagradost.cloudstream3           I  ViewPostIme pointer 1
2026-02-12 10:26:50.921 11134-11134 CS3ExoPlayer            com.lagradost.cloudstream3           I  newInstance = {}
2026-02-12 10:26:50.921 11134-11134 NavComponent            com.lagradost.cloudstream3           I  Navigating to fragment: 2131362284
2026-02-12 10:26:50.929 11134-11134 ImeTracker              com.lagradost.cloudstream3           I  com.lagradost.cloudstream3:3092ee91: onRequestHide at ORIGIN_CLIENT reason HIDE_SOFT_INPUT fromUser false
2026-02-12 10:26:50.929 11134-11134 InputMethodManager_LC   com.lagradost.cloudstream3           I  hsifw() - flag : 0
2026-02-12 10:26:50.930 11134-11134 InputMethodManager_LC   com.lagradost.cloudstream3           I  hsifw() - mService.hideSoftInput
2026-02-12 10:26:50.930 11134-11134 InsetsController        com.lagradost.cloudstream3           D  hide(ime(), fromIme=false)
2026-02-12 10:26:50.930 11134-11134 ImeTracker              com.lagradost.cloudstream3           I  com.lagradost.cloudstream3:3092ee91: onCancelled at PHASE_CLIENT_ALREADY_HIDDEN
2026-02-12 10:26:50.937 11134-11134 CS3ExoPlayer            com.lagradost.cloudstream3           I  onStop
2026-02-12 10:26:50.937 11134-11134 CS3ExoPlayer            com.lagradost.cloudstream3           I  saveData
2026-02-12 10:26:50.937 11134-11134 CS3ExoPlayer            com.lagradost.cloudstream3           I  handleEvent Pause
2026-02-12 10:26:50.941 11134-11134 CS3ExoPlayer            com.lagradost.cloudstream3           I  unwrapBundle = null
2026-02-12 10:26:50.941 11134-11134 CS3ExoPlayer            com.lagradost.cloudstream3           I  unwrapBundle = Bundle[{resumePosition=0, syncData={}}]
2026-02-12 10:26:50.949 11134-11134 SurfaceView             com.lagradost.cloudstream3           D  45874751 updateSurface: has no frame
2026-02-12 10:26:50.994 11134-11134 SV[4587475...nActivity] com.lagradost.cloudstream3           I  onWindowVisibilityChanged(0) true android.view.SurfaceView{2bbfe3f V.E...... ......I. 0,0-0,0} of VRI[MainActivity]@6e506b9
2026-02-12 10:26:50.994 11134-11134 SurfaceView             com.lagradost.cloudstream3           D  45874751 updateSurface: has no frame
2026-02-12 10:26:51.000 11134-11134 CS3ExoPlayer            com.lagradost.cloudstream3           I  SET STYLE = SaveCaptionStyle(foregroundColor=-1, backgroundColor=0, windowColor=0, edgeType=1, edgeColor=-16777216, typeface=null, typefaceFilePath=null, elevation=20, fixedTextSize=null, edgeSize=null, removeCaptions=false, removeBloat=true, upperCase=false, bold=false, italic=false, backgroundRadius=null)
2026-02-12 10:26:51.008 11134-11134 CS3ExoPlayer            com.lagradost.cloudstream3           I  unwrapBundle = null
2026-02-12 10:26:51.008 11134-11134 CS3ExoPlayer            com.lagradost.cloudstream3           I  unwrapBundle = Bundle[{resumePosition=0, syncData={}}]
2026-02-12 10:26:51.008 11134-11134 PlayViewGen             com.lagradost.cloudstream3           I  loadLinks
2026-02-12 10:26:51.010 11134-11202 SYNCVM                  com.lagradost.cloudstream3           I  updateUserData
2026-02-12 10:26:51.011 11134-11134 CS3ExoPlayer            com.lagradost.cloudstream3           I  setActiveSubtitles 0
2026-02-12 10:26:51.011 11134-11134 CS3ExoPlayer            com.lagradost.cloudstream3           I  autoSelectFromSettings = null
2026-02-12 10:26:51.014 11134-11202 ArabseedV2              com.lagradost.cloudstream3           D  [loadLinks] START data='https://asd.pics/%d9%81%d9%8a%d9%84%d9%85-%d8%b3%d9%86%d9%88-%d9%88%d8%a7%d9%8a%...'
2026-02-12 10:26:51.015 11134-11202 RequestQueue            com.lagradost.cloudstream3           D  [enqueue] Request is LEADER | domain=asd.pics, url=https://asd.pics/%d9%81%d9%8a%d9%84%d9%85-%d8%b3%d9%86%d9%88-%d9%88%d8%a7%d9%8a%
2026-02-12 10:26:51.015 11134-11202 ProviderSession         com.lagradost.cloudstream3           D  [buildHeaders] Building request headers | domain=asd.pics, cookieCount=9, hasClearance=true, isValid=true, uaHash=1541428330
2026-02-12 10:26:51.015 11134-11202 ProviderSession         com.lagradost.cloudstream3           D  [buildHeaders] Cookie header set | keys=[cf_clearance, dom3ic8zudi28v8lr6fgphwffqoz0j6c, sb_page_6f4f5c3f5bfa5f5651799c658cb3556b, sb_main_6f4f5c3f5bfa5f5651799c658cb3556b, sb_count_6f4f5c3f5bfa5f5651799c658cb3556b, pp_main_6710543788e9f02584f3584d5416d1e3, _ga_D8NNSFR7SN, _ga, pbpr0tpuw4isk85t8yg3jb2lj5vqf]
2026-02-12 10:26:51.016 11134-11202 ProviderHttp            com.lagradost.cloudstream3           D  [executeDirectRequest] Executing HTTP request | url=https://asd.pics/%d9%81%d9%8a%d9%84%d9%85-%d8%b3%d9%86%d9%88-%d9%88%d8%a7%d9%8a%, domain=asd.pics, hasCookie=true, cookieKeys=[cf_clearance, dom3ic8zudi28v8lr6fgphwffqoz0j6c, sb_page_6f4f5c3f5bfa5f5651799c658cb3556b, sb_main_6f4f5c3f5bfa5f5651799c658cb3556b, sb_count_6f4f5c3f5bfa5f5651799c658cb3556b, pp_main_6710543788e9f02584f3584d5416d1e3, _ga_D8NNSFR7SN, _ga, pbpr0tpuw4isk85t8yg3jb2lj5vqf]
2026-02-12 10:26:51.061 11134-11134 CS3ExoPlayer            com.lagradost.cloudstream3           I  reloadPlayer
2026-02-12 10:26:51.061 11134-11134 CS3ExoPlayer            com.lagradost.cloudstream3           I  releasePlayer
2026-02-12 10:26:51.061 11134-11134 CS3ExoPlayer            com.lagradost.cloudstream3           I  Handle event: PlayerAttachedEvent(player=null, source=Player)
2026-02-12 10:26:51.063 11134-11134 InsetsController        com.lagradost.cloudstream3           D  Setting requestedVisibleTypes to -16 (was -9)
2026-02-12 10:26:51.063 11134-11134 InsetsController        com.lagradost.cloudstream3           I  setRequestedVisibleTypes: visible=false, mask=statusBars navigationBars captionBar, host=com.lagradost.cloudstream3/com.lagradost.cloudstream3.MainActivity, from=android.view.InsetsController.controlAnimationUnchecked:1604 android.view.InsetsController.applyAnimation:2416 android.view.InsetsController.applyAnimation:2343 android.view.InsetsController.hide:1540 android.view.InsetsController.hide:1450 android.view.ViewRootImpl.controlInsetsForCompatibility:4170 android.view.ViewRootImpl.performTraversals:4757 android.view.ViewRootImpl.doTraversal:3924 android.view.ViewRootImpl$TraversalRunnable.run:12903 android.view.Choreographer$CallbackRecord.run:1901
2026-02-12 10:26:51.063 11134-11134 InsetsController        com.lagradost.cloudstream3           I  controlAnimationUncheckedInner: Added types=statusBars navigationBars, animType=1, host=com.lagradost.cloudstream3/com.lagradost.cloudstream3.MainActivity, from=android.view.InsetsController.controlAnimationUnchecked:1608 android.view.InsetsController.applyAnimation:2416 android.view.InsetsController.applyAnimation:2343
2026-02-12 10:26:51.063 11134-11134 BLASTBufferQueue_Java   com.lagradost.cloudstream3           I  update, w= 1440 h= 3088 mName = VRI[MainActivity]@6e506b9 mNativeObject= 0xb400007b4686f000 sc.mNativeObject= 0xb400007a9d957f80 format= -3 caller= android.view.ViewRootImpl.updateBlastSurfaceIfNeeded:3574 android.view.ViewRootImpl.relayoutWindow:11685 android.view.ViewRootImpl.performTraversals:4804 android.view.ViewRootImpl.doTraversal:3924 android.view.ViewRootImpl$TraversalRunnable.run:12903 android.view.Choreographer$CallbackRecord.run:1901
2026-02-12 10:26:51.064 11134-11134 VRI[MainAc...y]@6e506b9 com.lagradost.cloudstream3           I  Relayout returned: old=(0,0,1440,3088) new=(0,0,1440,3088) relayoutAsync=true req=(1440,3088)0 dur=0 res=0x0 s={true 0xb400007b5b148000} ch=false seqId=0
2026-02-12 10:26:51.064 11134-11134 VRI[MainAc...y]@6e506b9 com.lagradost.cloudstream3           I  updateBoundsLayer: t=android.view.SurfaceControl$Transaction@afdfa4f sc=Surface(name=Bounds for - com.lagradost.cloudstream3/com.lagradost.cloudstream3.MainActivity@1)/@0xffc9caf frame=22
2026-02-12 10:26:51.064 11134-11134 SurfaceView             com.lagradost.cloudstream3           D  45874751 updateSurface: has no frame
2026-02-12 10:26:51.064 11134-11134 SurfaceView             com.lagradost.cloudstream3           I  45874751 Changes: creating=true format=true size=true visible=true alpha=false hint=false left=true top=true z=false attached=true lifecycleStrategy=true
2026-02-12 10:26:51.065 11134-11134 libc                    com.lagradost.cloudstream3           W  Access denied finding property "vendor.display.enable_optimal_refresh_rate"
2026-02-12 10:26:51.065 11134-11134 BufferQueueProducer     com.lagradost.cloudstream3           I  [](id:2b7e0000000d,api:0,p:0,c:11134) setDequeueTimeout:2077252342
2026-02-12 10:26:51.066 11134-11134 BLASTBufferQueue_Java   com.lagradost.cloudstream3           I  new BLASTBufferQueue, mName= 2bbfe3f SurfaceView[com.lagradost.cloudstream3/com.lagradost.cloudstream3.MainActivity]@0 mNativeObject= 0xb400007b46779000 caller= android.view.SurfaceView.createBlastSurfaceControls:1781 android.view.SurfaceView.updateSurface:1450 android.view.SurfaceView.lambda$new$0:280 android.view.SurfaceView.$r8$lambda$NfZyM_TG8F8lqzaOVZ7noREFjzU:0 android.view.SurfaceView$$ExternalSyntheticLambda1.onPreDraw:0 android.view.ViewTreeObserver.dispatchOnPreDraw:1229 android.view.ViewRootImpl.performTraversals:5448 android.view.ViewRootImpl.doTraversal:3924 android.view.ViewRootImpl$TraversalRunnable.run:12903 android.view.Choreographer$CallbackRecord.run:1901
2026-02-12 10:26:51.066 11134-11134 BLASTBufferQueue_Java   com.lagradost.cloudstream3           I  update, w= 1440 h= 3088 mName = 2bbfe3f SurfaceView[com.lagradost.cloudstream3/com.lagradost.cloudstream3.MainActivity]@0 mNativeObject= 0xb400007b46779000 sc.mNativeObject= 0xb400007b5b142e40 format= 4 caller= android.view.SurfaceView.createBlastSurfaceControls:1782 android.view.SurfaceView.updateSurface:1450 android.view.SurfaceView.lambda$new$0:280 android.view.SurfaceView.$r8$lambda$NfZyM_TG8F8lqzaOVZ7noREFjzU:0 android.view.SurfaceView$$ExternalSyntheticLambda1.onPreDraw:0 android.view.ViewTreeObserver.dispatchOnPreDraw:1229
2026-02-12 10:26:51.067 11134-11134 SurfaceView             com.lagradost.cloudstream3           I  45874751 Cur surface: Surface(name=null mNativeObject=0)/@0x4a638bc
2026-02-12 10:26:51.067 11134-11134 SurfaceComposerClient   com.lagradost.cloudstream3           D  setCornerRadius ## 2bbfe3f SurfaceView[com.lagradost.cloudstream3/com.lagradost.cloudstream3.MainActivity]@0#259884 cornerRadius=0.000000
2026-02-12 10:26:51.067 11134-11134 SV[4587475...nActivity] com.lagradost.cloudstream3           I  pST: sr = Rect(0, 0 - 1440, 3088) sw = 1440 sh = 3088
2026-02-12 10:26:51.067 11134-11134 SurfaceView             com.lagradost.cloudstream3           D  45874751 performSurfaceTransaction RenderWorker position = [0, 0, 1440, 3088] surfaceSize = 1440x3088
2026-02-12 10:26:51.067 11134-11134 libc                    com.lagradost.cloudstream3           W  Access denied finding property "vendor.display.enable_optimal_refresh_rate"
2026-02-12 10:26:51.067 11134-11134 SV[4587475...nActivity] com.lagradost.cloudstream3           I  updateSurface: mVisible = true mSurface.isValid() = true
2026-02-12 10:26:51.067 11134-11134 SV[4587475...nActivity] com.lagradost.cloudstream3           I  updateSurface: mSurfaceCreated = false surfaceChanged = true visibleChanged = true
2026-02-12 10:26:51.067 11134-11134 SurfaceView             com.lagradost.cloudstream3           I  45874751 visibleChanged -- surfaceCreated
2026-02-12 10:26:51.067 11134-11134 SV[4587475...nActivity] com.lagradost.cloudstream3           I  surfaceCreated 0 #8 android.view.SurfaceView{2bbfe3f V.E...... ......ID 0,0-1440,3088}
2026-02-12 10:26:51.067 11134-11134 SurfaceView             com.lagradost.cloudstream3           I  45874751 surfaceChanged -- format=4 w=1440 h=3088
2026-02-12 10:26:51.067 11134-11134 SV[4587475...nActivity] com.lagradost.cloudstream3           I  surfaceChanged (1440,3088) 0 #8 android.view.SurfaceView{2bbfe3f V.E...... ......ID 0,0-1440,3088}
2026-02-12 10:26:51.067 11134-11134 SurfaceView             com.lagradost.cloudstream3           I  45874751 surfaceRedrawNeeded
2026-02-12 10:26:51.068 11134-11134 SurfaceView             com.lagradost.cloudstream3           I  45874751 finishedDrawing
2026-02-12 10:26:51.068 11134-11134 SurfaceView             com.lagradost.cloudstream3           V  Layout: x=0 y=0 w=1440 h=3088, frame=Rect(0, 0 - 1440, 3088)
2026-02-12 10:26:51.068 11134-11134 VRI[MainAc...y]@6e506b9 com.lagradost.cloudstream3           I  registerCallbackForPendingTransactions
2026-02-12 10:26:51.069 11134-11176 SurfaceView             com.lagradost.cloudstream3           D  45874751 updateSurfacePosition RenderWorker, frameNr = 23, position = [72, 154, 1368, 2934] surfaceSize = 1440x3088
2026-02-12 10:26:51.069 11134-11176 SV[4587475...nActivity] com.lagradost.cloudstream3           I  uSP: rtp = Rect(72, 154 - 1368, 2934) rtsw = 1440 rtsh = 3088
2026-02-12 10:26:51.069 11134-11176 SV[4587475...nActivity] com.lagradost.cloudstream3           I  onSSPAndSRT: pl = 72 pt = 154 sx = 0.9 sy = 0.9002591
2026-02-12 10:26:51.069 11134-11176 SV[4587475...nActivity] com.lagradost.cloudstream3           I  aOrMT: VRI[MainActivity]@6e506b9 t = android.view.SurfaceControl$Transaction@15e61f9 fN = 23 android.view.SurfaceView.-$$Nest$mapplyOrMergeTransaction:0 android.view.SurfaceView$SurfaceViewPositionUpdateListener.positionChanged:1932 android.graphics.RenderNode$CompositePositionUpdateListener.positionChanged:401
2026-02-12 10:26:51.070 11134-11176 VRI[MainAc...y]@6e506b9 com.lagradost.cloudstream3           I  mWNT: t=0xb400007a8c72b700 mBlastBufferQueue=0xb400007b4686f000 fn= 23 HdrRenderState mRenderHdrSdrRatio=1.0 caller= android.view.SurfaceView.applyOrMergeTransaction:1863 android.view.SurfaceView.-$$Nest$mapplyOrMergeTransaction:0 android.view.SurfaceView$SurfaceViewPositionUpdateListener.positionChanged:1932
2026-02-12 10:26:51.071 11134-11134 CS3ExoPlayer            com.lagradost.cloudstream3           I  setActiveSubtitles 0
2026-02-12 10:26:51.071 11134-11134 CS3ExoPlayer            com.lagradost.cloudstream3           I  autoSelectFromSettings = null
2026-02-12 10:26:51.071 11134-11134 CS3ExoPlayer            com.lagradost.cloudstream3           I  releasePlayer
2026-02-12 10:26:51.071 11134-11134 CS3ExoPlayer            com.lagradost.cloudstream3           I  Handle event: PlayerAttachedEvent(player=null, source=Player)
2026-02-12 10:26:51.071 11134-11134 VRI[MainAc...y]@6e506b9 com.lagradost.cloudstream3           V  updateAppliedLetterboxDirection, direction=1, Caller=android.view.ViewRootImpl.handleDispatchLetterboxDirectionChanged:15753
2026-02-12 10:26:51.073 11134-11211 VRI[MainAc...y]@6e506b9 com.lagradost.cloudstream3           I  mWNT: t=0xb400007a8c72ba00 mBlastBufferQueue=0xb400007b4686f000 fn= 23 HdrRenderState mRenderHdrSdrRatio=1.0 caller= android.view.ViewRootImpl$10.onFrameDraw:6536 android.view.ViewRootImpl$4.onFrameDraw:2489 android.view.ThreadedRenderer$1.onFrameDraw:718
2026-02-12 10:26:51.077 11134-11134 ImeTracker              com.lagradost.cloudstream3           I  com.lagradost.cloudstream3:ad7443c3: onRequestHide at ORIGIN_CLIENT reason HIDE_SOFT_INPUT fromUser false
2026-02-12 10:26:51.077 11134-11134 InputMethodManager_LC   com.lagradost.cloudstream3           I  hsifw() - flag : 0
2026-02-12 10:26:51.077 11134-11134 InputMethodManager_LC   com.lagradost.cloudstream3           I  hsifw() - mService.hideSoftInput
2026-02-12 10:26:51.077 11134-11134 InsetsController        com.lagradost.cloudstream3           D  hide(ime(), fromIme=false)
2026-02-12 10:26:51.078 11134-11134 ImeTracker              com.lagradost.cloudstream3           I  com.lagradost.cloudstream3:ad7443c3: onCancelled at PHASE_CLIENT_ALREADY_HIDDEN
2026-02-12 10:26:51.078 11134-11134 InsetsController        com.lagradost.cloudstream3           I  onStateChanged: host=com.lagradost.cloudstream3/com.lagradost.cloudstream3.MainActivity, from=android.view.ViewRootImpl.onInsetsStateChanged:3026, state=InsetsState: {mDisplayFrame=Rect(0, 0 - 3088, 1440), mDisplayCutout=DisplayCutout{insets=Rect(100, 0 - 0, 0) waterfall=Insets{left=0, top=0, right=0, bottom=0} boundingRect={Bounds=[Rect(0, 684 - 100, 755), Rect(0, 0 - 0, 0), Rect(0, 0 - 0, 0), Rect(0, 0 - 0, 0)]} cutoutPathParserInfo={CutoutPathParserInfo{displayWidth=1440 displayHeight=3088 physicalDisplayWidth=1440 physicalDisplayHeight=3088 density={3.75} cutoutSpec={M 0,0 H -9.466666666666667 V 26.66666666666667‬ H 9.466666666666667 V 0 H 0 Z @dp} rotation={1} scale={1.0} physicalPixelDisplaySizeRatio={1.0}}} sideOverrides={}}, mRoundedCorners=RoundedCorners{[RoundedCorner{position=TopLeft, radius=15, center=Point(15, 15)}, RoundedCorner{position=TopRight, radius=15, center=Point(3073, 15)}, RoundedCorner{position=BottomRight, radius=15, center=Point(3073, 1425)}, RoundedCorner{position=BottomLeft, radius=15, center=Point(15, 1425)}]}  mRoundedCornerFrame=Rect(0, 0 - 3088, 1440), mPrivacyIndicatorBounds=PrivacyIndicatorBounds {static bounds=Rect(2923, 0 - 3088, 113) rotation=1}, mDisplayShape=DisplayShape{ spec=-311912193 displayWidth=1440 displayHeight=3088 physicalPixelDisplaySizeRatio=1.0 rotation=1 offsetX=0 offsetY=0 scale=1.0}, mSources= { InsetsSource: {3 mType=ime mFrame=[0,0][0,0] mVisible=false mFlags= mSideHint=NONE mBoundingRects=null}, InsetsSource: {7 mType=displayCutout mFrame=[0,0][100,1440] mVisible=true mFlags= mSideHint=LEFT mBoundingRects=null}, InsetsSource: {27660001 mType=navigationBars mFrame=[2908,0][3088,1440] mVisible=true mFlags= mSideHint=RIGHT mBoundingRects=null}, InsetsSource: {27660004 mType=systemGestures mFrame=[0,0][0,0] mVisible=true mFlags= mSideHint=NONE mBoundingRects=null}, InsetsSource: {27660005 mType=mandatorySystemGestures mFrame=[2908,0][3088,1440] mVisible=true mFlags= mSideHint=RIGHT mBoundingRects=null}, InsetsSource: {27660006 mType=tappableElement mFrame=[2908,0][3088,1440] mVisible=true mFlags= mSideHint=RIGHT mBoundingRects=null}, InsetsSource: {27660024 mType=systemGestures mFrame=[0,0][0,0] mVisible=true mFlags= mSideHint=NONE mBoundingRects=null}, InsetsSource: {41f30000 mType=statusBars mFrame=[0,0][3088,113] mVisible=true mFlags= mSideHint=TOP mBoundingRects=null}, InsetsSource: {41f30005 mType=mandatorySystemGestures mFrame=[0,0][3088,113] mVisible=true mFlags= mSideHint=TOP mBoundingRects=null}, InsetsSource: {41f30006 mType=tappableElement mFrame=[0,0][3088,113] mVisible=true mFlags= mSideHint=TOP mBoundingRects=null} }
2026-02-12 10:26:51.078 11134-11134 VRI[MainAc...y]@6e506b9 com.lagradost.cloudstream3           I  handleResized, frames=ClientWindowFrames{frame=[100,0][3088,1440] display=[100,0][3088,1440] parentFrame=[0,0][0,0]} displayId=0 dragResizing=false compatScale=1.0 frameChanged=true attachedFrameChanged=false configChanged=true displayChanged=false compatScaleChanged=false dragResizingChanged=false
2026-02-12 10:26:51.079 11134-11134 VRI[MainAc...y]@6e506b9 com.lagradost.cloudstream3           I  handleResized mSyncSeqId = 0
2026-02-12 10:26:51.079 11134-11134 VRI[MainAc...y]@6e506b9 com.lagradost.cloudstream3           D  reportNextDraw android.view.ViewRootImpl.handleResized:2983 android.view.ViewRootImpl.-$$Nest$mhandleResized:0 android.view.ViewRootImpl$W.resized:14082 android.app.servertransaction.WindowStateResizeItem.execute:93 android.app.servertransaction.WindowStateTransactionItem.execute:62
2026-02-12 10:26:51.080  2223-8318  TransitionChain         system_server                        E  Mismatch between current collecting (TransitionRecord{8168570 id=20052 type=CHANGE flags=0x0 c=[
                                                                                                       ChangeInfo{fe7bf15 container=ActivityRecord{25620958 u0 com.lagradost.cloudstream3/.MainActivity t27401} flags=0x0}
                                                                                                       ChangeInfo{7f19288 container=Display{#0 state=ON size=3088x1440 ROTATION_90} flags=0x0}
                                                                                                       ChangeInfo{122f22a container=Task{8d60175 #27401 type=standard A=10716:com.lagradost.cloudstream3} flags=0x0}
                                                                                                       ChangeInfo{826181b container=DefaultTaskDisplayArea_d0@238175141 flags=0x0}
                                                                                                    ]
                                                                                                    }) and chain (TransitionRecord{8168570 id=20052 type=CHANGE flags=0x0 c=[
                                                                                                       ChangeInfo{fe7bf15 container=ActivityRecord{25620958 u0 com.lagradost.cloudstream3/.MainActivity t27401} flags=0x0}
                                                                                                       ChangeInfo{7f19288 container=Display{#0 state=ON size=3088x1440 ROTATION_90} flags=0x0}
                                                                                                       ChangeInfo{122f22a container=Task{8d60175 #27401 type=standard A=10716:com.lagradost.cloudstream3} flags=0x0}
                                                                                                       ChangeInfo{826181b container=DefaultTaskDisplayArea_d0@238175141 flags=0x0}
                                                                                                    ]
                                                                                                    })
2026-02-12 10:26:51.080  2223-8318  TransitionChain         system_server                        E  Mismatch between current collecting (TransitionRecord{8168570 id=20052 type=CHANGE flags=0x0 c=[
                                                                                                       ChangeInfo{fe7bf15 container=ActivityRecord{25620958 u0 com.lagradost.cloudstream3/.MainActivity t27401} flags=0x0}
                                                                                                       ChangeInfo{7f19288 container=Display{#0 state=ON size=3088x1440 ROTATION_90} flags=0x0}
                                                                                                       ChangeInfo{122f22a container=Task{8d60175 #27401 type=standard A=10716:com.lagradost.cloudstream3} flags=0x0}
                                                                                                       ChangeInfo{826181b container=DefaultTaskDisplayArea_d0@238175141 flags=0x0}
                                                                                                    ]
                                                                                                    }) and chain (TransitionRecord{8168570 id=20052 type=CHANGE flags=0x0 c=[
                                                                                                       ChangeInfo{fe7bf15 container=ActivityRecord{25620958 u0 com.lagradost.cloudstream3/.MainActivity t27401} flags=0x0}
                                                                                                       ChangeInfo{7f19288 container=Display{#0 state=ON size=3088x1440 ROTATION_90} flags=0x0}
                                                                                                       ChangeInfo{122f22a container=Task{8d60175 #27401 type=standard A=10716:com.lagradost.cloudstream3} flags=0x0}
                                                                                                       ChangeInfo{826181b container=DefaultTaskDisplayArea_d0@238175141 flags=0x0}
                                                                                                    ]
                                                                                                    })
2026-02-12 10:26:51.083 11134-11134 InsetsController        com.lagradost.cloudstream3           I  onStateChanged: host=com.lagradost.cloudstream3/com.lagradost.cloudstream3.MainActivity, from=android.view.ViewRootImpl.onInsetsStateChanged:3026, state=InsetsState: {mDisplayFrame=Rect(0, 0 - 3088, 1440), mDisplayCutout=DisplayCutout{insets=Rect(100, 0 - 0, 0) waterfall=Insets{left=0, top=0, right=0, bottom=0} boundingRect={Bounds=[Rect(0, 684 - 100, 755), Rect(0, 0 - 0, 0), Rect(0, 0 - 0, 0), Rect(0, 0 - 0, 0)]} cutoutPathParserInfo={CutoutPathParserInfo{displayWidth=1440 displayHeight=3088 physicalDisplayWidth=1440 physicalDisplayHeight=3088 density={3.75} cutoutSpec={M 0,0 H -9.466666666666667 V 26.66666666666667‬ H 9.466666666666667 V 0 H 0 Z @dp} rotation={1} scale={1.0} physicalPixelDisplaySizeRatio={1.0}}} sideOverrides={}}, mRoundedCorners=RoundedCorners{[RoundedCorner{position=TopLeft, radius=15, center=Point(15, 15)}, RoundedCorner{position=TopRight, radius=15, center=Point(3073, 15)}, RoundedCorner{position=BottomRight, radius=15, center=Point(3073, 1425)}, RoundedCorner{position=BottomLeft, radius=15, center=Point(15, 1425)}]}  mRoundedCornerFrame=Rect(0, 0 - 3088, 1440), mPrivacyIndicatorBounds=PrivacyIndicatorBounds {static bounds=Rect(2923, 0 - 3088, 113) rotation=1}, mDisplayShape=DisplayShape{ spec=-311912193 displayWidth=1440 displayHeight=3088 physicalPixelDisplaySizeRatio=1.0 rotation=1 offsetX=0 offsetY=0 scale=1.0}, mSources= { InsetsSource: {3 mType=ime mFrame=[0,0][0,0] mVisible=false mFlags= mSideHint=NONE mBoundingRects=null}, InsetsSource: {7 mType=displayCutout mFrame=[0,0][100,1440] mVisible=true mFlags= mSideHint=LEFT mBoundingRects=null}, InsetsSource: {27660001 mType=navigationBars mFrame=[2908,0][3088,1440] mVisible=false mFlags= mSideHint=RIGHT mBoundingRects=null}, InsetsSource: {27660004 mType=systemGestures mFrame=[0,0][0,0] mVisible=true mFlags= mSideHint=NONE mBoundingRects=null}, InsetsSource: {27660005 mType=mandatorySystemGestures mFrame=[2908,0][3088,1440] mVisible=true mFlags= mSideHint=RIGHT mBoundingRects=null}, InsetsSource: {27660006 mType=tappableElement mFrame=[2908,0][3088,1440] mVisible=true mFlags= mSideHint=RIGHT mBoundingRects=null}, InsetsSource: {27660024 mType=systemGestures mFrame=[0,0][0,0] mVisible=true mFlags= mSideHint=NONE mBoundingRects=null}, InsetsSource: {41f30000 mType=statusBars mFrame=[0,0][3088,113] mVisible=false mFlags= mSideHint=TOP mBoundingRects=null}, InsetsSource: {41f30005 mType=mandatorySystemGestures mFrame=[0,0][3088,113] mVisible=true mFlags= mSideHint=TOP mBoundingRects=null}, InsetsSource: {41f30006 mType=tappableElement mFrame=[0,0][3088,113] mVisible=true mFlags= mSideHint=TOP mBoundingRects=null} }
2026-02-12 10:26:51.085 11134-11134 BLASTBufferQueue_Java   com.lagradost.cloudstream3           I  update, w= 3088 h= 1440 mName = VRI[MainActivity]@6e506b9 mNativeObject= 0xb400007b4686f000 sc.mNativeObject= 0xb400007ab6000980 format= -3 caller= android.view.ViewRootImpl.updateBlastSurfaceIfNeeded:3574 android.view.ViewRootImpl.relayoutWindow:11685 android.view.ViewRootImpl.performTraversals:4804 android.view.ViewRootImpl.doTraversal:3924 android.view.ViewRootImpl$TraversalRunnable.run:12903 android.view.Choreographer$CallbackRecord.run:1901
2026-02-12 10:26:51.085 11134-11134 VRI[MainAc...y]@6e506b9 com.lagradost.cloudstream3           I  Relayout returned: old=(100,0,3088,1440) new=(0,0,3088,1440) relayoutAsync=false req=(2988,1440)0 dur=6 res=0x1 s={true 0xb400007b5b148000} ch=false seqId=0
2026-02-12 10:26:51.086 11134-11134 VRI[MainAc...y]@6e506b9 com.lagradost.cloudstream3           D  mThreadedRenderer.updateSurface() mSurface={isValid=true 0xb400007b5b148000}
2026-02-12 10:26:51.086 11134-11134 VRI[MainAc...y]@6e506b9 com.lagradost.cloudstream3           I  updateBoundsLayer: t=android.view.SurfaceControl$Transaction@afdfa4f sc=Surface(name=Bounds for - com.lagradost.cloudstream3/com.lagradost.cloudstream3.MainActivity@1)/@0xffc9caf frame=25
2026-02-12 10:26:51.086 11134-11134 SurfaceView             com.lagradost.cloudstream3           I  45874751 Changes: creating=false format=false size=true visible=false alpha=false hint=true left=false top=false z=false attached=true lifecycleStrategy=false
2026-02-12 10:26:51.086 11134-11134 SurfaceView             com.lagradost.cloudstream3           I  45874751 Cur surface: Surface(name=null mNativeObject=-5476376619843091712)/@0x4a638bc
2026-02-12 10:26:51.086 11134-11134 SurfaceComposerClient   com.lagradost.cloudstream3           D  setCornerRadius ## 2bbfe3f SurfaceView[com.lagradost.cloudstream3/com.lagradost.cloudstream3.MainActivity]@0#259884 cornerRadius=0.000000
2026-02-12 10:26:51.088 11134-11134 BLASTBufferQueue_Java   com.lagradost.cloudstream3           I  update, w= 3088 h= 1440 mName = 2bbfe3f SurfaceView[com.lagradost.cloudstream3/com.lagradost.cloudstream3.MainActivity]@0 mNativeObject= 0xb400007b46779000 sc.mNativeObject= 0xb400007b5b142e40 format= 4 caller= android.view.SurfaceView.setBufferSize:1703 android.view.SurfaceView.performSurfaceTransaction:1238 android.view.SurfaceView.updateSurface:1467 android.view.SurfaceView.setFrame:716 android.view.View.layout:26931 android.widget.FrameLayout.layoutChildren:345
2026-02-12 10:26:51.088 11134-11134 SV[4587475...nActivity] com.lagradost.cloudstream3           I  pST: sr = Rect(0, 0 - 3088, 1440) sw = 3088 sh = 1440
2026-02-12 10:26:51.088 11134-11134 SurfaceView             com.lagradost.cloudstream3           D  45874751 performSurfaceTransaction RenderWorker position = [0, 0, 3088, 1440] surfaceSize = 3088x1440
2026-02-12 10:26:51.088 11134-11134 SV[4587475...nActivity] com.lagradost.cloudstream3           I  updateSurface: mVisible = true mSurface.isValid() = true
2026-02-12 10:26:51.088 11134-11134 SV[4587475...nActivity] com.lagradost.cloudstream3           I  updateSurface: mSurfaceCreated = true surfaceChanged = false visibleChanged = false
2026-02-12 10:26:51.088 11134-11134 SurfaceView             com.lagradost.cloudstream3           I  45874751 surfaceChanged -- format=4 w=3088 h=1440
2026-02-12 10:26:51.088 11134-11134 SV[4587475...nActivity] com.lagradost.cloudstream3           I  surfaceChanged (3088,1440) 0 #5 android.view.SurfaceView{2bbfe3f V.E...... ......ID 0,0-3088,1440}
2026-02-12 10:26:51.088 11134-11134 SurfaceView             com.lagradost.cloudstream3           I  45874751 surfaceRedrawNeeded
2026-02-12 10:26:51.089 11134-11134 SurfaceView             com.lagradost.cloudstream3           I  45874751 finishedDrawing
2026-02-12 10:26:51.089 11134-11134 SurfaceView             com.lagradost.cloudstream3           V  Layout: x=0 y=0 w=3088 h=1440, frame=Rect(0, 0 - 3088, 1440)
2026-02-12 10:26:51.089 11134-11134 VRI[MainAc...y]@6e506b9 com.lagradost.cloudstream3           D  reportNextDraw android.view.ViewRootImpl.performTraversals:5443 android.view.ViewRootImpl.doTraversal:3924 android.view.ViewRootImpl$TraversalRunnable.run:12903 android.view.Choreographer$CallbackRecord.run:1901 android.view.Choreographer$CallbackRecord.run:1910
2026-02-12 10:26:51.089 11134-11134 SurfaceView             com.lagradost.cloudstream3           I  225385104 Changes: creating=false format=false size=false visible=false alpha=false hint=true left=false top=false z=false attached=true lifecycleStrategy=false
2026-02-12 10:26:51.089 11134-11134 SurfaceView             com.lagradost.cloudstream3           I  225385104 Cur surface: Surface(name=null mNativeObject=-5476376619844136192)/@0x3e8cad
2026-02-12 10:26:51.089 11134-11134 SurfaceComposerClient   com.lagradost.cloudstream3           D  setCornerRadius ## d6f1a90 SurfaceView[com.lagradost.cloudstream3/com.lagradost.cloudstream3.MainActivity]@0#259873 cornerRadius=0.000000
2026-02-12 10:26:51.089 11134-11134 BLASTBufferQueue_Java   com.lagradost.cloudstream3           I  update, w= 1440 h= 750 mName = d6f1a90 SurfaceView[com.lagradost.cloudstream3/com.lagradost.cloudstream3.MainActivity]@0 mNativeObject= 0xb400007ab63d1000 sc.mNativeObject= 0xb400007b5b142840 format= 4 caller= android.view.SurfaceView.setBufferSize:1703 android.view.SurfaceView.performSurfaceTransaction:1238 android.view.SurfaceView.updateSurface:1467 android.view.SurfaceView.lambda$new$0:280 android.view.SurfaceView.$r8$lambda$NfZyM_TG8F8lqzaOVZ7noREFjzU:0 android.view.SurfaceView$$ExternalSyntheticLambda1.onPreDraw:0
2026-02-12 10:26:51.089 11134-11134 SV[2253851...nActivity] com.lagradost.cloudstream3           I  updateSurface: mVisible = true mSurface.isValid() = true
2026-02-12 10:26:51.090 11134-11134 SV[2253851...nActivity] com.lagradost.cloudstream3           I  updateSurface: mSurfaceCreated = true surfaceChanged = false visibleChanged = false
2026-02-12 10:26:51.090 11134-11134 SurfaceView             com.lagradost.cloudstream3           I  225385104 surfaceChanged -- format=4 w=1440 h=750
2026-02-12 10:26:51.090 11134-11134 SV[2253851...nActivity] com.lagradost.cloudstream3           I  surfaceChanged (1440,750) 0 #8 android.view.SurfaceView{d6f1a90 V.E...... ........ 0,0-1440,750}
2026-02-12 10:26:51.090 11134-11134 SurfaceView             com.lagradost.cloudstream3           I  225385104 surfaceRedrawNeeded
2026-02-12 10:26:51.090 11134-11134 SurfaceView             com.lagradost.cloudstream3           I  225385104 finishedDrawing
2026-02-12 10:26:51.090 11134-11134 SurfaceView             com.lagradost.cloudstream3           V  Layout: x=0 y=301 w=1440 h=750, frame=Rect(0, 0 - 1440, 750)
2026-02-12 10:26:51.090 11134-11134 VRI[MainAc...y]@6e506b9 com.lagradost.cloudstream3           D  Setup new sync=wmsSync-VRI[MainActivity]@6e506b9#39
2026-02-12 10:26:51.090 11134-11134 VRI[MainAc...y]@6e506b9 com.lagradost.cloudstream3           I  Creating new active sync group VRI[MainActivity]@6e506b9#40
2026-02-12 10:26:51.090 11134-11134 VRI[MainAc...y]@6e506b9 com.lagradost.cloudstream3           D  registerCallbacksForSync syncBuffer=false
2026-02-12 10:26:51.091 11134-11176 SurfaceView             com.lagradost.cloudstream3           D  225385104 updateSurfacePosition RenderWorker, frameNr = 25, position = [2, 304, 1438, 1053] surfaceSize = 1440x750
2026-02-12 10:26:51.091 11134-11176 SV[2253851...nActivity] com.lagradost.cloudstream3           I  uSP: rtp = Rect(2, 304 - 1438, 1053) rtsw = 1440 rtsh = 750
2026-02-12 10:26:51.091 11134-11176 SV[2253851...nActivity] com.lagradost.cloudstream3           I  onSSPAndSRT: pl = 2 pt = 304 sx = 0.99722224 sy = 0.99866664
2026-02-12 10:26:51.091 11134-11176 SV[2253851...nActivity] com.lagradost.cloudstream3           I  aOrMT: VRI[MainActivity]@6e506b9 t = android.view.SurfaceControl$Transaction@6eac16f fN = 25 android.view.SurfaceView.-$$Nest$mapplyOrMergeTransaction:0 android.view.SurfaceView$SurfaceViewPositionUpdateListener.positionChanged:1932 android.graphics.RenderNode$CompositePositionUpdateListener.positionChanged:401
2026-02-12 10:26:51.091 11134-11176 VRI[MainAc...y]@6e506b9 com.lagradost.cloudstream3           I  mWNT: t=0xb400007c06b60480 mBlastBufferQueue=0xb400007b4686f000 fn= 25 HdrRenderState mRenderHdrSdrRatio=1.0 caller= android.view.SurfaceView.applyOrMergeTransaction:1863 android.view.SurfaceView.-$$Nest$mapplyOrMergeTransaction:0 android.view.SurfaceView$SurfaceViewPositionUpdateListener.positionChanged:1932
2026-02-12 10:26:51.091 11134-11176 SurfaceView             com.lagradost.cloudstream3           D  45874751 updateSurfacePosition RenderWorker, frameNr = 25, position = [69, 149, 2859, 1451] surfaceSize = 3088x1440
2026-02-12 10:26:51.091 11134-11176 SV[4587475...nActivity] com.lagradost.cloudstream3           I  uSP: rtp = Rect(69, 149 - 2859, 1451) rtsw = 3088 rtsh = 1440
2026-02-12 10:26:51.091 11134-11176 SV[4587475...nActivity] com.lagradost.cloudstream3           I  onSSPAndSRT: pl = 69 pt = 149 sx = 0.9034974 sy = 0.90416664
2026-02-12 10:26:51.091 11134-11176 SV[4587475...nActivity] com.lagradost.cloudstream3           I  aOrMT: VRI[MainActivity]@6e506b9 t = android.view.SurfaceControl$Transaction@11e9233 fN = 25 android.view.SurfaceView.-$$Nest$mapplyOrMergeTransaction:0 android.view.SurfaceView$SurfaceViewPositionUpdateListener.positionChanged:1932 android.graphics.RenderNode$CompositePositionUpdateListener.positionChanged:401
2026-02-12 10:26:51.091 11134-11176 VRI[MainAc...y]@6e506b9 com.lagradost.cloudstream3           I  mWNT: t=0xb400007a8c72bd00 mBlastBufferQueue=0xb400007b4686f000 fn= 25 HdrRenderState mRenderHdrSdrRatio=1.0 caller= android.view.SurfaceView.applyOrMergeTransaction:1863 android.view.SurfaceView.-$$Nest$mapplyOrMergeTransaction:0 android.view.SurfaceView$SurfaceViewPositionUpdateListener.positionChanged:1932
2026-02-12 10:26:51.092 11134-11210 VRI[MainAc...y]@6e506b9 com.lagradost.cloudstream3           D  Received frameDrawingCallback syncResult=0 frameNum=25.
2026-02-12 10:26:51.092 11134-11210 VRI[MainAc...y]@6e506b9 com.lagradost.cloudstream3           I  mWNT: t=0xb400007a9d553600 mBlastBufferQueue=0xb400007b4686f000 fn= 25 HdrRenderState mRenderHdrSdrRatio=1.0 caller= android.view.ViewRootImpl$12.onFrameDraw:15441 android.view.ThreadedRenderer$1.onFrameDraw:718 <bottom of call stack>
2026-02-12 10:26:51.092 11134-11210 VRI[MainAc...y]@6e506b9 com.lagradost.cloudstream3           I  Setting up sync and frameCommitCallback
2026-02-12 10:26:51.106 11134-11176 VRI[MainAc...y]@6e506b9 com.lagradost.cloudstream3           I  Received frameCommittedCallback lastAttemptedDrawFrameNum=25 didProduceBuffer=true
2026-02-12 10:26:51.106 11134-11134 VRI[MainAc...y]@6e506b9 com.lagradost.cloudstream3           D  reportDrawFinished seqId=0
2026-02-12 10:26:51.113 11134-11134 VRI[MainAc...y]@6e506b9 com.lagradost.cloudstream3           I  handleResized, frames=ClientWindowFrames{frame=[0,0][3088,1440] display=[0,0][3088,1440] parentFrame=[0,0][0,0]} displayId=0 dragResizing=false compatScale=1.0 frameChanged=false attachedFrameChanged=false configChanged=false displayChanged=false compatScaleChanged=false dragResizingChanged=false
2026-02-12 10:26:51.113 11134-11134 VRI[MainAc...y]@6e506b9 com.lagradost.cloudstream3           I  handleResized mSyncSeqId = 0
2026-02-12 10:26:51.113 11134-11134 VRI[MainAc...y]@6e506b9 com.lagradost.cloudstream3           D  reportNextDraw android.view.ViewRootImpl.handleResized:2983 android.view.ViewRootImpl.-$$Nest$mhandleResized:0 android.view.ViewRootImpl$W.resized:14082 android.app.servertransaction.WindowStateResizeItem.execute:93 android.app.servertransaction.WindowStateTransactionItem.execute:62
2026-02-12 10:26:51.113 11134-11134 VRI[MainAc...y]@6e506b9 com.lagradost.cloudstream3           I  handleResized, frames=ClientWindowFrames{frame=[0,0][3088,1440] display=[0,0][3088,1440] parentFrame=[0,0][0,0]} displayId=0 dragResizing=false compatScale=1.0 frameChanged=false attachedFrameChanged=false configChanged=false displayChanged=false compatScaleChanged=false dragResizingChanged=false
2026-02-12 10:26:51.113 11134-11134 VRI[MainAc...y]@6e506b9 com.lagradost.cloudstream3           I  handleResized mSyncSeqId = 0
2026-02-12 10:26:51.113 11134-11134 VRI[MainAc...y]@6e506b9 com.lagradost.cloudstream3           D  reportNextDraw android.view.ViewRootImpl.handleResized:2983 android.view.ViewRootImpl.-$$Nest$mhandleResized:0 android.view.ViewRootImpl$W.resized:14082 android.app.servertransaction.WindowStateResizeItem.execute:93 android.app.servertransaction.WindowStateTransactionItem.execute:62
2026-02-12 10:26:51.113 11134-11134 VRI[MainAc...y]@6e506b9 com.lagradost.cloudstream3           V  updateAppliedLetterboxDirection, direction=0, Caller=android.view.ViewRootImpl.handleDispatchLetterboxDirectionChanged:15753
2026-02-12 10:26:51.114 11134-11134 VRI[MainAc...y]@6e506b9 com.lagradost.cloudstream3           D  Setup new sync=wmsSync-VRI[MainActivity]@6e506b9#41
2026-02-12 10:26:51.114 11134-11134 VRI[MainAc...y]@6e506b9 com.lagradost.cloudstream3           I  Creating new active sync group VRI[MainActivity]@6e506b9#42
2026-02-12 10:26:51.115 11134-11134 VRI[MainAc...y]@6e506b9 com.lagradost.cloudstream3           D  registerCallbacksForSync syncBuffer=false
2026-02-12 10:26:51.115 11134-11176 SurfaceView             com.lagradost.cloudstream3           D  225385104 updateSurfacePosition RenderWorker, frameNr = 26, position = [23, 338, 1417, 1065] surfaceSize = 1440x750
2026-02-12 10:26:51.115 11134-11176 SV[2253851...nActivity] com.lagradost.cloudstream3           I  uSP: rtp = Rect(23, 338 - 1417, 1065) rtsw = 1440 rtsh = 750
2026-02-12 10:26:51.115 11134-11176 SV[2253851...nActivity] com.lagradost.cloudstream3           I  onSSPAndSRT: pl = 23 pt = 338 sx = 0.96805555 sy = 0.96933335
2026-02-12 10:26:51.115 11134-11176 SV[2253851...nActivity] com.lagradost.cloudstream3           I  aOrMT: VRI[MainActivity]@6e506b9 t = android.view.SurfaceControl$Transaction@6eac16f fN = 26 android.view.SurfaceView.-$$Nest$mapplyOrMergeTransaction:0 android.view.SurfaceView$SurfaceViewPositionUpdateListener.positionChanged:1932 android.graphics.RenderNode$CompositePositionUpdateListener.positionChanged:401
2026-02-12 10:26:51.115 11134-11176 VRI[MainAc...y]@6e506b9 com.lagradost.cloudstream3           I  mWNT: t=0xb400007c06b60480 mBlastBufferQueue=0xb400007b4686f000 fn= 26 HdrRenderState mRenderHdrSdrRatio=1.0 caller= android.view.SurfaceView.applyOrMergeTransaction:1863 android.view.SurfaceView.-$$Nest$mapplyOrMergeTransaction:0 android.view.SurfaceView$SurfaceViewPositionUpdateListener.positionChanged:1932
2026-02-12 10:26:51.115 11134-11176 SurfaceView             com.lagradost.cloudstream3           D  45874751 updateSurfacePosition RenderWorker, frameNr = 26, position = [48, 104, 2929, 1448] surfaceSize = 3088x1440
2026-02-12 10:26:51.115 11134-11176 SV[4587475...nActivity] com.lagradost.cloudstream3           I  uSP: rtp = Rect(48, 104 - 2929, 1448) rtsw = 3088 rtsh = 1440
2026-02-12 10:26:51.115 11134-11176 SV[4587475...nActivity] com.lagradost.cloudstream3           I  onSSPAndSRT: pl = 48 pt = 104 sx = 0.9329663 sy = 0.93333334
2026-02-12 10:26:51.115 11134-11176 SV[4587475...nActivity] com.lagradost.cloudstream3           I  aOrMT: VRI[MainActivity]@6e506b9 t = android.view.SurfaceControl$Transaction@11e9233 fN = 26 android.view.SurfaceView.-$$Nest$mapplyOrMergeTransaction:0 android.view.SurfaceView$SurfaceViewPositionUpdateListener.positionChanged:1932 android.graphics.RenderNode$CompositePositionUpdateListener.positionChanged:401
2026-02-12 10:26:51.115 11134-11176 VRI[MainAc...y]@6e506b9 com.lagradost.cloudstream3           I  mWNT: t=0xb400007a8c72bd00 mBlastBufferQueue=0xb400007b4686f000 fn= 26 HdrRenderState mRenderHdrSdrRatio=1.0 caller= android.view.SurfaceView.applyOrMergeTransaction:1863 android.view.SurfaceView.-$$Nest$mapplyOrMergeTransaction:0 android.view.SurfaceView$SurfaceViewPositionUpdateListener.positionChanged:1932
2026-02-12 10:26:51.115 11134-11211 VRI[MainAc...y]@6e506b9 com.lagradost.cloudstream3           D  Received frameDrawingCallback syncResult=0 frameNum=26.
2026-02-12 10:26:51.115 11134-11211 VRI[MainAc...y]@6e506b9 com.lagradost.cloudstream3           I  Setting up sync and frameCommitCallback
2026-02-12 10:26:51.117 11134-11176 VRI[MainAc...y]@6e506b9 com.lagradost.cloudstream3           I  Received frameCommittedCallback lastAttemptedDrawFrameNum=26 didProduceBuffer=true
2026-02-12 10:26:51.117 11134-11134 VRI[MainAc...y]@6e506b9 com.lagradost.cloudstream3           D  reportDrawFinished seqId=0
2026-02-12 10:26:51.131 11134-11176 SurfaceView             com.lagradost.cloudstream3           D  225385104 updateSurfacePosition RenderWorker, frameNr = 28, position = [29, 349, 1411, 1068] surfaceSize = 1440x750
2026-02-12 10:26:51.131 11134-11176 SV[2253851...nActivity] com.lagradost.cloudstream3           I  uSP: rtp = Rect(29, 349 - 1411, 1068) rtsw = 1440 rtsh = 750
2026-02-12 10:26:51.131 11134-11176 SV[2253851...nActivity] com.lagradost.cloudstream3           I  onSSPAndSRT: pl = 29 pt = 349 sx = 0.9597222 sy = 0.9586667
2026-02-12 10:26:51.131 11134-11176 SV[2253851...nActivity] com.lagradost.cloudstream3           I  aOrMT: VRI[MainActivity]@6e506b9 t = android.view.SurfaceControl$Transaction@6eac16f fN = 28 android.view.SurfaceView.-$$Nest$mapplyOrMergeTransaction:0 android.view.SurfaceView$SurfaceViewPositionUpdateListener.positionChanged:1932 android.graphics.RenderNode$CompositePositionUpdateListener.positionChanged:401
2026-02-12 10:26:51.131 11134-11176 VRI[MainAc...y]@6e506b9 com.lagradost.cloudstream3           I  mWNT: t=0xb400007c06b60480 mBlastBufferQueue=0xb400007b4686f000 fn= 28 HdrRenderState mRenderHdrSdrRatio=1.0 caller= android.view.SurfaceView.applyOrMergeTransaction:1863 android.view.SurfaceView.-$$Nest$mapplyOrMergeTransaction:0 android.view.SurfaceView$SurfaceViewPositionUpdateListener.positionChanged:1932
2026-02-12 10:26:51.131 11134-11176 SurfaceView             com.lagradost.cloudstream3           D  45874751 updateSurfacePosition RenderWorker, frameNr = 28, position = [42, 90, 2950, 1447] surfaceSize = 3088x1440
2026-02-12 10:26:51.131 11134-11176 SV[4587475...nActivity] com.lagradost.cloudstream3           I  uSP: rtp = Rect(42, 90 - 2950, 1447) rtsw = 3088 rtsh = 1440
2026-02-12 10:26:51.131 11134-11176 SV[4587475...nActivity] com.lagradost.cloudstream3           I  onSSPAndSRT: pl = 42 pt = 90 sx = 0.9417098 sy = 0.9423611
2026-02-12 10:26:51.131 11134-11176 SV[4587475...nActivity] com.lagradost.cloudstream3           I  aOrMT: VRI[MainActivity]@6e506b9 t = android.view.SurfaceControl$Transaction@11e9233 fN = 28 android.view.SurfaceView.-$$Nest$mapplyOrMergeTransaction:0 android.view.SurfaceView$SurfaceViewPositionUpdateListener.positionChanged:1932 android.graphics.RenderNode$CompositePositionUpdateListener.positionChanged:401
2026-02-12 10:26:51.131 11134-11176 VRI[MainAc...y]@6e506b9 com.lagradost.cloudstream3           I  mWNT: t=0xb400007a8c72bd00 mBlastBufferQueue=0xb400007b4686f000 fn= 28 HdrRenderState mRenderHdrSdrRatio=1.0 caller= android.view.SurfaceView.applyOrMergeTransaction:1863 android.view.SurfaceView.-$$Nest$mapplyOrMergeTransaction:0 android.view.SurfaceView$SurfaceViewPositionUpdateListener.positionChanged:1932
2026-02-12 10:26:51.139 11134-11176 SurfaceView             com.lagradost.cloudstream3           D  225385104 updateSurfacePosition RenderWorker, frameNr = 29, position = [36, 358, 1404, 1072] surfaceSize = 1440x750
2026-02-12 10:26:51.139 11134-11176 SV[2253851...nActivity] com.lagradost.cloudstream3           I  uSP: rtp = Rect(36, 358 - 1404, 1072) rtsw = 1440 rtsh = 750
2026-02-12 10:26:51.139 11134-11176 SV[2253851...nActivity] com.lagradost.cloudstream3           I  onSSPAndSRT: pl = 36 pt = 358 sx = 0.95 sy = 0.952
2026-02-12 10:26:51.139 11134-11176 SV[2253851...nActivity] com.lagradost.cloudstream3           I  aOrMT: VRI[MainActivity]@6e506b9 t = android.view.SurfaceControl$Transaction@6eac16f fN = 29 android.view.SurfaceView.-$$Nest$mapplyOrMergeTransaction:0 android.view.SurfaceView$SurfaceViewPositionUpdateListener.positionChanged:1932 android.graphics.RenderNode$CompositePositionUpdateListener.positionChanged:401
2026-02-12 10:26:51.139 11134-11176 VRI[MainAc...y]@6e506b9 com.lagradost.cloudstream3           I  mWNT: t=0xb400007c06b60480 mBlastBufferQueue=0xb400007b4686f000 fn= 29 HdrRenderState mRenderHdrSdrRatio=1.0 caller= android.view.SurfaceView.applyOrMergeTransaction:1863 android.view.SurfaceView.-$$Nest$mapplyOrMergeTransaction:0 android.view.SurfaceView$SurfaceViewPositionUpdateListener.positionChanged:1932
2026-02-12 10:26:51.139 11134-11176 SurfaceView             com.lagradost.cloudstream3           D  45874751 updateSurfacePosition RenderWorker, frameNr = 29, position = [36, 77, 2970, 1446] surfaceSize = 3088x1440
2026-02-12 10:26:51.139 11134-11176 SV[4587475...nActivity] com.lagradost.cloudstream3           I  uSP: rtp = Rect(36, 77 - 2970, 1446) rtsw = 3088 rtsh = 1440
2026-02-12 10:26:51.139 11134-11176 SV[4587475...nActivity] com.lagradost.cloudstream3           I  onSSPAndSRT: pl = 36 pt = 77 sx = 0.9501295 sy = 0.95069444
2026-02-12 10:26:51.139 11134-11176 SV[4587475...nActivity] com.lagradost.cloudstream3           I  aOrMT: VRI[MainActivity]@6e506b9 t = android.view.SurfaceControl$Transaction@11e9233 fN = 29 android.view.SurfaceView.-$$Nest$mapplyOrMergeTransaction:0 android.view.SurfaceView$SurfaceViewPositionUpdateListener.positionChanged:1932 android.graphics.RenderNode$CompositePositionUpdateListener.positionChanged:401
2026-02-12 10:26:51.139 11134-11176 VRI[MainAc...y]@6e506b9 com.lagradost.cloudstream3           I  mWNT: t=0xb400007a8c72bd00 mBlastBufferQueue=0xb400007b4686f000 fn= 29 HdrRenderState mRenderHdrSdrRatio=1.0 caller= android.view.SurfaceView.applyOrMergeTransaction:1863 android.view.SurfaceView.-$$Nest$mapplyOrMergeTransaction:0 android.view.SurfaceView$SurfaceViewPositionUpdateListener.positionChanged:1932
2026-02-12 10:26:51.147 11134-11176 SurfaceView             com.lagradost.cloudstream3           D  225385104 updateSurfacePosition RenderWorker, frameNr = 30, position = [42, 368, 1398, 1075] surfaceSize = 1440x750
2026-02-12 10:26:51.147 11134-11176 SV[2253851...nActivity] com.lagradost.cloudstream3           I  uSP: rtp = Rect(42, 368 - 1398, 1075) rtsw = 1440 rtsh = 750
2026-02-12 10:26:51.147 11134-11176 SV[2253851...nActivity] com.lagradost.cloudstream3           I  onSSPAndSRT: pl = 42 pt = 368 sx = 0.94166666 sy = 0.94266665
