2026-03-17 16:26:21.208 26063-26291 AkwamParser             com.lagradost.cloudstream3           D  isSeries: title='Honour', url='https://ak.sv/series/5276/honour', result=true
2026-03-17 16:26:21.209 26063-26291 AkwamParser             com.lagradost.cloudstream3           D  isSeries: title='The Judge Returns', url='https://ak.sv/series/5211/the-judge-returns', result=true
2026-03-17 16:26:21.209 26063-26291 AkwamParser             com.lagradost.cloudstream3           D  isSeries: title='Undercover Miss Hong', url='https://ak.sv/series/5241/undercover-miss-hong', result=true
2026-03-17 16:26:21.209 26063-26291 AkwamParser             com.lagradost.cloudstream3           D  isSeries: title='To My Beloved Thief', url='https://ak.sv/series/5212/to-my-beloved-thief', result=true
2026-03-17 16:26:21.209 26063-26291 AkwamParser             com.lagradost.cloudstream3           D  isSeries: title='Positively Yours', url='https://ak.sv/series/5253/positively-yours', result=true
2026-03-17 16:26:21.210 26063-26291 AkwamParser             com.lagradost.cloudstream3           D  isSeries: title='Hell University', url='https://ak.sv/series/5275/hell-university', result=true
2026-03-17 16:26:21.210 26063-26291 AkwamParser             com.lagradost.cloudstream3           D  isSeries: title='ون بيس مدبلج', url='https://ak.sv/series/5228/ون-بيس-مدبلج', result=true
2026-03-17 16:26:21.210 26063-26291 AkwamParser             com.lagradost.cloudstream3           D  isSeries: title='Bloody Flower', url='https://ak.sv/series/5277/bloody-flower', result=true
2026-03-17 16:26:21.210 26063-26291 AkwamParser             com.lagradost.cloudstream3           D  isSeries: title='Jujutsu Kaisen الموسم الثالث', url='https://ak.sv/series/5218/jujutsu-kaisen-الموسم-الثالث', result=true
2026-03-17 16:26:21.211 26063-26291 AkwamParser             com.lagradost.cloudstream3           D  isSeries: title='Sentenced to Be a Hero مدبلج', url='https://ak.sv/series/5321/sentenced-to-be-a-hero-مدبلج', result=true
2026-03-17 16:26:21.211 26063-26291 AkwamParser             com.lagradost.cloudstream3           D  isSeries: title='Sentenced to Be a Hero', url='https://ak.sv/series/5320/sentenced-to-be-a-hero', result=true
2026-03-17 16:26:21.211 26063-26291 AkwamParser             com.lagradost.cloudstream3           D  isSeries: title='Darwin Jihen', url='https://ak.sv/series/5232/darwin-jihen', result=true
2026-03-17 16:26:21.211 26063-26291 AkwamParser             com.lagradost.cloudstream3           D  isSeries: title='Spring Fever', url='https://ak.sv/series/5213/spring-fever', result=true
2026-03-17 16:26:21.212 26063-26291 AkwamParser             com.lagradost.cloudstream3           D  isSeries: title='The Guilty', url='https://ak.sv/series/5262/the-guilty', result=true
2026-03-17 16:26:21.212 26063-26291 AkwamParser             com.lagradost.cloudstream3           D  isSeries: title='No Tail to Tell', url='https://ak.sv/series/5240/no-tail-to-tell', result=true
2026-03-17 16:26:21.212 26063-26291 AkwamParser             com.lagradost.cloudstream3           D  isSeries: title='Love Between Lines', url='https://ak.sv/series/5229/love-between-lines', result=true
2026-03-17 16:26:21.212 26063-26291 AkwamParser             com.lagradost.cloudstream3           D  isSeries: title='Idol I', url='https://ak.sv/series/5199/idol-i', result=true
2026-03-17 16:26:21.213 26063-26291 AkwamParser             com.lagradost.cloudstream3           D  isSeries: title='Made in Korea', url='https://ak.sv/series/5200/made-in-korea', result=true
2026-03-17 16:26:21.213 26063-26291 AkwamParser             com.lagradost.cloudstream3           D  isSeries: title='اتحداك حتي الموت Dare You to Death', url='https://ak.sv/series/5220/اتحداك-حتي-الموت-dare-you-to-death', result=true
2026-03-17 16:26:21.213 26063-26291 AkwamParser             com.lagradost.cloudstream3           D  isSeries: title='Nice to Not Meet You', url='https://ak.sv/series/5148/nice-to-not-meet-you', result=true
2026-03-17 16:26:21.213 26063-26291 AkwamParser             com.lagradost.cloudstream3           D  isSeries: title='One Piece', url='https://ak.sv/series/583/one-piece-2', result=true
2026-03-17 16:26:21.214 26063-26291 AkwamParser             com.lagradost.cloudstream3           D  isSeries: title='Dear X', url='https://ak.sv/series/5153/dear-x', result=true
2026-03-17 16:26:21.214 26063-26291 AkwamParser             com.lagradost.cloudstream3           D  isSeries: title='The Manipulated', url='https://ak.sv/series/5154/the-manipulated', result=true
2026-03-17 16:26:21.214 26063-26291 [Akwam] [getMainPage]   com.lagradost.cloudstream3           D  Parsed 24 items for 'مسلسلات اسيوية'
2026-03-17 16:26:21.215 26063-26291 [Akwam] [getMainPage]   com.lagradost.cloudstream3           D  Mapped 24 items to SearchResponse
2026-03-17 16:26:21.215 26063-26291 [Akwam] [getMainPage]   com.lagradost.cloudstream3           I  END. Returning 1 sections.
2026-03-17 16:26:21.217 26063-26134 [Akwam] [getMainPage]   com.lagradost.cloudstream3           D  Document fetched successfully. Parsing...
2026-03-17 16:26:21.217 26063-26134 Akwam                   com.lagradost.cloudstream3           D  getParser called
2026-03-17 16:26:21.218 26063-26134 AkwamParser             com.lagradost.cloudstream3           D  isSeries: title='جرس إنذار: الحفرة', url='https://ak.sv/movie/10726/جرس-إنذار-الحفرة', result=false
2026-03-17 16:26:21.218 26063-26134 AkwamParser             com.lagradost.cloudstream3           D  isSeries: title='قصر الباشا', url='https://ak.sv/movie/10711/قصر-الباشا', result=false
2026-03-17 16:26:21.219 26063-26134 AkwamParser             com.lagradost.cloudstream3           D  isSeries: title='صوت هند رجب', url='https://ak.sv/movie/10706/صوت-هند-رجب', result=false
2026-03-17 16:26:21.219 26063-26134 AkwamParser             com.lagradost.cloudstream3           D  isSeries: title='Joy Awards 2026', url='https://ak.sv/movie/10701/joy-awards-2026', result=false
2026-03-17 16:26:21.219 26063-26134 AkwamParser             com.lagradost.cloudstream3           D  isSeries: title='وقت إضافي', url='https://ak.sv/movie/10686/وقت-إضافي', result=false
2026-03-17 16:26:21.219 26063-26134 AkwamParser             com.lagradost.cloudstream3           D  isSeries: title='مسرحية أنستونا', url='https://ak.sv/movie/10685/مسرحية-أنستونا', result=false
2026-03-17 16:26:21.220 26063-26134 AkwamParser             com.lagradost.cloudstream3           D  isSeries: title='Yunan', url='https://ak.sv/movie/10684/yunan', result=false
2026-03-17 16:26:21.220 26063-26134 AkwamParser             com.lagradost.cloudstream3           D  isSeries: title='ده صوت إيه ده!', url='https://ak.sv/movie/10683/ده-صوت-إيه-ده', result=false
2026-03-17 16:26:21.220 26063-26134 AkwamParser             com.lagradost.cloudstream3           D  isSeries: title='السادة الأفاضل', url='https://ak.sv/movie/10654/السادة-الأفاضل', result=false
2026-03-17 16:26:21.220 26063-26134 AkwamParser             com.lagradost.cloudstream3           D  isSeries: title='رهين', url='https://ak.sv/movie/10552/رهين', result=false
2026-03-17 16:26:21.220 26063-26134 AkwamParser             com.lagradost.cloudstream3           D  isSeries: title='Palestine 36', url='https://ak.sv/movie/10531/palestine-36', result=false
2026-03-17 16:26:21.220 26063-26134 AkwamParser             com.lagradost.cloudstream3           D  isSeries: title='فيها إيه يعني', url='https://ak.sv/movie/10530/فيها-إيه-يعني', result=false
2026-03-17 16:26:21.221 26063-26134 AkwamParser             com.lagradost.cloudstream3           D  isSeries: title='هيبتا 2: المناظرة الأخيرة', url='https://ak.sv/movie/10519/هيبتا-2-المناظرة-الأخيرة', result=false
2026-03-17 16:26:21.221 26063-26134 AkwamParser             com.lagradost.cloudstream3           D  isSeries: title='ضي (سيرة أهل الضي)', url='https://ak.sv/movie/10486/ضي-سيرة-أهل-الضي', result=false
2026-03-17 16:26:21.221 26063-26134 AkwamParser             com.lagradost.cloudstream3           D  isSeries: title='غُميضة', url='https://ak.sv/movie/10439/غميضة', result=false
2026-03-17 16:26:21.221 26063-26134 AkwamParser             com.lagradost.cloudstream3           D  isSeries: title='الشاطر', url='https://ak.sv/movie/10421/الشاطر', result=false
2026-03-17 16:26:21.221 26063-26134 AkwamParser             com.lagradost.cloudstream3           D  isSeries: title='درويش', url='https://ak.sv/movie/10420/درويش', result=false
2026-03-17 16:26:21.221 26063-26134 AkwamParser             com.lagradost.cloudstream3           D  isSeries: title='‎عريس وعروستين‎', url='https://ak.sv/movie/10393/عريس-وعروستين', result=false
2026-03-17 16:26:21.221 26063-26134 AkwamParser             com.lagradost.cloudstream3           D  isSeries: title='وحش البنوك', url='https://ak.sv/movie/10360/وحش-البنوك', result=false
2026-03-17 16:26:21.221 26063-26134 AkwamParser             com.lagradost.cloudstream3           D  isSeries: title='وحش حولي', url='https://ak.sv/movie/10349/وحش-حولي', result=false
2026-03-17 16:26:21.222 26063-26134 AkwamParser             com.lagradost.cloudstream3           D  isSeries: title='درويلة', url='https://ak.sv/movie/10342/درويلة', result=false
2026-03-17 16:26:21.222 26063-26134 AkwamParser             com.lagradost.cloudstream3           D  isSeries: title='سمبوسة چباتي', url='https://ak.sv/movie/10329/سمبوسة-باتي', result=false
2026-03-17 16:26:21.222 26063-26134 AkwamParser             com.lagradost.cloudstream3           D  isSeries: title='درويلة', url='https://ak.sv/movie/10324/درويلة', result=false
2026-03-17 16:26:21.222 26063-26134 AkwamParser             com.lagradost.cloudstream3           D  isSeries: title='روكي الغلابة', url='https://ak.sv/movie/10290/روكي-الغلابة', result=false
2026-03-17 16:26:21.222 26063-26134 AkwamParser             com.lagradost.cloudstream3           D  isSeries: title='وحوش عرس النار', url='https://ak.sv/movie/10279/وحوش-عرس-النار', result=false
2026-03-17 16:26:21.222 26063-26134 AkwamParser             com.lagradost.cloudstream3           D  isSeries: title='السيستم', url='https://ak.sv/movie/10195/السيستم', result=false
2026-03-17 16:26:21.222 26063-26134 AkwamParser             com.lagradost.cloudstream3           D  isSeries: title='شباب البومب 2', url='https://ak.sv/movie/10194/شباب-البومب-2', result=false
2026-03-17 16:26:21.222 26063-26134 AkwamParser             com.lagradost.cloudstream3           D  isSeries: title='5 جولات', url='https://ak.sv/movie/10151/5-جولات', result=false
2026-03-17 16:26:21.222 26063-26134 AkwamParser             com.lagradost.cloudstream3           D  isSeries: title='مين يصدق', url='https://ak.sv/movie/10150/مين-يصدق', result=false
2026-03-17 16:26:21.223 26063-26134 AkwamParser             com.lagradost.cloudstream3           D  isSeries: title='المشروع إكس', url='https://ak.sv/movie/10120/المشروع-إكس', result=false
2026-03-17 16:26:21.223 26063-26134 [Akwam] [getMainPage]   com.lagradost.cloudstream3           D  Parsed 30 items for 'أفلام عربي'
2026-03-17 16:26:21.223 26063-26134 [Akwam] [getMainPage]   com.lagradost.cloudstream3           D  Mapped 30 items to SearchResponse
2026-03-17 16:26:21.223 26063-26134 [Akwam] [getMainPage]   com.lagradost.cloudstream3           I  END. Returning 1 sections.
2026-03-17 16:26:21.246 26063-26063 WebViewStrategy         com.lagradost.cloudstream3           D  [CfBypassEngine.extractCookies] Cookie extraction complete | cmCount=20, jsCount=20, total=20, hasClearance=false
2026-03-17 16:26:21.246 26063-26063 WebViewStrategy         com.lagradost.cloudstream3           I  [CfBypassEngine.onPageFinished] Exit condition met | cookies=20, hasClearance=false
2026-03-17 16:26:21.280 26063-26134 ProviderSession         com.lagradost.cloudstream3           D  [save] Saved session | domain=ak.sv, cookies=20
2026-03-17 16:26:21.280 26063-26134 SessionProvider         com.lagradost.cloudstream3           D  [update] Session updated | domain=ak.sv, hasCookies=true
2026-03-17 16:26:21.293 26063-26134 ProviderHttp            com.lagradost.cloudstream3           D  [updateCookies] Injected 20 cookies into system CookieManager | domain=ak.sv
2026-03-17 16:26:21.302 26063-26134 [Akwam] [getMainPage]   com.lagradost.cloudstream3           D  Document fetched successfully. Parsing...
2026-03-17 16:26:21.302 26063-26134 Akwam                   com.lagradost.cloudstream3           D  getParser called
2026-03-17 16:26:21.303 26063-26134 AkwamParser             com.lagradost.cloudstream3           D  isSeries: title='الحصلة العائلة 007 ج2', url='https://ak.sv/series/5481/الحصلة-العائلة-007-ج2', result=true
2026-03-17 16:26:21.303 26063-26134 AkwamParser             com.lagradost.cloudstream3           D  isSeries: title='وادي ميسان', url='https://ak.sv/series/5456/وادي-ميسان', result=true
2026-03-17 16:26:21.304 26063-26134 AkwamParser             com.lagradost.cloudstream3           D  isSeries: title='وننسى اللي كان', url='https://ak.sv/series/5307/وننسى-اللي-كان', result=true
2026-03-17 16:26:21.304 26063-26134 AkwamParser             com.lagradost.cloudstream3           D  isSeries: title='وديمة وحليمة ج5', url='https://ak.sv/series/5351/وديمة-وحليمة-ج5', result=true
2026-03-17 16:26:21.304 26063-26134 AkwamParser             com.lagradost.cloudstream3           D  isSeries: title='ترند', url='https://ak.sv/series/5350/ترند', result=true
2026-03-17 16:26:21.304 26063-26134 AkwamParser             com.lagradost.cloudstream3           D  isSeries: title='سموم القيظ', url='https://ak.sv/series/5395/سموم-القيظ', result=true
2026-03-17 16:26:21.304 26063-26134 AkwamParser             com.lagradost.cloudstream3           D  isSeries: title='شكون كان يقول', url='https://ak.sv/series/5462/شكون-كان-يقول', result=true
2026-03-17 16:26:21.305 26063-26134 AkwamParser             com.lagradost.cloudstream3           D  isSeries: title='شاي خانة', url='https://ak.sv/series/5469/شاي-خانة', result=true
2026-03-17 16:26:21.305 26063-26134 AkwamParser             com.lagradost.cloudstream3           D  isSeries: title='شارع الأعشى 2', url='https://ak.sv/series/5329/شارع-الأعشى-2', result=true
2026-03-17 16:26:21.305 26063-26134 AkwamParser             com.lagradost.cloudstream3           D  isSeries: title='شرارة', url='https://ak.sv/series/5313/شرارة', result=true
2026-03-17 16:26:21.306 26063-26134 AkwamParser             com.lagradost.cloudstream3           D  isSeries: title='سر وقدر', url='https://ak.sv/series/5406/سر-وقدر', result=true
2026-03-17 16:26:21.306 26063-26134 AkwamParser             com.lagradost.cloudstream3           D  isSeries: title='صفر واحد', url='https://ak.sv/series/5467/صفر-واحد', result=true
2026-03-17 16:26:21.307 26063-26140 [Akwam] [getMainPage]   com.lagradost.cloudstream3           D  Document fetched successfully. Parsing...
2026-03-17 16:26:21.307 26063-26140 Akwam                   com.lagradost.cloudstream3           D  getParser called
2026-03-17 16:26:21.307 26063-26134 AkwamParser             com.lagradost.cloudstream3           D  isSeries: title='صبر أم أيوب', url='https://ak.sv/series/5468/صبر-أم-أيوب', result=true
2026-03-17 16:26:21.307 26063-26134 AkwamParser             com.lagradost.cloudstream3           D  isSeries: title='روميو ويا ليت', url='https://ak.sv/series/5409/روميو-ويا-ليت', result=true
2026-03-17 16:26:21.308 26063-26134 AkwamParser             com.lagradost.cloudstream3           D  isSeries: title='رحمة 2', url='https://ak.sv/series/5310/رحمة-2', result=true
2026-03-17 16:26:21.308 26063-26134 AkwamParser             com.lagradost.cloudstream3           D  isSeries: title='قبل وبعد', url='https://ak.sv/series/5407/قبل-وبعد', result=true
2026-03-17 16:26:21.308 26063-26134 AkwamParser             com.lagradost.cloudstream3           D  isSeries: title='ن النسوة', url='https://ak.sv/series/5328/ن-النسوة', result=true
2026-03-17 16:26:21.308 26063-26140 AkwamParser             com.lagradost.cloudstream3           D  isSeries: title='كل شيء على ما يرام مدبلج', url='https://ak.sv/movie/10756/كل-شيء-على-ما-يرام-مدبلج', result=false
2026-03-17 16:26:21.308 26063-26134 AkwamParser             com.lagradost.cloudstream3           D  isSeries: title='متاهة', url='https://ak.sv/series/5418/متاهة', result=true
2026-03-17 16:26:21.308 26063-26140 AkwamParser             com.lagradost.cloudstream3           D  isSeries: title='Her Şey Yolunda', url='https://ak.sv/movie/10755/her-ey-yolunda', result=false
2026-03-17 16:26:21.308 26063-26134 AkwamParser             com.lagradost.cloudstream3           D  isSeries: title='لفراق ج2', url='https://ak.sv/series/5476/لفراق-ج2', result=true
2026-03-17 16:26:21.308 26063-26140 AkwamParser             com.lagradost.cloudstream3           D  isSeries: title='Siccin 8', url='https://ak.sv/movie/10679/siccin-8', result=false
2026-03-17 16:26:21.308 26063-26134 AkwamParser             com.lagradost.cloudstream3           D  isSeries: title='حكايات شامة', url='https://ak.sv/series/5433/حكايات-شامة', result=true
2026-03-17 16:26:21.309 26063-26140 AkwamParser             com.lagradost.cloudstream3           D  isSeries: title='Kulyas: Lanetin Bedeli', url='https://ak.sv/movie/10668/kulyas-lanetin-bedeli', result=false
2026-03-17 16:26:21.309 26063-26134 AkwamParser             com.lagradost.cloudstream3           D  isSeries: title='حامض حلو ج7', url='https://ak.sv/series/5388/حامض-حلو-ج7', result=true
2026-03-17 16:26:21.309 26063-26140 AkwamParser             com.lagradost.cloudstream3           D  isSeries: title='Ona Niyet Sana Kismet', url='https://ak.sv/movie/10610/ona-niyet-sana-kismet', result=false
2026-03-17 16:26:21.309 26063-26134 AkwamParser             com.lagradost.cloudstream3           D  isSeries: title='حمدية', url='https://ak.sv/series/5311/حمدية', result=true
2026-03-17 16:26:21.309 26063-26140 AkwamParser             com.lagradost.cloudstream3           D  isSeries: title='Ona Niyet Sana Kismet', url='https://ak.sv/movie/10594/ona-niyet-sana-kismet', result=false
2026-03-17 16:26:21.309 26063-26134 AkwamParser             com.lagradost.cloudstream3           D  isSeries: title='الضايعة', url='https://ak.sv/series/5374/الضايعة', result=true
2026-03-17 16:26:21.309 26063-26140 AkwamParser             com.lagradost.cloudstream3           D  isSeries: title='السيد المرعب مدبلج', url='https://ak.sv/movie/10574/السيد-المرعب-مدبلج', result=false
2026-03-17 16:26:21.309 26063-26134 AkwamParser             com.lagradost.cloudstream3           D  isSeries: title='كوميدي تانا', url='https://ak.sv/series/5384/كوميدي-تانا', result=true
2026-03-17 16:26:21.309 26063-26134 [Akwam] [getMainPage]   com.lagradost.cloudstream3           D  Parsed 24 items for 'أحدث المسلسلات'
2026-03-17 16:26:21.310 26063-26140 AkwamParser             com.lagradost.cloudstream3           D  isSeries: title='Dehset Bey', url='https://ak.sv/movie/10573/dehset-bey', result=false
2026-03-17 16:26:21.310 26063-26140 AkwamParser             com.lagradost.cloudstream3           D  isSeries: title='عالمان أمنية واحدة مدبلج', url='https://ak.sv/movie/10475/عالمان-أمنية-واحدة-مدبلج', result=false
2026-03-17 16:26:21.310 26063-26140 AkwamParser             com.lagradost.cloudstream3           D  isSeries: title='Iki Dünya Bir Dilek', url='https://ak.sv/movie/10474/iki-dnya-bir-dilek', result=false
2026-03-17 16:26:21.310 26063-26140 AkwamParser             com.lagradost.cloudstream3           D  isSeries: title='ليفتر: قصة غير عادية مدبلج', url='https://ak.sv/movie/10437/ليفتر-قصة-غير-عادية-مدبلج', result=false
2026-03-17 16:26:21.310 26063-26134 [Akwam] [getMainPage]   com.lagradost.cloudstream3           D  Mapped 24 items to SearchResponse
2026-03-17 16:26:21.310 26063-26134 [Akwam] [getMainPage]   com.lagradost.cloudstream3           I  END. Returning 1 sections.
2026-03-17 16:26:21.310 26063-26140 AkwamParser             com.lagradost.cloudstream3           D  isSeries: title='Lefter: The Story of the Ordinarius', url='https://ak.sv/movie/10436/lefter-the-story-of-the-ordinarius', result=false
2026-03-17 16:26:21.311 26063-26140 AkwamParser             com.lagradost.cloudstream3           D  isSeries: title='أملي الأخير مدبلج', url='https://ak.sv/movie/10088/أملي-الأخير-مدبلج', result=false
2026-03-17 16:26:21.311 26063-26140 AkwamParser             com.lagradost.cloudstream3           D  isSeries: title='Abandoned Man', url='https://ak.sv/movie/10087/abandoned-man', result=false
2026-03-17 16:26:21.311 26063-26140 AkwamParser             com.lagradost.cloudstream3           D  isSeries: title='الحب مجرد لحظة مدبلج', url='https://ak.sv/movie/9969/الحب-مجرد-لحظة-مدبلج', result=false
2026-03-17 16:26:21.311 26063-26140 AkwamParser             com.lagradost.cloudstream3           D  isSeries: title='Aşk Sadece Bir An', url='https://ak.sv/movie/9968/ak-sadece-bir-an', result=false
2026-03-17 16:26:21.311 26063-26140 AkwamParser             com.lagradost.cloudstream3           D  isSeries: title='Mukadderat', url='https://ak.sv/movie/9931/mukadderat', result=false
2026-03-17 16:26:21.311 26063-26140 AkwamParser             com.lagradost.cloudstream3           D  isSeries: title='الابطال مدبلج', url='https://ak.sv/movie/9907/الابطال-مدبلج', result=false
2026-03-17 16:26:21.312 26063-26140 AkwamParser             com.lagradost.cloudstream3           D  isSeries: title='Sampiyonlar', url='https://ak.sv/movie/9906/sampiyonlar', result=false
2026-03-17 16:26:21.312 26063-26140 AkwamParser             com.lagradost.cloudstream3           D  isSeries: title='عطلة فوق التوقعات مدبلج', url='https://ak.sv/movie/9861/عطلة-فوق-التوقعات-مدبلج', result=false
2026-03-17 16:26:21.312 26063-26140 AkwamParser             com.lagradost.cloudstream3           D  isSeries: title='Eyvah Tatil', url='https://ak.sv/movie/9860/eyvah-tatil', result=false
2026-03-17 16:26:21.312 26063-26140 AkwamParser             com.lagradost.cloudstream3           D  isSeries: title='Mortal World 2', url='https://ak.sv/movie/9697/mortal-world-2', result=false
2026-03-17 16:26:21.312 26063-26140 AkwamParser             com.lagradost.cloudstream3           D  isSeries: title='About Dry Grasses', url='https://ak.sv/movie/9597/about-dry-grasses', result=false
2026-03-17 16:26:21.312 26063-26140 AkwamParser             com.lagradost.cloudstream3           D  isSeries: title='Art of Love', url='https://ak.sv/movie/9593/art-of-love', result=false
2026-03-17 16:26:21.312 26063-26140 AkwamParser             com.lagradost.cloudstream3           D  isSeries: title='Ashes', url='https://ak.sv/movie/9580/ashes', result=false
2026-03-17 16:26:21.312 26063-26140 AkwamParser             com.lagradost.cloudstream3           D  isSeries: title='Last Call for Istanbul مترجم', url='https://ak.sv/movie/9321/last-call-for-istanbul-مترجم', result=false
2026-03-17 16:26:21.312 26063-26140 AkwamParser             com.lagradost.cloudstream3           D  isSeries: title='Last Call for Istanbul مدبلج', url='https://ak.sv/movie/9320/last-call-for-istanbul-مدبلج', result=false
2026-03-17 16:26:21.312 26063-26140 AkwamParser             com.lagradost.cloudstream3           D  isSeries: title='بيهتر: العاطفة المحرمة مدبلج', url='https://ak.sv/movie/9298/بيهتر-العاطفة-المحرمة-مدبلج', result=false
2026-03-17 16:26:21.312 26063-26140 AkwamParser             com.lagradost.cloudstream3           D  isSeries: title='Bihter: A Forbidden Passion مترجم', url='https://ak.sv/movie/9297/bihter-a-forbidden-passion-مترجم', result=false
2026-03-17 16:26:21.313 26063-26140 AkwamParser             com.lagradost.cloudstream3           D  isSeries: title='Do Not Disturb', url='https://ak.sv/movie/9158/do-not-disturb', result=false
2026-03-17 16:26:21.313 26063-26140 [Akwam] [getMainPage]   com.lagradost.cloudstream3           D  Parsed 30 items for 'أفلام تركي'
2026-03-17 16:26:21.313 26063-26140 [Akwam] [getMainPage]   com.lagradost.cloudstream3           D  Mapped 30 items to SearchResponse
2026-03-17 16:26:21.313 26063-26140 [Akwam] [getMainPage]   com.lagradost.cloudstream3           I  END. Returning 1 sections.
2026-03-17 16:26:21.315 26063-26296 [Akwam] [load]          com.lagradost.cloudstream3           I  START url='https://ak.sv/series/5276/honour'
2026-03-17 16:26:21.315 26063-26296 RequestQueue            com.lagradost.cloudstream3           D  [enqueue] Request is LEADER | domain=ak.sv, url=https://ak.sv/series/5276/honour
2026-03-17 16:26:21.315 26063-26140 [Akwam] [load]          com.lagradost.cloudstream3           I  START url='https://ak.sv/series/5481/الحصلة-العائلة-007-ج2'
2026-03-17 16:26:21.316 26063-26140 RequestQueue            com.lagradost.cloudstream3           D  [enqueue] Request is FOLLOWER | domain=ak.sv, url=https://ak.sv/series/5481/الحصلة-العائلة-007-ج2
2026-03-17 16:26:21.316 26063-26296 ProviderHttp            com.lagradost.cloudstream3           D  [executeDirectRequest] Executing HTTP request | url=https://ak.sv/series/5276/honour, urlDomain=ak.sv, sessionDomain=ak.sv, isAlias=false, hasCookie=true, cookieCount=20
2026-03-17 16:26:21.318 26063-26290 [Akwam] [load]          com.lagradost.cloudstream3           I  START url='https://ak.sv/movie/10637/the-devil-s-bride'
2026-03-17 16:26:21.318 26063-26290 RequestQueue            com.lagradost.cloudstream3           D  [enqueue] Request is FOLLOWER | domain=ak.sv, url=https://ak.sv/movie/10637/the-devil-s-bride
2026-03-17 16:26:21.502 26063-26296 RequestQueue            com.lagradost.cloudstream3           I  [executeAsLeader] Leader CF BLOCKED - solving | domain=ak.sv
2026-03-17 16:26:21.502 26063-26296 ProviderHttp            com.lagradost.cloudstream3           I  [solveCloudflareThenRequest] Skipping CF solve — fresh cookies exist (222ms old), retrying HTTP | domain=ak.sv
2026-03-17 16:26:21.502 26063-26296 ProviderHttp            com.lagradost.cloudstream3           D  [executeDirectRequest] Executing HTTP request | url=https://ak.sv/series/5276/honour, urlDomain=ak.sv, sessionDomain=ak.sv, isAlias=false, hasCookie=true, cookieCount=20
2026-03-17 16:26:21.629 26063-26296 ProviderHttp            com.lagradost.cloudstream3           D  [solveCloudflareThenRequest] Retry with existing cookies failed, proceeding with full CF solve
2026-03-17 16:26:21.629 26063-26296 ProviderSession         com.lagradost.cloudstream3           D  [save] Saved session | domain=ak.sv, cookies=0
2026-03-17 16:26:21.629 26063-26296 ProviderHttp            com.lagradost.cloudstream3           I  [invalidateSession] Preparing for CF solve
2026-03-17 16:26:21.644 26063-26063 ActivityProvider        com.lagradost.cloudstream3           D  currentActivity requested: MainActivity
2026-03-17 16:26:21.644 26063-26063 WebViewStrategy         com.lagradost.cloudstream3           I  [CfBypassEngine.runSession] Creating WebView | url=https://ak.sv/series/5276/honour
2026-03-17 16:26:21.662 26063-26063 WebViewStrategy         com.lagradost.cloudstream3           I  [CfBypassEngine.runSession] WebView UA | ua=Mozilla/5.0 (Linux; Android 16; SM-S918B Build/BP2A.250605.031.A3) AppleWebKit/537.36 (KHTML, like Gecko) Version/4.0 Chrome/145.0.7632.159 Mobile Safari/537.36
2026-03-17 16:26:21.662 26063-26063 Dialog                  com.lagradost.cloudstream3           I  mIsDeviceDefault = false, mIsSamsungBasicInteraction = false, isMetaDataInActivity = false
2026-03-17 16:26:21.678 26063-26063 WebViewStrategy         com.lagradost.cloudstream3           D  [CfBypassEngine.runSession] FULLSCREEN mode | url=https://ak.sv/series/5276/honour
2026-03-17 16:26:21.679 26063-26063 WebViewStrategy         com.lagradost.cloudstream3           I  [CfBypassEngine.runSession] Loading URL | url=https://ak.sv/series/5276/honour
2026-03-17 16:26:21.841 26063-26063 WebViewStrategy         com.lagradost.cloudstream3           I  [CfBypassEngine.onPageStarted] Page started | url=https://ak.sv/series/5276/honour
2026-03-17 16:26:22.104 26063-26063 WebViewStrategy         com.lagradost.cloudstream3           D  [CfBypassEngine] Loading progress | percent=80
2026-03-17 16:26:22.277 26063-26063 WebViewStrategy         com.lagradost.cloudstream3           W  [CfBypassEngine.shouldOverrideUrlLoading] Blocked non-HTTP redirect | scheme=intent, url=intent://pyppo.com/4/8503410?var=6351123&intnt_r=true&t_int=true&bs=ffc88828-623
2026-03-17 16:26:22.279 26063-26063 WebViewStrategy         com.lagradost.cloudstream3           D  [CfBypassEngine] Loading progress | percent=100
2026-03-17 16:26:23.182 26063-26063 WebViewStrategy         com.lagradost.cloudstream3           D  [CfBypassEngine] Loading progress | percent=100
2026-03-17 16:26:23.185 26063-26063 WebViewStrategy         com.lagradost.cloudstream3           D  [CfBypassEngine] Loading progress | percent=100
2026-03-17 16:26:23.186 26063-26063 WebViewStrategy         com.lagradost.cloudstream3           I  [CfBypassEngine.onPageFinished] Page finished | url=https://ak.sv/series/5276/honour
2026-03-17 16:26:24.735 26063-26063 WebViewStrategy         com.lagradost.cloudstream3           D  [CfBypassEngine.extractCookies] Cookie extraction complete | cmCount=14, jsCount=12, total=14, hasClearance=false
2026-03-17 16:26:24.736 26063-26063 WebViewStrategy         com.lagradost.cloudstream3           I  [CfBypassEngine.onPageFinished] Exit condition met | cookies=14, hasClearance=false
2026-03-17 16:26:24.784 26063-26296 ProviderSession         com.lagradost.cloudstream3           D  [save] Saved session | domain=ak.sv, cookies=14
2026-03-17 16:26:24.784 26063-26296 SessionProvider         com.lagradost.cloudstream3           D  [update] Session updated | domain=ak.sv, hasCookies=true
2026-03-17 16:26:24.793 26063-26296 ProviderHttp            com.lagradost.cloudstream3           D  [updateCookies] Injected 14 cookies into system CookieManager | domain=ak.sv
2026-03-17 16:26:24.793 26063-26296 RequestQueue            com.lagradost.cloudstream3           I  [executeAsLeader] CF solved, retrying leader
2026-03-17 16:26:24.793 26063-26296 ProviderHttp            com.lagradost.cloudstream3           D  [executeDirectRequest] Executing HTTP request | url=https://ak.sv/series/5276/honour, urlDomain=ak.sv, sessionDomain=ak.sv, isAlias=false, hasCookie=true, cookieCount=14
2026-03-17 16:26:24.958 26063-26296 RequestQueue            com.lagradost.cloudstream3           D  [verifyAndRunFollowers] Verifying cookies | url=https://ak.sv/series/5481/الحصلة-العائلة-007-ج2
2026-03-17 16:26:24.958 26063-26296 ProviderHttp            com.lagradost.cloudstream3           D  [executeDirectRequest] Executing HTTP request | url=https://ak.sv/series/5481/الحصلة-العائلة-007-ج2, urlDomain=ak.sv, sessionDomain=ak.sv, isAlias=false, hasCookie=true, cookieCount=14
2026-03-17 16:26:25.097 26063-26296 RequestQueue            com.lagradost.cloudstream3           W  [verifyAndRunFollowers] Verification FAILED - retrying CF | domain=ak.sv
2026-03-17 16:26:25.097 26063-26296 ProviderHttp            com.lagradost.cloudstream3           I  [solveCloudflareThenRequest] Skipping CF solve — fresh cookies exist (314ms old), retrying HTTP | domain=ak.sv
2026-03-17 16:26:25.097 26063-26296 ProviderHttp            com.lagradost.cloudstream3           D  [executeDirectRequest] Executing HTTP request | url=https://ak.sv/series/5481/الحصلة-العائلة-007-ج2, urlDomain=ak.sv, sessionDomain=ak.sv, isAlias=false, hasCookie=true, cookieCount=14
2026-03-17 16:26:25.221 26063-26296 ProviderHttp            com.lagradost.cloudstream3           D  [solveCloudflareThenRequest] Retry with existing cookies failed, proceeding with full CF solve
2026-03-17 16:26:25.222 26063-26296 ProviderSession         com.lagradost.cloudstream3           D  [save] Saved session | domain=ak.sv, cookies=0
2026-03-17 16:26:25.222 26063-26296 ProviderHttp            com.lagradost.cloudstream3           I  [invalidateSession] Preparing for CF solve
2026-03-17 16:26:25.230 26063-26063 ActivityProvider        com.lagradost.cloudstream3           D  currentActivity requested: MainActivity
2026-03-17 16:26:25.230 26063-26063 WebViewStrategy         com.lagradost.cloudstream3           I  [CfBypassEngine.runSession] Creating WebView | url=https://ak.sv/series/5481/الحصلة-العائلة-007-ج2
2026-03-17 16:26:25.246 26063-26063 WebViewStrategy         com.lagradost.cloudstream3           I  [CfBypassEngine.runSession] WebView UA | ua=Mozilla/5.0 (Linux; Android 16; SM-S918B Build/BP2A.250605.031.A3) AppleWebKit/537.36 (KHTML, like Gecko) Version/4.0 Chrome/145.0.7632.159 Mobile Safari/537.36
2026-03-17 16:26:25.246 26063-26063 Dialog                  com.lagradost.cloudstream3           I  mIsDeviceDefault = false, mIsSamsungBasicInteraction = false, isMetaDataInActivity = false
2026-03-17 16:26:25.260 26063-26063 WebViewStrategy         com.lagradost.cloudstream3           D  [CfBypassEngine.runSession] FULLSCREEN mode | url=https://ak.sv/series/5481/الحصلة-العائلة-007-ج2
2026-03-17 16:26:25.262 26063-26063 WebViewStrategy         com.lagradost.cloudstream3           I  [CfBypassEngine.runSession] Loading URL | url=https://ak.sv/series/5481/الحصلة-العائلة-007-ج2
2026-03-17 16:26:25.414 26063-26063 WebViewStrategy         com.lagradost.cloudstream3           I  [CfBypassEngine.onPageStarted] Page started | url=https://ak.sv/series/5481/%D8%A7%D9%84%D8%AD%D8%B5%D9%84%D8%A9-%D8%A7%D9%84%D8%B
2026-03-17 16:26:25.641 26063-26063 WebViewStrategy         com.lagradost.cloudstream3           D  [CfBypassEngine] Loading progress | percent=80
2026-03-17 16:26:25.902 26063-26063 WebViewStrategy         com.lagradost.cloudstream3           W  [CfBypassEngine.shouldOverrideUrlLoading] Blocked non-HTTP redirect | scheme=intent, url=intent://pyppo.com/4/8503410?var=6351123&intnt_r=true&t_int=true&bs=647b1971-eb6
2026-03-17 16:26:25.903 26063-26063 WebViewStrategy         com.lagradost.cloudstream3           D  [CfBypassEngine] Loading progress | percent=100
2026-03-17 16:26:26.739 26063-26063 WebViewStrategy         com.lagradost.cloudstream3           D  [CfBypassEngine] Loading progress | percent=100
2026-03-17 16:26:26.739 26063-26063 WebViewStrategy         com.lagradost.cloudstream3           D  [CfBypassEngine] Loading progress | percent=100
2026-03-17 16:26:26.739 26063-26063 WebViewStrategy         com.lagradost.cloudstream3           I  [CfBypassEngine.onPageFinished] Page finished | url=https://ak.sv/series/5481/%D8%A7%D9%84%D8%AD%D8%B5%D9%84%D8%A9-%D8%A7%D9%84%D8%B
2026-03-17 16:26:28.303 26063-26063 WebViewStrategy         com.lagradost.cloudstream3           D  [CfBypassEngine.extractCookies] Cookie extraction complete | cmCount=14, jsCount=12, total=14, hasClearance=false
2026-03-17 16:26:28.303 26063-26063 WebViewStrategy         com.lagradost.cloudstream3           I  [CfBypassEngine.onPageFinished] Exit condition met | cookies=14, hasClearance=false
2026-03-17 16:26:28.335 26063-26289 ProviderSession         com.lagradost.cloudstream3           D  [save] Saved session | domain=ak.sv, cookies=14
2026-03-17 16:26:28.335 26063-26289 SessionProvider         com.lagradost.cloudstream3           D  [update] Session updated | domain=ak.sv, hasCookies=true
2026-03-17 16:26:28.353 26063-26289 ProviderHttp            com.lagradost.cloudstream3           D  [updateCookies] Injected 14 cookies into system CookieManager | domain=ak.sv
2026-03-17 16:26:28.353 26063-26289 RequestQueue            com.lagradost.cloudstream3           I  [verifyAndRunFollowers] CF re-solve SUCCESS after verify fail
2026-03-17 16:26:28.354 26063-26289 ProviderHttp            com.lagradost.cloudstream3           D  [executeDirectRequest] Executing HTTP request | url=https://ak.sv/movie/10637/the-devil-s-bride, urlDomain=ak.sv, sessionDomain=ak.sv, isAlias=false, hasCookie=true, cookieCount=14
2026-03-17 16:26:28.364 26063-26296 Akwam                   com.lagradost.cloudstream3           D  getParser called
2026-03-17 16:26:28.366 26063-26296 AkwamParser             com.lagradost.cloudstream3           D  isSeries: title='الحصلة العائلة 007 ج2', url='https://ak.sv/series/5481/الحصلة-العائلة-007-ج2', result=true
2026-03-17 16:26:28.366 26063-26296 AkwamParser             com.lagradost.cloudstream3           D  parseEpisodes: found 10 episode elements
2026-03-17 16:26:28.367 26063-26296 AkwamParser             com.lagradost.cloudstream3           D  Parsed episode: 'حلقة 10 : مسلسل الحصلة العائلة 007 ج2 10', ep=10, season=1
2026-03-17 16:26:28.367 26063-26296 AkwamParser             com.lagradost.cloudstream3           D  Parsed episode: 'حلقة 9 : مسلسل الحصلة العائلة 007 ج2 9', ep=9, season=1
2026-03-17 16:26:28.367 26063-26296 AkwamParser             com.lagradost.cloudstream3           D  Parsed episode: 'حلقة 8 : مسلسل الحصلة العائلة 007 ج2 8', ep=8, season=1
2026-03-17 16:26:28.368 26063-26296 AkwamParser             com.lagradost.cloudstream3           D  Parsed episode: 'حلقة 7 : مسلسل الحصلة العائلة 007 ج2 7', ep=7, season=1
2026-03-17 16:26:28.368 26063-26296 AkwamParser             com.lagradost.cloudstream3           D  Parsed episode: 'حلقة 6 : مسلسل الحصلة العائلة 007 ج2 6', ep=6, season=1
2026-03-17 16:26:28.368 26063-26296 AkwamParser             com.lagradost.cloudstream3           D  Parsed episode: 'حلقة 5 : مسلسل الحصلة العائلة 007 ج2 5', ep=5, season=1
2026-03-17 16:26:28.368 26063-26296 AkwamParser             com.lagradost.cloudstream3           D  Parsed episode: 'حلقة 4 : مسلسل الحصلة العائلة 007 ج2 4', ep=4, season=1
2026-03-17 16:26:28.368 26063-26296 AkwamParser             com.lagradost.cloudstream3           D  Parsed episode: 'حلقة 3 : مسلسل الحصلة العائلة 007 ج2 3', ep=3, season=1
2026-03-17 16:26:28.369 26063-26296 AkwamParser             com.lagradost.cloudstream3           D  Parsed episode: 'حلقة 2 : مسلسل الحصلة العائلة 007 ج2 2', ep=2, season=1
2026-03-17 16:26:28.369 26063-26296 AkwamParser             com.lagradost.cloudstream3           D  Parsed episode: 'حلقة 1 : مسلسل الحصلة العائلة 007 ج2 1', ep=1, season=1
2026-03-17 16:26:28.370 26063-26296 [Akwam] [load]          com.lagradost.cloudstream3           D  Parsed load data: title='الحصلة العائلة 007 ج2', type=TvSeries, episodes=10
2026-03-17 16:26:28.374 26063-26296 Akwam                   com.lagradost.cloudstream3           D  Injecting poster from URL fragment: https://img.downet.net/thumb/178x260/uploads/kcfLJ.jpg
2026-03-17 16:26:28.540 26063-26296 ProviderHttp            com.lagradost.cloudstream3           W  [getDocument] 403/null - WebView fallback queueing | url=https://ak.sv/movie/10637/the-devil-s-bride
2026-03-17 16:26:28.540 26063-26289 ProviderHttp            com.lagradost.cloudstream3           W  [getDocument] 403/null - WebView fallback queueing | url=https://ak.sv/series/5276/honour
2026-03-17 16:26:28.540 26063-26296 RequestQueue            com.lagradost.cloudstream3           D  [enqueue] Request is LEADER | domain=ak.sv, url=https://ak.sv/movie/10637/the-devil-s-bride
2026-03-17 16:26:28.540 26063-26289 RequestQueue            com.lagradost.cloudstream3           D  [enqueue] Request is FOLLOWER | domain=ak.sv, url=https://ak.sv/series/5276/honour
2026-03-17 16:26:28.540 26063-26296 ProviderHttp            com.lagradost.cloudstream3           I  [solveCloudflareThenRequest] Skipping CF solve — fresh cookies exist (205ms old), retrying HTTP | domain=ak.sv
2026-03-17 16:26:28.541 26063-26296 ProviderHttp            com.lagradost.cloudstream3           D  [executeDirectRequest] Executing HTTP request | url=https://ak.sv/movie/10637/the-devil-s-bride, urlDomain=ak.sv, sessionDomain=ak.sv, isAlias=false, hasCookie=true, cookieCount=14
2026-03-17 16:26:28.681 26063-26296 ProviderHttp            com.lagradost.cloudstream3           D  [solveCloudflareThenRequest] Retry with existing cookies failed, proceeding with full CF solve
2026-03-17 16:26:28.681 26063-26296 ProviderSession         com.lagradost.cloudstream3           D  [save] Saved session | domain=ak.sv, cookies=0
2026-03-17 16:26:28.681 26063-26296 ProviderHttp            com.lagradost.cloudstream3           I  [invalidateSession] Preparing for CF solve
2026-03-17 16:26:28.695 26063-26063 ActivityProvider        com.lagradost.cloudstream3           D  currentActivity requested: MainActivity
2026-03-17 16:26:28.695 26063-26063 WebViewStrategy         com.lagradost.cloudstream3           I  [CfBypassEngine.runSession] Creating WebView | url=https://ak.sv/movie/10637/the-devil-s-bride
2026-03-17 16:26:28.716 26063-26063 WebViewStrategy         com.lagradost.cloudstream3           I  [CfBypassEngine.runSession] WebView UA | ua=Mozilla/5.0 (Linux; Android 16; SM-S918B Build/BP2A.250605.031.A3) AppleWebKit/537.36 (KHTML, like Gecko) Version/4.0 Chrome/145.0.7632.159 Mobile Safari/537.36
2026-03-17 16:26:28.717 26063-26063 Dialog                  com.lagradost.cloudstream3           I  mIsDeviceDefault = false, mIsSamsungBasicInteraction = false, isMetaDataInActivity = false
2026-03-17 16:26:28.732 26063-26063 WebViewStrategy         com.lagradost.cloudstream3           D  [CfBypassEngine.runSession] FULLSCREEN mode | url=https://ak.sv/movie/10637/the-devil-s-bride
2026-03-17 16:26:28.733 26063-26063 WebViewStrategy         com.lagradost.cloudstream3           I  [CfBypassEngine.runSession] Loading URL | url=https://ak.sv/movie/10637/the-devil-s-bride
2026-03-17 16:26:28.908 26063-26063 WebViewStrategy         com.lagradost.cloudstream3           I  [CfBypassEngine.onPageStarted] Page started | url=https://ak.sv/movie/10637/the-devil-s-bride
2026-03-17 16:26:29.155 26063-26063 WebViewStrategy         com.lagradost.cloudstream3           D  [CfBypassEngine] Loading progress | percent=80
2026-03-17 16:26:29.369 26063-26063 WebViewStrategy         com.lagradost.cloudstream3           W  [CfBypassEngine.shouldOverrideUrlLoading] Blocked non-HTTP redirect | scheme=intent, url=intent://pyppo.com/4/8503410?var=6351123&intnt_r=true&t_int=true&bs=c51c0bf6-47f
2026-03-17 16:26:29.369 26063-26063 WebViewStrategy         com.lagradost.cloudstream3           D  [CfBypassEngine] Loading progress | percent=100
2026-03-17 16:26:30.115 26063-26063 WebViewStrategy         com.lagradost.cloudstream3           D  [CfBypassEngine] Loading progress | percent=100
2026-03-17 16:26:30.115 26063-26063 WebViewStrategy         com.lagradost.cloudstream3           D  [CfBypassEngine] Loading progress | percent=100
2026-03-17 16:26:30.115 26063-26063 WebViewStrategy         com.lagradost.cloudstream3           I  [CfBypassEngine.onPageFinished] Page finished | url=https://ak.sv/movie/10637/the-devil-s-bride
2026-03-17 16:26:31.678 26063-26063 WebViewStrategy         com.lagradost.cloudstream3           D  [CfBypassEngine.extractCookies] Cookie extraction complete | cmCount=14, jsCount=12, total=14, hasClearance=false
2026-03-17 16:26:31.678 26063-26063 WebViewStrategy         com.lagradost.cloudstream3           I  [CfBypassEngine.onPageFinished] Exit condition met | cookies=14, hasClearance=false
2026-03-17 16:26:31.713 26063-26296 ProviderSession         com.lagradost.cloudstream3           D  [save] Saved session | domain=ak.sv, cookies=14
2026-03-17 16:26:31.713 26063-26296 SessionProvider         com.lagradost.cloudstream3           D  [update] Session updated | domain=ak.sv, hasCookies=true
2026-03-17 16:26:31.727 26063-26296 ProviderHttp            com.lagradost.cloudstream3           D  [updateCookies] Injected 14 cookies into system CookieManager | domain=ak.sv
2026-03-17 16:26:31.727 26063-26296 RequestQueue            com.lagradost.cloudstream3           I  [executeAsLeader] Leader SUCCESS | domain=ak.sv
2026-03-17 16:26:31.727 26063-26296 RequestQueue            com.lagradost.cloudstream3           D  [runFollowersParallel] Running followers | count=1, domain=ak.sv, activeDomain=ak.sv
2026-03-17 16:26:31.727 26063-26296 ProviderHttp            com.lagradost.cloudstream3           I  [solveCloudflareThenRequest] Skipping CF solve — fresh cookies exist (14ms old), retrying HTTP | domain=ak.sv
2026-03-17 16:26:31.728 26063-26296 ProviderHttp            com.lagradost.cloudstream3           D  [executeDirectRequest] Executing HTTP request | url=https://ak.sv/series/5276/honour, urlDomain=ak.sv, sessionDomain=ak.sv, isAlias=false, hasCookie=true, cookieCount=14
2026-03-17 16:26:31.913 26063-26296 ProviderHttp            com.lagradost.cloudstream3           D  [solveCloudflareThenRequest] Retry with existing cookies failed, proceeding with full CF solve
2026-03-17 16:26:31.913 26063-26296 ProviderSession         com.lagradost.cloudstream3           D  [save] Saved session | domain=ak.sv, cookies=0
2026-03-17 16:26:31.913 26063-26296 ProviderHttp            com.lagradost.cloudstream3           I  [invalidateSession] Preparing for CF solve
2026-03-17 16:26:31.925 26063-26063 ActivityProvider        com.lagradost.cloudstream3           D  currentActivity requested: MainActivity
2026-03-17 16:26:31.925 26063-26063 WebViewStrategy         com.lagradost.cloudstream3           I  [CfBypassEngine.runSession] Creating WebView | url=https://ak.sv/series/5276/honour
2026-03-17 16:26:31.937 26063-26063 WebViewStrategy         com.lagradost.cloudstream3           I  [CfBypassEngine.runSession] WebView UA | ua=Mozilla/5.0 (Linux; Android 16; SM-S918B Build/BP2A.250605.031.A3) AppleWebKit/537.36 (KHTML, like Gecko) Version/4.0 Chrome/145.0.7632.159 Mobile Safari/537.36
2026-03-17 16:26:31.937 26063-26063 Dialog                  com.lagradost.cloudstream3           I  mIsDeviceDefault = false, mIsSamsungBasicInteraction = false, isMetaDataInActivity = false
2026-03-17 16:26:31.954 26063-26063 WebViewStrategy         com.lagradost.cloudstream3           D  [CfBypassEngine.runSession] FULLSCREEN mode | url=https://ak.sv/series/5276/honour
2026-03-17 16:26:31.955 26063-26063 WebViewStrategy         com.lagradost.cloudstream3           I  [CfBypassEngine.runSession] Loading URL | url=https://ak.sv/series/5276/honour
2026-03-17 16:26:32.103 26063-26063 WebViewStrategy         com.lagradost.cloudstream3           I  [CfBypassEngine.onPageStarted] Page started | url=https://ak.sv/series/5276/honour
2026-03-17 16:26:32.337 26063-26063 WebViewStrategy         com.lagradost.cloudstream3           D  [CfBypassEngine] Loading progress | percent=80
2026-03-17 16:26:32.603 26063-26063 WebViewStrategy         com.lagradost.cloudstream3           W  [CfBypassEngine.shouldOverrideUrlLoading] Blocked non-HTTP redirect | scheme=intent, url=intent://pyppo.com/4/8503410?var=6351123&intnt_r=true&t_int=true&bs=96d2721f-a01
2026-03-17 16:26:32.603 26063-26063 WebViewStrategy         com.lagradost.cloudstream3           D  [CfBypassEngine] Loading progress | percent=100
2026-03-17 16:26:33.496 26063-26063 WebViewStrategy         com.lagradost.cloudstream3           D  [CfBypassEngine] Loading progress | percent=100
2026-03-17 16:26:33.496 26063-26063 WebViewStrategy         com.lagradost.cloudstream3           D  [CfBypassEngine] Loading progress | percent=100
2026-03-17 16:26:33.496 26063-26063 WebViewStrategy         com.lagradost.cloudstream3           I  [CfBypassEngine.onPageFinished] Page finished | url=https://ak.sv/series/5276/honour
2026-03-17 16:26:35.065 26063-26063 WebViewStrategy         com.lagradost.cloudstream3           D  [CfBypassEngine.extractCookies] Cookie extraction complete | cmCount=14, jsCount=12, total=14, hasClearance=false
2026-03-17 16:26:35.065 26063-26063 WebViewStrategy         com.lagradost.cloudstream3           I  [CfBypassEngine.onPageFinished] Exit condition met | cookies=14, hasClearance=false
2026-03-17 16:26:35.090 26063-26296 ProviderSession         com.lagradost.cloudstream3           D  [save] Saved session | domain=ak.sv, cookies=14
2026-03-17 16:26:35.090 26063-26296 SessionProvider         com.lagradost.cloudstream3           D  [update] Session updated | domain=ak.sv, hasCookies=true
2026-03-17 16:26:35.103 26063-26296 ProviderHttp            com.lagradost.cloudstream3           D  [updateCookies] Injected 14 cookies into system CookieManager | domain=ak.sv
2026-03-17 16:26:35.111 26063-26296 Akwam                   com.lagradost.cloudstream3           D  getParser called
2026-03-17 16:26:35.114 26063-26296 AkwamParser             com.lagradost.cloudstream3           D  isSeries: title='The Devil's Bride', url='https://ak.sv/movie/10637/the-devil-s-bride', result=false
2026-03-17 16:26:35.114 26063-26296 [Akwam] [load]          com.lagradost.cloudstream3           D  Parsed load data: title='The Devil's Bride', type=Movie, episodes=0
2026-03-17 16:26:35.115 26063-26296 Akwam                   com.lagradost.cloudstream3           D  Injecting poster from URL fragment: https://img.downet.net/thumb/178x260/uploads/JrPHP.webp
2026-03-17 16:26:35.115 26063-26291 Akwam                   com.lagradost.cloudstream3           D  getParser called
2026-03-17 16:26:35.116 26063-26291 AkwamParser             com.lagradost.cloudstream3           D  isSeries: title='Honour', url='https://ak.sv/series/5276/honour', result=true
2026-03-17 16:26:35.116 26063-26291 AkwamParser             com.lagradost.cloudstream3           D  parseEpisodes: found 5 episode elements
2026-03-17 16:26:35.117 26063-26291 AkwamParser             com.lagradost.cloudstream3           D  Parsed episode: 'حلقة 5 : مسلسل Honour 5', ep=5, season=1
2026-03-17 16:26:35.117 26063-26291 AkwamParser             com.lagradost.cloudstream3           D  Parsed episode: 'حلقة 4 : مسلسل Honour 4', ep=4, season=1
2026-03-17 16:26:35.117 26063-26291 AkwamParser             com.lagradost.cloudstream3           D  Parsed episode: 'حلقة 3 : مسلسل Honour 3', ep=3, season=1
2026-03-17 16:26:35.117 26063-26291 AkwamParser             com.lagradost.cloudstream3           D  Parsed episode: 'حلقة 2 : مسلسل Honour 2', ep=2, season=1
2026-03-17 16:26:35.118 26063-26291 AkwamParser             com.lagradost.cloudstream3           D  Parsed episode: 'حلقة 1 : مسلسل Honour 1', ep=1, season=1
2026-03-17 16:26:35.118 26063-26291 [Akwam] [load]          com.lagradost.cloudstream3           D  Parsed load data: title='Honour', type=TvSeries, episodes=5
