2026-03-09 08:54:44.346 19915-19915 InsetsController        com.lagradost.cloudstream3           I  onStateChanged: host=com.lagradost.cloudstream3/com.lagradost.cloudstream3.MainActivity, from=android.view.ViewRootImpl.onInsetsStateChanged:3026, state=InsetsState: {mDisplayFrame=Rect(0, 0 - 1440, 3088), mDisplayCutout=DisplayCutout{insets=Rect(0, 100 - 0, 0) waterfall=Insets{left=0, top=0, right=0, bottom=0} boundingRect={Bounds=[Rect(0, 0 - 0, 0), Rect(685, 0 - 756, 100), Rect(0, 0 - 0, 0), Rect(0, 0 - 0, 0)]} cutoutPathParserInfo={CutoutPathParserInfo{displayWidth=1440 displayHeight=3088 physicalDisplayWidth=1440 physicalDisplayHeight=3088 density={3.75} cutoutSpec={M 0,0 H -9.466666666666667 V 26.66666666666667‬ H 9.466666666666667 V 0 H 0 Z @dp} rotation={0} scale={1.0} physicalPixelDisplaySizeRatio={1.0}}} sideOverrides={}}, mRoundedCorners=RoundedCorners{[RoundedCorner{position=TopLeft, radius=15, center=Point(15, 15)}, RoundedCorner{position=TopRight, radius=15, center=Point(1425, 15)}, RoundedCorner{position=BottomRight, radius=15, center=Point(1425, 3073)}, RoundedCorner{position=BottomLeft, radius=15, center=Point(15, 3073)}]}  mRoundedCornerFrame=Rect(0, 0 - 1440, 3088), mPrivacyIndicatorBounds=PrivacyIndicatorBounds {static bounds=Rect(1275, 0 - 1440, 100) rotation=0}, mDisplayShape=DisplayShape{ spec=-311912193 displayWidth=1440 displayHeight=3088 physicalPixelDisplaySizeRatio=1.0 rotation=0 offsetX=0 offsetY=0 scale=1.0}, mSources= { InsetsSource: {3 mType=ime mFrame=[0,0][0,0] mVisible=false mFlags= mSideHint=NONE mBoundingRects=null}, InsetsSource: {27 mType=displayCutout mFrame=[0,0][1440,100] mVisible=true mFlags= mSideHint=TOP mBoundingRects=null}, InsetsSource: {2bba0001 mType=navigationBars mFrame=[0,2908][1440,3088] mVisible=true mFlags= mSideHint=BOTTOM mBoundingRects=null}, InsetsSource: {2bba0004 mType=systemGestures mFrame=[0,0][0,0] mVisible=true mFlags= mSideHint=NONE mBoundingRects=null}, InsetsSource: {2bba0005 mType=mandatorySystemGestures mFrame=[0,2908][1440,3088] mVisible=true mFlags= mSideHint=BOTTOM mBoundingRects=null}, InsetsSource: {2bba0006 mType=tappableElement mFrame=[0,2908][1440,3088] mVisible=true mFlags= mSideHint=BOTTOM mBoundingRects=null}, InsetsSource: {2bba0024 mType=systemGestures mFrame=[0,0][0,0] mVisible=true mFlags= mSideHint=NONE mBoundingRects=null}, InsetsSource: {53910000 mType=statusBars mFrame=[0,0][1440,100] mVisible=true mFlags= mSideHint=TOP mBoundingRects=null}, InsetsSource: {53910005 mType=mandatorySystemGestures mFrame=[0,0][1440,145] mVisible=true mFlags= mSideHint=TOP mBoundingRects=null}, InsetsSource: {53910006 mType=tappableElement mFrame=[0,0][1440,100] mVisible=true mFlags= mSideHint=TOP mBoundingRects=null} }
2026-03-09 08:54:44.346 19915-19915 BLASTBufferQueue_Java   com.lagradost.cloudstream3           I  update, w= 1440 h= 3088 mName = VRI[MainActivity]@e3d3932 mNativeObject= 0xb4000079bdba1000 sc.mNativeObject= 0xb400007a62c83500 format= -3 caller= android.view.ViewRootImpl.updateBlastSurfaceIfNeeded:3574 android.view.ViewRootImpl.relayoutWindow:11685 android.view.ViewRootImpl.performTraversals:4804 android.view.ViewRootImpl.doTraversal:3924 android.view.ViewRootImpl$TraversalRunnable.run:12903 android.view.Choreographer$CallbackRecord.run:1901
2026-03-09 08:54:44.346 19915-19915 VRI[MainAc...y]@e3d3932 com.lagradost.cloudstream3           I  Relayout returned: old=(0,0,1440,3088) new=(0,0,1440,3088) relayoutAsync=false req=(1440,3088)0 dur=1 res=0x0 s={true 0xb400007a58d2e600} ch=false seqId=0
2026-03-09 08:54:44.347 19915-19915 SurfaceView             com.lagradost.cloudstream3           I  265349069 Changes: creating=false format=false size=false visible=false alpha=false hint=true left=false top=false z=false attached=true lifecycleStrategy=false
2026-03-09 08:54:44.347 19915-19915 SurfaceView             com.lagradost.cloudstream3           I  265349069 Cur surface: Surface(name=null mNativeObject=-5476376625444697344)/@0xeaef26d
2026-03-09 08:54:44.347 19915-19915 SurfaceComposerClient   com.lagradost.cloudstream3           D  setCornerRadius ## fd0e7cd SurfaceView[com.lagradost.cloudstream3/com.lagradost.cloudstream3.MainActivity]@0#133737 cornerRadius=0.000000
2026-03-09 08:54:44.347 19915-19915 BLASTBufferQueue_Java   com.lagradost.cloudstream3           I  update, w= 3088 h= 1440 mName = fd0e7cd SurfaceView[com.lagradost.cloudstream3/com.lagradost.cloudstream3.MainActivity]@0 mNativeObject= 0xb4000079ae8cf000 sc.mNativeObject= 0xb4000079aeaaf300 format= 4 caller= android.view.SurfaceView.setBufferSize:1703 android.view.SurfaceView.performSurfaceTransaction:1238 android.view.SurfaceView.updateSurface:1467 android.view.SurfaceView.lambda$new$0:280 android.view.SurfaceView.$r8$lambda$NfZyM_TG8F8lqzaOVZ7noREFjzU:0 android.view.SurfaceView$$ExternalSyntheticLambda1.onPreDraw:0
2026-03-09 08:54:44.347 19915-19915 SV[2653490...nActivity] com.lagradost.cloudstream3           I  updateSurface: mVisible = true mSurface.isValid() = true
2026-03-09 08:54:44.347 19915-19915 SV[2653490...nActivity] com.lagradost.cloudstream3           I  updateSurface: mSurfaceCreated = true surfaceChanged = false visibleChanged = false
2026-03-09 08:54:44.347 19915-19915 SurfaceView             com.lagradost.cloudstream3           I  265349069 surfaceChanged -- format=4 w=3088 h=1440
2026-03-09 08:54:44.347 19915-19915 SV[2653490...nActivity] com.lagradost.cloudstream3           I  surfaceChanged (3088,1440) 0 #8 android.view.SurfaceView{fd0e7cd V.E...... ........ 0,0-3088,1440}
2026-03-09 08:54:44.347 19915-19915 SurfaceView             com.lagradost.cloudstream3           I  265349069 surfaceRedrawNeeded
2026-03-09 08:54:44.347 19915-19915 SurfaceView             com.lagradost.cloudstream3           I  265349069 finishedDrawing
2026-03-09 08:54:44.347 19915-19915 SurfaceView             com.lagradost.cloudstream3           V  Layout: x=0 y=0 w=3088 h=1440, frame=Rect(0, 0 - 3088, 1440)
2026-03-09 08:54:44.347 19915-19915 SurfaceView             com.lagradost.cloudstream3           I  161460532 Changes: creating=false format=false size=false visible=false alpha=false hint=true left=false top=false z=false attached=true lifecycleStrategy=false
2026-03-09 08:54:44.347 19915-19915 SurfaceView             com.lagradost.cloudstream3           I  161460532 Cur surface: Surface(name=null mNativeObject=-5476376625443937280)/@0x479a031
2026-03-09 08:54:44.347 19915-19915 SurfaceComposerClient   com.lagradost.cloudstream3           D  setCornerRadius ## 99fb134 SurfaceView[com.lagradost.cloudstream3/com.lagradost.cloudstream3.MainActivity]@0#133775 cornerRadius=0.000000
2026-03-09 08:54:44.347 19915-19915 BLASTBufferQueue_Java   com.lagradost.cloudstream3           I  update, w= 1440 h= 750 mName = 99fb134 SurfaceView[com.lagradost.cloudstream3/com.lagradost.cloudstream3.MainActivity]@0 mNativeObject= 0xb400007a58e39000 sc.mNativeObject= 0xb40000794e6568c0 format= 4 caller= android.view.SurfaceView.setBufferSize:1703 android.view.SurfaceView.performSurfaceTransaction:1238 android.view.SurfaceView.updateSurface:1467 android.view.SurfaceView.lambda$new$0:280 android.view.SurfaceView.$r8$lambda$NfZyM_TG8F8lqzaOVZ7noREFjzU:0 android.view.SurfaceView$$ExternalSyntheticLambda1.onPreDraw:0
2026-03-09 08:54:44.347 19915-19915 SV[1614605...nActivity] com.lagradost.cloudstream3           I  updateSurface: mVisible = true mSurface.isValid() = true
2026-03-09 08:54:44.347 19915-19915 SV[1614605...nActivity] com.lagradost.cloudstream3           I  updateSurface: mSurfaceCreated = true surfaceChanged = false visibleChanged = false
2026-03-09 08:54:44.347 19915-19915 SurfaceView             com.lagradost.cloudstream3           I  161460532 surfaceChanged -- format=4 w=1440 h=750
2026-03-09 08:54:44.347 19915-19915 SV[1614605...nActivity] com.lagradost.cloudstream3           I  surfaceChanged (1440,750) 0 #8 android.view.SurfaceView{99fb134 V.E...... ........ 0,0-1440,750}
2026-03-09 08:54:44.347 19915-19915 SurfaceView             com.lagradost.cloudstream3           I  161460532 surfaceRedrawNeeded
2026-03-09 08:54:44.347 19915-19915 SurfaceView             com.lagradost.cloudstream3           I  161460532 finishedDrawing
2026-03-09 08:54:44.347 19915-19915 SurfaceView             com.lagradost.cloudstream3           V  Layout: x=0 y=301 w=1440 h=750, frame=Rect(0, 0 - 1440, 750)
2026-03-09 08:54:44.347 19915-19915 VRI[MainAc...y]@e3d3932 com.lagradost.cloudstream3           D  Setup new sync=wmsSync-VRI[MainActivity]@e3d3932#91
2026-03-09 08:54:44.347 19915-19915 VRI[MainAc...y]@e3d3932 com.lagradost.cloudstream3           I  Creating new active sync group VRI[MainActivity]@e3d3932#92
2026-03-09 08:54:44.347 19915-19915 VRI[MainAc...y]@e3d3932 com.lagradost.cloudstream3           D  registerCallbacksForSync syncBuffer=false
2026-03-09 08:54:44.349 19915-19985 VRI[MainAc...y]@e3d3932 com.lagradost.cloudstream3           D  Received frameDrawingCallback syncResult=0 frameNum=7220.
2026-03-09 08:54:44.349 19915-19985 VRI[MainAc...y]@e3d3932 com.lagradost.cloudstream3           I  mWNT: t=0xb4000079aee08080 mBlastBufferQueue=0xb4000079bdba1000 fn= 7220 HdrRenderState mRenderHdrSdrRatio=1.0 caller= android.view.ViewRootImpl$12.onFrameDraw:15441 android.view.ThreadedRenderer$1.onFrameDraw:718 <bottom of call stack>
2026-03-09 08:54:44.349 19915-19985 VRI[MainAc...y]@e3d3932 com.lagradost.cloudstream3           I  Setting up sync and frameCommitCallback
2026-03-09 08:54:44.351 19915-19936 VRI[MainAc...y]@e3d3932 com.lagradost.cloudstream3           I  Received frameCommittedCallback lastAttemptedDrawFrameNum=7220 didProduceBuffer=true
2026-03-09 08:54:44.351 19915-19915 VRI[MainAc...y]@e3d3932 com.lagradost.cloudstream3           D  reportDrawFinished seqId=0
2026-03-09 08:54:44.352 19915-19915 BLASTBufferQueue_Java   com.lagradost.cloudstream3           I  update, w= 533 h= 245 mName = VRI[Toast]@22c8d77 mNativeObject= 0xb40000794e693000 sc.mNativeObject= 0xb4000079950d1080 format= -3 caller= android.view.ViewRootImpl.updateBlastSurfaceIfNeeded:3574 android.view.ViewRootImpl.relayoutWindow:11685 android.view.ViewRootImpl.performTraversals:4804 android.view.ViewRootImpl.doTraversal:3924 android.view.ViewRootImpl$TraversalRunnable.run:12903 android.view.Choreographer$CallbackRecord.run:1901
2026-03-09 08:54:44.352 19915-19915 VRI[Toast]@22c8d77      com.lagradost.cloudstream3           I  Relayout returned: old=(468,2675,971,2890) new=(468,2675,971,2890) relayoutAsync=true req=(503,215)0 dur=1 res=0x0 s={true 0xb400007a58d2d700} ch=false seqId=0
2026-03-09 08:54:44.352 19915-19915 VRI[Toast]@22c8d77      com.lagradost.cloudstream3           D  mThreadedRenderer.updateSurface() mSurface={isValid=true 0xb400007a58d2d700}
2026-03-09 08:54:44.352 19915-19915 VRI[Toast]@22c8d77      com.lagradost.cloudstream3           D  Setup new sync=wmsSync-VRI[Toast]@22c8d77#93
2026-03-09 08:54:44.352 19915-19915 VRI[Toast]@22c8d77      com.lagradost.cloudstream3           I  Creating new active sync group VRI[Toast]@22c8d77#94
2026-03-09 08:54:44.353 19915-19915 VRI[Toast]@22c8d77      com.lagradost.cloudstream3           D  registerCallbacksForSync syncBuffer=false
2026-03-09 08:54:44.353 19915-19987 VRI[Toast]@22c8d77      com.lagradost.cloudstream3           D  Received frameDrawingCallback syncResult=0 frameNum=2.
2026-03-09 08:54:44.354 19915-19987 VRI[Toast]@22c8d77      com.lagradost.cloudstream3           I  mWNT: t=0xb4000079aee08500 mBlastBufferQueue=0xb40000794e693000 fn= 2 HdrRenderState mRenderHdrSdrRatio=1.0 caller= android.view.ViewRootImpl$12.onFrameDraw:15441 android.view.ThreadedRenderer$1.onFrameDraw:718 <bottom of call stack>
2026-03-09 08:54:44.354 19915-19987 VRI[Toast]@22c8d77      com.lagradost.cloudstream3           I  Setting up sync and frameCommitCallback
2026-03-09 08:54:44.355 19915-19936 VRI[Toast]@22c8d77      com.lagradost.cloudstream3           I  Received frameCommittedCallback lastAttemptedDrawFrameNum=2 didProduceBuffer=true
2026-03-09 08:54:44.355 19915-19915 VRI[Toast]@22c8d77      com.lagradost.cloudstream3           D  reportDrawFinished seqId=0
2026-03-09 08:54:44.358 19915-19915 VRI[MainAc...y]@e3d3932 com.lagradost.cloudstream3           I  handleResized, frames=ClientWindowFrames{frame=[0,0][1440,3088] display=[0,0][1440,3088] parentFrame=[0,0][0,0]} displayId=0 dragResizing=false compatScale=1.0 frameChanged=false attachedFrameChanged=false configChanged=false displayChanged=false compatScaleChanged=false dragResizingChanged=false
2026-03-09 08:54:44.358 19915-19915 VRI[MainAc...y]@e3d3932 com.lagradost.cloudstream3           I  handleResized mSyncSeqId = 0
2026-03-09 08:54:44.358 19915-19915 VRI[MainAc...y]@e3d3932 com.lagradost.cloudstream3           D  reportNextDraw android.view.ViewRootImpl.handleResized:2983 android.view.ViewRootImpl.-$$Nest$mhandleResized:0 android.view.ViewRootImpl$W.resized:14082 android.app.servertransaction.WindowStateResizeItem.execute:93 android.app.servertransaction.WindowStateTransactionItem.execute:62
2026-03-09 08:54:44.358 19915-19915 InsetsController        com.lagradost.cloudstream3           I  onStateChanged: host=Toast, from=android.view.ViewRootImpl.onInsetsStateChanged:3026, state=InsetsState: {mDisplayFrame=Rect(0, 0 - 1440, 3088), mDisplayCutout=DisplayCutout{insets=Rect(0, 100 - 0, 0) waterfall=Insets{left=0, top=0, right=0, bottom=0} boundingRect={Bounds=[Rect(0, 0 - 0, 0), Rect(685, 0 - 756, 100), Rect(0, 0 - 0, 0), Rect(0, 0 - 0, 0)]} cutoutPathParserInfo={CutoutPathParserInfo{displayWidth=1440 displayHeight=3088 physicalDisplayWidth=1440 physicalDisplayHeight=3088 density={3.75} cutoutSpec={M 0,0 H -9.466666666666667 V 26.66666666666667‬ H 9.466666666666667 V 0 H 0 Z @dp} rotation={0} scale={1.0} physicalPixelDisplaySizeRatio={1.0}}} sideOverrides={}}, mRoundedCorners=RoundedCorners{[RoundedCorner{position=TopLeft, radius=15, center=Point(15, 15)}, RoundedCorner{position=TopRight, radius=15, center=Point(1425, 15)}, RoundedCorner{position=BottomRight, radius=15, center=Point(1425, 3073)}, RoundedCorner{position=BottomLeft, radius=15, center=Point(15, 3073)}]}  mRoundedCornerFrame=Rect(0, 0 - 0, 0), mPrivacyIndicatorBounds=PrivacyIndicatorBounds {static bounds=Rect(1275, 0 - 1440, 100) rotation=0}, mDisplayShape=DisplayShape{ spec=-311912193 displayWidth=1440 displayHeight=3088 physicalPixelDisplaySizeRatio=1.0 rotation=0 offsetX=0 offsetY=0 scale=1.0}, mSources= { InsetsSource: {3 mType=ime mFrame=[0,0][0,0] mVisible=false mFlags= mSideHint=NONE mBoundingRects=null}, InsetsSource: {27 mType=displayCutout mFrame=[0,0][1440,100] mVisible=true mFlags= mSideHint=TOP mBoundingRects=null}, InsetsSource: {2bba0001 mType=navigationBars mFrame=[0,2908][1440,3088] mVisible=true mFlags= mSideHint=BOTTOM mBoundingRects=null}, InsetsSource: {2bba0004 mType=systemGestures mFrame=[0,0][0,0] mVisible=true mFlags= mSideHint=NONE mBoundingRects=null}, InsetsSource: {2bba0005 mType=mandatorySystemGestures mFrame=[0,2908][1440,3088] mVisible=true mFlags= mSideHint=BOTTOM mBoundingRects=null}, InsetsSource: {2bba0006 mType=tappableElement mFrame=[0,2908][1440,3088] mVisible=true mFlags= mSideHint=BOTTOM mBoundingRects=null}, InsetsSource: {2bba0024 mType=systemGestures mFrame=[0,0][0,0] mVisible=true mFlags= mSideHint=NONE mBoundingRects=null}, InsetsSource: {53910000 mType=statusBars mFrame=[0,0][1440,100] mVisible=true mFlags= mSideHint=TOP mBoundingRects=null}, InsetsSource: {53910005 mType=mandatorySystemGestures mFrame=[0,0][1440,145] mVisible=true mFlags= mSideHint=TOP mBoundingRects=null}, InsetsSource: {53910006 mType=tappableElement mFrame=[0,0][1440,100] mVisible=true mFlags= mSideHint=TOP mBoundingRects=null} }
2026-03-09 08:54:44.359 19915-19915 VRI[Toast]@22c8d77      com.lagradost.cloudstream3           I  handleResized, frames=ClientWindowFrames{frame=[468,2675][971,2890] display=[0,100][1440,2908] parentFrame=[0,0][0,0]} displayId=0 dragResizing=false compatScale=1.0 frameChanged=false attachedFrameChanged=false configChanged=false displayChanged=false compatScaleChanged=false dragResizingChanged=false
2026-03-09 08:54:44.359 19915-19915 VRI[Toast]@22c8d77      com.lagradost.cloudstream3           I  handleResized mSyncSeqId = 0
2026-03-09 08:54:44.359 19915-19915 VRI[Toast]@22c8d77      com.lagradost.cloudstream3           D  reportNextDraw android.view.ViewRootImpl.handleResized:2983 android.view.ViewRootImpl.-$$Nest$mhandleResized:0 android.view.ViewRootImpl$W.resized:14082 android.app.servertransaction.WindowStateResizeItem.execute:93 android.app.servertransaction.WindowStateTransactionItem.execute:62
2026-03-09 08:54:44.360 19915-19915 VRI[MainAc...y]@e3d3932 com.lagradost.cloudstream3           D  Setup new sync=wmsSync-VRI[MainActivity]@e3d3932#95
2026-03-09 08:54:44.360 19915-19915 VRI[MainAc...y]@e3d3932 com.lagradost.cloudstream3           I  Creating new active sync group VRI[MainActivity]@e3d3932#96
2026-03-09 08:54:44.360 19915-19915 VRI[MainAc...y]@e3d3932 com.lagradost.cloudstream3           D  registerCallbacksForSync syncBuffer=false
2026-03-09 08:54:44.361 19915-19936 SurfaceView             com.lagradost.cloudstream3           D  161460532 updateSurfacePosition RenderWorker, frameNr = 7221, position = [0, 302, 1440, 1052] surfaceSize = 1440x750
2026-03-09 08:54:44.361 19915-19936 SV[1614605...nActivity] com.lagradost.cloudstream3           I  uSP: rtp = Rect(0, 302 - 1440, 1052) rtsw = 1440 rtsh = 750
2026-03-09 08:54:44.361 19915-19936 SV[1614605...nActivity] com.lagradost.cloudstream3           I  onSSPAndSRT: pl = 0 pt = 302 sx = 1.0 sy = 1.0
2026-03-09 08:54:44.361 19915-19936 SV[1614605...nActivity] com.lagradost.cloudstream3           I  aOrMT: VRI[MainActivity]@e3d3932 t = android.view.SurfaceControl$Transaction@8170e6d fN = 7221 android.view.SurfaceView.-$$Nest$mapplyOrMergeTransaction:0 android.view.SurfaceView$SurfaceViewPositionUpdateListener.positionChanged:1932 android.graphics.RenderNode$CompositePositionUpdateListener.positionChanged:401
2026-03-09 08:54:44.361 19915-19936 VRI[MainAc...y]@e3d3932 com.lagradost.cloudstream3           I  mWNT: t=0xb400007a58e4ad00 mBlastBufferQueue=0xb4000079bdba1000 fn= 7221 HdrRenderState mRenderHdrSdrRatio=1.0 caller= android.view.SurfaceView.applyOrMergeTransaction:1863 android.view.SurfaceView.-$$Nest$mapplyOrMergeTransaction:0 android.view.SurfaceView$SurfaceViewPositionUpdateListener.positionChanged:1932
2026-03-09 08:54:44.361 19915-19936 SurfaceView             com.lagradost.cloudstream3           D  265349069 updateSurfacePosition RenderWorker, frameNr = 7221, position = [153, 71, 2935, 1369] surfaceSize = 3088x1440
2026-03-09 08:54:44.361 19915-19936 SV[2653490...nActivity] com.lagradost.cloudstream3           I  uSP: rtp = Rect(153, 71 - 2935, 1369) rtsw = 3088 rtsh = 1440
2026-03-09 08:54:44.361 19915-19936 SV[2653490...nActivity] com.lagradost.cloudstream3           I  onSSPAndSRT: pl = 153 pt = 71 sx = 0.90090674 sy = 0.9013889
2026-03-09 08:54:44.361 19915-19936 SV[2653490...nActivity] com.lagradost.cloudstream3           I  aOrMT: VRI[MainActivity]@e3d3932 t = android.view.SurfaceControl$Transaction@de2de7f fN = 7221 android.view.SurfaceView.-$$Nest$mapplyOrMergeTransaction:0 android.view.SurfaceView$SurfaceViewPositionUpdateListener.positionChanged:1932 android.graphics.RenderNode$CompositePositionUpdateListener.positionChanged:401
2026-03-09 08:54:44.361 19915-19936 VRI[MainAc...y]@e3d3932 com.lagradost.cloudstream3           I  mWNT: t=0xb4000079bdf21800 mBlastBufferQueue=0xb4000079bdba1000 fn= 7221 HdrRenderState mRenderHdrSdrRatio=1.0 caller= android.view.SurfaceView.applyOrMergeTransaction:1863 android.view.SurfaceView.-$$Nest$mapplyOrMergeTransaction:0 android.view.SurfaceView$SurfaceViewPositionUpdateListener.positionChanged:1932
2026-03-09 08:54:44.362 19915-19985 VRI[MainAc...y]@e3d3932 com.lagradost.cloudstream3           D  Received frameDrawingCallback syncResult=0 frameNum=7221.
2026-03-09 08:54:44.362 19915-19985 VRI[MainAc...y]@e3d3932 com.lagradost.cloudstream3           I  Setting up sync and frameCommitCallback
2026-03-09 08:54:44.385 19915-19936 VRI[MainAc...y]@e3d3932 com.lagradost.cloudstream3           I  Received frameCommittedCallback lastAttemptedDrawFrameNum=7221 didProduceBuffer=true
2026-03-09 08:54:44.385 19915-19915 VRI[MainAc...y]@e3d3932 com.lagradost.cloudstream3           D  reportDrawFinished seqId=0
2026-03-09 08:54:44.386 19915-19915 VRI[Toast]@22c8d77      com.lagradost.cloudstream3           D  Setup new sync=wmsSync-VRI[Toast]@22c8d77#97
2026-03-09 08:54:44.386 19915-19915 VRI[Toast]@22c8d77      com.lagradost.cloudstream3           I  Creating new active sync group VRI[Toast]@22c8d77#98
2026-03-09 08:54:44.386 19915-19915 VRI[Toast]@22c8d77      com.lagradost.cloudstream3           D  registerCallbacksForSync syncBuffer=false
2026-03-09 08:54:44.386 19915-19987 VRI[Toast]@22c8d77      com.lagradost.cloudstream3           D  Received frameDrawingCallback syncResult=0 frameNum=3.
2026-03-09 08:54:44.386 19915-19987 VRI[Toast]@22c8d77      com.lagradost.cloudstream3           I  Setting up sync and frameCommitCallback
2026-03-09 08:54:44.387 19915-19936 VRI[Toast]@22c8d77      com.lagradost.cloudstream3           I  Received frameCommittedCallback lastAttemptedDrawFrameNum=3 didProduceBuffer=true
2026-03-09 08:54:44.387 19915-19915 VRI[Toast]@22c8d77      com.lagradost.cloudstream3           D  reportDrawFinished seqId=0
2026-03-09 08:54:44.388 19915-19936 SurfaceView             com.lagradost.cloudstream3           D  161460532 updateSurfacePosition RenderWorker, frameNr = 7222, position = [0, 301, 1440, 1051] surfaceSize = 1440x750
2026-03-09 08:54:44.388 19915-19936 SV[1614605...nActivity] com.lagradost.cloudstream3           I  uSP: rtp = Rect(0, 301 - 1440, 1051) rtsw = 1440 rtsh = 750
2026-03-09 08:54:44.388 19915-19936 SV[1614605...nActivity] com.lagradost.cloudstream3           I  onSSPAndSRT: pl = 0 pt = 301 sx = 1.0 sy = 1.0
2026-03-09 08:54:44.389 19915-19936 SV[1614605...nActivity] com.lagradost.cloudstream3           I  aOrMT: VRI[MainActivity]@e3d3932 t = android.view.SurfaceControl$Transaction@8170e6d fN = 7222 android.view.SurfaceView.-$$Nest$mapplyOrMergeTransaction:0 android.view.SurfaceView$SurfaceViewPositionUpdateListener.positionChanged:1932 android.graphics.RenderNode$CompositePositionUpdateListener.positionChanged:401
2026-03-09 08:54:44.389 19915-19936 VRI[MainAc...y]@e3d3932 com.lagradost.cloudstream3           I  mWNT: t=0xb400007a58e4ad00 mBlastBufferQueue=0xb4000079bdba1000 fn= 7222 HdrRenderState mRenderHdrSdrRatio=1.0 caller= android.view.SurfaceView.applyOrMergeTransaction:1863 android.view.SurfaceView.-$$Nest$mapplyOrMergeTransaction:0 android.view.SurfaceView$SurfaceViewPositionUpdateListener.positionChanged:1932
2026-03-09 08:54:44.389 19915-19936 SurfaceView             com.lagradost.cloudstream3           D  265349069 updateSurfacePosition RenderWorker, frameNr = 7222, position = [154, 72, 2934, 1368] surfaceSize = 3088x1440
2026-03-09 08:54:44.389 19915-19936 SV[2653490...nActivity] com.lagradost.cloudstream3           I  uSP: rtp = Rect(154, 72 - 2934, 1368) rtsw = 3088 rtsh = 1440
2026-03-09 08:54:44.389 19915-19936 SV[2653490...nActivity] com.lagradost.cloudstream3           I  onSSPAndSRT: pl = 154 pt = 72 sx = 0.9002591 sy = 0.9
2026-03-09 08:54:44.389 19915-19936 SV[2653490...nActivity] com.lagradost.cloudstream3           I  aOrMT: VRI[MainActivity]@e3d3932 t = android.view.SurfaceControl$Transaction@de2de7f fN = 7222 android.view.SurfaceView.-$$Nest$mapplyOrMergeTransaction:0 android.view.SurfaceView$SurfaceViewPositionUpdateListener.positionChanged:1932 android.graphics.RenderNode$CompositePositionUpdateListener.positionChanged:401
2026-03-09 08:54:44.389 19915-19936 VRI[MainAc...y]@e3d3932 com.lagradost.cloudstream3           I  mWNT: t=0xb4000079bdf21800 mBlastBufferQueue=0xb4000079bdba1000 fn= 7222 HdrRenderState mRenderHdrSdrRatio=1.0 caller= android.view.SurfaceView.applyOrMergeTransaction:1863 android.view.SurfaceView.-$$Nest$mapplyOrMergeTransaction:0 android.view.SurfaceView$SurfaceViewPositionUpdateListener.positionChanged:1932
2026-03-09 08:54:44.389 19915-19915 SV[2653490...nActivity] com.lagradost.cloudstream3           I  onWindowVisibilityChanged(8) false android.view.SurfaceView{fd0e7cd V.E...... ........ 0,0-3088,1440} of VRI[MainActivity]@e3d3932
2026-03-09 08:54:44.389 19915-19915 SurfaceView             com.lagradost.cloudstream3           I  265349069 Changes: creating=false format=false size=false visible=true alpha=false hint=false left=false top=false z=false attached=true lifecycleStrategy=false
2026-03-09 08:54:44.389 19915-19915 SurfaceView             com.lagradost.cloudstream3           I  265349069 Cur surface: Surface(name=null mNativeObject=-5476376625444697344)/@0xeaef26d
2026-03-09 08:54:44.389 19915-19915 SurfaceComposerClient   com.lagradost.cloudstream3           D  setCornerRadius ## fd0e7cd SurfaceView[com.lagradost.cloudstream3/com.lagradost.cloudstream3.MainActivity]@0#133737 cornerRadius=0.000000
2026-03-09 08:54:44.389 19915-19915 SV[2653490...nActivity] com.lagradost.cloudstream3           I  updateSurface: mVisible = false mSurface.isValid() = true
2026-03-09 08:54:44.389 19915-19915 SV[2653490...nActivity] com.lagradost.cloudstream3           I  updateSurface: mSurfaceCreated = true surfaceChanged = false visibleChanged = true
2026-03-09 08:54:44.389 19915-19915 SurfaceView             com.lagradost.cloudstream3           V  Layout: x=0 y=0 w=3088 h=1440, frame=Rect(0, 0 - 3088, 1440)
2026-03-09 08:54:44.389 19915-19915 SurfaceView             com.lagradost.cloudstream3           I  265349069 Detaching SV
2026-03-09 08:54:44.389 19915-19915 SurfaceView             com.lagradost.cloudstream3           I  265349069 Changes: creating=false format=false size=false visible=false alpha=false hint=false left=false top=false z=false attached=false lifecycleStrategy=false
2026-03-09 08:54:44.389 19915-19915 SurfaceView             com.lagradost.cloudstream3           I  265349069 Cur surface: Surface(name=null mNativeObject=-5476376625444697344)/@0xeaef26d
2026-03-09 08:54:44.389 19915-19915 SurfaceComposerClient   com.lagradost.cloudstream3           D  setCornerRadius ## fd0e7cd SurfaceView[com.lagradost.cloudstream3/com.lagradost.cloudstream3.MainActivity]@0#133737 cornerRadius=0.000000
2026-03-09 08:54:44.389 19915-19915 SurfaceView             com.lagradost.cloudstream3           I  265349069 surfaceDestroyed
2026-03-09 08:54:44.389 19915-19915 SV[2653490...nActivity] com.lagradost.cloudstream3           I  surfaceDestroyed callback.size 0 #4 android.view.SurfaceView{fd0e7cd V.E...... ........ 0,0-3088,1440}
2026-03-09 08:54:44.389 19915-19915 SV[2653490...nActivity] com.lagradost.cloudstream3           I  updateSurface: mVisible = false mSurface.isValid() = true
2026-03-09 08:54:44.389 19915-19915 SV[2653490...nActivity] com.lagradost.cloudstream3           I  releaseSurfaces: viewRoot = VRI[MainActivity]@e3d3932
2026-03-09 08:54:44.390 19915-19915 SurfaceView             com.lagradost.cloudstream3           V  Layout: x=0 y=0 w=3088 h=1440, frame=Rect(0, 0 - 3088, 1440)
2026-03-09 08:54:44.390 19915-19915 SV[2653490...nActivity] com.lagradost.cloudstream3           I  onDetachedFromWindow: tryReleaseSurfaces()
2026-03-09 08:54:44.390 19915-19915 SV[2653490...nActivity] com.lagradost.cloudstream3           I  releaseSurfaces: viewRoot = VRI[MainActivity]@e3d3932
2026-03-09 08:54:44.391 19915-19962 SYNCVM                  com.lagradost.cloudstream3           I  updateUserData
2026-03-09 08:54:44.392 19915-19915 CS3ExoPlayer            com.lagradost.cloudstream3           I  releasePlayer
2026-03-09 08:54:44.392 19915-19915 CS3ExoPlayer            com.lagradost.cloudstream3           I  Handle event: PlayerAttachedEvent(player=null, source=Player)
2026-03-09 08:54:44.395 19915-19915 InsetsController        com.lagradost.cloudstream3           I  onStateChanged: host=com.lagradost.cloudstream3/com.lagradost.cloudstream3.MainActivity, from=android.view.ViewRootImpl.onInsetsStateChanged:3026, state=InsetsState: {mDisplayFrame=Rect(0, 0 - 1440, 3088), mDisplayCutout=DisplayCutout{insets=Rect(0, 100 - 0, 0) waterfall=Insets{left=0, top=0, right=0, bottom=0} boundingRect={Bounds=[Rect(0, 0 - 0, 0), Rect(685, 0 - 756, 100), Rect(0, 0 - 0, 0), Rect(0, 0 - 0, 0)]} cutoutPathParserInfo={CutoutPathParserInfo{displayWidth=1440 displayHeight=3088 physicalDisplayWidth=1440 physicalDisplayHeight=3088 density={3.75} cutoutSpec={M 0,0 H -9.466666666666667 V 26.66666666666667‬ H 9.466666666666667 V 0 H 0 Z @dp} rotation={0} scale={1.0} physicalPixelDisplaySizeRatio={1.0}}} sideOverrides={}}, mRoundedCorners=RoundedCorners{[RoundedCorner{position=TopLeft, radius=15, center=Point(15, 15)}, RoundedCorner{position=TopRight, radius=15, center=Point(1425, 15)}, RoundedCorner{position=BottomRight, radius=15, center=Point(1425, 3073)}, RoundedCorner{position=BottomLeft, radius=15, center=Point(15, 3073)}]}  mRoundedCornerFrame=Rect(0, 0 - 1440, 3088), mPrivacyIndicatorBounds=PrivacyIndicatorBounds {static bounds=Rect(1275, 0 - 1440, 100) rotation=0}, mDisplayShape=DisplayShape{ spec=-311912193 displayWidth=1440 displayHeight=3088 physicalPixelDisplaySizeRatio=1.0 rotation=0 offsetX=0 offsetY=0 scale=1.0}, mSources= { InsetsSource: {3 mType=ime mFrame=[0,0][0,0] mVisible=false mFlags= mSideHint=NONE mBoundingRects=null}, InsetsSource: {27 mType=displayCutout mFrame=[0,0][1440,100] mVisible=true mFlags= mSideHint=TOP mBoundingRects=null}, InsetsSource: {2bba0001 mType=navigationBars mFrame=[0,2908][1440,3088] mVisible=true mFlags= mSideHint=BOTTOM mBoundingRects=null}, InsetsSource: {2bba0004 mType=systemGestures mFrame=[0,0][0,0] mVisible=true mFlags= mSideHint=NONE mBoundingRects=null}, InsetsSource: {2bba0005 mType=mandatorySystemGestures mFrame=[0,2908][1440,3088] mVisible=true mFlags= mSideHint=BOTTOM mBoundingRects=null}, InsetsSource: {2bba0006 mType=tappableElement mFrame=[0,2908][1440,3088] mVisible=true mFlags= mSideHint=BOTTOM mBoundingRects=null}, InsetsSource: {2bba0024 mType=systemGestures mFrame=[0,0][0,0] mVisible=true mFlags= mSideHint=NONE mBoundingRects=null}, InsetsSource: {53910000 mType=statusBars mFrame=[0,0][1440,100] mVisible=true mFlags= mSideHint=TOP mBoundingRects=null}, InsetsSource: {53910005 mType=mandatorySystemGestures mFrame=[0,0][1440,145] mVisible=true mFlags= mSideHint=TOP mBoundingRects=null}, InsetsSource: {53910006 mType=tappableElement mFrame=[0,0][1440,100] mVisible=true mFlags= mSideHint=TOP mBoundingRects=null} }
2026-03-09 08:54:44.396 19915-19915 BLASTBufferQueue_Java   com.lagradost.cloudstream3           I  update, w= 1440 h= 3088 mName = VRI[MainActivity]@e3d3932 mNativeObject= 0xb4000079bdba1000 sc.mNativeObject= 0xb40000798e754000 format= -3 caller= android.view.ViewRootImpl.updateBlastSurfaceIfNeeded:3574 android.view.ViewRootImpl.relayoutWindow:11685 android.view.ViewRootImpl.performTraversals:4804 android.view.ViewRootImpl.doTraversal:3924 android.view.ViewRootImpl$TraversalRunnable.run:12903 android.view.Choreographer$CallbackRecord.run:1901
2026-03-09 08:54:44.396 19915-19915 VRI[MainAc...y]@e3d3932 com.lagradost.cloudstream3           I  Relayout returned: old=(0,0,1440,3088) new=(0,0,1440,3088) relayoutAsync=false req=(1440,3088)0 dur=3 res=0x0 s={true 0xb400007a58d2e600} ch=false seqId=0
2026-03-09 08:54:44.396 19915-19915 VRI[MainAc...y]@e3d3932 com.lagradost.cloudstream3           I  updateBoundsLayer: t=android.view.SurfaceControl$Transaction@8054313 sc=Surface(name=Bounds for - com.lagradost.cloudstream3/com.lagradost.cloudstream3.MainActivity@0)/@0x85f8950 frame=7223
2026-03-09 08:54:44.397 19915-19915 VRI[MainAc...y]@e3d3932 com.lagradost.cloudstream3           I  registerCallbackForPendingTransactions
2026-03-09 08:54:44.398 19915-19936 SurfaceView             com.lagradost.cloudstream3           D  8651532 windowPositionLost, frameNr = 7223
2026-03-09 08:54:44.398 19915-19985 VRI[MainAc...y]@e3d3932 com.lagradost.cloudstream3           I  mWNT: t=0xb4000079aee09280 mBlastBufferQueue=0xb4000079bdba1000 fn= 7223 HdrRenderState mRenderHdrSdrRatio=1.0 caller= android.view.ViewRootImpl$10.onFrameDraw:6536 android.view.ViewRootImpl$4.onFrameDraw:2489 android.view.ThreadedRenderer$1.onFrameDraw:718
2026-03-09 08:54:44.469 19915-19915 InsetsController        com.lagradost.cloudstream3           I  cancelAnimation: types=statusBars, animType=0, host=com.lagradost.cloudstream3/com.lagradost.cloudstream3.MainActivity, from=android.view.InsetsController.notifyFinished:2006 android.view.InsetsAnimationThreadControlRunner$1.lambda$notifyFinished$0:82 android.view.InsetsAnimationThreadControlRunner$1.$r8$lambda$cDFF0h4Ncq-8EXdGszv69jrUu7c:0
2026-03-09 08:54:44.930 19915-19915 WebViewStrategy         com.lagradost.cloudstream3           D  [VideoSnifferEngine.startDomVideoExtraction] Polling attempt | attempt=14
2026-03-09 08:54:44.930 19915-19915 cr_AwContents           com.lagradost.cloudstream3           W  Application attempted to call on a destroyed WebView (Ask Gemini)
                                                                                                    java.lang.Throwable
                                                                                                    	at org.chromium.android_webview.AwContents.q(chromium-SystemWebViewGoogle6432.aab-stable-763215903:10)
                                                                                                    	at com.android.webview.chromium.WebViewChromium.evaluateJavaScript(chromium-SystemWebViewGoogle6432.aab-stable-763215903:35)
                                                                                                    	at android.webkit.WebView.evaluateJavascript(WebView.java:897)
                                                                                                    	at com.cloudstream.shared.webview.VideoSnifferEngine$startDomVideoExtraction$1.invokeSuspend(VideoSnifferEngine.kt:832)
                                                                                                    	at kotlin.coroutines.jvm.internal.BaseContinuationImpl.resumeWith(ContinuationImpl.kt:34)
                                                                                                    	at kotlinx.coroutines.DispatchedTaskKt.resume(DispatchedTask.kt:233)
                                                                                                    	at kotlinx.coroutines.DispatchedTaskKt.dispatch(DispatchedTask.kt:152)
                                                                                                    	at kotlinx.coroutines.CancellableContinuationImpl.dispatchResume(CancellableContinuationImpl.kt:470)
                                                                                                    	at kotlinx.coroutines.CancellableContinuationImpl.resumeImpl$kotlinx_coroutines_core(CancellableContinuationImpl.kt:504)
                                                                                                    	at kotlinx.coroutines.CancellableContinuationImpl.resumeImpl$kotlinx_coroutines_core$default(CancellableContinuationImpl.kt:493)
                                                                                                    	at kotlinx.coroutines.CancellableContinuationImpl.resumeUndispatched(CancellableContinuationImpl.kt:596)
                                                                                                    	at kotlinx.coroutines.android.HandlerContext.scheduleResumeAfterDelay$lambda$1(HandlerDispatcher.kt:141)
                                                                                                    	at kotlinx.coroutines.android.HandlerContext.$r8$lambda$1oICx0p9952ACqpdbT-DIvW6E9k(Unknown Source:0)
                                                                                                    	at kotlinx.coroutines.android.HandlerContext$$ExternalSyntheticLambda1.run(D8$$SyntheticClass:0)
                                                                                                    	at android.os.Handler.handleCallback(Handler.java:995)
                                                                                                    	at android.os.Handler.dispatchMessage(Handler.java:103)
                                                                                                    	at android.os.Looper.loopOnce(Looper.java:273)
                                                                                                    	at android.os.Looper.loop(Looper.java:363)
                                                                                                    	at android.app.ActivityThread.main(ActivityThread.java:10060)
                                                                                                    	at java.lang.reflect.Method.invoke(Native Method)
                                                                                                    	at com.android.internal.os.RuntimeInit$MethodAndArgsCaller.run(RuntimeInit.java:632)
                                                                                                    	at com.android.internal.os.ZygoteInit.main(ZygoteInit.java:975)
2026-03-09 08:54:44.930 19915-19915 WebViewStrategy         com.lagradost.cloudstream3           I  [VideoSnifferEngine.startDomVideoExtraction] Polling ended (result delivered) | totalAttempts=14
2026-03-09 08:54:46.062 19915-19915 WindowManager           com.lagradost.cloudstream3           I  WindowManagerGlobal#removeView, ty=2005, view=androidx.cardview.widget.CardView{ae6b376 V.E...... ........ 0,0-503,215 #7f0a058c app:id/toast_layout_root}, caller=android.view.WindowManagerGlobal.removeView:654 android.view.WindowManagerImpl.removeViewImmediate:216 android.widget.ToastPresenter.hide:348
2026-03-09 08:54:46.064 19915-19915 VRI[Toast]@22c8d77      com.lagradost.cloudstream3           I  dispatchDetachedFromWindow
2026-03-09 08:54:46.074 19915-19915 InputTransport          com.lagradost.cloudstream3           D  Input channel destroyed: 'ce36d4b', fd=383
2026-03-09 08:54:46.849 19915-19915 VRI[MainAc...y]@e3d3932 com.lagradost.cloudstream3           I  handleAppVisibility mAppVisible = true visible = false
2026-03-09 08:54:46.849 19915-19936 HWUI                    com.lagradost.cloudstream3           D  CacheManager::trimMemory(20)
2026-03-09 08:54:46.849 19915-19915 VRI[MainAc...y]@e3d3932 com.lagradost.cloudstream3           D  visibilityChanged oldVisibility=true newVisibility=false
2026-03-09 08:54:46.855 19915-19915 SV[1614605...nActivity] com.lagradost.cloudstream3           I  onWindowVisibilityChanged(8) false android.view.SurfaceView{99fb134 V.E...... ........ 0,0-1440,750} of VRI[MainActivity]@e3d3932
2026-03-09 08:54:46.855 19915-19915 SurfaceView             com.lagradost.cloudstream3           I  161460532 Changes: creating=false format=false size=false visible=true alpha=false hint=false left=false top=false z=false attached=true lifecycleStrategy=false
2026-03-09 08:54:46.855 19915-19915 SurfaceView             com.lagradost.cloudstream3           I  161460532 Cur surface: Surface(name=null mNativeObject=-5476376625443937280)/@0x479a031
2026-03-09 08:54:46.856 19915-19915 SurfaceComposerClient   com.lagradost.cloudstream3           D  setCornerRadius ## 99fb134 SurfaceView[com.lagradost.cloudstream3/com.lagradost.cloudstream3.MainActivity]@0#133775 cornerRadius=0.000000
2026-03-09 08:54:46.857 19915-19915 SV[1614605...nActivity] com.lagradost.cloudstream3           I  updateSurface: mVisible = false mSurface.isValid() = true
2026-03-09 08:54:46.857 19915-19915 SV[1614605...nActivity] com.lagradost.cloudstream3           I  updateSurface: mSurfaceCreated = true surfaceChanged = false visibleChanged = true
2026-03-09 08:54:46.857 19915-19915 SurfaceView             com.lagradost.cloudstream3           V  Layout: x=0 y=301 w=1440 h=750, frame=Rect(0, 0 - 1440, 750)
2026-03-09 08:54:46.863 19915-19936 SurfaceView             com.lagradost.cloudstream3           D  93603644 windowPositionLost, frameNr = 0
2026-03-09 08:54:46.864 19915-19936 SV[1614605...nActivity] com.lagradost.cloudstream3           I  aOrMT: VRI[MainActivity]@e3d3932 t = android.view.SurfaceControl$Transaction@23eccc5 fN = 0 android.view.SurfaceView.-$$Nest$mapplyOrMergeTransaction:0 android.view.SurfaceView$SurfaceViewPositionUpdateListener.positionLost:2025 android.graphics.RenderNode$CompositePositionUpdateListener.positionLost:418
2026-03-09 08:54:46.864 19915-19936 VRI[MainAc...y]@e3d3932 com.lagradost.cloudstream3           I  mWNT: t=0xb400007a58e48600 mBlastBufferQueue=0xb4000079bdba1000 fn= 0 HdrRenderState mRenderHdrSdrRatio=1.0 caller= android.view.SurfaceView.applyOrMergeTransaction:1863 android.view.SurfaceView.-$$Nest$mapplyOrMergeTransaction:0 android.view.SurfaceView$SurfaceViewPositionUpdateListener.positionLost:2025
2026-03-09 08:54:46.869 19915-19936 HWUI                    com.lagradost.cloudstream3           D  CacheManager::trimMemory(20)
2026-03-09 08:54:46.880 19915-19915 VRI[MainAc...y]@e3d3932 com.lagradost.cloudstream3           I  Relayout returned: old=(0,0,1440,3088) new=(0,0,1440,3088) relayoutAsync=false req=(1440,3088)8 dur=5 res=0x2 s={false 0x0} ch=true seqId=0
2026-03-09 08:54:46.880 19915-19915 SV[1614605...nActivity] com.lagradost.cloudstream3           I  windowStopped(true) false android.view.SurfaceView{99fb134 V.E...... ........ 0,0-1440,750} of VRI[MainActivity]@e3d3932
2026-03-09 08:54:46.880 19915-19915 SV[1614605...nActivity] com.lagradost.cloudstream3           D  updateSurface: surface is not valid
2026-03-09 08:54:46.880 19915-19915 SurfaceView             com.lagradost.cloudstream3           I  161460532 surfaceDestroyed
2026-03-09 08:54:46.880 19915-19915 SV[1614605...nActivity] com.lagradost.cloudstream3           I  surfaceDestroyed callback.size 0 #1 android.view.SurfaceView{99fb134 V.E...... ........ 0,0-1440,750}
2026-03-09 08:54:46.880 19915-19915 SV[1614605...nActivity] com.lagradost.cloudstream3           I  releaseSurfaces: viewRoot = VRI[MainActivity]@e3d3932
2026-03-09 08:54:46.881 19915-19915 VRI[MainAc...y]@e3d3932 com.lagradost.cloudstream3           D  applyTransactionOnDraw applyImmediately
2026-03-09 08:54:46.881 19915-19915 SV[1614605...nActivity] com.lagradost.cloudstream3           D  updateSurface: surface is not valid
2026-03-09 08:54:46.881 19915-19915 SV[1614605...nActivity] com.lagradost.cloudstream3           I  releaseSurfaces: viewRoot = VRI[MainActivity]@e3d3932
2026-03-09 08:54:46.881 19915-19915 VRI[MainAc...y]@e3d3932 com.lagradost.cloudstream3           D  applyTransactionOnDraw applyImmediately
2026-03-09 08:54:46.882 19915-19915 VRI[MainAc...y]@e3d3932 com.lagradost.cloudstream3           D  Not drawing due to not visible. Reason=!mAppVisible && !mForceDecorViewVisibility
2026-03-09 08:54:46.882 19915-19915 VRI[MainAc...y]@e3d3932 com.lagradost.cloudstream3           D  Pending transaction will not be applied in sync with a draw due to view not visible
2026-03-09 08:54:46.882 19915-19915 VRI[MainAc...y]@e3d3932 com.lagradost.cloudstream3           I  mWNT: t=0xb400007a58d66080 mBlastBufferQueue=0xnull fn= 0 HdrRenderState mRenderHdrSdrRatio=1.0 caller= android.view.ViewRootImpl.handleSyncRequestWhenNoAsyncDraw:6733 android.view.ViewRootImpl.performTraversals:5504 android.view.ViewRootImpl.doTraversal:3924
2026-03-09 08:54:46.888 19915-19915 VRI[MainAc...y]@e3d3932 com.lagradost.cloudstream3           I  stopped(true) old = false
2026-03-09 08:54:46.888 19915-19915 VRI[MainAc...y]@e3d3932 com.lagradost.cloudstream3           D  WindowStopped on com.lagradost.cloudstream3/com.lagradost.cloudstream3.MainActivity set to true
2026-03-09 08:54:46.888 19915-19936 HWUI                    com.lagradost.cloudstream3           D  CacheManager::trimMemory(20)
2026-03-09 08:54:46.891 19915-19915 AppVisibilityProxy      com.lagradost.cloudstream3           I  onAppEnteredBackground
2026-03-09 08:54:46.892 19915-19915 ActivityProvider        com.lagradost.cloudstream3           D  Activity stopped, clearing ref: MainActivity
2026-03-09 08:54:46.892 19915-19915 ActivityProvider        com.lagradost.cloudstream3           D  Activity stopped, clearing ref: MainActivity
2026-03-09 08:54:46.892 19915-19915 ActivityProvider        com.lagradost.cloudstream3           D  Activity stopped, clearing ref: MainActivity
2026-03-09 08:54:46.892 19915-19915 ActivityProvider        com.lagradost.cloudstream3           D  Activity stopped, clearing ref: MainActivity
2026-03-09 08:54:46.892 19915-19915 ActivityProvider        com.lagradost.cloudstream3           D  Activity stopped, clearing ref: MainActivity
2026-03-09 08:54:46.892 19915-19915 ActivityProvider        com.lagradost.cloudstream3           D  Activity stopped, clearing ref: MainActivity
2026-03-09 08:54:46.892 19915-19915 ActivityProvider        com.lagradost.cloudstream3           D  Activity stopped, clearing ref: MainActivity
2026-03-09 08:54:46.892 19915-19915 AutofillManager         com.lagradost.cloudstream3           I  onInvisibleForAutofill(): expiringResponse
2026-03-09 08:54:46.893 19915-19915 WindowOnBackDispatcher  com.lagradost.cloudstream3           W  sendCancelIfRunning: isInProgress=false callback=androidx.activity.OnBackPressedDispatcher$Api34Impl$createOnBackAnimationCallback$1@344f4e1
2026-03-09 08:54:46.896 19915-19915 CS3ExoPlayer            com.lagradost.cloudstream3           I  onStop
2026-03-09 08:54:46.896 19915-19915 CS3ExoPlayer            com.lagradost.cloudstream3           I  saveData
2026-03-09 08:54:46.896 19915-19915 CS3ExoPlayer            com.lagradost.cloudstream3           I  handleEvent Pause
2026-03-09 08:54:46.903 19915-19915 VRI[MainAc...y]@e3d3932 com.lagradost.cloudstream3           I  Relayout returned: old=(0,0,1440,3088) new=(0,0,1440,3088) relayoutAsync=false req=(1440,3088)8 dur=2 res=0x2 s={false 0x0} ch=false seqId=0
2026-03-09 08:54:46.903 19915-19915 SV[1614605...nActivity] com.lagradost.cloudstream3           D  updateSurface: surface is not valid
2026-03-09 08:54:46.903 19915-19915 SV[1614605...nActivity] com.lagradost.cloudstream3           I  releaseSurfaces: viewRoot = VRI[MainActivity]@e3d3932
2026-03-09 08:54:46.903 19915-19915 VRI[MainAc...y]@e3d3932 com.lagradost.cloudstream3           D  applyTransactionOnDraw applyImmediately
2026-03-09 08:54:46.905 19915-19915 VRI[MainAc...y]@e3d3932 com.lagradost.cloudstream3           I  onDisplayChanged oldDisplayState=2 newDisplayState=1
2026-03-09 08:54:46.906 19915-19915 ImeFocusController      com.lagradost.cloudstream3           I  onPreWindowFocus: skipped hasWindowFocus=false mHasImeFocus=true
2026-03-09 08:54:46.920 19915-19915 ImeFocusController      com.lagradost.cloudstream3           I  onPostWindowFocus: skipped hasWindowFocus=false mHasImeFocus=true
2026-03-09 08:54:46.924 19915-19915 SV[1614605...nActivity] com.lagradost.cloudstream3           D  updateSurface: surface is not valid
2026-03-09 08:54:46.924 19915-19915 SV[1614605...nActivity] com.lagradost.cloudstream3           I  releaseSurfaces: viewRoot = VRI[MainActivity]@e3d3932
2026-03-09 08:54:46.924 19915-19915 VRI[MainAc...y]@e3d3932 com.lagradost.cloudstream3           D  applyTransactionOnDraw applyImmediately
2026-03-09 08:54:46.924  3302-6586  WindowManager           system_server                        E  win=Window{1b54e66 u0 com.lagradost.cloudstream3/com.lagradost.cloudstream3.MainActivity} destroySurfaces: appStopped=true cleanupOnResume=false win.mWindowRemovalAllowed=false win.mRemoveOnExit=false win.mViewVisibility=8 caller=com.android.server.wm.ActivityRecord.destroySurfaces:25 com.android.server.wm.ActivityRecord.activityStopped:192 com.android.server.wm.ActivityClientController.activityStopped:97 android.app.IActivityClientController$Stub.onTransact:740 com.android.server.wm.ActivityClientController.onTransact:1 android.os.Binder.execTransactInternal:1462 android.os.Binder.execTransact:1401
2026-03-09 08:54:46.924 19915-19915 MediaRouter             com.lagradost.cloudstream3           W  Ignoring invalid provider descriptor: null
2026-03-09 08:54:47.566 19915-19915 VRI[MainAc...y]@e3d3932 com.lagradost.cloudstream3           I  onDisplayChanged oldDisplayState=1 newDisplayState=3
2026-03-09 08:54:47.571 19915-19915 SV[1614605...nActivity] com.lagradost.cloudstream3           D  updateSurface: surface is not valid
2026-03-09 08:54:47.571 19915-19915 SV[1614605...nActivity] com.lagradost.cloudstream3           I  releaseSurfaces: viewRoot = VRI[MainActivity]@e3d3932
2026-03-09 08:54:47.571 19915-19915 VRI[MainAc...y]@e3d3932 com.lagradost.cloudstream3           D  applyTransactionOnDraw applyImmediately
