2026-03-13 14:27:59.816 32712-32755 CastSessionManager      com.lagradost.cloudstream3           D  Started discovery: DlnaDeviceDiscovery
2026-03-13 14:27:59.817 32712-32755 CastSessionManager      com.lagradost.cloudstream3           D  Started discovery: CloudStreamDeviceDiscovery
2026-03-13 14:27:59.817 32712-32755 CastSessionManager      com.lagradost.cloudstream3           D  Started discovery: GoogleCastDeviceDiscovery
2026-03-13 14:28:08.654 32712-32712 Dialog                  com.lagradost.cloudstream3           I  mIsDeviceDefault = false, mIsSamsungBasicInteraction = false, isMetaDataInActivity = false
2026-03-13 14:28:10.996 32712-387   [FaselHD] [getMainPage] com.lagradost.cloudstream3           I  START page=1, data=/all-movies, name=جميع الافلام
2026-03-13 14:28:10.996 32712-32757 [FaselHD] [getMainPage] com.lagradost.cloudstream3           I  START page=1, data=/dubbed-movies, name=الأفلام المدبلجة
2026-03-13 14:28:10.996 32712-32765 [FaselHD] [getMainPage] com.lagradost.cloudstream3           I  START page=1, data=/recent_series, name=المضاف حديثا
2026-03-13 14:28:10.997 32712-386   [FaselHD] [getMainPage] com.lagradost.cloudstream3           I  START page=1, data=/series, name=مسلسلات
2026-03-13 14:28:10.997 32712-32755 [FaselHD] [getMainPage] com.lagradost.cloudstream3           I  START page=1, data=/movies_top_imdb, name=الافلام الاعلي تقييما IMDB
2026-03-13 14:28:10.997 32712-388   [FaselHD] [getMainPage] com.lagradost.cloudstream3           I  START page=1, data=/movies_top_views, name=الافلام الاعلي مشاهدة
2026-03-13 14:28:10.997 32712-32753 [FaselHD] [getMainPage] com.lagradost.cloudstream3           I  START page=1, data=/anime, name=الأنمي
2026-03-13 14:28:11.100 32712-387   ProviderHt...viceHolder com.lagradost.cloudstream3           I  [initialize] HTTP Service singleton initialized
2026-03-13 14:28:11.100 32712-387   ProviderSession         com.lagradost.cloudstream3           D  [load] No cookies, treating as null
2026-03-13 14:28:11.100 32712-387   SessionProvider         com.lagradost.cloudstream3           D  [initialize] Session initialized | domain=faselhds.biz, hasCookies=false, uaHash=42420065
2026-03-13 14:28:11.353 32712-32753 DomainManager           com.lagradost.cloudstream3           D  [ensureInitialized] Raw GitHub config received | body={
                                                                                                      "domain": "https://web31312x.faselhdx.xyz",
                                                                                                      "version": 31,
                                                                                                      "lastUpdated": "2026-03-13T13:21:38.363Z"
                                                                                                    }
2026-03-13 14:28:11.353 32712-32753 DomainManager           com.lagradost.cloudstream3           I  [ensureInitialized] Remote domain update | old=faselhds.biz, new=web31312x.faselhdx.xyz
2026-03-13 14:28:11.353 32712-32753 DomainManager           com.lagradost.cloudstream3           I  [updateDomain] Updated | domain=web31312x.faselhdx.xyz
2026-03-13 14:28:11.353 32712-32753 ProviderSession         com.lagradost.cloudstream3           D  [save] Saved session | domain=web31312x.faselhdx.xyz, cookies=0
2026-03-13 14:28:11.353 32712-32753 [FaselHD] [getMainPage] com.lagradost.cloudstream3           D  Fetching category: 'جميع الافلام' -> '/all-movies'
2026-03-13 14:28:11.353 32712-32753 [FaselHD] [getMainPage] com.lagradost.cloudstream3           D  Fetching URL: https://web31312x.faselhdx.xyz/all-movies
2026-03-13 14:28:11.353 32712-32753 RequestQueue            com.lagradost.cloudstream3           D  [enqueue] Request is LEADER | domain=web31312x.faselhdx.xyz, url=https://web31312x.faselhdx.xyz/all-movies
2026-03-13 14:28:11.353 32712-32755 [FaselHD] [getMainPage] com.lagradost.cloudstream3           D  Fetching category: 'الأفلام المدبلجة' -> '/dubbed-movies'
2026-03-13 14:28:11.353 32712-32755 [FaselHD] [getMainPage] com.lagradost.cloudstream3           D  Fetching URL: https://web31312x.faselhdx.xyz/dubbed-movies
2026-03-13 14:28:11.353 32712-32755 RequestQueue            com.lagradost.cloudstream3           D  [enqueue] Request is FOLLOWER | domain=web31312x.faselhdx.xyz, url=https://web31312x.faselhdx.xyz/dubbed-movies
2026-03-13 14:28:11.353 32712-32755 [FaselHD] [getMainPage] com.lagradost.cloudstream3           D  Fetching category: 'مسلسلات' -> '/series'
2026-03-13 14:28:11.353 32712-32755 [FaselHD] [getMainPage] com.lagradost.cloudstream3           D  Fetching URL: https://web31312x.faselhdx.xyz/series
2026-03-13 14:28:11.353 32712-32755 RequestQueue            com.lagradost.cloudstream3           D  [enqueue] Request is FOLLOWER | domain=web31312x.faselhdx.xyz, url=https://web31312x.faselhdx.xyz/series
2026-03-13 14:28:11.354 32712-32755 [FaselHD] [getMainPage] com.lagradost.cloudstream3           D  Fetching category: 'المضاف حديثا' -> '/recent_series'
2026-03-13 14:28:11.354 32712-32755 [FaselHD] [getMainPage] com.lagradost.cloudstream3           D  Fetching URL: https://web31312x.faselhdx.xyz/recent_series
2026-03-13 14:28:11.354 32712-32755 RequestQueue            com.lagradost.cloudstream3           D  [enqueue] Request is FOLLOWER | domain=web31312x.faselhdx.xyz, url=https://web31312x.faselhdx.xyz/recent_series
2026-03-13 14:28:11.354 32712-32753 ProviderHttp            com.lagradost.cloudstream3           D  [executeDirectRequest] Executing HTTP request | url=https://web31312x.faselhdx.xyz/all-movies, urlDomain=web31312x.faselhdx.xyz, sessionDomain=web31312x.faselhdx.xyz, isAlias=false, hasCookie=false, cookieCount=0
2026-03-13 14:28:11.354 32712-32755 [FaselHD] [getMainPage] com.lagradost.cloudstream3           D  Fetching category: 'الافلام الاعلي مشاهدة' -> '/movies_top_views'
2026-03-13 14:28:11.354 32712-32755 [FaselHD] [getMainPage] com.lagradost.cloudstream3           D  Fetching URL: https://web31312x.faselhdx.xyz/movies_top_views
2026-03-13 14:28:11.354 32712-32755 RequestQueue            com.lagradost.cloudstream3           D  [enqueue] Request is FOLLOWER | domain=web31312x.faselhdx.xyz, url=https://web31312x.faselhdx.xyz/movies_top_views
2026-03-13 14:28:11.354 32712-32755 [FaselHD] [getMainPage] com.lagradost.cloudstream3           D  Fetching category: 'الافلام الاعلي تقييما IMDB' -> '/movies_top_imdb'
2026-03-13 14:28:11.354 32712-32755 [FaselHD] [getMainPage] com.lagradost.cloudstream3           D  Fetching URL: https://web31312x.faselhdx.xyz/movies_top_imdb
2026-03-13 14:28:11.354 32712-32755 RequestQueue            com.lagradost.cloudstream3           D  [enqueue] Request is FOLLOWER | domain=web31312x.faselhdx.xyz, url=https://web31312x.faselhdx.xyz/movies_top_imdb
2026-03-13 14:28:11.354 32712-32755 [FaselHD] [getMainPage] com.lagradost.cloudstream3           D  Fetching category: 'الأنمي' -> '/anime'
2026-03-13 14:28:11.354 32712-32755 [FaselHD] [getMainPage] com.lagradost.cloudstream3           D  Fetching URL: https://web31312x.faselhdx.xyz/anime
2026-03-13 14:28:11.354 32712-32755 RequestQueue            com.lagradost.cloudstream3           D  [enqueue] Request is FOLLOWER | domain=web31312x.faselhdx.xyz, url=https://web31312x.faselhdx.xyz/anime
2026-03-13 14:28:11.510 32712-32753 RequestQueue            com.lagradost.cloudstream3           I  [executeAsLeader] Leader CF BLOCKED - solving | domain=web31312x.faselhdx.xyz
2026-03-13 14:28:11.510 32712-32753 ProviderSession         com.lagradost.cloudstream3           D  [save] Saved session | domain=web31312x.faselhdx.xyz, cookies=0
2026-03-13 14:28:11.511 32712-32753 ProviderHttp            com.lagradost.cloudstream3           I  [invalidateSession] Preparing for CF solve
2026-03-13 14:28:11.584 32712-32712 Dialog                  com.lagradost.cloudstream3           I  mIsDeviceDefault = false, mIsSamsungBasicInteraction = false, isMetaDataInActivity = false
2026-03-13 14:28:14.610 32712-32758 ProviderSession         com.lagradost.cloudstream3           D  [save] Saved session | domain=web31312x.faselhdx.xyz, cookies=7
2026-03-13 14:28:14.610 32712-32758 SessionProvider         com.lagradost.cloudstream3           D  [update] Session updated | domain=web31312x.faselhdx.xyz, hasCookies=true
2026-03-13 14:28:14.629 32712-32758 ProviderHttp            com.lagradost.cloudstream3           D  [updateCookies] Injected 7 cookies into system CookieManager | domain=web31312x.faselhdx.xyz
2026-03-13 14:28:14.629 32712-32758 RequestQueue            com.lagradost.cloudstream3           I  [executeAsLeader] CF solved, retrying leader
2026-03-13 14:28:14.629 32712-32758 ProviderHttp            com.lagradost.cloudstream3           D  [executeDirectRequest] Executing HTTP request | url=https://web31312x.faselhdx.xyz/all-movies, urlDomain=web31312x.faselhdx.xyz, sessionDomain=web31312x.faselhdx.xyz, isAlias=false, hasCookie=true, cookieCount=7
2026-03-13 14:28:15.018 32712-32758 ProviderSession         com.lagradost.cloudstream3           D  [save] Saved session | domain=web31312x.faselhdx.xyz, cookies=7
2026-03-13 14:28:15.018 32712-32758 SessionProvider         com.lagradost.cloudstream3           D  [update] Session updated | domain=web31312x.faselhdx.xyz, hasCookies=true
2026-03-13 14:28:15.049 32712-32758 RequestQueue            com.lagradost.cloudstream3           D  [verifyAndRunFollowers] Verifying cookies | url=https://web31312x.faselhdx.xyz/dubbed-movies
2026-03-13 14:28:15.049 32712-32758 ProviderHttp            com.lagradost.cloudstream3           D  [executeDirectRequest] Executing HTTP request | url=https://web31312x.faselhdx.xyz/dubbed-movies, urlDomain=web31312x.faselhdx.xyz, sessionDomain=web31312x.faselhdx.xyz, isAlias=false, hasCookie=true, cookieCount=7
2026-03-13 14:28:15.352 32712-32758 ProviderSession         com.lagradost.cloudstream3           D  [save] Saved session | domain=web31312x.faselhdx.xyz, cookies=7
2026-03-13 14:28:15.352 32712-32758 SessionProvider         com.lagradost.cloudstream3           D  [update] Session updated | domain=web31312x.faselhdx.xyz, hasCookies=true
2026-03-13 14:28:15.381 32712-32758 RequestQueue            com.lagradost.cloudstream3           I  [verifyAndRunFollowers] Verification SUCCESS | domain=web31312x.faselhdx.xyz
2026-03-13 14:28:15.382 32712-32761 ProviderHttp            com.lagradost.cloudstream3           D  [executeDirectRequest] Executing HTTP request | url=https://web31312x.faselhdx.xyz/movies_top_views, urlDomain=web31312x.faselhdx.xyz, sessionDomain=web31312x.faselhdx.xyz, isAlias=false, hasCookie=true, cookieCount=7
2026-03-13 14:28:15.383 32712-32758 ProviderHttp            com.lagradost.cloudstream3           D  [executeDirectRequest] Executing HTTP request | url=https://web31312x.faselhdx.xyz/anime, urlDomain=web31312x.faselhdx.xyz, sessionDomain=web31312x.faselhdx.xyz, isAlias=false, hasCookie=true, cookieCount=7
2026-03-13 14:28:15.384 32712-386   ProviderHttp            com.lagradost.cloudstream3           D  [executeDirectRequest] Executing HTTP request | url=https://web31312x.faselhdx.xyz/movies_top_imdb, urlDomain=web31312x.faselhdx.xyz, sessionDomain=web31312x.faselhdx.xyz, isAlias=false, hasCookie=true, cookieCount=7
2026-03-13 14:28:15.384 32712-387   ProviderHttp            com.lagradost.cloudstream3           D  [executeDirectRequest] Executing HTTP request | url=https://web31312x.faselhdx.xyz/recent_series, urlDomain=web31312x.faselhdx.xyz, sessionDomain=web31312x.faselhdx.xyz, isAlias=false, hasCookie=true, cookieCount=7
2026-03-13 14:28:15.386 32712-32762 ProviderHttp            com.lagradost.cloudstream3           D  [executeDirectRequest] Executing HTTP request | url=https://web31312x.faselhdx.xyz/series, urlDomain=web31312x.faselhdx.xyz, sessionDomain=web31312x.faselhdx.xyz, isAlias=false, hasCookie=true, cookieCount=7
2026-03-13 14:28:15.435 32712-32754 [FaselHD] [getMainPage] com.lagradost.cloudstream3           D  Document fetched successfully. Parsing...
2026-03-13 14:28:15.440 32712-32754 [FaselHD] [getMainPage] com.lagradost.cloudstream3           D  Parsed 24 items for 'الأفلام المدبلجة'
2026-03-13 14:28:15.440 32712-32754 [FaselHD] [getMainPage] com.lagradost.cloudstream3           D  Mapped 24 items to SearchResponse
2026-03-13 14:28:15.440 32712-32754 [FaselHD] [getMainPage] com.lagradost.cloudstream3           I  END. Returning 1 sections.
2026-03-13 14:28:15.697 32712-32761 ProviderSession         com.lagradost.cloudstream3           D  [save] Saved session | domain=web31312x.faselhdx.xyz, cookies=7
2026-03-13 14:28:15.697 32712-32761 SessionProvider         com.lagradost.cloudstream3           D  [update] Session updated | domain=web31312x.faselhdx.xyz, hasCookies=true
2026-03-13 14:28:15.734 32712-32754 [FaselHD] [getMainPage] com.lagradost.cloudstream3           D  Document fetched successfully. Parsing...
2026-03-13 14:28:15.740 32712-32754 [FaselHD] [getMainPage] com.lagradost.cloudstream3           D  Parsed 24 items for 'الافلام الاعلي مشاهدة'
2026-03-13 14:28:15.740 32712-32754 [FaselHD] [getMainPage] com.lagradost.cloudstream3           D  Mapped 24 items to SearchResponse
2026-03-13 14:28:15.740 32712-32754 [FaselHD] [getMainPage] com.lagradost.cloudstream3           I  END. Returning 1 sections.
2026-03-13 14:28:15.763 32712-386   ProviderSession         com.lagradost.cloudstream3           D  [save] Saved session | domain=web31312x.faselhdx.xyz, cookies=7
2026-03-13 14:28:15.763 32712-386   SessionProvider         com.lagradost.cloudstream3           D  [update] Session updated | domain=web31312x.faselhdx.xyz, hasCookies=true
2026-03-13 14:28:15.772 32712-387   [FaselHD] [getMainPage] com.lagradost.cloudstream3           D  Document fetched successfully. Parsing...
2026-03-13 14:28:15.778 32712-387   [FaselHD] [getMainPage] com.lagradost.cloudstream3           D  Parsed 24 items for 'المضاف حديثا'
2026-03-13 14:28:15.779 32712-387   [FaselHD] [getMainPage] com.lagradost.cloudstream3           D  Mapped 24 items to SearchResponse
2026-03-13 14:28:15.779 32712-387   [FaselHD] [getMainPage] com.lagradost.cloudstream3           I  END. Returning 1 sections.
2026-03-13 14:28:15.790 32712-386   [FaselHD] [getMainPage] com.lagradost.cloudstream3           D  Document fetched successfully. Parsing...
2026-03-13 14:28:15.795 32712-32758 [FaselHD] [getMainPage] com.lagradost.cloudstream3           D  Document fetched successfully. Parsing...
2026-03-13 14:28:15.795 32712-386   [FaselHD] [getMainPage] com.lagradost.cloudstream3           D  Parsed 24 items for 'الافلام الاعلي تقييما IMDB'
2026-03-13 14:28:15.796 32712-386   [FaselHD] [getMainPage] com.lagradost.cloudstream3           D  Mapped 24 items to SearchResponse
2026-03-13 14:28:15.796 32712-386   [FaselHD] [getMainPage] com.lagradost.cloudstream3           I  END. Returning 1 sections.
2026-03-13 14:28:15.800 32712-32762 [FaselHD] [getMainPage] com.lagradost.cloudstream3           D  Document fetched successfully. Parsing...
2026-03-13 14:28:15.801 32712-32758 [FaselHD] [getMainPage] com.lagradost.cloudstream3           D  Parsed 24 items for 'الأنمي'
2026-03-13 14:28:15.802 32712-32758 [FaselHD] [getMainPage] com.lagradost.cloudstream3           D  Mapped 24 items to SearchResponse
2026-03-13 14:28:15.802 32712-32754 [FaselHD] [getMainPage] com.lagradost.cloudstream3           D  Document fetched successfully. Parsing...
2026-03-13 14:28:15.802 32712-32758 [FaselHD] [getMainPage] com.lagradost.cloudstream3           I  END. Returning 1 sections.
2026-03-13 14:28:15.803 32712-32762 [FaselHD] [getMainPage] com.lagradost.cloudstream3           D  Parsed 24 items for 'جميع الافلام'
2026-03-13 14:28:15.803 32712-32762 [FaselHD] [getMainPage] com.lagradost.cloudstream3           D  Mapped 24 items to SearchResponse
2026-03-13 14:28:15.803 32712-32762 [FaselHD] [getMainPage] com.lagradost.cloudstream3           I  END. Returning 1 sections.
2026-03-13 14:28:15.807 32712-32754 [FaselHD] [getMainPage] com.lagradost.cloudstream3           D  Parsed 24 items for 'مسلسلات'
2026-03-13 14:28:15.807 32712-32754 [FaselHD] [getMainPage] com.lagradost.cloudstream3           D  Mapped 24 items to SearchResponse
2026-03-13 14:28:15.807 32712-32754 [FaselHD] [getMainPage] com.lagradost.cloudstream3           I  END. Returning 1 sections.
2026-03-13 14:28:15.808 32712-32762 [FaselHD] [load]        com.lagradost.cloudstream3           I  START url='https://web31312x.faselhdx.xyz/seasons/%d9%85%d8%b3%d9%84%d8%b3%d9%84-twisted-yoga'
2026-03-13 14:28:15.808 32712-32758 [FaselHD] [load]        com.lagradost.cloudstream3           I  START url='https://web31312x.faselhdx.xyz/asian-movies/%d9%81%d9%8a%d9%84%d9%85-20th-century-girl-2022-%d9%85%d8%aa%d8%b1%d8%ac%d9%85-z'
2026-03-13 14:28:15.808 32712-32754 [FaselHD] [load]        com.lagradost.cloudstream3           I  START url='https://web31312x.faselhdx.xyz/dubbed-movies/%d9%81%d9%8a%d9%84%d9%85-incredibles-2004-%d9%85%d8%af%d8%a8%d9%84%d8%ac'
2026-03-13 14:28:15.808 32712-32762 RequestQueue            com.lagradost.cloudstream3           D  [enqueue] Request is LEADER | domain=web31312x.faselhdx.xyz, url=https://web31312x.faselhdx.xyz/seasons/%d9%85%d8%b3%d9%84%d8%b3%d9%84-twisted-yo
2026-03-13 14:28:15.808 32712-32754 RequestQueue            com.lagradost.cloudstream3           D  [enqueue] Request is FOLLOWER | domain=web31312x.faselhdx.xyz, url=https://web31312x.faselhdx.xyz/dubbed-movies/%d9%81%d9%8a%d9%84%d9%85-incredible
2026-03-13 14:28:15.808 32712-32758 RequestQueue            com.lagradost.cloudstream3           D  [enqueue] Request is FOLLOWER | domain=web31312x.faselhdx.xyz, url=https://web31312x.faselhdx.xyz/asian-movies/%d9%81%d9%8a%d9%84%d9%85-20th-centur
2026-03-13 14:28:15.808 32712-32762 ProviderHttp            com.lagradost.cloudstream3           D  [executeDirectRequest] Executing HTTP request | url=https://web31312x.faselhdx.xyz/seasons/%d9%85%d8%b3%d9%84%d8%b3%d9%84-twisted-yo, urlDomain=web31312x.faselhdx.xyz, sessionDomain=web31312x.faselhdx.xyz, isAlias=false, hasCookie=true, cookieCount=7
2026-03-13 14:28:16.261 32712-32762 RequestQueue            com.lagradost.cloudstream3           I  [executeAsLeader] Leader SUCCESS | domain=web31312x.faselhdx.xyz
2026-03-13 14:28:16.261 32712-32762 RequestQueue            com.lagradost.cloudstream3           D  [runFollowersParallel] Running followers | count=2, domain=web31312x.faselhdx.xyz
2026-03-13 14:28:16.262 32712-32758 ProviderHttp            com.lagradost.cloudstream3           D  [executeDirectRequest] Executing HTTP request | url=https://web31312x.faselhdx.xyz/dubbed-movies/%d9%81%d9%8a%d9%84%d9%85-incredible, urlDomain=web31312x.faselhdx.xyz, sessionDomain=web31312x.faselhdx.xyz, isAlias=false, hasCookie=true, cookieCount=7
2026-03-13 14:28:16.263 32712-32754 ProviderHttp            com.lagradost.cloudstream3           D  [executeDirectRequest] Executing HTTP request | url=https://web31312x.faselhdx.xyz/asian-movies/%d9%81%d9%8a%d9%84%d9%85-20th-centur, urlDomain=web31312x.faselhdx.xyz, sessionDomain=web31312x.faselhdx.xyz, isAlias=false, hasCookie=true, cookieCount=7
2026-03-13 14:28:16.729 32712-32758 [FaselHDV2]             com.lagradost.cloudstream3           D  fetchExtraEpisodes: no extra season tabs found
2026-03-13 14:28:16.729 32712-32758 [FaselHD] [load]        com.lagradost.cloudstream3           D  Parsed load data: title='The Incredibles 2004 مدبلج', type=Movie, episodes=0
2026-03-13 14:28:16.735 32712-388   [FaselHDV2]             com.lagradost.cloudstream3           D  fetchExtraEpisodes: no extra season tabs found
2026-03-13 14:28:16.735 32712-388   [FaselHD] [load]        com.lagradost.cloudstream3           D  Parsed load data: title='20th Century Girl 2022', type=Movie, episodes=0
2026-03-13 14:28:16.737 32712-32754 [FaselHDV2]             com.lagradost.cloudstream3           D  fetchExtraEpisodes: no extra season tabs found
2026-03-13 14:28:16.737 32712-32754 [FaselHD] [load]        com.lagradost.cloudstream3           D  Parsed load data: title='Twisted Yoga', type=TvSeries, episodes=3
2026-03-13 14:28:19.758 32712-32712 CS3ExoPlayer            com.lagradost.cloudstream3           I  SET STYLE = SaveCaptionStyle(foregroundColor=-1, backgroundColor=0, windowColor=0, edgeType=1, edgeColor=-16777216, typeface=null, typefaceFilePath=null, elevation=20, fixedTextSize=null, edgeSize=null, removeCaptions=false, removeBloat=true, upperCase=false, bold=false, italic=false, backgroundRadius=null)
2026-03-13 14:28:19.763 32712-32761 [FaselHD] [load]        com.lagradost.cloudstream3           I  START url='https://web31312x.faselhdx.xyz/movies/%d9%81%d9%8a%d9%84%d9%85-worldbreaker-2025-%d9%85%d8%aa%d8%b1%d8%ac%d9%85'
2026-03-13 14:28:19.763 32712-32761 RequestQueue            com.lagradost.cloudstream3           D  [enqueue] Request is LEADER | domain=web31312x.faselhdx.xyz, url=https://web31312x.faselhdx.xyz/movies/%d9%81%d9%8a%d9%84%d9%85-worldbreaker-2025
2026-03-13 14:28:19.763 32712-32761 ProviderHttp            com.lagradost.cloudstream3           D  [executeDirectRequest] Executing HTTP request | url=https://web31312x.faselhdx.xyz/movies/%d9%81%d9%8a%d9%84%d9%85-worldbreaker-2025, urlDomain=web31312x.faselhdx.xyz, sessionDomain=web31312x.faselhdx.xyz, isAlias=false, hasCookie=true, cookieCount=7
2026-03-13 14:28:19.780 32712-32712 CS3ExoPlayer            com.lagradost.cloudstream3           I  reloadPlayer
2026-03-13 14:28:19.780 32712-32712 CS3ExoPlayer            com.lagradost.cloudstream3           I  releasePlayer
2026-03-13 14:28:19.780 32712-32712 CS3ExoPlayer            com.lagradost.cloudstream3           I  Handle event: PlayerAttachedEvent(player=null, source=Player)
2026-03-13 14:28:20.124 32712-32761 RequestQueue            com.lagradost.cloudstream3           I  [executeAsLeader] Leader SUCCESS | domain=web31312x.faselhdx.xyz
2026-03-13 14:28:20.136 32712-32761 [FaselHDV2]             com.lagradost.cloudstream3           D  fetchExtraEpisodes: no extra season tabs found
2026-03-13 14:28:20.136 32712-32761 [FaselHD] [load]        com.lagradost.cloudstream3           D  Parsed load data: title='Worldbreaker 2025', type=Movie, episodes=0
2026-03-13 14:28:22.086 32712-32712 CS3ExoPlayer            com.lagradost.cloudstream3           I  newInstance = {}
2026-03-13 14:28:22.092 32712-32712 CS3ExoPlayer            com.lagradost.cloudstream3           I  onStop
2026-03-13 14:28:22.092 32712-32712 CS3ExoPlayer            com.lagradost.cloudstream3           I  saveData
2026-03-13 14:28:22.092 32712-32712 CS3ExoPlayer            com.lagradost.cloudstream3           I  handleEvent Pause
2026-03-13 14:28:22.095 32712-32712 CS3ExoPlayer            com.lagradost.cloudstream3           I  unwrapBundle = null
2026-03-13 14:28:22.095 32712-32712 CS3ExoPlayer            com.lagradost.cloudstream3           I  unwrapBundle = Bundle[{resumePosition=0, syncData={}}]
2026-03-13 14:28:22.147 32712-32712 CS3ExoPlayer            com.lagradost.cloudstream3           I  SET STYLE = SaveCaptionStyle(foregroundColor=-1, backgroundColor=0, windowColor=0, edgeType=1, edgeColor=-16777216, typeface=null, typefaceFilePath=null, elevation=20, fixedTextSize=null, edgeSize=null, removeCaptions=false, removeBloat=true, upperCase=false, bold=false, italic=false, backgroundRadius=null)
2026-03-13 14:28:22.149 32712-32712 CS3ExoPlayer            com.lagradost.cloudstream3           I  unwrapBundle = null
2026-03-13 14:28:22.149 32712-32712 CS3ExoPlayer            com.lagradost.cloudstream3           I  unwrapBundle = Bundle[{resumePosition=0, syncData={}}]
2026-03-13 14:28:22.150 32712-32761 [FaselHD] [loadLinks]   com.lagradost.cloudstream3           I  START data='https://web31312x.faselhdx.xyz/movies/%d9%81%d9%8a%d9%84%d9%85-worldbreaker-2025-%d9%85%d8%aa%d8%b1%d8%ac%d9%85'
2026-03-13 14:28:22.151 32712-32712 CS3ExoPlayer            com.lagradost.cloudstream3           I  setActiveSubtitles 0
2026-03-13 14:28:22.151 32712-32761 RequestQueue            com.lagradost.cloudstream3           D  [enqueue] Request is LEADER | domain=web31312x.faselhdx.xyz, url=https://web31312x.faselhdx.xyz/movies/%d9%81%d9%8a%d9%84%d9%85-worldbreaker-2025
2026-03-13 14:28:22.151 32712-32712 CS3ExoPlayer            com.lagradost.cloudstream3           I  autoSelectFromSettings = null
2026-03-13 14:28:22.151 32712-32761 ProviderHttp            com.lagradost.cloudstream3           D  [executeDirectRequest] Executing HTTP request | url=https://web31312x.faselhdx.xyz/movies/%d9%81%d9%8a%d9%84%d9%85-worldbreaker-2025, urlDomain=web31312x.faselhdx.xyz, sessionDomain=web31312x.faselhdx.xyz, isAlias=false, hasCookie=true, cookieCount=7
2026-03-13 14:28:22.196 32712-32712 CS3ExoPlayer            com.lagradost.cloudstream3           I  reloadPlayer
2026-03-13 14:28:22.196 32712-32712 CS3ExoPlayer            com.lagradost.cloudstream3           I  releasePlayer
2026-03-13 14:28:22.196 32712-32712 CS3ExoPlayer            com.lagradost.cloudstream3           I  Handle event: PlayerAttachedEvent(player=null, source=Player)
2026-03-13 14:28:22.202 32712-32712 CS3ExoPlayer            com.lagradost.cloudstream3           I  setActiveSubtitles 0
2026-03-13 14:28:22.202 32712-32712 CS3ExoPlayer            com.lagradost.cloudstream3           I  autoSelectFromSettings = null
2026-03-13 14:28:22.203 32712-32712 CS3ExoPlayer            com.lagradost.cloudstream3           I  releasePlayer
2026-03-13 14:28:22.203 32712-32712 CS3ExoPlayer            com.lagradost.cloudstream3           I  Handle event: PlayerAttachedEvent(player=null, source=Player)
2026-03-13 14:28:22.459 32712-32761 RequestQueue            com.lagradost.cloudstream3           I  [executeAsLeader] Leader SUCCESS | domain=web31312x.faselhdx.xyz
2026-03-13 14:28:22.466 32712-32761 FaselHDV2Parser         com.lagradost.cloudstream3           D  getPlayerPageUrl: found='null'
2026-03-13 14:28:22.467 32712-32761 [FaselHD] [loadLinks]   com.lagradost.cloudstream3           D  No watch page found, using detail page
2026-03-13 14:28:22.468 32712-32761 [FaselHDV2Parser]       com.lagradost.cloudstream3           D  extractWatchServersUrls: found 2 URLs
2026-03-13 14:28:22.468 32712-32761 [FaselHD] [loadLinks]   com.lagradost.cloudstream3           D  Extracted 2 player URLs
2026-03-13 14:28:22.468 32712-32761 [FaselHD] [loadLinks]   com.lagradost.cloudstream3           D  Extracted 0/2 server selectors from parser
2026-03-13 14:28:22.468 32712-32761 [FaselHD] [loadLinks]   com.lagradost.cloudstream3           D  Using referer: https://web31312x.faselhdx.xyz/
2026-03-13 14:28:22.468 32712-32761 [FaselHD] [loadLinks]   com.lagradost.cloudstream3           I  PHASE 1: Resolving 2 URLs in parallel...
2026-03-13 14:28:22.469 32712-32761 [FaselHD] [loadLinks]   com.lagradost.cloudstream3           I  PHASE 1 complete: 2/2 URLs resolved
2026-03-13 14:28:22.469 32712-32761 [FaselHD] [loadLinks]   com.lagradost.cloudstream3           I  PHASE 2: Trying standard extractors on 2 URLs in parallel...
2026-03-13 14:28:22.502 32712-388   [FaselHD] [loadLinks]   com.lagradost.cloudstream3           W  PHASE 2-3: No standard extractors succeeded for any URL
2026-03-13 14:28:22.502 32712-388   [FaselHD] [loadLinks]   com.lagradost.cloudstream3           I  PHASE 4: Sniffer fallback — trying 2 servers sequentially...
2026-03-13 14:28:22.502 32712-388   [FaselHD] [loadLinks]   com.lagradost.cloudstream3           D  PHASE 4: Sniffing [0]: https://web31312x.faselhdx.xyz/video_player?player_token=ZXViVTg1amFSc2VoV1dNQWJ
2026-03-13 14:28:22.502 32712-388   [FaselHD] ...ferResult] com.lagradost.cloudstream3           D  === START === target=https://web31312x.faselhdx.xyz/video_player?player_token=ZXViVTg1amFSc2VoV1dNQWJ, hasSelector=false
2026-03-13 14:28:22.502 32712-388   [FaselHD] ...ferResult] com.lagradost.cloudstream3           D  Sniffer URL: sniff://https%3A%2F%2Fweb31312x.faselhdx.xyz%2Fvideo_player%3Fplayer_token%3DZXViVTg1amFSc2VoV1dNQWJ2OVV0WWtuTWNYN1Z4R1RHQUtkUjZ5KzcwaHpkdVJmWVhoWmlVOWg0SkR3NVRVSW82aTc0RDJHQit0S0R4czkyUmtyYU50UVJQQS9DY2NUNmlFZHk2bEoyQjFLdllCb1hhTUVoRGRLQW9Meml5ak9lNWsvQ2NsM0FDMjUxRDNYdkRxYzFXMzNkbGdBZHRFVjZYSzJyUGYyTHdRZWxpVVpJRjZLdFAwMFFRbVl1SkpQcjVBT1BvakZSeUdYSVZEdlB5emFibTJObXRSTW5rRGFXN1lGai9RSjYzWT06Oh74XP89szenQprzbKDiY3U%253D?referer=https%3A%2F%2Fweb31312x.faselhdx.xyz%2F
2026-03-13 14:28:22.503 32712-388   SnifferExtractor        com.lagradost.cloudstream3           D  getUrl called with url: sniff://https%3A%2F%2Fweb31312x.faselhdx.xyz%2Fvideo_player%3Fplayer_token%3DZXViVTg1amFSc2VoV1dNQWJ2OVV0WWtuTWNYN1Z4R1RHQUtkUjZ5KzcwaHpkdVJmWVhoWmlVOWg0SkR3NVRVSW82aTc0RDJHQit0S0R4czkyUmtyYU50UVJQQS9DY2NUNmlFZHk2bEoyQjFLdllCb1hhTUVoRGRLQW9Meml5ak9lNWsvQ2NsM0FDMjUxRDNYdkRxYzFXMzNkbGdBZHRFVjZYSzJyUGYyTHdRZWxpVVpJRjZLdFAwMFFRbVl1SkpQcjVBT1BvakZSeUdYSVZEdlB5emFibTJObXRSTW5rRGFXN1lGai9RSjYzWT06Oh74XP89szenQprzbKDiY3U%253D?referer=https%3A%2F%2Fweb31312x.faselhdx.xyz%2F
2026-03-13 14:28:22.503 32712-388   SnifferExtractor        com.lagradost.cloudstream3           D  [getUrl] Processing sniffer URL | url=sniff://https%3A%2F%2Fweb31312x.faselhdx.xyz%2Fvideo_player%3Fplayer_token%3DZXV
2026-03-13 14:28:22.503 32712-388   SnifferExtractor        com.lagradost.cloudstream3           D  Parsed embed URL: https://web31312x.faselhdx.xyz/video_player?player_token=ZXViVTg1amFSc2VoV1dNQWJ2OVV0WWtuTWNYN1Z4R1RHQUtkUjZ5KzcwaHpkdVJmWVhoWmlVOWg0SkR3NVRVSW82aTc0RDJHQit0S0R4czkyUmtyYU50UVJQQS9DY2NUNmlFZHk2bEoyQjFLdllCb1hhTUVoRGRLQW9Meml5ak9lNWsvQ2NsM0FDMjUxRDNYdkRxYzFXMzNkbGdBZHRFVjZYSzJyUGYyTHdRZWxpVVpJRjZLdFAwMFFRbVl1SkpQcjVBT1BvakZSeUdYSVZEdlB5emFibTJObXRSTW5rRGFXN1lGai9RSjYzWT06Oh74XP89szenQprzbKDiY3U%3D, referer: https://web31312x.faselhdx.xyz/, hasSelector: false
2026-03-13 14:28:22.503 32712-388   SnifferExtractor        com.lagradost.cloudstream3           D  [getUrl] Parsed embed URL | embedUrl=https://web31312x.faselhdx.xyz/video_player?player_token=ZXV, embedReferer=https://web31312x.faselhdx.xyz/, hasSelector=false
2026-03-13 14:28:22.503 32712-388   SessionProvider         com.lagradost.cloudstream3           W  [getUserAgent] No session, using default UA
2026-03-13 14:28:22.503 32712-388   SnifferExtractor        com.lagradost.cloudstream3           D  Using SessionProvider UA: Mozilla/5.0 (Linux; Android 13; Pixel 7) AppleWebK...
2026-03-13 14:28:22.503 32712-388   SnifferExtractor        com.lagradost.cloudstream3           D  [getUrl] Using SessionProvider UA | uaHash=-1726961282, hasSession=false
2026-03-13 14:28:22.503 32712-388   SnifferExtractor        com.lagradost.cloudstream3           I  [getUrl] === STARTING WEBVIEW SNIFF ===
2026-03-13 14:28:22.503 32712-388   SnifferExtractor        com.lagradost.cloudstream3           I  [getUrl] Target URL: https://web31312x.faselhdx.xyz/video_player?player_token=ZXViVTg1amFSc2VoV1dNQWJ
2026-03-13 14:28:22.503 32712-388   SnifferExtractor        com.lagradost.cloudstream3           I  [getUrl] Mode: FULLSCREEN
2026-03-13 14:28:22.503 32712-388   SnifferExtractor        com.lagradost.cloudstream3           I  [getUrl] Timeout: 3h (sniffer doubles as player)
2026-03-13 14:28:22.503 32712-388   SnifferExtractor        com.lagradost.cloudstream3           D  [getUrl] Starting VideoSnifferEngine sniffing (Visible)
2026-03-13 14:28:22.503 32712-388   SnifferExtractor        com.lagradost.cloudstream3           W  [getUrl] No session cookies to inject | cookieCount=0, domain=null
2026-03-13 14:28:22.503 32712-32712 VideoSnifferEngine      com.lagradost.cloudstream3           D  runSession: Session started, capturedLinks cleared. URL: https://web31312x.faselhdx.xyz/video_player?player_token=ZXViVTg1amFSc2VoV1dNQWJ2OVV0WWtuTWNYN1Z4R1RHQUtkUjZ5KzcwaHpkdVJmWVhoWmlVOWg0SkR3NVRVSW82aTc0RDJHQit0S0R4czkyUmtyYU50UVJQQS9DY2NUNmlFZHk2bEoyQjFLdllCb1hhTUVoRGRLQW9Meml5ak9lNWsvQ2NsM0FDMjUxRDNYdkRxYzFXMzNkbGdBZHRFVjZYSzJyUGYyTHdRZWxpVVpJRjZLdFAwMFFRbVl1SkpQcjVBT1BvakZSeUdYSVZEdlB5emFibTJObXRSTW5rRGFXN1lGai9RSjYzWT06Oh74XP89szenQprzbKDiY3U%3D
2026-03-13 14:28:22.522 32712-32712 Dialog                  com.lagradost.cloudstream3           I  mIsDeviceDefault = false, mIsSamsungBasicInteraction = false, isMetaDataInActivity = false
2026-03-13 14:28:22.536 32712-32712 VideoSnifferEngine      com.lagradost.cloudstream3           D  videoMonitorJob: Started. requiredCount=1
2026-03-13 14:28:22.537 32712-446   VideoSnifferEngine      com.lagradost.cloudstream3           D  intercept: Request #1 url=https://web31312x.faselhdx.xyz/video_player?player_token=ZXViVTg1amFSc2VoV1dNQWJ2OVV0WWtuTWNYN1Z4R1R
2026-03-13 14:28:22.645 32712-32712 VideoSnifferJS          com.lagradost.cloudstream3           W  Error with Permissions-Policy header: Unrecognized feature: 'browsing-topics'. [:0]
2026-03-13 14:28:22.645 32712-32712 VideoSnifferJS          com.lagradost.cloudstream3           W  Error with Permissions-Policy header: Unrecognized feature: 'hid'. [:0]
2026-03-13 14:28:22.645 32712-32712 VideoSnifferJS          com.lagradost.cloudstream3           W  Error with Permissions-Policy header: Unrecognized feature: 'interest-cohort'. [:0]
2026-03-13 14:28:22.645 32712-32712 VideoSnifferJS          com.lagradost.cloudstream3           W  Error with Permissions-Policy header: Unrecognized feature: 'serial'. [:0]
2026-03-13 14:28:22.645 32712-32712 VideoSnifferJS          com.lagradost.cloudstream3           W  Error with Permissions-Policy header: Unrecognized feature: 'usb'. [:0]
2026-03-13 14:28:22.647 32712-32712 VideoSnifferEngine      com.lagradost.cloudstream3           I  onPageStarted: url=https://web31312x.faselhdx.xyz/video_player?player_token=ZXViVTg1amFSc2VoV1dNQWJ
2026-03-13 14:28:22.754 32712-32712 VideoSnifferEngine      com.lagradost.cloudstream3           I  onPageFinished: url=https://web31312x.faselhdx.xyz/video_player?player_token=ZXViVTg1amFSc2VoV1dNQWJ
2026-03-13 14:28:22.755 32712-32712 VideoSnifferJS          com.lagradost.cloudstream3           E  Uncaught SyntaxError: Invalid or unexpected token [https://web31312x.faselhdx.xyz/video_player?player_token=ZXViVTg1amFSc2VoV1dNQWJ2OVV0WWtuTWNYN1Z4R1RHQUtkUjZ5KzcwaHpkdVJmWVhoWmlVOWg0SkR3NVRVSW82aTc0RDJHQit0S0R4czkyUmtyYU50UVJQQS9DY2NUNmlFZHk2bEoyQjFLdllCb1hhTUVoRGRLQW9Meml5ak9lNWsvQ2NsM0FDMjUxRDNYdkRxYzFXMzNkbGdBZHRFVjZYSzJyUGYyTHdRZWxpVVpJRjZLdFAwMFFRbVl1SkpQcjVBT1BvakZSeUdYSVZEdlB5emFibTJObXRSTW5rRGFXN1lGai9RSjYzWT06Oh74XP89szenQprzbKDiY3U%3D:3]
2026-03-13 14:28:22.756 32712-32712 VideoSnifferJS          com.lagradost.cloudstream3           D  [VideoSniffer] Script starting... [:2]
2026-03-13 14:28:22.756 32712-32712 VideoSnifferJS          com.lagradost.cloudstream3           D  [VideoSniffer] Auto-click system active [:10]
2026-03-13 14:28:22.756 32712-679   VideoSnifferJS          com.lagradost.cloudstream3           D  BRIDGE: Auto-click system active
2026-03-13 14:28:22.945 32712-32712 VideoSnifferJS          com.lagradost.cloudstream3           W  Error with Permissions-Policy header: Unrecognized feature: 'browsing-topics'. [:0]
2026-03-13 14:28:22.945 32712-32712 VideoSnifferJS          com.lagradost.cloudstream3           W  Error with Permissions-Policy header: Unrecognized feature: 'hid'. [:0]
2026-03-13 14:28:22.945 32712-32712 VideoSnifferJS          com.lagradost.cloudstream3           W  Error with Permissions-Policy header: Unrecognized feature: 'interest-cohort'. [:0]
2026-03-13 14:28:22.945 32712-32712 VideoSnifferJS          com.lagradost.cloudstream3           W  Error with Permissions-Policy header: Unrecognized feature: 'serial'. [:0]
2026-03-13 14:28:22.945 32712-32712 VideoSnifferJS          com.lagradost.cloudstream3           W  Error with Permissions-Policy header: Unrecognized feature: 'usb'. [:0]
2026-03-13 14:28:23.258 32712-679   VideoSnifferJS          com.lagradost.cloudstream3           D  BRIDGE: Auto-play attempt...
2026-03-13 14:28:23.259 32712-32712 VideoSnifferJS          com.lagradost.cloudstream3           D  [VideoSniffer] Auto-play attempt... [:10]
2026-03-13 14:28:23.383 32712-32712 VideoSnifferJS          com.lagradost.cloudstream3           D  Error [https://challenges.cloudflare.com/cdn-cgi/challenge-platform/h/g/turnstile/f/ov2/av0/rch/ts7f5/0x4AAAAAAADnOjc0PNeA8qVm/dark/fbE/new/normal?lang=auto:1]
2026-03-13 14:28:23.391 32712-32712 VideoSnifferJS          com.lagradost.cloudstream3           D  HfGp [https://challenges.cloudflare.com/cdn-cgi/challenge-platform/h/g/turnstile/f/ov2/av0/rch/ts7f5/0x4AAAAAAADnOjc0PNeA8qVm/dark/fbE/new/normal?lang=auto:1]
2026-03-13 14:28:23.391 32712-32712 VideoSnifferJS          com.lagradost.cloudstream3           D  HfGp [https://challenges.cloudflare.com/cdn-cgi/challenge-platform/h/g/turnstile/f/ov2/av0/rch/ts7f5/0x4AAAAAAADnOjc0PNeA8qVm/dark/fbE/new/normal?lang=auto:1]
2026-03-13 14:28:23.391 32712-32712 VideoSnifferJS          com.lagradost.cloudstream3           D  SCon [https://challenges.cloudflare.com/cdn-cgi/challenge-platform/h/g/turnstile/f/ov2/av0/rch/ts7f5/0x4AAAAAAADnOjc0PNeA8qVm/dark/fbE/new/normal?lang=auto:1]
2026-03-13 14:28:23.391 32712-32712 VideoSnifferJS          com.lagradost.cloudstream3           D  SCon [https://challenges.cloudflare.com/cdn-cgi/challenge-platform/h/g/turnstile/f/ov2/av0/rch/ts7f5/0x4AAAAAAADnOjc0PNeA8qVm/dark/fbE/new/normal?lang=auto:1]
2026-03-13 14:28:23.391 32712-32712 VideoSnifferJS          com.lagradost.cloudstream3           D  [object HTMLAnchorElement] [https://challenges.cloudflare.com/cdn-cgi/challenge-platform/h/g/turnstile/f/ov2/av0/rch/ts7f5/0x4AAAAAAADnOjc0PNeA8qVm/dark/fbE/new/normal?lang=auto:1]
2026-03-13 14:28:23.392 32712-32712 VideoSnifferJS          com.lagradost.cloudstream3           D  [object HTMLAnchorElement] [https://challenges.cloudflare.com/cdn-cgi/challenge-platform/h/g/turnstile/f/ov2/av0/rch/ts7f5/0x4AAAAAAADnOjc0PNeA8qVm/dark/fbE/new/normal?lang=auto:1]
2026-03-13 14:28:23.392 32712-32712 VideoSnifferJS          com.lagradost.cloudstream3           D  ��: 1 [https://challenges.cloudflare.com/cdn-cgi/challenge-platform/h/g/turnstile/f/ov2/av0/rch/ts7f5/0x4AAAAAAADnOjc0PNeA8qVm/dark/fbE/new/normal?lang=auto:1]
2026-03-13 14:28:23.392 32712-32712 VideoSnifferJS          com.lagradost.cloudstream3           D  ��: 1 [https://challenges.cloudflare.com/cdn-cgi/challenge-platform/h/g/turnstile/f/ov2/av0/rch/ts7f5/0x4AAAAAAADnOjc0PNeA8qVm/dark/fbE/new/normal?lang=auto:1]
2026-03-13 14:28:23.392 32712-32712 VideoSnifferJS          com.lagradost.cloudstream3           D  %c%d font-size:0;color:transparent NaN [https://challenges.cloudflare.com/cdn-cgi/challenge-platform/h/g/turnstile/f/ov2/av0/rch/ts7f5/0x4AAAAAAADnOjc0PNeA8qVm/dark/fbE/new/normal?lang=auto:1]
2026-03-13 14:28:23.392 32712-32712 VideoSnifferJS          com.lagradost.cloudstream3           D  %c%d font-size:0;color:transparent NaN [https://challenges.cloudflare.com/cdn-cgi/challenge-platform/h/g/turnstile/f/ov2/av0/rch/ts7f5/0x4AAAAAAADnOjc0PNeA8qVm/dark/fbE/new/normal?lang=auto:1]
2026-03-13 14:28:23.392 32712-32712 VideoSnifferJS          com.lagradost.cloudstream3           D   ZHtr: HswC [https://challenges.cloudflare.com/cdn-cgi/challenge-platform/h/g/turnstile/f/ov2/av0/rch/ts7f5/0x4AAAAAAADnOjc0PNeA8qVm/dark/fbE/new/normal?lang=auto:1]
2026-03-13 14:28:23.392 32712-32712 VideoSnifferJS          com.lagradost.cloudstream3           D   ZHtr: HswC [https://challenges.cloudflare.com/cdn-cgi/challenge-platform/h/g/turnstile/f/ov2/av0/rch/ts7f5/0x4AAAAAAADnOjc0PNeA8qVm/dark/fbE/new/normal?lang=auto:1]
2026-03-13 14:28:23.392 32712-32712 VideoSnifferJS          com.lagradost.cloudstream3           D  %c%d font-size:0;color:transparent ZHtr: HswC [https://challenges.cloudflare.com/cdn-cgi/challenge-platform/h/g/turnstile/f/ov2/av0/rch/ts7f5/0x4AAAAAAADnOjc0PNeA8qVm/dark/fbE/new/normal?lang=auto:1]
2026-03-13 14:28:23.392 32712-32712 VideoSnifferJS          com.lagradost.cloudstream3           D  %c%d font-size:0;color:transparent ZHtr: HswC [https://challenges.cloudflare.com/cdn-cgi/challenge-platform/h/g/turnstile/f/ov2/av0/rch/ts7f5/0x4AAAAAAADnOjc0PNeA8qVm/dark/fbE/new/normal?lang=auto:1]
2026-03-13 14:28:23.392 32712-32712 VideoSnifferJS          com.lagradost.cloudstream3           E  %c%d font-size:0;color:transparent NaN [https://challenges.cloudflare.com/cdn-cgi/challenge-platform/h/g/turnstile/f/ov2/av0/rch/ts7f5/0x4AAAAAAADnOjc0PNeA8qVm/dark/fbE/new/normal?lang=auto:1]
2026-03-13 14:28:23.392 32712-32712 VideoSnifferJS          com.lagradost.cloudstream3           E  %c%d font-size:0;color:transparent NaN [https://challenges.cloudflare.com/cdn-cgi/challenge-platform/h/g/turnstile/f/ov2/av0/rch/ts7f5/0x4AAAAAAADnOjc0PNeA8qVm/dark/fbE/new/normal?lang=auto:1]
2026-03-13 14:28:23.392 32712-32712 VideoSnifferJS          com.lagradost.cloudstream3           D  %c%d font-size:0;color:transparent NaN [https://challenges.cloudflare.com/cdn-cgi/challenge-platform/h/g/turnstile/f/ov2/av0/rch/ts7f5/0x4AAAAAAADnOjc0PNeA8qVm/dark/fbE/new/normal?lang=auto:1]
2026-03-13 14:28:23.393 32712-32712 VideoSnifferJS          com.lagradost.cloudstream3           D  %c%d font-size:0;color:transparent NaN [https://challenges.cloudflare.com/cdn-cgi/challenge-platform/h/g/turnstile/f/ov2/av0/rch/ts7f5/0x4AAAAAAADnOjc0PNeA8qVm/dark/fbE/new/normal?lang=auto:1]
2026-03-13 14:28:23.393 32712-32712 VideoSnifferJS          com.lagradost.cloudstream3           D  %c%d font-size:0;color:transparent NaN [https://challenges.cloudflare.com/cdn-cgi/challenge-platform/h/g/turnstile/f/ov2/av0/rch/ts7f5/0x4AAAAAAADnOjc0PNeA8qVm/dark/fbE/new/normal?lang=auto:1]
2026-03-13 14:28:23.393 32712-32712 VideoSnifferJS          com.lagradost.cloudstream3           D  %c%d font-size:0;color:transparent NaN [https://challenges.cloudflare.com/cdn-cgi/challenge-platform/h/g/turnstile/f/ov2/av0/rch/ts7f5/0x4AAAAAAADnOjc0PNeA8qVm/dark/fbE/new/normal?lang=auto:1]
2026-03-13 14:28:23.393 32712-32712 VideoSnifferJS          com.lagradost.cloudstream3           D  %c%d font-size:0;color:transparent ZHtr: HswC [https://challenges.cloudflare.com/cdn-cgi/challenge-platform/h/g/turnstile/f/ov2/av0/rch/ts7f5/0x4AAAAAAADnOjc0PNeA8qVm/dark/fbE/new/normal?lang=auto:1]
2026-03-13 14:28:23.393 32712-32712 VideoSnifferJS          com.lagradost.cloudstream3           D  %c%d font-size:0;color:transparent ZHtr: HswC [https://challenges.cloudflare.com/cdn-cgi/challenge-platform/h/g/turnstile/f/ov2/av0/rch/ts7f5/0x4AAAAAAADnOjc0PNeA8qVm/dark/fbE/new/normal?lang=auto:1]
2026-03-13 14:28:23.393 32712-32712 VideoSnifferJS          com.lagradost.cloudstream3           D  %c%d font-size:0;color:transparent NaN [https://challenges.cloudflare.com/cdn-cgi/challenge-platform/h/g/turnstile/f/ov2/av0/rch/ts7f5/0x4AAAAAAADnOjc0PNeA8qVm/dark/fbE/new/normal?lang=auto:1]
2026-03-13 14:28:23.393 32712-32712 VideoSnifferJS          com.lagradost.cloudstream3           D  %c%d font-size:0;color:transparent NaN [https://challenges.cloudflare.com/cdn-cgi/challenge-platform/h/g/turnstile/f/ov2/av0/rch/ts7f5/0x4AAAAAAADnOjc0PNeA8qVm/dark/fbE/new/normal?lang=auto:1]
2026-03-13 14:28:23.394 32712-32712 VideoSnifferJS          com.lagradost.cloudstream3           W  %c%d font-size:0;color:transparent NaN [https://challenges.cloudflare.com/cdn-cgi/challenge-platform/h/g/turnstile/f/ov2/av0/rch/ts7f5/0x4AAAAAAADnOjc0PNeA8qVm/dark/fbE/new/normal?lang=auto:1]
2026-03-13 14:28:23.394 32712-32712 VideoSnifferJS          com.lagradost.cloudstream3           W  %c%d font-size:0;color:transparent NaN [https://challenges.cloudflare.com/cdn-cgi/challenge-platform/h/g/turnstile/f/ov2/av0/rch/ts7f5/0x4AAAAAAADnOjc0PNeA8qVm/dark/fbE/new/normal?lang=auto:1]
2026-03-13 14:28:23.395 32712-32712 VideoSnifferJS          com.lagradost.cloudstream3           D  console.groupEnd [https://challenges.cloudflare.com/cdn-cgi/challenge-platform/h/g/turnstile/f/ov2/av0/rch/ts7f5/0x4AAAAAAADnOjc0PNeA8qVm/dark/fbE/new/normal?lang=auto:1]
2026-03-13 14:28:23.459 32712-32712 VideoSnifferJS          com.lagradost.cloudstream3           E   Note that 'script-src' was not explicitly set, so 'default-src' is used as a fallback. [https://challenges.cloudflare.com/cdn-cgi/challenge-platform/h/g/turnstile/f/ov2/av0/rch/ts7f5/0x4AAAAAAADnOjc0PNeA8qVm/dark/fbE/new/normal?lang=auto:1]
2026-03-13 14:28:23.641 32712-32712 VideoSnifferJS          com.lagradost.cloudstream3           D  Request for the Private Access Token challenge. [https://challenges.cloudflare.com/cdn-cgi/challenge-platform/h/g/turnstile/f/ov2/av0/rch/ts7f5/0x4AAAAAAADnOjc0PNeA8qVm/dark/fbE/new/normal?lang=auto:1]
2026-03-13 14:28:23.641 32712-32712 VideoSnifferJS          com.lagradost.cloudstream3           D  The next request for the Private Access Token challenge may return a 401 and show a warning in console. [https://challenges.cloudflare.com/cdn-cgi/challenge-platform/h/g/turnstile/f/ov2/av0/rch/ts7f5/0x4AAAAAAADnOjc0PNeA8qVm/dark/fbE/new/normal?lang=auto:1]
2026-03-13 14:28:23.641 32712-446   VideoSnifferEngine      com.lagradost.cloudstream3           D  intercept: Request #10 url=https://challenges.cloudflare.com/cdn-cgi/challenge-platform/h/g/pat/9dbb61a84bdcc801/1773408503343/
2026-03-13 14:28:23.674 32712-32712 VideoSnifferJS          com.lagradost.cloudstream3           D  console.groupEnd [https://challenges.cloudflare.com/cdn-cgi/challenge-platform/h/g/turnstile/f/ov2/av0/rch/ts7f5/0x4AAAAAAADnOjc0PNeA8qVm/dark/fbE/new/normal?lang=auto:1]
2026-03-13 14:28:23.757 32712-679   VideoSnifferJS          com.lagradost.cloudstream3           D  BRIDGE: Retry @1s
2026-03-13 14:28:23.758 32712-32712 VideoSnifferJS          com.lagradost.cloudstream3           D  [VideoSniffer] Retry @1s [:10]
2026-03-13 14:28:23.758 32712-32712 VideoSnifferJS          com.lagradost.cloudstream3           D  [VideoSniffer] Auto-play attempt... [:10]
2026-03-13 14:28:23.758 32712-679   VideoSnifferJS          com.lagradost.cloudstream3           D  BRIDGE: Auto-play attempt...
2026-03-13 14:28:24.254 32712-446   VideoSnifferEngine      com.lagradost.cloudstream3           D  intercept: Request #15 url=https://web31312x.faselhdx.xyz/video_player?player_token=ZXViVTg1amFSc2VoV1dNQWJ2OVV0WWtuTWNYN1Z4R1R
2026-03-13 14:28:24.759 32712-32712 VideoSnifferJS          com.lagradost.cloudstream3           D  [VideoSnifferEngine] DOM extraction running... [:3]
2026-03-13 14:28:24.761 32712-32712 VideoSnifferJS          com.lagradost.cloudstream3           D  [VideoSnifferEngine] MediaSource is available [:51]
2026-03-13 14:28:24.761 32712-32712 VideoSnifferJS          com.lagradost.cloudstream3           D  [VideoSnifferEngine] Extraction complete. Videos: 0 Sources: 0 Found: 0 Invalid: false [:88]
2026-03-13 14:28:24.763 32712-679   VideoSnifferJS          com.lagradost.cloudstream3           D  BRIDGE: Retry @2s
2026-03-13 14:28:24.764 32712-32712 VideoSnifferJS          com.lagradost.cloudstream3           D  [VideoSniffer] Retry @2s [:10]
2026-03-13 14:28:24.766 32712-32712 VideoSnifferJS          com.lagradost.cloudstream3           D  [VideoSniffer] Auto-play attempt... [:10]
2026-03-13 14:28:24.767 32712-679   VideoSnifferJS          com.lagradost.cloudstream3           D  BRIDGE: Auto-play attempt...
2026-03-13 14:28:24.773 32712-32712 VideoSnifferJS          com.lagradost.cloudstream3           D  [VideoSniffer] Nuclear: blind center click #3 [:10]
2026-03-13 14:28:24.774 32712-679   VideoSnifferJS          com.lagradost.cloudstream3           D  BRIDGE: Nuclear: blind center click #3
2026-03-13 14:28:24.776 32712-679   VideoSnifferJS          com.lagradost.cloudstream3           D  BRIDGE: Click target: H2#YqYak7.ch-title at 398,192
2026-03-13 14:28:24.776 32712-32712 VideoSnifferJS          com.lagradost.cloudstream3           D  [VideoSniffer] Click target: H2#YqYak7.ch-title at 398,192 [:10]
2026-03-13 14:28:24.777 32712-679   VideoSnifferEngine      com.lagradost.cloudstream3           D  requestNativeClick: x=1492.5, y=720.0
2026-03-13 14:28:24.778 32712-679   VideoSnifferJS          com.lagradost.cloudstream3           D  BRIDGE: Native click dispatched
2026-03-13 14:28:24.779 32712-32712 VideoSnifferJS          com.lagradost.cloudstream3           D  [VideoSniffer] Native click dispatched [:10]
2026-03-13 14:28:24.979 32712-32712 VideoSnifferEngine      com.lagradost.cloudstream3           I  onPageStarted: url=https://web31312x.faselhdx.xyz/video_player?player_token=ZXViVTg1amFSc2VoV1dNQWJ
2026-03-13 14:28:25.083 32712-446   VideoSnifferEngine      com.lagradost.cloudstream3           D  intercept: Request #20 url=https://madurird.com/tag.min.js
2026-03-13 14:28:25.148 32712-446   VideoSnifferEngine      com.lagradost.cloudstream3           D  intercept: Request #22 url=https://web31312x.faselhdx.xyz/video_player?player_token=ZXViVTg1amFSc2VoV1dNQWJ2OVV0WWtuTWNYN1Z4R1R
2026-03-13 14:28:25.335 32712-446   VideoSnifferEngine      com.lagradost.cloudstream3           D  intercept: Request #30 url=https://img.scdns.io/thumb/16e3462e5910ff0514aa5f1c46576923/large.jpg
2026-03-13 14:28:25.448 32712-32712 VideoSnifferEngine      com.lagradost.cloudstream3           I  onPageFinished: url=https://web31312x.faselhdx.xyz/video_player?player_token=ZXViVTg1amFSc2VoV1dNQWJ
2026-03-13 14:28:25.449 32712-32712 VideoSnifferJS          com.lagradost.cloudstream3           E  Uncaught SyntaxError: Invalid or unexpected token [https://web31312x.faselhdx.xyz/video_player?player_token=ZXViVTg1amFSc2VoV1dNQWJ2OVV0WWtuTWNYN1Z4R1RHQUtkUjZ5KzcwaHpkdVJmWVhoWmlVOWg0SkR3NVRVSW82aTc0RDJHQit0S0R4czkyUmtyYU50UVJQQS9DY2NUNmlFZHk2bEoyQjFLdllCb1hhTUVoRGRLQW9Meml5ak9lNWsvQ2NsM0FDMjUxRDNYdkRxYzFXMzNkbGdBZHRFVjZYSzJyUGYyTHdRZWxpVVpJRjZLdFAwMFFRbVl1SkpQcjVBT1BvakZSeUdYSVZEdlB5emFibTJObXRSTW5rRGFXN1lGai9RSjYzWT06Oh74XP89szenQprzbKDiY3U%3D:3]
2026-03-13 14:28:25.449 32712-679   VideoSnifferJS          com.lagradost.cloudstream3           D  BRIDGE: Auto-click system active
2026-03-13 14:28:25.951 32712-679   VideoSnifferJS          com.lagradost.cloudstream3           D  BRIDGE: Auto-play attempt...
