2026-03-17 16:25:53.032 26063-26140 CastSessionManager      com.lagradost.cloudstream3           D  Started discovery: DlnaDeviceDiscovery
2026-03-17 16:25:53.034 26063-26140 CastSessionManager      com.lagradost.cloudstream3           D  Started discovery: CloudStreamDeviceDiscovery
2026-03-17 16:25:53.034 26063-26140 CastSessionManager      com.lagradost.cloudstream3           D  Started discovery: GoogleCastDeviceDiscovery
2026-03-17 16:25:54.277 26063-26147 Akwam                   com.lagradost.cloudstream3           I  Initializing Akwam provider
2026-03-17 16:25:54.278 26063-26147 Akwam                   com.lagradost.cloudstream3           D  getParser called
2026-03-17 16:25:54.279 26063-26147 WebViewFactory          com.lagradost.cloudstream3           I  Loading com.google.android.webview version 145.0.7632.159 (code 763215903)
2026-03-17 16:25:54.297 26063-26147 cr_WVCFactoryProvider   com.lagradost.cloudstream3           I  version=145.0.7632.159 (763215903) minSdkVersion=29 multiprocess=true packageId=2 splits=<none>
2026-03-17 16:25:54.308 26063-26063 cr_CombinedPProvider    com.lagradost.cloudstream3           I  #registerProvider() provider:WV.qk@c09094d isPolicyCacheEnabled:false policyProvidersSize:0
2026-03-17 16:25:54.310 26063-26063 cr_PolicyProvider       com.lagradost.cloudstream3           I  #setManagerAndSource() 0
2026-03-17 16:25:54.318 26063-26063 cr_CombinedPProvider    com.lagradost.cloudstream3           I  #linkNativeInternal() 1
2026-03-17 16:25:54.318 26063-26063 cr_AppResProvider       com.lagradost.cloudstream3           I  #getApplicationRestrictionsFromUserManager() Bundle[EMPTY_PARCEL]
2026-03-17 16:25:54.318 26063-26063 cr_PolicyProvider       com.lagradost.cloudstream3           I  #notifySettingsAvailable() 0
2026-03-17 16:25:54.318 26063-26063 cr_CombinedPProvider    com.lagradost.cloudstream3           I  #onSettingsAvailable() 0
2026-03-17 16:25:54.318 26063-26063 cr_CombinedPProvider    com.lagradost.cloudstream3           I  #flushPolicies()
2026-03-17 16:25:54.336 26063-26147 ProviderHt...viceHolder com.lagradost.cloudstream3           I  [initialize] HTTP Service singleton initialized
2026-03-17 16:25:54.612 26063-26135 ActivityProvider        com.lagradost.cloudstream3           I  Initializing ActivityProvider with lifecycle callbacks
2026-03-17 16:25:54.612 26063-26135 ActivityProvider        com.lagradost.cloudstream3           I  Activity manually set: MainActivity
2026-03-17 16:25:54.624 26063-26135 ProviderHt...viceHolder com.lagradost.cloudstream3           I  [initialize] HTTP Service singleton initialized
2026-03-17 16:25:54.936 26063-26135 ActivityProvider        com.lagradost.cloudstream3           I  Initializing ActivityProvider with lifecycle callbacks
2026-03-17 16:25:54.936 26063-26135 ActivityProvider        com.lagradost.cloudstream3           I  Activity manually set: MainActivity
2026-03-17 16:25:54.942 26063-26135 ProviderHt...viceHolder com.lagradost.cloudstream3           I  [initialize] HTTP Service singleton initialized
2026-03-17 16:25:55.209 26063-26135 ActivityProvider        com.lagradost.cloudstream3           I  Initializing ActivityProvider with lifecycle callbacks
2026-03-17 16:25:55.209 26063-26135 ActivityProvider        com.lagradost.cloudstream3           I  Activity manually set: MainActivity
2026-03-17 16:25:55.220 26063-26135 ProviderHt...viceHolder com.lagradost.cloudstream3           I  [initialize] HTTP Service singleton initialized
2026-03-17 16:25:55.626 26063-26135 ActivityProvider        com.lagradost.cloudstream3           I  Initializing ActivityProvider with lifecycle callbacks
2026-03-17 16:25:55.627 26063-26135 ActivityProvider        com.lagradost.cloudstream3           I  Activity manually set: MainActivity
2026-03-17 16:25:55.636 26063-26135 ProviderHt...viceHolder com.lagradost.cloudstream3           I  [initialize] HTTP Service singleton initialized
2026-03-17 16:25:56.001 26063-26063 Dialog                  com.lagradost.cloudstream3           I  mIsDeviceDefault = false, mIsSamsungBasicInteraction = false, isMetaDataInActivity = false
2026-03-17 16:25:56.103 26063-26135 ActivityProvider        com.lagradost.cloudstream3           I  Initializing ActivityProvider with lifecycle callbacks
2026-03-17 16:25:56.103 26063-26135 ActivityProvider        com.lagradost.cloudstream3           I  Activity manually set: MainActivity
2026-03-17 16:25:56.110 26063-26135 ProviderHt...viceHolder com.lagradost.cloudstream3           I  [initialize] HTTP Service singleton initialized
2026-03-17 16:25:56.365 26063-26135 ActivityProvider        com.lagradost.cloudstream3           I  Initializing ActivityProvider with lifecycle callbacks
2026-03-17 16:25:56.365 26063-26135 ActivityProvider        com.lagradost.cloudstream3           I  Activity manually set: MainActivity
2026-03-17 16:25:56.374 26063-26135 ProviderHt...viceHolder com.lagradost.cloudstream3           I  [initialize] HTTP Service singleton initialized
2026-03-17 16:25:56.703 26063-26135 ActivityProvider        com.lagradost.cloudstream3           I  Initializing ActivityProvider with lifecycle callbacks
2026-03-17 16:25:56.703 26063-26135 ActivityProvider        com.lagradost.cloudstream3           I  Activity manually set: MainActivity
2026-03-17 16:25:58.535 26063-26063 Dialog                  com.lagradost.cloudstream3           I  mIsDeviceDefault = false, mIsSamsungBasicInteraction = false, isMetaDataInActivity = false
2026-03-17 16:26:00.511 26063-26140 [Akwam] [getMainPage]   com.lagradost.cloudstream3           I  START page=1, data=/movies, name=أحدث الأفلام
2026-03-17 16:26:00.511 26063-26140 ProviderSession         com.lagradost.cloudstream3           D  [load] No cookies, treating as null
2026-03-17 16:26:00.511 26063-26143 [Akwam] [getMainPage]   com.lagradost.cloudstream3           I  START page=1, data=/shows, name=العروض
2026-03-17 16:26:00.511 26063-26140 SessionProvider         com.lagradost.cloudstream3           D  [initialize] Session initialized | domain=ak.sv, hasCookies=false, uaHash=42420065
2026-03-17 16:26:00.511 26063-26143 [Akwam] [getMainPage]   com.lagradost.cloudstream3           I  START page=1, data=/series?section=29&category=0&rating=0&year=0&language=0&formats=0&quality=0, name=مسلسلات عربي
2026-03-17 16:26:00.511 26063-26143 [Akwam] [getMainPage]   com.lagradost.cloudstream3           I  START page=1, data=/movies?section=32&category=0&rating=0&year=0&language=0&formats=0&quality=0, name=أفلام تركي
2026-03-17 16:26:00.511 26063-26147 [Akwam] [getMainPage]   com.lagradost.cloudstream3           I  START page=1, data=/movies?section=29&category=0&rating=0&year=0&language=0&formats=0&quality=0, name=أفلام عربي
2026-03-17 16:26:00.512 26063-26146 [Akwam] [getMainPage]   com.lagradost.cloudstream3           I  START page=1, data=/movies?section=33&category=0&rating=0&year=0&language=0&formats=0&quality=0, name=أفلام اسيوية
2026-03-17 16:26:00.512 26063-26136 [Akwam] [getMainPage]   com.lagradost.cloudstream3           I  START page=1, data=/series?section=31&category=0&rating=0&year=0&language=0&formats=0&quality=0, name=مسلسلات هندي
2026-03-17 16:26:00.512 26063-26291 [Akwam] [getMainPage]   com.lagradost.cloudstream3           I  START page=1, data=/series?section=32&category=0&rating=0&year=0&language=0&formats=0&quality=0, name=مسلسلات تركي
2026-03-17 16:26:00.512 26063-26148 [Akwam] [getMainPage]   com.lagradost.cloudstream3           I  START page=1, data=/series?section=33&category=0&rating=0&year=0&language=0&formats=0&quality=0, name=مسلسلات اسيوية
2026-03-17 16:26:00.512 26063-26294 [Akwam] [getMainPage]   com.lagradost.cloudstream3           I  START page=1, data=/series, name=أحدث المسلسلات
2026-03-17 16:26:00.512 26063-26296 [Akwam] [getMainPage]   com.lagradost.cloudstream3           I  START page=1, data=/series?section=30&category=0&rating=0&year=0&language=0&formats=0&quality=0, name=مسلسلات اجنبي
2026-03-17 16:26:00.512 26063-26295 [Akwam] [getMainPage]   com.lagradost.cloudstream3           I  START page=1, data=/movies?section=31&category=0&rating=0&year=0&language=0&formats=0&quality=0, name=أفلام هندي
2026-03-17 16:26:00.513 26063-26290 [Akwam] [getMainPage]   com.lagradost.cloudstream3           I  START page=1, data=/movies?section=30&category=0&rating=0&year=0&language=0&formats=0&quality=0, name=أفلام اجنبي
2026-03-17 16:26:00.716 26063-26140 [Akwam] [getMainPage]   com.lagradost.cloudstream3           D  Fetching category: 'أحدث الأفلام' -> '/movies'
2026-03-17 16:26:00.716 26063-26140 [Akwam] [getMainPage]   com.lagradost.cloudstream3           D  Fetching URL: https://ak.sv/movies
2026-03-17 16:26:00.716 26063-26135 [Akwam] [getMainPage]   com.lagradost.cloudstream3           D  Fetching category: 'العروض' -> '/shows'
2026-03-17 16:26:00.716 26063-26135 [Akwam] [getMainPage]   com.lagradost.cloudstream3           D  Fetching URL: https://ak.sv/shows
2026-03-17 16:26:00.716 26063-26140 RequestQueue            com.lagradost.cloudstream3           D  [enqueue] Request is LEADER | domain=ak.sv, url=https://ak.sv/movies
2026-03-17 16:26:00.716 26063-26135 RequestQueue            com.lagradost.cloudstream3           D  [enqueue] Request is FOLLOWER | domain=ak.sv, url=https://ak.sv/shows
2026-03-17 16:26:00.717 26063-26290 [Akwam] [getMainPage]   com.lagradost.cloudstream3           D  Fetching category: 'مسلسلات عربي' -> '/series?section=29&category=0&rating=0&year=0&language=0&formats=0&quality=0'
2026-03-17 16:26:00.717 26063-26290 [Akwam] [getMainPage]   com.lagradost.cloudstream3           D  Fetching URL: https://ak.sv/series?section=29&category=0&rating=0&year=0&language=0&formats=0&quality=0
2026-03-17 16:26:00.717 26063-26290 RequestQueue            com.lagradost.cloudstream3           D  [enqueue] Request is FOLLOWER | domain=ak.sv, url=https://ak.sv/series?section=29&category=0&rating=0&year=0&language=0&formats=0&
2026-03-17 16:26:00.717 26063-26135 [Akwam] [getMainPage]   com.lagradost.cloudstream3           D  Fetching category: 'أفلام تركي' -> '/movies?section=32&category=0&rating=0&year=0&language=0&formats=0&quality=0'
2026-03-17 16:26:00.717 26063-26135 [Akwam] [getMainPage]   com.lagradost.cloudstream3           D  Fetching URL: https://ak.sv/movies?section=32&category=0&rating=0&year=0&language=0&formats=0&quality=0
2026-03-17 16:26:00.717 26063-26135 RequestQueue            com.lagradost.cloudstream3           D  [enqueue] Request is FOLLOWER | domain=ak.sv, url=https://ak.sv/movies?section=32&category=0&rating=0&year=0&language=0&formats=0&
2026-03-17 16:26:00.717 26063-26290 [Akwam] [getMainPage]   com.lagradost.cloudstream3           D  Fetching category: 'أفلام عربي' -> '/movies?section=29&category=0&rating=0&year=0&language=0&formats=0&quality=0'
2026-03-17 16:26:00.717 26063-26290 [Akwam] [getMainPage]   com.lagradost.cloudstream3           D  Fetching URL: https://ak.sv/movies?section=29&category=0&rating=0&year=0&language=0&formats=0&quality=0
2026-03-17 16:26:00.717 26063-26140 ProviderHttp            com.lagradost.cloudstream3           D  [executeDirectRequest] Executing HTTP request | url=https://ak.sv/movies, urlDomain=ak.sv, sessionDomain=ak.sv, isAlias=false, hasCookie=false, cookieCount=0
2026-03-17 16:26:00.717 26063-26134 [Akwam] [getMainPage]   com.lagradost.cloudstream3           D  Fetching category: 'مسلسلات هندي' -> '/series?section=31&category=0&rating=0&year=0&language=0&formats=0&quality=0'
2026-03-17 16:26:00.717 26063-26134 [Akwam] [getMainPage]   com.lagradost.cloudstream3           D  Fetching URL: https://ak.sv/series?section=31&category=0&rating=0&year=0&language=0&formats=0&quality=0
2026-03-17 16:26:00.717 26063-26134 RequestQueue            com.lagradost.cloudstream3           D  [enqueue] Request is FOLLOWER | domain=ak.sv, url=https://ak.sv/series?section=31&category=0&rating=0&year=0&language=0&formats=0&
2026-03-17 16:26:00.717 26063-26296 [Akwam] [getMainPage]   com.lagradost.cloudstream3           D  Fetching category: 'أفلام اسيوية' -> '/movies?section=33&category=0&rating=0&year=0&language=0&formats=0&quality=0'
2026-03-17 16:26:00.717 26063-26296 [Akwam] [getMainPage]   com.lagradost.cloudstream3           D  Fetching URL: https://ak.sv/movies?section=33&category=0&rating=0&year=0&language=0&formats=0&quality=0
2026-03-17 16:26:00.718 26063-26296 RequestQueue            com.lagradost.cloudstream3           D  [enqueue] Request is FOLLOWER | domain=ak.sv, url=https://ak.sv/movies?section=33&category=0&rating=0&year=0&language=0&formats=0&
2026-03-17 16:26:00.718 26063-26148 [Akwam] [getMainPage]   com.lagradost.cloudstream3           D  Fetching category: 'مسلسلات تركي' -> '/series?section=32&category=0&rating=0&year=0&language=0&formats=0&quality=0'
2026-03-17 16:26:00.718 26063-26148 [Akwam] [getMainPage]   com.lagradost.cloudstream3           D  Fetching URL: https://ak.sv/series?section=32&category=0&rating=0&year=0&language=0&formats=0&quality=0
2026-03-17 16:26:00.718 26063-26148 RequestQueue            com.lagradost.cloudstream3           D  [enqueue] Request is FOLLOWER | domain=ak.sv, url=https://ak.sv/series?section=32&category=0&rating=0&year=0&language=0&formats=0&
2026-03-17 16:26:00.718 26063-26292 [Akwam] [getMainPage]   com.lagradost.cloudstream3           D  Fetching category: 'أحدث المسلسلات' -> '/series'
2026-03-17 16:26:00.718 26063-26292 [Akwam] [getMainPage]   com.lagradost.cloudstream3           D  Fetching URL: https://ak.sv/series
2026-03-17 16:26:00.718 26063-26292 RequestQueue            com.lagradost.cloudstream3           D  [enqueue] Request is FOLLOWER | domain=ak.sv, url=https://ak.sv/series
2026-03-17 16:26:00.718 26063-26134 [Akwam] [getMainPage]   com.lagradost.cloudstream3           D  Fetching category: 'مسلسلات اجنبي' -> '/series?section=30&category=0&rating=0&year=0&language=0&formats=0&quality=0'
2026-03-17 16:26:00.718 26063-26134 [Akwam] [getMainPage]   com.lagradost.cloudstream3           D  Fetching URL: https://ak.sv/series?section=30&category=0&rating=0&year=0&language=0&formats=0&quality=0
2026-03-17 16:26:00.718 26063-26134 RequestQueue            com.lagradost.cloudstream3           D  [enqueue] Request is FOLLOWER | domain=ak.sv, url=https://ak.sv/series?section=30&category=0&rating=0&year=0&language=0&formats=0&
2026-03-17 16:26:00.718 26063-26134 [Akwam] [getMainPage]   com.lagradost.cloudstream3           D  Fetching category: 'أفلام هندي' -> '/movies?section=31&category=0&rating=0&year=0&language=0&formats=0&quality=0'
2026-03-17 16:26:00.718 26063-26134 [Akwam] [getMainPage]   com.lagradost.cloudstream3           D  Fetching URL: https://ak.sv/movies?section=31&category=0&rating=0&year=0&language=0&formats=0&quality=0
2026-03-17 16:26:00.718 26063-26134 RequestQueue            com.lagradost.cloudstream3           D  [enqueue] Request is FOLLOWER | domain=ak.sv, url=https://ak.sv/movies?section=31&category=0&rating=0&year=0&language=0&formats=0&
2026-03-17 16:26:00.718 26063-26134 [Akwam] [getMainPage]   com.lagradost.cloudstream3           D  Fetching category: 'أفلام اجنبي' -> '/movies?section=30&category=0&rating=0&year=0&language=0&formats=0&quality=0'
2026-03-17 16:26:00.718 26063-26134 [Akwam] [getMainPage]   com.lagradost.cloudstream3           D  Fetching URL: https://ak.sv/movies?section=30&category=0&rating=0&year=0&language=0&formats=0&quality=0
2026-03-17 16:26:00.718 26063-26134 RequestQueue            com.lagradost.cloudstream3           D  [enqueue] Request is FOLLOWER | domain=ak.sv, url=https://ak.sv/movies?section=30&category=0&rating=0&year=0&language=0&formats=0&
2026-03-17 16:26:00.718 26063-26296 [Akwam] [getMainPage]   com.lagradost.cloudstream3           D  Fetching category: 'مسلسلات اسيوية' -> '/series?section=33&category=0&rating=0&year=0&language=0&formats=0&quality=0'
2026-03-17 16:26:00.718 26063-26296 [Akwam] [getMainPage]   com.lagradost.cloudstream3           D  Fetching URL: https://ak.sv/series?section=33&category=0&rating=0&year=0&language=0&formats=0&quality=0
2026-03-17 16:26:00.719 26063-26296 RequestQueue            com.lagradost.cloudstream3           D  [enqueue] Request is FOLLOWER | domain=ak.sv, url=https://ak.sv/series?section=33&category=0&rating=0&year=0&language=0&formats=0&
2026-03-17 16:26:00.719 26063-26290 RequestQueue            com.lagradost.cloudstream3           D  [enqueue] Request is FOLLOWER | domain=ak.sv, url=https://ak.sv/movies?section=29&category=0&rating=0&year=0&language=0&formats=0&
2026-03-17 16:26:01.414 26063-26140 RequestQueue            com.lagradost.cloudstream3           I  [executeAsLeader] Leader CF BLOCKED - solving | domain=ak.sv
2026-03-17 16:26:01.414 26063-26140 ProviderSession         com.lagradost.cloudstream3           D  [save] Saved session | domain=ak.sv, cookies=0
2026-03-17 16:26:01.414 26063-26140 ProviderHttp            com.lagradost.cloudstream3           I  [invalidateSession] Preparing for CF solve
2026-03-17 16:26:01.447 26063-26063 ActivityProvider        com.lagradost.cloudstream3           I  Activity manually set: MainActivity
2026-03-17 16:26:01.447 26063-26063 ActivityProvider        com.lagradost.cloudstream3           D  currentActivity requested: MainActivity
2026-03-17 16:26:01.448 26063-26063 WebViewStrategy         com.lagradost.cloudstream3           I  [CfBypassEngine.runSession] Creating WebView | url=https://ak.sv/movies
2026-03-17 16:26:01.477 26063-26063 WebViewStrategy         com.lagradost.cloudstream3           I  [CfBypassEngine.runSession] WebView UA | ua=Mozilla/5.0 (Linux; Android 16; SM-S918B Build/BP2A.250605.031.A3) AppleWebKit/537.36 (KHTML, like Gecko) Version/4.0 Chrome/145.0.7632.159 Mobile Safari/537.36
2026-03-17 16:26:01.478 26063-26063 Dialog                  com.lagradost.cloudstream3           I  mIsDeviceDefault = false, mIsSamsungBasicInteraction = false, isMetaDataInActivity = false
2026-03-17 16:26:01.492 26063-26063 WebViewStrategy         com.lagradost.cloudstream3           D  [CfBypassEngine.runSession] FULLSCREEN mode | url=https://ak.sv/movies
2026-03-17 16:26:01.494 26063-26063 WebViewStrategy         com.lagradost.cloudstream3           I  [CfBypassEngine.runSession] Loading URL | url=https://ak.sv/movies
2026-03-17 16:26:01.818 26063-26063 WebViewStrategy         com.lagradost.cloudstream3           I  [CfBypassEngine.onPageStarted] Page started | url=https://ak.sv/movies
2026-03-17 16:26:03.016 26063-26063 WebViewStrategy         com.lagradost.cloudstream3           D  [CfBypassEngine] Loading progress | percent=100
2026-03-17 16:26:03.026 26063-26063 WebViewStrategy         com.lagradost.cloudstream3           W  [CfBypassEngine.shouldOverrideUrlLoading] Blocked non-HTTP redirect | scheme=intent, url=intent://pyppo.com/4/8503410?var=6351123&intnt_r=true&t_int=true&bs=239e8211-5f8
2026-03-17 16:26:03.026 26063-26063 WebViewStrategy         com.lagradost.cloudstream3           D  [CfBypassEngine] Loading progress | percent=100
2026-03-17 16:26:03.284 26063-26063 WebViewStrategy         com.lagradost.cloudstream3           D  [CfBypassEngine] Loading progress | percent=20
2026-03-17 16:26:04.150 26063-26063 WebViewStrategy         com.lagradost.cloudstream3           D  [CfBypassEngine] Loading progress | percent=100
2026-03-17 16:26:04.150 26063-26063 WebViewStrategy         com.lagradost.cloudstream3           D  [CfBypassEngine] Loading progress | percent=100
2026-03-17 16:26:04.150 26063-26063 WebViewStrategy         com.lagradost.cloudstream3           I  [CfBypassEngine.onPageFinished] Page finished | url=https://ak.sv/movies
2026-03-17 16:26:05.704 26063-26063 WebViewStrategy         com.lagradost.cloudstream3           D  [CfBypassEngine.extractCookies] Cookie extraction complete | cmCount=14, jsCount=12, total=14, hasClearance=false
2026-03-17 16:26:05.707 26063-26063 WebViewStrategy         com.lagradost.cloudstream3           I  [CfBypassEngine.onPageFinished] Exit condition met | cookies=14, hasClearance=false
2026-03-17 16:26:05.749 26063-26141 ProviderSession         com.lagradost.cloudstream3           D  [save] Saved session | domain=ak.sv, cookies=14
2026-03-17 16:26:05.749 26063-26141 SessionProvider         com.lagradost.cloudstream3           D  [update] Session updated | domain=ak.sv, hasCookies=true
2026-03-17 16:26:05.759 26063-26141 ProviderHttp            com.lagradost.cloudstream3           D  [updateCookies] Injected 14 cookies into system CookieManager | domain=ak.sv
2026-03-17 16:26:05.759 26063-26141 RequestQueue            com.lagradost.cloudstream3           I  [executeAsLeader] CF solved, retrying leader
2026-03-17 16:26:05.760 26063-26141 ProviderHttp            com.lagradost.cloudstream3           D  [executeDirectRequest] Executing HTTP request | url=https://ak.sv/movies, urlDomain=ak.sv, sessionDomain=ak.sv, isAlias=false, hasCookie=true, cookieCount=14
2026-03-17 16:26:05.929 26063-26141 RequestQueue            com.lagradost.cloudstream3           D  [verifyAndRunFollowers] Verifying cookies | url=https://ak.sv/shows
2026-03-17 16:26:05.929 26063-26141 ProviderHttp            com.lagradost.cloudstream3           D  [executeDirectRequest] Executing HTTP request | url=https://ak.sv/shows, urlDomain=ak.sv, sessionDomain=ak.sv, isAlias=false, hasCookie=true, cookieCount=14
2026-03-17 16:26:06.098 26063-26141 RequestQueue            com.lagradost.cloudstream3           W  [verifyAndRunFollowers] Verification FAILED - retrying CF | domain=ak.sv
2026-03-17 16:26:06.098 26063-26141 ProviderHttp            com.lagradost.cloudstream3           I  [solveCloudflareThenRequest] Skipping CF solve — fresh cookies exist (349ms old), retrying HTTP | domain=ak.sv
2026-03-17 16:26:06.098 26063-26141 ProviderHttp            com.lagradost.cloudstream3           D  [executeDirectRequest] Executing HTTP request | url=https://ak.sv/shows, urlDomain=ak.sv, sessionDomain=ak.sv, isAlias=false, hasCookie=true, cookieCount=14
2026-03-17 16:26:06.229 26063-26141 ProviderHttp            com.lagradost.cloudstream3           D  [solveCloudflareThenRequest] Retry with existing cookies failed, proceeding with full CF solve
2026-03-17 16:26:06.230 26063-26141 ProviderSession         com.lagradost.cloudstream3           D  [save] Saved session | domain=ak.sv, cookies=0
2026-03-17 16:26:06.230 26063-26141 ProviderHttp            com.lagradost.cloudstream3           I  [invalidateSession] Preparing for CF solve
2026-03-17 16:26:06.241 26063-26063 ActivityProvider        com.lagradost.cloudstream3           D  currentActivity requested: MainActivity
2026-03-17 16:26:06.241 26063-26063 WebViewStrategy         com.lagradost.cloudstream3           I  [CfBypassEngine.runSession] Creating WebView | url=https://ak.sv/shows
2026-03-17 16:26:06.258 26063-26063 WebViewStrategy         com.lagradost.cloudstream3           I  [CfBypassEngine.runSession] WebView UA | ua=Mozilla/5.0 (Linux; Android 16; SM-S918B Build/BP2A.250605.031.A3) AppleWebKit/537.36 (KHTML, like Gecko) Version/4.0 Chrome/145.0.7632.159 Mobile Safari/537.36
2026-03-17 16:26:06.259 26063-26063 Dialog                  com.lagradost.cloudstream3           I  mIsDeviceDefault = false, mIsSamsungBasicInteraction = false, isMetaDataInActivity = false
2026-03-17 16:26:06.271 26063-26063 WebViewStrategy         com.lagradost.cloudstream3           D  [CfBypassEngine.runSession] FULLSCREEN mode | url=https://ak.sv/shows
2026-03-17 16:26:06.272 26063-26063 WebViewStrategy         com.lagradost.cloudstream3           I  [CfBypassEngine.runSession] Loading URL | url=https://ak.sv/shows
2026-03-17 16:26:06.423 26063-26063 WebViewStrategy         com.lagradost.cloudstream3           I  [CfBypassEngine.onPageStarted] Page started | url=https://ak.sv/shows
2026-03-17 16:26:06.676 26063-26063 WebViewStrategy         com.lagradost.cloudstream3           D  [CfBypassEngine] Loading progress | percent=80
2026-03-17 16:26:06.918 26063-26063 WebViewStrategy         com.lagradost.cloudstream3           W  [CfBypassEngine.shouldOverrideUrlLoading] Blocked non-HTTP redirect | scheme=intent, url=intent://pyppo.com/4/8503410?var=6351123&intnt_r=true&t_int=true&bs=40e99e6c-f66
2026-03-17 16:26:06.919 26063-26063 WebViewStrategy         com.lagradost.cloudstream3           D  [CfBypassEngine] Loading progress | percent=100
2026-03-17 16:26:07.653 26063-26063 WebViewStrategy         com.lagradost.cloudstream3           D  [CfBypassEngine] Loading progress | percent=100
2026-03-17 16:26:07.653 26063-26063 WebViewStrategy         com.lagradost.cloudstream3           D  [CfBypassEngine] Loading progress | percent=100
2026-03-17 16:26:07.653 26063-26063 WebViewStrategy         com.lagradost.cloudstream3           I  [CfBypassEngine.onPageFinished] Page finished | url=https://ak.sv/shows
2026-03-17 16:26:09.218 26063-26063 WebViewStrategy         com.lagradost.cloudstream3           D  [CfBypassEngine.extractCookies] Cookie extraction complete | cmCount=14, jsCount=12, total=14, hasClearance=false
2026-03-17 16:26:09.218 26063-26063 WebViewStrategy         com.lagradost.cloudstream3           I  [CfBypassEngine.onPageFinished] Exit condition met | cookies=14, hasClearance=false
2026-03-17 16:26:09.252 26063-26141 ProviderSession         com.lagradost.cloudstream3           D  [save] Saved session | domain=ak.sv, cookies=14
2026-03-17 16:26:09.252 26063-26141 SessionProvider         com.lagradost.cloudstream3           D  [update] Session updated | domain=ak.sv, hasCookies=true
2026-03-17 16:26:09.270 26063-26141 ProviderHttp            com.lagradost.cloudstream3           D  [updateCookies] Injected 14 cookies into system CookieManager | domain=ak.sv
2026-03-17 16:26:09.270 26063-26141 RequestQueue            com.lagradost.cloudstream3           I  [verifyAndRunFollowers] CF re-solve SUCCESS after verify fail
2026-03-17 16:26:09.270 26063-26294 ProviderHttp            com.lagradost.cloudstream3           D  [executeDirectRequest] Executing HTTP request | url=https://ak.sv/series?section=29&category=0&rating=0&year=0&language=0&formats=0&, urlDomain=ak.sv, sessionDomain=ak.sv, isAlias=false, hasCookie=true, cookieCount=14
2026-03-17 16:26:09.270 26063-26295 ProviderHttp            com.lagradost.cloudstream3           D  [executeDirectRequest] Executing HTTP request | url=https://ak.sv/movies?section=29&category=0&rating=0&year=0&language=0&formats=0&, urlDomain=ak.sv, sessionDomain=ak.sv, isAlias=false, hasCookie=true, cookieCount=14
2026-03-17 16:26:09.271 26063-26290 ProviderHttp            com.lagradost.cloudstream3           D  [executeDirectRequest] Executing HTTP request | url=https://ak.sv/movies?section=32&category=0&rating=0&year=0&language=0&formats=0&, urlDomain=ak.sv, sessionDomain=ak.sv, isAlias=false, hasCookie=true, cookieCount=14
2026-03-17 16:26:09.271 26063-26296 ProviderHttp            com.lagradost.cloudstream3           D  [executeDirectRequest] Executing HTTP request | url=https://ak.sv/series?section=31&category=0&rating=0&year=0&language=0&formats=0&, urlDomain=ak.sv, sessionDomain=ak.sv, isAlias=false, hasCookie=true, cookieCount=14
2026-03-17 16:26:09.271 26063-26135 ProviderHttp            com.lagradost.cloudstream3           D  [executeDirectRequest] Executing HTTP request | url=https://ak.sv/movies?section=33&category=0&rating=0&year=0&language=0&formats=0&, urlDomain=ak.sv, sessionDomain=ak.sv, isAlias=false, hasCookie=true, cookieCount=14
2026-03-17 16:26:09.272 26063-26136 ProviderHttp            com.lagradost.cloudstream3           D  [executeDirectRequest] Executing HTTP request | url=https://ak.sv/series?section=32&category=0&rating=0&year=0&language=0&formats=0&, urlDomain=ak.sv, sessionDomain=ak.sv, isAlias=false, hasCookie=true, cookieCount=14
2026-03-17 16:26:09.272 26063-26147 ProviderHttp            com.lagradost.cloudstream3           D  [executeDirectRequest] Executing HTTP request | url=https://ak.sv/series, urlDomain=ak.sv, sessionDomain=ak.sv, isAlias=false, hasCookie=true, cookieCount=14
2026-03-17 16:26:09.272 26063-26141 ProviderHttp            com.lagradost.cloudstream3           D  [executeDirectRequest] Executing HTTP request | url=https://ak.sv/series?section=33&category=0&rating=0&year=0&language=0&formats=0&, urlDomain=ak.sv, sessionDomain=ak.sv, isAlias=false, hasCookie=true, cookieCount=14
2026-03-17 16:26:09.273 26063-26139 ProviderHttp            com.lagradost.cloudstream3           D  [executeDirectRequest] Executing HTTP request | url=https://ak.sv/movies?section=30&category=0&rating=0&year=0&language=0&formats=0&, urlDomain=ak.sv, sessionDomain=ak.sv, isAlias=false, hasCookie=true, cookieCount=14
2026-03-17 16:26:09.274 26063-26134 ProviderHttp            com.lagradost.cloudstream3           D  [executeDirectRequest] Executing HTTP request | url=https://ak.sv/series?section=30&category=0&rating=0&year=0&language=0&formats=0&, urlDomain=ak.sv, sessionDomain=ak.sv, isAlias=false, hasCookie=true, cookieCount=14
2026-03-17 16:26:09.274 26063-26291 ProviderHttp            com.lagradost.cloudstream3           D  [executeDirectRequest] Executing HTTP request | url=https://ak.sv/movies?section=31&category=0&rating=0&year=0&language=0&formats=0&, urlDomain=ak.sv, sessionDomain=ak.sv, isAlias=false, hasCookie=true, cookieCount=14
2026-03-17 16:26:09.335 26063-26289 [Akwam] [getMainPage]   com.lagradost.cloudstream3           D  Document fetched successfully. Parsing...
2026-03-17 16:26:09.335 26063-26289 Akwam                   com.lagradost.cloudstream3           D  getParser called
2026-03-17 16:26:09.338 26063-26289 AkwamParser             com.lagradost.cloudstream3           D  isSeries: title='رامز ليفل الوحش', url='https://ak.sv/shows/3017/رامز-ليفل-الوحش', result=false
2026-03-17 16:26:09.338 26063-26289 AkwamParser             com.lagradost.cloudstream3           D  isSeries: title='واحد في النص', url='https://ak.sv/shows/3018/واحد-في-النص', result=false
2026-03-17 16:26:09.339 26063-26289 AkwamParser             com.lagradost.cloudstream3           D  isSeries: title='قلبي اطمأن 2026', url='https://ak.sv/shows/3020/قلبي-اطمأن-2026', result=false
2026-03-17 16:26:09.339 26063-26289 AkwamParser             com.lagradost.cloudstream3           D  isSeries: title='جو شو في رمضان', url='https://ak.sv/shows/3021/جو-شو-في-رمضان', result=false
2026-03-17 16:26:09.339 26063-26289 AkwamParser             com.lagradost.cloudstream3           D  isSeries: title='الملياردير الموسم الثالث', url='https://ak.sv/shows/3019/الملياردير-الموسم-الثالث', result=true
2026-03-17 16:26:09.340 26063-26289 AkwamParser             com.lagradost.cloudstream3           D  isSeries: title='TNA No Surrender 2026 مترجم', url='https://ak.sv/shows/3016/tna-no-surrender-2026-مترجم', result=false
2026-03-17 16:26:09.340 26063-26289 AkwamParser             com.lagradost.cloudstream3           D  isSeries: title='AEW Collision Grand Slam Australia February 2026 مترجم', url='https://ak.sv/shows/3015/aew-collision-grand-slam-australia-february-2026-مترجم', result=false
2026-03-17 16:26:09.340 26063-26289 AkwamParser             com.lagradost.cloudstream3           D  isSeries: title='WWE Friday Night SmackDown 2026 02 13 مترجم', url='https://ak.sv/shows/3014/wwe-friday-night-smackdown-2026-02-13-مترجم', result=false
2026-03-17 16:26:09.340 26063-26289 AkwamParser             com.lagradost.cloudstream3           D  isSeries: title='ROH.Wrestling 2026 02 12 مترجم', url='https://ak.sv/shows/3013/roh-wrestling-2026-02-12-مترجم', result=false
2026-03-17 16:26:09.341 26063-26289 AkwamParser             com.lagradost.cloudstream3           D  isSeries: title='TNA iMPACT 2025 02 12', url='https://ak.sv/shows/3012/tna-impact-2025-02-12', result=false
2026-03-17 16:26:09.341 26063-26289 AkwamParser             com.lagradost.cloudstream3           D  isSeries: title='AEW Dynamite 12/2/2026 مترجم', url='https://ak.sv/shows/3011/aew-dynamite-12-2-2026-مترجم', result=false
2026-03-17 16:26:09.341 26063-26289 AkwamParser             com.lagradost.cloudstream3           D  isSeries: title='WWE NXT 2026 02 10 مترجم', url='https://ak.sv/shows/3010/wwe-nxt-2026-02-10-مترجم', result=false
2026-03-17 16:26:09.342 26063-26289 AkwamParser             com.lagradost.cloudstream3           D  isSeries: title='WWE Monday Night Raw 2026.02.09 مترجم', url='https://ak.sv/shows/3009/wwe-monday-night-raw-2026-02-09-مترجم', result=false
2026-03-17 16:26:09.342 26063-26289 AkwamParser             com.lagradost.cloudstream3           D  isSeries: title='AEW Collision 06/02/2026 مترجم', url='https://ak.sv/shows/3008/aew-collision-06-02-2026-مترجم', result=false
2026-03-17 16:26:09.342 26063-26289 AkwamParser             com.lagradost.cloudstream3           D  isSeries: title='WWE Friday Night SmackDown 2026 02 06 مترجم', url='https://ak.sv/shows/3007/wwe-friday-night-smackdown-2026-02-06-مترجم', result=false
2026-03-17 16:26:09.342 26063-26289 AkwamParser             com.lagradost.cloudstream3           D  isSeries: title='ROH.Wrestling 2026 02 06 مترجم', url='https://ak.sv/shows/3006/roh-wrestling-2026-02-06-مترجم', result=false
2026-03-17 16:26:09.343 26063-26289 AkwamParser             com.lagradost.cloudstream3           D  isSeries: title='TNA iMPACT 2025 02 06', url='https://ak.sv/shows/3005/tna-impact-2025-02-06', result=false
2026-03-17 16:26:09.343 26063-26289 AkwamParser             com.lagradost.cloudstream3           D  isSeries: title='AEW Dynamite 05/2/2026 مترجم', url='https://ak.sv/shows/3004/aew-dynamite-05-2-2026-مترجم', result=false
2026-03-17 16:26:09.343 26063-26289 AkwamParser             com.lagradost.cloudstream3           D  isSeries: title='WWE NXT 2026 02 03 مترجم', url='https://ak.sv/shows/3003/wwe-nxt-2026-02-03-مترجم', result=false
2026-03-17 16:26:09.343 26063-26289 AkwamParser             com.lagradost.cloudstream3           D  isSeries: title='WWE Monday Night Raw 2026.02.02 مترجم', url='https://ak.sv/shows/3002/wwe-monday-night-raw-2026-02-02-مترجم', result=false
2026-03-17 16:26:09.344 26063-26289 AkwamParser             com.lagradost.cloudstream3           D  isSeries: title='AEW Collision 01/02/2026 مترجم', url='https://ak.sv/shows/3001/aew-collision-01-02-2026-مترجم', result=false
2026-03-17 16:26:09.344 26063-26289 AkwamParser             com.lagradost.cloudstream3           D  isSeries: title='WWE Royal Rumble 2026', url='https://ak.sv/shows/3000/wwe-royal-rumble-2026', result=false
2026-03-17 16:26:09.344 26063-26289 AkwamParser             com.lagradost.cloudstream3           D  isSeries: title='WWE Friday Night SmackDown 2026 01 30 مترجم', url='https://ak.sv/shows/2999/wwe-friday-night-smackdown-2026-01-30-مترجم', result=false
2026-03-17 16:26:09.345 26063-26289 AkwamParser             com.lagradost.cloudstream3           D  isSeries: title='TNA iMPACT 2025 01 29', url='https://ak.sv/shows/2998/tna-impact-2025-01-29', result=false
2026-03-17 16:26:09.345 26063-26289 [Akwam] [getMainPage]   com.lagradost.cloudstream3           D  Parsed 24 items for 'العروض'
2026-03-17 16:26:09.345 26063-26289 [Akwam] [getMainPage]   com.lagradost.cloudstream3           D  Mapped 24 items to SearchResponse
2026-03-17 16:26:09.345 26063-26289 [Akwam] [getMainPage]   com.lagradost.cloudstream3           I  END. Returning 1 sections.
2026-03-17 16:26:09.658 26063-26147 ProviderHttp            com.lagradost.cloudstream3           W  [getDocument] 403/null - WebView fallback queueing | url=https://ak.sv/series
2026-03-17 16:26:09.658 26063-26147 RequestQueue            com.lagradost.cloudstream3           D  [enqueue] Request is LEADER | domain=ak.sv, url=https://ak.sv/series
2026-03-17 16:26:09.658 26063-26147 ProviderHttp            com.lagradost.cloudstream3           I  [solveCloudflareThenRequest] Skipping CF solve — fresh cookies exist (407ms old), retrying HTTP | domain=ak.sv
2026-03-17 16:26:09.659 26063-26147 ProviderHttp            com.lagradost.cloudstream3           D  [executeDirectRequest] Executing HTTP request | url=https://ak.sv/series, urlDomain=ak.sv, sessionDomain=ak.sv, isAlias=false, hasCookie=true, cookieCount=14
2026-03-17 16:26:09.661 26063-26294 ProviderSession         com.lagradost.cloudstream3           D  [save] Saved session | domain=ak.sv, cookies=14
2026-03-17 16:26:09.661 26063-26294 SessionProvider         com.lagradost.cloudstream3           D  [update] Session updated | domain=ak.sv, hasCookies=true
2026-03-17 16:26:09.663 26063-26294 ProviderHttp            com.lagradost.cloudstream3           W  [getDocument] 403/null - WebView fallback queueing | url=https://ak.sv/series?section=29&category=0&rating=0&year=0&language=0&formats=0&
2026-03-17 16:26:09.663 26063-26294 RequestQueue            com.lagradost.cloudstream3           D  [enqueue] Request is FOLLOWER | domain=ak.sv, url=https://ak.sv/series?section=29&category=0&rating=0&year=0&language=0&formats=0&
2026-03-17 16:26:09.795 26063-26147 ProviderHttp            com.lagradost.cloudstream3           D  [solveCloudflareThenRequest] Retry with existing cookies failed, proceeding with full CF solve
2026-03-17 16:26:09.795 26063-26147 ProviderSession         com.lagradost.cloudstream3           D  [save] Saved session | domain=ak.sv, cookies=0
2026-03-17 16:26:09.795 26063-26147 ProviderHttp            com.lagradost.cloudstream3           I  [invalidateSession] Preparing for CF solve
2026-03-17 16:26:09.806 26063-26063 ActivityProvider        com.lagradost.cloudstream3           D  currentActivity requested: MainActivity
2026-03-17 16:26:09.806 26063-26063 WebViewStrategy         com.lagradost.cloudstream3           I  [CfBypassEngine.runSession] Creating WebView | url=https://ak.sv/series
2026-03-17 16:26:09.821 26063-26063 WebViewStrategy         com.lagradost.cloudstream3           I  [CfBypassEngine.runSession] WebView UA | ua=Mozilla/5.0 (Linux; Android 16; SM-S918B Build/BP2A.250605.031.A3) AppleWebKit/537.36 (KHTML, like Gecko) Version/4.0 Chrome/145.0.7632.159 Mobile Safari/537.36
2026-03-17 16:26:09.822 26063-26063 Dialog                  com.lagradost.cloudstream3           I  mIsDeviceDefault = false, mIsSamsungBasicInteraction = false, isMetaDataInActivity = false
2026-03-17 16:26:09.832 26063-26063 WebViewStrategy         com.lagradost.cloudstream3           D  [CfBypassEngine.runSession] FULLSCREEN mode | url=https://ak.sv/series
2026-03-17 16:26:09.833 26063-26063 WebViewStrategy         com.lagradost.cloudstream3           I  [CfBypassEngine.runSession] Loading URL | url=https://ak.sv/series
2026-03-17 16:26:09.985 26063-26063 WebViewStrategy         com.lagradost.cloudstream3           I  [CfBypassEngine.onPageStarted] Page started | url=https://ak.sv/series
2026-03-17 16:26:10.193 26063-26063 WebViewStrategy         com.lagradost.cloudstream3           D  [CfBypassEngine] Loading progress | percent=80
2026-03-17 16:26:10.256 26063-26141 ProviderSession         com.lagradost.cloudstream3           D  [save] Saved session | domain=ak.sv, cookies=3
2026-03-17 16:26:10.257 26063-26141 SessionProvider         com.lagradost.cloudstream3           D  [update] Session updated | domain=ak.sv, hasCookies=true
2026-03-17 16:26:10.259 26063-26141 ProviderHttp            com.lagradost.cloudstream3           W  [getDocument] 403/null - WebView fallback queueing | url=https://ak.sv/series?section=33&category=0&rating=0&year=0&language=0&formats=0&
2026-03-17 16:26:10.259 26063-26141 RequestQueue            com.lagradost.cloudstream3           D  [enqueue] Request is FOLLOWER | domain=ak.sv, url=https://ak.sv/series?section=33&category=0&rating=0&year=0&language=0&formats=0&
2026-03-17 16:26:10.375 26063-26134 ProviderSession         com.lagradost.cloudstream3           D  [save] Saved session | domain=ak.sv, cookies=3
2026-03-17 16:26:10.375 26063-26134 SessionProvider         com.lagradost.cloudstream3           D  [update] Session updated | domain=ak.sv, hasCookies=true
2026-03-17 16:26:10.377 26063-26134 ProviderHttp            com.lagradost.cloudstream3           W  [getDocument] 403/null - WebView fallback queueing | url=https://ak.sv/series?section=30&category=0&rating=0&year=0&language=0&formats=0&
2026-03-17 16:26:10.377 26063-26134 RequestQueue            com.lagradost.cloudstream3           D  [enqueue] Request is FOLLOWER | domain=ak.sv, url=https://ak.sv/series?section=30&category=0&rating=0&year=0&language=0&formats=0&
2026-03-17 16:26:10.378 26063-26296 ProviderSession         com.lagradost.cloudstream3           D  [save] Saved session | domain=ak.sv, cookies=3
2026-03-17 16:26:10.378 26063-26296 SessionProvider         com.lagradost.cloudstream3           D  [update] Session updated | domain=ak.sv, hasCookies=true
2026-03-17 16:26:10.379 26063-26136 ProviderSession         com.lagradost.cloudstream3           D  [save] Saved session | domain=ak.sv, cookies=3
2026-03-17 16:26:10.379 26063-26136 SessionProvider         com.lagradost.cloudstream3           D  [update] Session updated | domain=ak.sv, hasCookies=true
2026-03-17 16:26:10.380 26063-26296 ProviderHttp            com.lagradost.cloudstream3           W  [getDocument] 403/null - WebView fallback queueing | url=https://ak.sv/series?section=31&category=0&rating=0&year=0&language=0&formats=0&
2026-03-17 16:26:10.380 26063-26296 RequestQueue            com.lagradost.cloudstream3           D  [enqueue] Request is FOLLOWER | domain=ak.sv, url=https://ak.sv/series?section=31&category=0&rating=0&year=0&language=0&formats=0&
2026-03-17 16:26:10.381 26063-26136 ProviderHttp            com.lagradost.cloudstream3           W  [getDocument] 403/null - WebView fallback queueing | url=https://ak.sv/series?section=32&category=0&rating=0&year=0&language=0&formats=0&
2026-03-17 16:26:10.381 26063-26136 RequestQueue            com.lagradost.cloudstream3           D  [enqueue] Request is FOLLOWER | domain=ak.sv, url=https://ak.sv/series?section=32&category=0&rating=0&year=0&language=0&formats=0&
2026-03-17 16:26:10.395 26063-26291 ProviderSession         com.lagradost.cloudstream3           D  [save] Saved session | domain=ak.sv, cookies=3
2026-03-17 16:26:10.395 26063-26291 SessionProvider         com.lagradost.cloudstream3           D  [update] Session updated | domain=ak.sv, hasCookies=true
2026-03-17 16:26:10.395 26063-26295 ProviderSession         com.lagradost.cloudstream3           D  [save] Saved session | domain=ak.sv, cookies=3
2026-03-17 16:26:10.395 26063-26295 SessionProvider         com.lagradost.cloudstream3           D  [update] Session updated | domain=ak.sv, hasCookies=true
2026-03-17 16:26:10.397 26063-26295 ProviderHttp            com.lagradost.cloudstream3           W  [getDocument] 403/null - WebView fallback queueing | url=https://ak.sv/movies?section=29&category=0&rating=0&year=0&language=0&formats=0&
2026-03-17 16:26:10.397 26063-26291 ProviderHttp            com.lagradost.cloudstream3           W  [getDocument] 403/null - WebView fallback queueing | url=https://ak.sv/movies?section=31&category=0&rating=0&year=0&language=0&formats=0&
2026-03-17 16:26:10.397 26063-26295 RequestQueue            com.lagradost.cloudstream3           D  [enqueue] Request is FOLLOWER | domain=ak.sv, url=https://ak.sv/movies?section=29&category=0&rating=0&year=0&language=0&formats=0&
2026-03-17 16:26:10.397 26063-26291 RequestQueue            com.lagradost.cloudstream3           D  [enqueue] Request is FOLLOWER | domain=ak.sv, url=https://ak.sv/movies?section=31&category=0&rating=0&year=0&language=0&formats=0&
2026-03-17 16:26:10.412 26063-26139 ProviderSession         com.lagradost.cloudstream3           D  [save] Saved session | domain=ak.sv, cookies=3
2026-03-17 16:26:10.412 26063-26139 SessionProvider         com.lagradost.cloudstream3           D  [update] Session updated | domain=ak.sv, hasCookies=true
2026-03-17 16:26:10.414 26063-26139 ProviderHttp            com.lagradost.cloudstream3           W  [getDocument] 403/null - WebView fallback queueing | url=https://ak.sv/movies?section=30&category=0&rating=0&year=0&language=0&formats=0&
2026-03-17 16:26:10.414 26063-26139 RequestQueue            com.lagradost.cloudstream3           D  [enqueue] Request is FOLLOWER | domain=ak.sv, url=https://ak.sv/movies?section=30&category=0&rating=0&year=0&language=0&formats=0&
2026-03-17 16:26:10.439 26063-26135 ProviderSession         com.lagradost.cloudstream3           D  [save] Saved session | domain=ak.sv, cookies=3
2026-03-17 16:26:10.439 26063-26135 SessionProvider         com.lagradost.cloudstream3           D  [update] Session updated | domain=ak.sv, hasCookies=true
2026-03-17 16:26:10.441 26063-26135 ProviderHttp            com.lagradost.cloudstream3           W  [getDocument] 403/null - WebView fallback queueing | url=https://ak.sv/movies?section=33&category=0&rating=0&year=0&language=0&formats=0&
2026-03-17 16:26:10.441 26063-26135 RequestQueue            com.lagradost.cloudstream3           D  [enqueue] Request is FOLLOWER | domain=ak.sv, url=https://ak.sv/movies?section=33&category=0&rating=0&year=0&language=0&formats=0&
2026-03-17 16:26:10.474 26063-26290 ProviderSession         com.lagradost.cloudstream3           D  [save] Saved session | domain=ak.sv, cookies=3
2026-03-17 16:26:10.474 26063-26290 SessionProvider         com.lagradost.cloudstream3           D  [update] Session updated | domain=ak.sv, hasCookies=true
2026-03-17 16:26:10.477 26063-26290 ProviderHttp            com.lagradost.cloudstream3           W  [getDocument] 403/null - WebView fallback queueing | url=https://ak.sv/movies
2026-03-17 16:26:10.477 26063-26290 RequestQueue            com.lagradost.cloudstream3           D  [enqueue] Request is FOLLOWER | domain=ak.sv, url=https://ak.sv/movies
2026-03-17 16:26:10.477 26063-26134 ProviderHttp            com.lagradost.cloudstream3           W  [getDocument] 403/null - WebView fallback queueing | url=https://ak.sv/movies?section=32&category=0&rating=0&year=0&language=0&formats=0&
2026-03-17 16:26:10.477 26063-26134 RequestQueue            com.lagradost.cloudstream3           D  [enqueue] Request is FOLLOWER | domain=ak.sv, url=https://ak.sv/movies?section=32&category=0&rating=0&year=0&language=0&formats=0&
2026-03-17 16:26:10.543 26063-26063 WebViewStrategy         com.lagradost.cloudstream3           W  [CfBypassEngine.shouldOverrideUrlLoading] Blocked non-HTTP redirect | scheme=intent, url=intent://pyppo.com/4/8503410?var=6351123&intnt_r=true&t_int=true&bs=9af76eaf-ddd
2026-03-17 16:26:10.543 26063-26063 WebViewStrategy         com.lagradost.cloudstream3           D  [CfBypassEngine] Loading progress | percent=100
2026-03-17 16:26:11.537 26063-26063 WebViewStrategy         com.lagradost.cloudstream3           D  [CfBypassEngine] Loading progress | percent=100
2026-03-17 16:26:11.538 26063-26063 WebViewStrategy         com.lagradost.cloudstream3           D  [CfBypassEngine] Loading progress | percent=100
2026-03-17 16:26:11.538 26063-26063 WebViewStrategy         com.lagradost.cloudstream3           I  [CfBypassEngine.onPageFinished] Page finished | url=https://ak.sv/series
2026-03-17 16:26:13.108 26063-26063 WebViewStrategy         com.lagradost.cloudstream3           D  [CfBypassEngine.extractCookies] Cookie extraction complete | cmCount=14, jsCount=12, total=14, hasClearance=false
2026-03-17 16:26:13.108 26063-26063 WebViewStrategy         com.lagradost.cloudstream3           I  [CfBypassEngine.onPageFinished] Exit condition met | cookies=14, hasClearance=false
2026-03-17 16:26:13.144 26063-26140 ProviderSession         com.lagradost.cloudstream3           D  [save] Saved session | domain=ak.sv, cookies=14
2026-03-17 16:26:13.144 26063-26140 SessionProvider         com.lagradost.cloudstream3           D  [update] Session updated | domain=ak.sv, hasCookies=true
2026-03-17 16:26:13.154 26063-26140 ProviderHttp            com.lagradost.cloudstream3           D  [updateCookies] Injected 14 cookies into system CookieManager | domain=ak.sv
2026-03-17 16:26:13.154 26063-26140 RequestQueue            com.lagradost.cloudstream3           I  [executeAsLeader] Leader SUCCESS | domain=ak.sv
2026-03-17 16:26:13.155 26063-26140 RequestQueue            com.lagradost.cloudstream3           D  [runFollowersParallel] Running followers | count=11, domain=ak.sv, activeDomain=ak.sv
2026-03-17 16:26:13.155 26063-26139 ProviderHttp            com.lagradost.cloudstream3           I  [solveCloudflareThenRequest] Skipping CF solve — fresh cookies exist (11ms old), retrying HTTP | domain=ak.sv
2026-03-17 16:26:13.155 26063-26290 ProviderHttp            com.lagradost.cloudstream3           I  [solveCloudflareThenRequest] Skipping CF solve — fresh cookies exist (11ms old), retrying HTTP | domain=ak.sv
2026-03-17 16:26:13.156 26063-26296 ProviderHttp            com.lagradost.cloudstream3           I  [solveCloudflareThenRequest] Skipping CF solve — fresh cookies exist (11ms old), retrying HTTP | domain=ak.sv
2026-03-17 16:26:13.156 26063-26289 ProviderHttp            com.lagradost.cloudstream3           I  [solveCloudflareThenRequest] Skipping CF solve — fresh cookies exist (12ms old), retrying HTTP | domain=ak.sv
2026-03-17 16:26:13.156 26063-26291 ProviderHttp            com.lagradost.cloudstream3           I  [solveCloudflareThenRequest] Skipping CF solve — fresh cookies exist (12ms old), retrying HTTP | domain=ak.sv
2026-03-17 16:26:13.156 26063-26295 ProviderHttp            com.lagradost.cloudstream3           I  [solveCloudflareThenRequest] Skipping CF solve — fresh cookies exist (12ms old), retrying HTTP | domain=ak.sv
2026-03-17 16:26:13.156 26063-26134 ProviderHttp            com.lagradost.cloudstream3           I  [solveCloudflareThenRequest] Skipping CF solve — fresh cookies exist (11ms old), retrying HTTP | domain=ak.sv
2026-03-17 16:26:13.156 26063-26291 ProviderHttp            com.lagradost.cloudstream3           D  [executeDirectRequest] Executing HTTP request | url=https://ak.sv/movies?section=30&category=0&rating=0&year=0&language=0&formats=0&, urlDomain=ak.sv, sessionDomain=ak.sv, isAlias=false, hasCookie=true, cookieCount=14
