2026-03-17 16:26:35.118 26063-26291 Akwam                   com.lagradost.cloudstream3           D  Injecting poster from URL fragment: https://img.downet.net/thumb/178x260/uploads/K5ukc.webp
2026-03-17 16:26:48.034 26063-26063 ActivityProvider        com.lagradost.cloudstream3           D  Activity stopped, clearing ref: MainActivity
2026-03-17 16:26:48.034 26063-26063 ActivityProvider        com.lagradost.cloudstream3           D  Activity stopped, clearing ref: MainActivity
2026-03-17 16:26:48.035 26063-26063 ActivityProvider        com.lagradost.cloudstream3           D  Activity stopped, clearing ref: MainActivity
2026-03-17 16:26:48.035 26063-26063 ActivityProvider        com.lagradost.cloudstream3           D  Activity stopped, clearing ref: MainActivity
2026-03-17 16:26:48.035 26063-26063 ActivityProvider        com.lagradost.cloudstream3           D  Activity stopped, clearing ref: MainActivity
2026-03-17 16:26:48.035 26063-26063 ActivityProvider        com.lagradost.cloudstream3           D  Activity stopped, clearing ref: MainActivity
2026-03-17 16:26:48.036 26063-26063 ActivityProvider        com.lagradost.cloudstream3           D  Activity stopped, clearing ref: MainActivity
2026-03-17 16:27:10.698 26063-26063 ActivityProvider        com.lagradost.cloudstream3           D  Activity started: MainActivity
2026-03-17 16:27:10.698 26063-26063 ActivityProvider        com.lagradost.cloudstream3           D  Activity started: MainActivity
2026-03-17 16:27:10.698 26063-26063 ActivityProvider        com.lagradost.cloudstream3           D  Activity started: MainActivity
2026-03-17 16:27:10.698 26063-26063 ActivityProvider        com.lagradost.cloudstream3           D  Activity started: MainActivity
2026-03-17 16:27:10.698 26063-26063 ActivityProvider        com.lagradost.cloudstream3           D  Activity started: MainActivity
2026-03-17 16:27:10.698 26063-26063 ActivityProvider        com.lagradost.cloudstream3           D  Activity started: MainActivity
2026-03-17 16:27:10.698 26063-26063 ActivityProvider        com.lagradost.cloudstream3           D  Activity started: MainActivity
2026-03-17 16:27:10.705 26063-26063 ActivityProvider        com.lagradost.cloudstream3           D  Activity resumed: MainActivity
2026-03-17 16:27:10.705 26063-26063 ActivityProvider        com.lagradost.cloudstream3           D  Activity resumed: MainActivity
2026-03-17 16:27:10.705 26063-26063 ActivityProvider        com.lagradost.cloudstream3           D  Activity resumed: MainActivity
2026-03-17 16:27:10.705 26063-26063 ActivityProvider        com.lagradost.cloudstream3           D  Activity resumed: MainActivity
2026-03-17 16:27:10.705 26063-26063 ActivityProvider        com.lagradost.cloudstream3           D  Activity resumed: MainActivity
2026-03-17 16:27:10.705 26063-26063 ActivityProvider        com.lagradost.cloudstream3           D  Activity resumed: MainActivity
2026-03-17 16:27:10.705 26063-26063 ActivityProvider        com.lagradost.cloudstream3           D  Activity resumed: MainActivity
2026-03-17 16:27:16.779 26063-26063 CS3ExoPlayer            com.lagradost.cloudstream3           I  SET STYLE = SaveCaptionStyle(foregroundColor=-1, backgroundColor=0, windowColor=0, edgeType=1, edgeColor=-16777216, typeface=null, typefaceFilePath=null, elevation=20, fixedTextSize=null, edgeSize=null, removeCaptions=false, removeBloat=true, upperCase=false, bold=false, italic=false, backgroundRadius=null)
2026-03-17 16:27:16.800 26063-26063 CS3ExoPlayer            com.lagradost.cloudstream3           I  reloadPlayer
2026-03-17 16:27:16.800 26063-26063 CS3ExoPlayer            com.lagradost.cloudstream3           I  releasePlayer
2026-03-17 16:27:16.800 26063-26063 CS3ExoPlayer            com.lagradost.cloudstream3           I  Handle event: PlayerAttachedEvent(player=null, source=Player)
2026-03-17 16:27:23.148 26063-26063 CS3ExoPlayer            com.lagradost.cloudstream3           I  newInstance = {}
2026-03-17 16:27:23.156 26063-26063 CS3ExoPlayer            com.lagradost.cloudstream3           I  onStop
2026-03-17 16:27:23.156 26063-26063 CS3ExoPlayer            com.lagradost.cloudstream3           I  saveData
2026-03-17 16:27:23.156 26063-26063 CS3ExoPlayer            com.lagradost.cloudstream3           I  handleEvent Pause
2026-03-17 16:27:23.158 26063-26063 CS3ExoPlayer            com.lagradost.cloudstream3           I  unwrapBundle = null
2026-03-17 16:27:23.158 26063-26063 CS3ExoPlayer            com.lagradost.cloudstream3           I  unwrapBundle = Bundle[{resumePosition=0, syncData={}}]
2026-03-17 16:27:23.191 26063-26063 CS3ExoPlayer            com.lagradost.cloudstream3           I  SET STYLE = SaveCaptionStyle(foregroundColor=-1, backgroundColor=0, windowColor=0, edgeType=1, edgeColor=-16777216, typeface=null, typefaceFilePath=null, elevation=20, fixedTextSize=null, edgeSize=null, removeCaptions=false, removeBloat=true, upperCase=false, bold=false, italic=false, backgroundRadius=null)
2026-03-17 16:27:23.192 26063-26063 CS3ExoPlayer            com.lagradost.cloudstream3           I  unwrapBundle = null
2026-03-17 16:27:23.192 26063-26063 CS3ExoPlayer            com.lagradost.cloudstream3           I  unwrapBundle = Bundle[{resumePosition=0, syncData={}}]
2026-03-17 16:27:23.193 26063-29133 [Akwam] [loadLinks]     com.lagradost.cloudstream3           I  START data='https://ak.sv/episode/97636/الحصلة-العائلة-007-ج2/الحلقة-1'
2026-03-17 16:27:23.193 26063-26063 CS3ExoPlayer            com.lagradost.cloudstream3           I  setActiveSubtitles 0
2026-03-17 16:27:23.193 26063-26063 CS3ExoPlayer            com.lagradost.cloudstream3           I  autoSelectFromSettings = null
2026-03-17 16:27:23.193 26063-29133 RequestQueue            com.lagradost.cloudstream3           D  [enqueue] Request is LEADER | domain=ak.sv, url=https://ak.sv/episode/97636/الحصلة-العائلة-007-ج2/الحلقة-1
2026-03-17 16:27:23.193 26063-29133 ProviderHttp            com.lagradost.cloudstream3           D  [executeDirectRequest] Executing HTTP request | url=https://ak.sv/episode/97636/الحصلة-العائلة-007-ج2/الحلقة-1, urlDomain=ak.sv, sessionDomain=ak.sv, isAlias=false, hasCookie=true, cookieCount=14
2026-03-17 16:27:23.253 26063-26063 CS3ExoPlayer            com.lagradost.cloudstream3           I  reloadPlayer
2026-03-17 16:27:23.253 26063-26063 CS3ExoPlayer            com.lagradost.cloudstream3           I  releasePlayer
2026-03-17 16:27:23.253 26063-26063 CS3ExoPlayer            com.lagradost.cloudstream3           I  Handle event: PlayerAttachedEvent(player=null, source=Player)
2026-03-17 16:27:23.266 26063-26063 CS3ExoPlayer            com.lagradost.cloudstream3           I  setActiveSubtitles 0
2026-03-17 16:27:23.266 26063-26063 CS3ExoPlayer            com.lagradost.cloudstream3           I  autoSelectFromSettings = null
2026-03-17 16:27:23.266 26063-26063 CS3ExoPlayer            com.lagradost.cloudstream3           I  releasePlayer
2026-03-17 16:27:23.266 26063-26063 CS3ExoPlayer            com.lagradost.cloudstream3           I  Handle event: PlayerAttachedEvent(player=null, source=Player)
2026-03-17 16:27:23.531 26063-29133 RequestQueue            com.lagradost.cloudstream3           I  [executeAsLeader] Leader CF BLOCKED - solving | domain=ak.sv
2026-03-17 16:27:23.531 26063-29133 ProviderSession         com.lagradost.cloudstream3           D  [save] Saved session | domain=ak.sv, cookies=0
2026-03-17 16:27:23.531 26063-29133 ProviderHttp            com.lagradost.cloudstream3           I  [invalidateSession] Preparing for CF solve
2026-03-17 16:27:23.539 26063-26063 ActivityProvider        com.lagradost.cloudstream3           D  currentActivity requested: MainActivity
2026-03-17 16:27:23.539 26063-26063 WebViewStrategy         com.lagradost.cloudstream3           I  [CfBypassEngine.runSession] Creating WebView | url=https://ak.sv/episode/97636/%D8%A7%D9%84%D8%AD%D8%B5%D9%84%D8%A9-%D8%A7%D9%84%D8
2026-03-17 16:27:23.551 26063-26063 WebViewStrategy         com.lagradost.cloudstream3           I  [CfBypassEngine.runSession] WebView UA | ua=Mozilla/5.0 (Linux; Android 16; SM-S918B Build/BP2A.250605.031.A3) AppleWebKit/537.36 (KHTML, like Gecko) Version/4.0 Chrome/145.0.7632.159 Mobile Safari/537.36
2026-03-17 16:27:23.551 26063-26063 Dialog                  com.lagradost.cloudstream3           I  mIsDeviceDefault = false, mIsSamsungBasicInteraction = false, isMetaDataInActivity = false
2026-03-17 16:27:23.560 26063-26063 WebViewStrategy         com.lagradost.cloudstream3           D  [CfBypassEngine.runSession] FULLSCREEN mode | url=https://ak.sv/episode/97636/%D8%A7%D9%84%D8%AD%D8%B5%D9%84%D8%A9-%D8%A7%D9%84%D8
2026-03-17 16:27:23.562 26063-26063 WebViewStrategy         com.lagradost.cloudstream3           I  [CfBypassEngine.runSession] Loading URL | url=https://ak.sv/episode/97636/%D8%A7%D9%84%D8%AD%D8%B5%D9%84%D8%A9-%D8%A7%D9%84%D8
2026-03-17 16:27:23.714 26063-26063 WebViewStrategy         com.lagradost.cloudstream3           I  [CfBypassEngine.onPageStarted] Page started | url=https://ak.sv/episode/97636/%D8%A7%D9%84%D8%AD%D8%B5%D9%84%D8%A9-%D8%A7%D9%84%D8
2026-03-17 16:27:23.950 26063-26063 WebViewStrategy         com.lagradost.cloudstream3           D  [CfBypassEngine] Loading progress | percent=80
2026-03-17 16:27:24.448 26063-26063 WebViewStrategy         com.lagradost.cloudstream3           W  [CfBypassEngine.shouldOverrideUrlLoading] Blocked non-HTTP redirect | scheme=intent, url=intent://pyppo.com/4/8503410?var=6351123&intnt_r=true&t_int=true&bs=78131253-924
2026-03-17 16:27:24.448 26063-26063 WebViewStrategy         com.lagradost.cloudstream3           D  [CfBypassEngine] Loading progress | percent=100
2026-03-17 16:27:25.231 26063-26063 WebViewStrategy         com.lagradost.cloudstream3           W  [CfBypassEngine.shouldOverrideUrlLoading] Blocked non-HTTP redirect | scheme=intent, url=intent://pyppo.com/4/8503410?var=8612306&intnt_r=true&t_int=true&bs=1437a3e1-8a3
2026-03-17 16:27:25.232 26063-26063 WebViewStrategy         com.lagradost.cloudstream3           D  [CfBypassEngine] Loading progress | percent=100
2026-03-17 16:27:25.311 26063-26063 WebViewStrategy         com.lagradost.cloudstream3           D  [CfBypassEngine] Loading progress | percent=100
2026-03-17 16:27:25.311 26063-26063 WebViewStrategy         com.lagradost.cloudstream3           D  [CfBypassEngine] Loading progress | percent=100
2026-03-17 16:27:25.311 26063-26063 WebViewStrategy         com.lagradost.cloudstream3           I  [CfBypassEngine.onPageFinished] Page finished | url=https://ak.sv/episode/97636/%D8%A7%D9%84%D8%AD%D8%B5%D9%84%D8%A9-%D8%A7%D9%84%D8
2026-03-17 16:27:26.868 26063-26063 WebViewStrategy         com.lagradost.cloudstream3           D  [CfBypassEngine.extractCookies] Cookie extraction complete | cmCount=14, jsCount=12, total=14, hasClearance=false
2026-03-17 16:27:26.868 26063-26063 WebViewStrategy         com.lagradost.cloudstream3           I  [CfBypassEngine.onPageFinished] Exit condition met | cookies=14, hasClearance=false
2026-03-17 16:27:26.898 26063-29133 ProviderSession         com.lagradost.cloudstream3           D  [save] Saved session | domain=ak.sv, cookies=14
2026-03-17 16:27:26.898 26063-29133 SessionProvider         com.lagradost.cloudstream3           D  [update] Session updated | domain=ak.sv, hasCookies=true
2026-03-17 16:27:26.914 26063-29133 ProviderHttp            com.lagradost.cloudstream3           D  [updateCookies] Injected 14 cookies into system CookieManager | domain=ak.sv
2026-03-17 16:27:26.914 26063-29133 RequestQueue            com.lagradost.cloudstream3           I  [executeAsLeader] CF solved, retrying leader
2026-03-17 16:27:26.915 26063-29133 ProviderHttp            com.lagradost.cloudstream3           D  [executeDirectRequest] Executing HTTP request | url=https://ak.sv/episode/97636/الحصلة-العائلة-007-ج2/الحلقة-1, urlDomain=ak.sv, sessionDomain=ak.sv, isAlias=false, hasCookie=true, cookieCount=14
2026-03-17 16:27:27.072 26063-29133 ProviderHttp            com.lagradost.cloudstream3           W  [getDocument] 403/null - WebView fallback queueing | url=https://ak.sv/episode/97636/الحصلة-العائلة-007-ج2/الحلقة-1
2026-03-17 16:27:27.072 26063-29133 RequestQueue            com.lagradost.cloudstream3           D  [enqueue] Request is LEADER | domain=ak.sv, url=https://ak.sv/episode/97636/الحصلة-العائلة-007-ج2/الحلقة-1
2026-03-17 16:27:27.072 26063-29133 ProviderHttp            com.lagradost.cloudstream3           I  [solveCloudflareThenRequest] Skipping CF solve — fresh cookies exist (174ms old), retrying HTTP | domain=ak.sv
2026-03-17 16:27:27.072 26063-29133 ProviderHttp            com.lagradost.cloudstream3           D  [executeDirectRequest] Executing HTTP request | url=https://ak.sv/episode/97636/الحصلة-العائلة-007-ج2/الحلقة-1, urlDomain=ak.sv, sessionDomain=ak.sv, isAlias=false, hasCookie=true, cookieCount=14
2026-03-17 16:27:27.193 26063-29133 ProviderHttp            com.lagradost.cloudstream3           D  [solveCloudflareThenRequest] Retry with existing cookies failed, proceeding with full CF solve
2026-03-17 16:27:27.194 26063-29133 ProviderSession         com.lagradost.cloudstream3           D  [save] Saved session | domain=ak.sv, cookies=0
2026-03-17 16:27:27.194 26063-29133 ProviderHttp            com.lagradost.cloudstream3           I  [invalidateSession] Preparing for CF solve
2026-03-17 16:27:27.206 26063-26063 ActivityProvider        com.lagradost.cloudstream3           D  currentActivity requested: MainActivity
2026-03-17 16:27:27.206 26063-26063 WebViewStrategy         com.lagradost.cloudstream3           I  [CfBypassEngine.runSession] Creating WebView | url=https://ak.sv/episode/97636/الحصلة-العائلة-007-ج2/الحلقة-1
2026-03-17 16:27:27.223 26063-26063 WebViewStrategy         com.lagradost.cloudstream3           I  [CfBypassEngine.runSession] WebView UA | ua=Mozilla/5.0 (Linux; Android 16; SM-S918B Build/BP2A.250605.031.A3) AppleWebKit/537.36 (KHTML, like Gecko) Version/4.0 Chrome/145.0.7632.159 Mobile Safari/537.36
2026-03-17 16:27:27.223 26063-26063 Dialog                  com.lagradost.cloudstream3           I  mIsDeviceDefault = false, mIsSamsungBasicInteraction = false, isMetaDataInActivity = false
2026-03-17 16:27:27.236 26063-26063 WebViewStrategy         com.lagradost.cloudstream3           D  [CfBypassEngine.runSession] FULLSCREEN mode | url=https://ak.sv/episode/97636/الحصلة-العائلة-007-ج2/الحلقة-1
2026-03-17 16:27:27.237 26063-26063 WebViewStrategy         com.lagradost.cloudstream3           I  [CfBypassEngine.runSession] Loading URL | url=https://ak.sv/episode/97636/الحصلة-العائلة-007-ج2/الحلقة-1
2026-03-17 16:27:27.393 26063-26063 WebViewStrategy         com.lagradost.cloudstream3           I  [CfBypassEngine.onPageStarted] Page started | url=https://ak.sv/episode/97636/%D8%A7%D9%84%D8%AD%D8%B5%D9%84%D8%A9-%D8%A7%D9%84%D8
2026-03-17 16:27:27.647 26063-26063 WebViewStrategy         com.lagradost.cloudstream3           D  [CfBypassEngine] Loading progress | percent=80
2026-03-17 16:27:27.925 26063-26063 WebViewStrategy         com.lagradost.cloudstream3           W  [CfBypassEngine.shouldOverrideUrlLoading] Blocked non-HTTP redirect | scheme=intent, url=intent://pyppo.com/4/8503410?var=6351123&intnt_r=true&t_int=true&bs=fdd8ce03-c8a
2026-03-17 16:27:27.925 26063-26063 WebViewStrategy         com.lagradost.cloudstream3           D  [CfBypassEngine] Loading progress | percent=100
2026-03-17 16:27:28.256 26063-26063 WebViewStrategy         com.lagradost.cloudstream3           W  [CfBypassEngine.shouldOverrideUrlLoading] Blocked non-HTTP redirect | scheme=intent, url=intent://pyppo.com/4/8503410?var=8612306&intnt_r=true&t_int=true&bs=130f9fcf-d1b
2026-03-17 16:27:28.257 26063-26063 WebViewStrategy         com.lagradost.cloudstream3           D  [CfBypassEngine] Loading progress | percent=100
2026-03-17 16:27:28.648 26063-26063 WebViewStrategy         com.lagradost.cloudstream3           D  [CfBypassEngine] Loading progress | percent=100
2026-03-17 16:27:28.648 26063-26063 WebViewStrategy         com.lagradost.cloudstream3           D  [CfBypassEngine] Loading progress | percent=100
2026-03-17 16:27:28.648 26063-26063 WebViewStrategy         com.lagradost.cloudstream3           I  [CfBypassEngine.onPageFinished] Page finished | url=https://ak.sv/episode/97636/%D8%A7%D9%84%D8%AD%D8%B5%D9%84%D8%A9-%D8%A7%D9%84%D8
2026-03-17 16:27:30.186 26063-26063 WebViewStrategy         com.lagradost.cloudstream3           D  [CfBypassEngine.extractCookies] Cookie extraction complete | cmCount=14, jsCount=12, total=14, hasClearance=false
2026-03-17 16:27:30.186 26063-26063 WebViewStrategy         com.lagradost.cloudstream3           I  [CfBypassEngine.onPageFinished] Exit condition met | cookies=14, hasClearance=false
2026-03-17 16:27:30.216 26063-29133 ProviderSession         com.lagradost.cloudstream3           D  [save] Saved session | domain=ak.sv, cookies=14
2026-03-17 16:27:30.216 26063-29133 SessionProvider         com.lagradost.cloudstream3           D  [update] Session updated | domain=ak.sv, hasCookies=true
2026-03-17 16:27:30.229 26063-29133 ProviderHttp            com.lagradost.cloudstream3           D  [updateCookies] Injected 14 cookies into system CookieManager | domain=ak.sv
2026-03-17 16:27:30.229 26063-29133 RequestQueue            com.lagradost.cloudstream3           I  [executeAsLeader] Leader SUCCESS | domain=ak.sv
2026-03-17 16:27:30.236 26063-29133 Akwam                   com.lagradost.cloudstream3           D  getParser called
2026-03-17 16:27:30.236 26063-29133 AkwamParser             com.lagradost.cloudstream3           D  getPlayerPageUrl: constructed watchUrl='/watch/175613/97636'
2026-03-17 16:27:30.236 26063-29133 [Akwam] [loadLinks]     com.lagradost.cloudstream3           D  Fetching watch page: https://ak.sv/watch/175613/97636
2026-03-17 16:27:30.236 26063-29133 RequestQueue            com.lagradost.cloudstream3           D  [enqueue] Request is LEADER | domain=ak.sv, url=https://ak.sv/watch/175613/97636
2026-03-17 16:27:30.237 26063-29133 ProviderHttp            com.lagradost.cloudstream3           D  [executeDirectRequest] Executing HTTP request | url=https://ak.sv/watch/175613/97636, urlDomain=ak.sv, sessionDomain=ak.sv, isAlias=false, hasCookie=true, cookieCount=14
2026-03-17 16:27:30.907 26063-29133 ProviderSession         com.lagradost.cloudstream3           D  [save] Saved session | domain=ak.sv, cookies=14
2026-03-17 16:27:30.907 26063-29133 SessionProvider         com.lagradost.cloudstream3           D  [update] Session updated | domain=ak.sv, hasCookies=true
2026-03-17 16:27:30.909 26063-29133 RequestQueue            com.lagradost.cloudstream3           I  [executeAsLeader] Leader CF BLOCKED - solving | domain=ak.sv
2026-03-17 16:27:30.909 26063-29133 ProviderHttp            com.lagradost.cloudstream3           I  [solveCloudflareThenRequest] Skipping CF solve — fresh cookies exist (2ms old), retrying HTTP | domain=ak.sv
2026-03-17 16:27:30.909 26063-29133 ProviderHttp            com.lagradost.cloudstream3           D  [executeDirectRequest] Executing HTTP request | url=https://ak.sv/watch/175613/97636, urlDomain=ak.sv, sessionDomain=ak.sv, isAlias=false, hasCookie=true, cookieCount=14
2026-03-17 16:27:31.553 26063-29133 ProviderSession         com.lagradost.cloudstream3           D  [save] Saved session | domain=ak.sv, cookies=14
2026-03-17 16:27:31.553 26063-29133 SessionProvider         com.lagradost.cloudstream3           D  [update] Session updated | domain=ak.sv, hasCookies=true
2026-03-17 16:27:31.555 26063-29133 ProviderHttp            com.lagradost.cloudstream3           D  [solveCloudflareThenRequest] Retry with existing cookies failed, proceeding with full CF solve
2026-03-17 16:27:31.556 26063-29133 ProviderSession         com.lagradost.cloudstream3           D  [save] Saved session | domain=ak.sv, cookies=0
2026-03-17 16:27:31.556 26063-29133 ProviderHttp            com.lagradost.cloudstream3           I  [invalidateSession] Preparing for CF solve
2026-03-17 16:27:31.569 26063-26063 ActivityProvider        com.lagradost.cloudstream3           D  currentActivity requested: MainActivity
2026-03-17 16:27:31.569 26063-26063 WebViewStrategy         com.lagradost.cloudstream3           I  [CfBypassEngine.runSession] Creating WebView | url=https://ak.sv/watch/175613/97636
2026-03-17 16:27:31.584 26063-26063 WebViewStrategy         com.lagradost.cloudstream3           I  [CfBypassEngine.runSession] WebView UA | ua=Mozilla/5.0 (Linux; Android 16; SM-S918B Build/BP2A.250605.031.A3) AppleWebKit/537.36 (KHTML, like Gecko) Version/4.0 Chrome/145.0.7632.159 Mobile Safari/537.36
2026-03-17 16:27:31.585 26063-26063 Dialog                  com.lagradost.cloudstream3           I  mIsDeviceDefault = false, mIsSamsungBasicInteraction = false, isMetaDataInActivity = false
2026-03-17 16:27:31.593 26063-26063 WebViewStrategy         com.lagradost.cloudstream3           D  [CfBypassEngine.runSession] FULLSCREEN mode | url=https://ak.sv/watch/175613/97636
2026-03-17 16:27:31.593 26063-26063 WebViewStrategy         com.lagradost.cloudstream3           I  [CfBypassEngine.runSession] Loading URL | url=https://ak.sv/watch/175613/97636
2026-03-17 16:27:32.225 26063-26063 WebViewStrategy         com.lagradost.cloudstream3           I  [CfBypassEngine.onPageStarted] Page started | url=https://ak.sv/watch/175613/97636
2026-03-17 16:27:32.594 26063-26063 WebViewStrategy         com.lagradost.cloudstream3           D  [CfBypassEngine] Loading progress | percent=80
2026-03-17 16:27:32.740 26063-26063 WebViewStrategy         com.lagradost.cloudstream3           W  [CfBypassEngine.shouldOverrideUrlLoading] Blocked non-HTTP redirect | scheme=intent, url=intent://pyppo.com/4/8503410?var=6351123&intnt_r=true&t_int=true&bs=4d4ec61d-a25
2026-03-17 16:27:32.740 26063-26063 WebViewStrategy         com.lagradost.cloudstream3           D  [CfBypassEngine] Loading progress | percent=100
2026-03-17 16:27:33.067 26063-26063 WebViewStrategy         com.lagradost.cloudstream3           W  [CfBypassEngine.shouldOverrideUrlLoading] Blocked non-HTTP redirect | scheme=intent, url=intent://pyppo.com/4/8503410?var=8612306&intnt_r=true&t_int=true&bs=3a01e617-64c
2026-03-17 16:27:33.067 26063-26063 WebViewStrategy         com.lagradost.cloudstream3           D  [CfBypassEngine] Loading progress | percent=100
2026-03-17 16:27:33.494 26063-26063 WebViewStrategy         com.lagradost.cloudstream3           D  [CfBypassEngine] Loading progress | percent=100
2026-03-17 16:27:33.494 26063-26063 WebViewStrategy         com.lagradost.cloudstream3           D  [CfBypassEngine] Loading progress | percent=100
2026-03-17 16:27:33.494 26063-26063 WebViewStrategy         com.lagradost.cloudstream3           I  [CfBypassEngine.onPageFinished] Page finished | url=https://ak.sv/watch/175613/97636
2026-03-17 16:27:35.026 26063-26063 WebViewStrategy         com.lagradost.cloudstream3           D  [CfBypassEngine.extractCookies] Cookie extraction complete | cmCount=14, jsCount=12, total=14, hasClearance=false
2026-03-17 16:27:35.026 26063-26063 WebViewStrategy         com.lagradost.cloudstream3           I  [CfBypassEngine.onPageFinished] Exit condition met | cookies=14, hasClearance=false
2026-03-17 16:27:35.063 26063-29133 ProviderSession         com.lagradost.cloudstream3           D  [save] Saved session | domain=ak.sv, cookies=14
2026-03-17 16:27:35.063 26063-29133 SessionProvider         com.lagradost.cloudstream3           D  [update] Session updated | domain=ak.sv, hasCookies=true
2026-03-17 16:27:35.074 26063-29133 ProviderHttp            com.lagradost.cloudstream3           D  [updateCookies] Injected 14 cookies into system CookieManager | domain=ak.sv
2026-03-17 16:27:35.074 26063-29133 RequestQueue            com.lagradost.cloudstream3           I  [executeAsLeader] CF solved, retrying leader
2026-03-17 16:27:35.075 26063-29133 ProviderHttp            com.lagradost.cloudstream3           D  [executeDirectRequest] Executing HTTP request | url=https://ak.sv/watch/175613/97636, urlDomain=ak.sv, sessionDomain=ak.sv, isAlias=false, hasCookie=true, cookieCount=14
2026-03-17 16:27:35.718 26063-29133 ProviderSession         com.lagradost.cloudstream3           D  [save] Saved session | domain=ak.sv, cookies=14
2026-03-17 16:27:35.718 26063-29133 SessionProvider         com.lagradost.cloudstream3           D  [update] Session updated | domain=ak.sv, hasCookies=true
2026-03-17 16:27:35.721 26063-29133 ProviderHttp            com.lagradost.cloudstream3           W  [getDocument] 403/null - WebView fallback queueing | url=https://ak.sv/watch/175613/97636
2026-03-17 16:27:35.721 26063-29133 RequestQueue            com.lagradost.cloudstream3           D  [enqueue] Request is LEADER | domain=ak.sv, url=https://ak.sv/watch/175613/97636
2026-03-17 16:27:35.721 26063-29133 ProviderHttp            com.lagradost.cloudstream3           I  [solveCloudflareThenRequest] Skipping CF solve — fresh cookies exist (4ms old), retrying HTTP | domain=ak.sv
2026-03-17 16:27:35.721 26063-29133 ProviderHttp            com.lagradost.cloudstream3           D  [executeDirectRequest] Executing HTTP request | url=https://ak.sv/watch/175613/97636, urlDomain=ak.sv, sessionDomain=ak.sv, isAlias=false, hasCookie=true, cookieCount=14
2026-03-17 16:27:36.392 26063-29133 ProviderSession         com.lagradost.cloudstream3           D  [save] Saved session | domain=ak.sv, cookies=14
2026-03-17 16:27:36.393 26063-29133 SessionProvider         com.lagradost.cloudstream3           D  [update] Session updated | domain=ak.sv, hasCookies=true
2026-03-17 16:27:36.397 26063-29133 ProviderHttp            com.lagradost.cloudstream3           D  [solveCloudflareThenRequest] Retry with existing cookies failed, proceeding with full CF solve
2026-03-17 16:27:36.397 26063-29133 ProviderSession         com.lagradost.cloudstream3           D  [save] Saved session | domain=ak.sv, cookies=0
2026-03-17 16:27:36.397 26063-29133 ProviderHttp            com.lagradost.cloudstream3           I  [invalidateSession] Preparing for CF solve
2026-03-17 16:27:36.409 26063-26063 ActivityProvider        com.lagradost.cloudstream3           D  currentActivity requested: MainActivity
2026-03-17 16:27:36.409 26063-26063 WebViewStrategy         com.lagradost.cloudstream3           I  [CfBypassEngine.runSession] Creating WebView | url=https://ak.sv/watch/175613/97636
2026-03-17 16:27:36.424 26063-26063 WebViewStrategy         com.lagradost.cloudstream3           I  [CfBypassEngine.runSession] WebView UA | ua=Mozilla/5.0 (Linux; Android 16; SM-S918B Build/BP2A.250605.031.A3) AppleWebKit/537.36 (KHTML, like Gecko) Version/4.0 Chrome/145.0.7632.159 Mobile Safari/537.36
2026-03-17 16:27:36.424 26063-26063 Dialog                  com.lagradost.cloudstream3           I  mIsDeviceDefault = false, mIsSamsungBasicInteraction = false, isMetaDataInActivity = false
2026-03-17 16:27:36.432 26063-26063 WebViewStrategy         com.lagradost.cloudstream3           D  [CfBypassEngine.runSession] FULLSCREEN mode | url=https://ak.sv/watch/175613/97636
2026-03-17 16:27:36.433 26063-26063 WebViewStrategy         com.lagradost.cloudstream3           I  [CfBypassEngine.runSession] Loading URL | url=https://ak.sv/watch/175613/97636
2026-03-17 16:27:37.113 26063-26063 WebViewStrategy         com.lagradost.cloudstream3           I  [CfBypassEngine.onPageStarted] Page started | url=https://ak.sv/watch/175613/97636
2026-03-17 16:27:37.330 26063-26063 WebViewStrategy         com.lagradost.cloudstream3           D  [CfBypassEngine] Loading progress | percent=80
2026-03-17 16:27:37.540 26063-26063 WebViewStrategy         com.lagradost.cloudstream3           D  [CfBypassEngine] Loading progress | percent=80
2026-03-17 16:27:37.668 26063-26063 WebViewStrategy         com.lagradost.cloudstream3           W  [CfBypassEngine.shouldOverrideUrlLoading] Blocked non-HTTP redirect | scheme=intent, url=intent://pyppo.com/4/8503410?var=6351123&intnt_r=true&t_int=true&bs=468f648e-a5e
2026-03-17 16:27:37.668 26063-26063 WebViewStrategy         com.lagradost.cloudstream3           D  [CfBypassEngine] Loading progress | percent=100
2026-03-17 16:27:38.046 26063-26063 WebViewStrategy         com.lagradost.cloudstream3           W  [CfBypassEngine.shouldOverrideUrlLoading] Blocked non-HTTP redirect | scheme=intent, url=intent://pyppo.com/4/8503410?var=8612306&intnt_r=true&t_int=true&bs=50dfc58c-32a
2026-03-17 16:27:38.047 26063-26063 WebViewStrategy         com.lagradost.cloudstream3           D  [CfBypassEngine] Loading progress | percent=100
2026-03-17 16:27:38.461 26063-26063 WebViewStrategy         com.lagradost.cloudstream3           D  [CfBypassEngine] Loading progress | percent=100
2026-03-17 16:27:38.461 26063-26063 WebViewStrategy         com.lagradost.cloudstream3           D  [CfBypassEngine] Loading progress | percent=100
2026-03-17 16:27:38.461 26063-26063 WebViewStrategy         com.lagradost.cloudstream3           I  [CfBypassEngine.onPageFinished] Page finished | url=https://ak.sv/watch/175613/97636
2026-03-17 16:27:40.001 26063-26063 WebViewStrategy         com.lagradost.cloudstream3           D  [CfBypassEngine.extractCookies] Cookie extraction complete | cmCount=14, jsCount=12, total=14, hasClearance=false
2026-03-17 16:27:40.001 26063-26063 WebViewStrategy         com.lagradost.cloudstream3           I  [CfBypassEngine.onPageFinished] Exit condition met | cookies=14, hasClearance=false
2026-03-17 16:27:40.034 26063-29133 ProviderSession         com.lagradost.cloudstream3           D  [save] Saved session | domain=ak.sv, cookies=14
2026-03-17 16:27:40.034 26063-29133 SessionProvider         com.lagradost.cloudstream3           D  [update] Session updated | domain=ak.sv, hasCookies=true
2026-03-17 16:27:40.051 26063-29133 ProviderHttp            com.lagradost.cloudstream3           D  [updateCookies] Injected 14 cookies into system CookieManager | domain=ak.sv
2026-03-17 16:27:40.051 26063-29133 RequestQueue            com.lagradost.cloudstream3           I  [executeAsLeader] Leader SUCCESS | domain=ak.sv
2026-03-17 16:27:40.056 26063-29133 [Akwam] [loadLinks]     com.lagradost.cloudstream3           D  Found 1 direct video sources
2026-03-17 16:27:40.057 26063-29133 [Akwam] [loadLinks]     com.lagradost.cloudstream3           D  Delivering link: quality='720', url='http://s102.downet.net/download/1773847656/69b972e8e70f8/Al.Hesla.S02E01.WEB-DL.AKWAM.mp4'
2026-03-17 16:27:40.061 26063-26063 CS3ExoPlayer            com.lagradost.cloudstream3           I  loadPlayer
2026-03-17 16:27:40.061 26063-26063 CS3ExoPlayer            com.lagradost.cloudstream3           I  releasePlayer
2026-03-17 16:27:40.062 26063-26063 CS3ExoPlayer            com.lagradost.cloudstream3           I  Handle event: PlayerAttachedEvent(player=null, source=Player)
2026-03-17 16:27:40.063 26063-26063 CS3ExoPlayer            com.lagradost.cloudstream3           I  loadOnlinePlayer ExtractorLink(name=Akwam, url=http://s102.downet.net/download/1773847656/69b972e8e70f8/Al.Hesla.S02E01.WEB-DL.AKWAM.mp4, referer=https://ak.sv/episode/97636/الحصلة-العائلة-007-ج2/الحلقة-1, type=VIDEO)
2026-03-17 16:27:40.063 26063-26140 MediaHTTPService        com.lagradost.cloudstream3           V  MediaHTTPService(android.media.MediaHTTPService@16ef658): Cookies: null
2026-03-17 16:27:40.063 26063-26140 MediaHTTPService        com.lagradost.cloudstream3           V  makeHTTPConnection: CookieManager created: java.net.CookieManager@b5de3b1
2026-03-17 16:27:40.063 26063-26140 MediaHTTPService        com.lagradost.cloudstream3           V  makeHTTPConnection(android.media.MediaHTTPService@16ef658): cookieHandler: java.net.CookieManager@b5de3b1 Cookies: null
2026-03-17 16:27:40.067 26063-28492 MediaHTTPConnection     com.lagradost.cloudstream3           I  [0] - setReadTimeout and setConnectTimeout with 8000ms
2026-03-17 16:27:40.067 26063-26063 CS3ExoPlayer            com.lagradost.cloudstream3           I  loadExo
2026-03-17 16:27:40.077 26063-26063 ExoPlayerImpl           com.lagradost.cloudstream3           I  Init 6fa3870 [AndroidXMedia3/1.8.0] [dm3q, SM-S918B, samsung, 36]
2026-03-17 16:27:40.093 26063-26063 CS3ExoPlayer            com.lagradost.cloudstream3           I  Handle event: PlayerAttachedEvent(player=androidx.media3.exoplayer.ExoPlayerImpl@6fa3870, source=Player)
2026-03-17 16:27:40.096 26063-26063 MediaSessionImpl        com.lagradost.cloudstream3           I  Init 9bbcb46 [AndroidXMedia3/1.8.0] [dm3q, SM-S918B, samsung, 36]
2026-03-17 16:27:40.104 26063-26063 MediaSessionCompat      com.lagradost.cloudstream3           I  Couldn't find a unique registered media button receiver in the given context.
2026-03-17 16:27:40.122 26063-26063 CS3ExoPlayer            com.lagradost.cloudstream3           I  Handle event: StatusEvent(wasPlaying=IsBuffering, isPlaying=IsBuffering, source=Player)
2026-03-17 16:27:40.124 26063-26063 CS3ExoPlayer            com.lagradost.cloudstream3           I  Handle event: PositionEvent(source=Player, fromMs=0, toMs=0, durationMs=-9223372036854775807)
2026-03-17 16:27:40.126 26063-26063 CS3ExoPlayer            com.lagradost.cloudstream3           I  setActiveSubtitles 0
2026-03-17 16:27:40.126 26063-26063 CS3ExoPlayer            com.lagradost.cloudstream3           I  autoSelectFromSettings = null
2026-03-17 16:27:40.195 26063-28492 MediaHTTPConnection     com.lagradost.cloudstream3           I  [0] - response code = 301
2026-03-17 16:27:40.195 26063-28492 MediaHTTPConnection     com.lagradost.cloudstream3           I  [0] - setReadTimeout and setConnectTimeout with 8000ms
2026-03-17 16:27:40.460 26063-28492 MediaHTTPConnection     com.lagradost.cloudstream3           I  [0] - response code = 200
2026-03-17 16:27:40.896 26063-28492 MediaHTTPConnection     com.lagradost.cloudstream3           I  [285625093] - setReadTimeout and setConnectTimeout with 8000ms
2026-03-17 16:27:41.154 26063-28492 MediaHTTPConnection     com.lagradost.cloudstream3           I  [285625093] - response code = 206
2026-03-17 16:27:41.556 26063-26063 CS3ExoPlayer            com.lagradost.cloudstream3           I  Handle event: EmbeddedSubtitlesFetchedEvent(tracks=[], source=Player)
2026-03-17 16:27:41.556 26063-26063 CS3ExoPlayer            com.lagradost.cloudstream3           I  Handle event: TracksChangedEvent(source=Player)
2026-03-17 16:27:41.557 26063-26063 CS3ExoPlayer            com.lagradost.cloudstream3           I  Handle event: SubtitlesUpdatedEvent(source=Player)
2026-03-17 16:27:41.872 26063-26063 CS3ExoPlayer            com.lagradost.cloudstream3           I  Handle event: ResizedEvent(height=720, width=1280, source=Player)
2026-03-17 16:27:41.873 26063-26063 CS3ExoPlayer            com.lagradost.cloudstream3           I  Rendered first frame
2026-03-17 16:27:41.873 26063-26063 CS3ExoPlayer            com.lagradost.cloudstream3           I  setPreferredSubtitles init null
2026-03-17 16:27:41.873 26063-26063 CS3ExoPlayer            com.lagradost.cloudstream3           I  Handle event: ResizedEvent(height=720, width=1280, source=Player)
2026-03-17 16:27:41.874 26063-26063 CS3ExoPlayer            com.lagradost.cloudstream3           I  Handle event: PositionEvent(source=Player, fromMs=0, toMs=0, durationMs=1712217)
2026-03-17 16:27:41.892 26063-26063 CS3ExoPlayer            com.lagradost.cloudstream3           I  Handle event: PositionEvent(source=Player, fromMs=0, toMs=0, durationMs=1712217)
2026-03-17 16:27:41.892 26063-26063 CS3ExoPlayer            com.lagradost.cloudstream3           I  Handle event: PositionEvent(source=Player, fromMs=0, toMs=0, durationMs=1712217)
2026-03-17 16:27:41.936 26063-28492 MediaHTTPConnection     com.lagradost.cloudstream3           I  [0] - setReadTimeout and setConnectTimeout with 8000ms
2026-03-17 16:27:42.060 26063-28492 MediaHTTPConnection     com.lagradost.cloudstream3           I  [0] - response code = 301
2026-03-17 16:27:42.060 26063-28492 MediaHTTPConnection     com.lagradost.cloudstream3           I  [0] - setReadTimeout and setConnectTimeout with 8000ms
2026-03-17 16:27:42.135 26063-28492 MediaHTTPConnection     com.lagradost.cloudstream3           I  [0] - response code = 200
2026-03-17 16:27:42.237 26063-28492 MediaHTTPConnection     com.lagradost.cloudstream3           I  [126204058] - setReadTimeout and setConnectTimeout with 8000ms
2026-03-17 16:27:42.542 26063-28492 MediaHTTPConnection     com.lagradost.cloudstream3           I  [126204058] - response code = 206
2026-03-17 16:27:43.191 26063-26329 MediaHTTPConnection     com.lagradost.cloudstream3           I  [67416376] - setReadTimeout and setConnectTimeout with 8000ms
2026-03-17 16:27:43.594 26063-26329 MediaHTTPConnection     com.lagradost.cloudstream3           I  [67416376] - response code = 206
2026-03-17 16:27:44.140 26063-26329 MediaHTTPConnection     com.lagradost.cloudstream3           I  [184982512] - setReadTimeout and setConnectTimeout with 8000ms
2026-03-17 16:27:44.414 26063-26329 MediaHTTPConnection     com.lagradost.cloudstream3           I  [184982512] - response code = 206
2026-03-17 16:27:44.574 26063-26063 CS3ExoPlayer            com.lagradost.cloudstream3           I  Handle event: StatusEvent(wasPlaying=IsPaused, isPlaying=IsPlaying, source=Player)
2026-03-17 16:27:44.580 26063-26063 CS3ExoPlayer            com.lagradost.cloudstream3           I  Handle event: RequestAudioFocusEvent(source=Player)
2026-03-17 16:27:44.865 26063-26329 MediaHTTPConnection     com.lagradost.cloudstream3           I  [36074460] - setReadTimeout and setConnectTimeout with 8000ms
2026-03-17 16:27:45.215 26063-26329 MediaHTTPConnection     com.lagradost.cloudstream3           I  [36074460] - response code = 206
2026-03-17 16:27:45.681 26063-26329 MediaHTTPConnection     com.lagradost.cloudstream3           I  [96119683] - setReadTimeout and setConnectTimeout with 8000ms
2026-03-17 16:27:45.974 26063-26329 MediaHTTPConnection     com.lagradost.cloudstream3           I  [96119683] - response code = 206
2026-03-17 16:27:46.718 26063-27365 MediaHTTPConnection     com.lagradost.cloudstream3           I  [154779926] - setReadTimeout and setConnectTimeout with 8000ms
2026-03-17 16:27:46.973 26063-27365 MediaHTTPConnection     com.lagradost.cloudstream3           I  [154779926] - response code = 206
2026-03-17 16:27:47.545 26063-27365 MediaHTTPConnection     com.lagradost.cloudstream3           I  [220302328] - setReadTimeout and setConnectTimeout with 8000ms
2026-03-17 16:27:47.731 26063-26063 CS3ExoPlayer            com.lagradost.cloudstream3           I  onStop
2026-03-17 16:27:47.731 26063-26063 CS3ExoPlayer            com.lagradost.cloudstream3           I  saveData
2026-03-17 16:27:47.731 26063-26063 CS3ExoPlayer            com.lagradost.cloudstream3           I  Handle event: PositionEvent(source=Player, fromMs=3036, toMs=3036, durationMs=1712217)
2026-03-17 16:27:47.732 26063-26063 CS3ExoPlayer            com.lagradost.cloudstream3           I  handleEvent Pause
2026-03-17 16:27:47.732 26063-26063 CS3ExoPlayer            com.lagradost.cloudstream3           I  Handle event: PauseEvent(source=Player)
2026-03-17 16:27:47.732 26063-26063 CS3ExoPlayer            com.lagradost.cloudstream3           I  Handle event: StatusEvent(wasPlaying=IsPlaying, isPlaying=IsPaused, source=Player)
2026-03-17 16:27:47.812 26063-26063 CS3ExoPlayer            com.lagradost.cloudstream3           I  SET STYLE = SaveCaptionStyle(foregroundColor=-1, backgroundColor=0, windowColor=0, edgeType=1, edgeColor=-16777216, typeface=null, typefaceFilePath=null, elevation=20, fixedTextSize=null, edgeSize=null, removeCaptions=false, removeBloat=true, upperCase=false, bold=false, italic=false, backgroundRadius=null)
2026-03-17 16:27:47.837 26063-27365 MediaHTTPConnection     com.lagradost.cloudstream3           I  [220302328] - response code = 206
2026-03-17 16:27:47.883 26063-26063 CS3ExoPlayer            com.lagradost.cloudstream3           I  reloadPlayer
2026-03-17 16:27:47.883 26063-26063 CS3ExoPlayer            com.lagradost.cloudstream3           I  releasePlayer
2026-03-17 16:27:47.883 26063-26063 CS3ExoPlayer            com.lagradost.cloudstream3           I  Handle event: PlayerAttachedEvent(player=null, source=Player)
2026-03-17 16:27:48.061 26063-26063 CS3ExoPlayer            com.lagradost.cloudstream3           I  releasePlayer
2026-03-17 16:27:48.061 26063-26063 CS3ExoPlayer            com.lagradost.cloudstream3           I  Handle event: PositionEvent(source=Player, fromMs=3045, toMs=3045, durationMs=1712217)
2026-03-17 16:27:48.062 26063-26063 CS3ExoPlayer            com.lagradost.cloudstream3           I  Handle event: StatusEvent(wasPlaying=IsPaused, isPlaying=IsPaused, source=Player)
2026-03-17 16:27:48.067 26063-26063 ExoPlayerImpl           com.lagradost.cloudstream3           I  Release 6fa3870 [AndroidXMedia3/1.8.0] [dm3q, SM-S918B, samsung, 36] [media3.common, media3.ui, media3.exoplayer, media3.database, media3.decoder, media3.session, media3.datasource, media3.extractor, media3.decoder.ffmpeg]
2026-03-17 16:27:48.082 26063-26063 CS3ExoPlayer            com.lagradost.cloudstream3           I  Handle event: PlayerAttachedEvent(player=null, source=Player)
2026-03-17 16:27:48.083 26063-26063 MediaSessionImpl        com.lagradost.cloudstream3           I  Release 9bbcb46 [AndroidXMedia3/1.8.0] [dm3q, SM-S918B, samsung, 36] [media3.common, media3.ui, media3.exoplayer, media3.database, media3.decoder, media3.session, media3.datasource, media3.extractor, media3.decoder.ffmpeg]
2026-03-17 16:27:48.087 26063-26063 ExoPlayerImplInternal   com.lagradost.cloudstream3           W  Ignoring messages sent after release.
2026-03-17 16:27:50.524 26063-26063 CS3ExoPlayer            com.lagradost.cloudstream3           I  onStop
2026-03-17 16:27:50.524 26063-26063 CS3ExoPlayer            com.lagradost.cloudstream3           I  saveData
2026-03-17 16:27:50.524 26063-26063 CS3ExoPlayer            com.lagradost.cloudstream3           I  handleEvent Pause
2026-03-17 16:27:50.707 26063-26063 CS3ExoPlayer            com.lagradost.cloudstream3           I  releasePlayer
2026-03-17 16:27:50.707 26063-26063 CS3ExoPlayer            com.lagradost.cloudstream3           I  Handle event: PlayerAttachedEvent(player=null, source=Player)
2026-03-17 16:27:56.941 26063-26063 ActivityProvider        com.lagradost.cloudstream3           D  Activity stopped, clearing ref: MainActivity
2026-03-17 16:27:56.941 26063-26063 ActivityProvider        com.lagradost.cloudstream3           D  Activity stopped, clearing ref: MainActivity
2026-03-17 16:27:56.941 26063-26063 ActivityProvider        com.lagradost.cloudstream3           D  Activity stopped, clearing ref: MainActivity
2026-03-17 16:27:56.941 26063-26063 ActivityProvider        com.lagradost.cloudstream3           D  Activity stopped, clearing ref: MainActivity
2026-03-17 16:27:56.941 26063-26063 ActivityProvider        com.lagradost.cloudstream3           D  Activity stopped, clearing ref: MainActivity
2026-03-17 16:27:56.941 26063-26063 ActivityProvider        com.lagradost.cloudstream3           D  Activity stopped, clearing ref: MainActivity
2026-03-17 16:27:56.941 26063-26063 ActivityProvider        com.lagradost.cloudstream3           D  Activity stopped, clearing ref: MainActivity
