2026-03-12 11:43:12.287 17301-17301 CS3ExoPlayer            com.lagradost.cloudstream3           I  newInstance = {}
2026-03-12 11:43:12.294 17301-17301 CS3ExoPlayer            com.lagradost.cloudstream3           I  onStop
2026-03-12 11:43:12.294 17301-17301 CS3ExoPlayer            com.lagradost.cloudstream3           I  saveData
2026-03-12 11:43:12.294 17301-17301 CS3ExoPlayer            com.lagradost.cloudstream3           I  handleEvent Pause
2026-03-12 11:43:12.296 17301-17301 CS3ExoPlayer            com.lagradost.cloudstream3           I  unwrapBundle = null
2026-03-12 11:43:12.297 17301-17301 CS3ExoPlayer            com.lagradost.cloudstream3           I  unwrapBundle = Bundle[{resumePosition=0, syncData={}}]
2026-03-12 11:43:12.341 17301-17301 CS3ExoPlayer            com.lagradost.cloudstream3           I  SET STYLE = SaveCaptionStyle(foregroundColor=-1, backgroundColor=0, windowColor=0, edgeType=1, edgeColor=-16777216, typeface=null, typefaceFilePath=null, elevation=20, fixedTextSize=null, edgeSize=null, removeCaptions=false, removeBloat=true, upperCase=false, bold=false, italic=false, backgroundRadius=null)
2026-03-12 11:43:12.343 17301-17301 CS3ExoPlayer            com.lagradost.cloudstream3           I  unwrapBundle = null
2026-03-12 11:43:12.343 17301-17301 CS3ExoPlayer            com.lagradost.cloudstream3           I  unwrapBundle = Bundle[{resumePosition=0, syncData={}}]
2026-03-12 11:43:12.345 17301-17301 CS3ExoPlayer            com.lagradost.cloudstream3           I  setActiveSubtitles 0
2026-03-12 11:43:12.345 17301-17301 CS3ExoPlayer            com.lagradost.cloudstream3           I  autoSelectFromSettings = null
2026-03-12 11:43:12.345 17301-17353 [FaselHDV2... override] com.lagradost.cloudstream3           I  START data='https://web3126x.faselhdx.xyz/movies/%d9%81%d9%8a%d9%84%d9%85-good-luck-fun-dont-die-2026-%d9%85%d8%aa%d8%b1%d8%ac%d9%85'
2026-03-12 11:43:12.345 17301-17353 [FaselHDV2] [loadLinks] com.lagradost.cloudstream3           I  START data='https://web3126x.faselhdx.xyz/movies/%d9%81%d9%8a%d9%84%d9%85-good-luck-fun-dont-die-2026-%d9%85%d8%aa%d8%b1%d8%ac%d9%85'
2026-03-12 11:43:12.345 17301-17353 RequestQueue            com.lagradost.cloudstream3           D  [enqueue] Request is LEADER | domain=web3126x.faselhdx.xyz, url=https://web3126x.faselhdx.xyz/movies/%d9%81%d9%8a%d9%84%d9%85-good-luck-fun-dont
2026-03-12 11:43:12.345 17301-17353 ProviderHttp            com.lagradost.cloudstream3           D  [executeDirectRequest] Executing HTTP request | url=https://web3126x.faselhdx.xyz/movies/%d9%81%d9%8a%d9%84%d9%85-good-luck-fun-dont, urlDomain=web3126x.faselhdx.xyz, sessionDomain=web3126x.faselhdx.xyz, isAlias=false, hasCookie=true, cookieCount=1
2026-03-12 11:43:12.402 17301-17301 CS3ExoPlayer            com.lagradost.cloudstream3           I  reloadPlayer
2026-03-12 11:43:12.402 17301-17301 CS3ExoPlayer            com.lagradost.cloudstream3           I  releasePlayer
2026-03-12 11:43:12.402 17301-17301 CS3ExoPlayer            com.lagradost.cloudstream3           I  Handle event: PlayerAttachedEvent(player=null, source=Player)
2026-03-12 11:43:12.423 17301-17301 CS3ExoPlayer            com.lagradost.cloudstream3           I  setActiveSubtitles 0
2026-03-12 11:43:12.423 17301-17301 CS3ExoPlayer            com.lagradost.cloudstream3           I  autoSelectFromSettings = null
2026-03-12 11:43:12.424 17301-17301 CS3ExoPlayer            com.lagradost.cloudstream3           I  releasePlayer
2026-03-12 11:43:12.424 17301-17301 CS3ExoPlayer            com.lagradost.cloudstream3           I  Handle event: PlayerAttachedEvent(player=null, source=Player)
2026-03-12 11:43:12.631 17301-17353 RequestQueue            com.lagradost.cloudstream3           I  [executeAsLeader] Leader SUCCESS | domain=web3126x.faselhdx.xyz
2026-03-12 11:43:12.637 17301-17353 FaselHDV2Parser         com.lagradost.cloudstream3           D  getPlayerPageUrl: found='null'
2026-03-12 11:43:12.637 17301-17353 [FaselHDV2] [loadLinks] com.lagradost.cloudstream3           D  No watch page found, using detail page
2026-03-12 11:43:12.638 17301-17353 [FaselHDV2Parser]       com.lagradost.cloudstream3           D  extractWatchServersUrls: found 2 URLs
2026-03-12 11:43:12.638 17301-17353 [FaselHDV2] [loadLinks] com.lagradost.cloudstream3           D  Extracted 2 player URLs
2026-03-12 11:43:12.638 17301-17353 [FaselHDV2] [loadLinks] com.lagradost.cloudstream3           D  Extracted 0/2 server selectors from parser
2026-03-12 11:43:12.638 17301-17353 [FaselHDV2] [loadLinks] com.lagradost.cloudstream3           D  Using referer: https://web3126x.faselhdx.xyz/
2026-03-12 11:43:12.638 17301-17353 [FaselHDV2] [loadLinks] com.lagradost.cloudstream3           I  PHASE 1: Resolving 2 URLs in parallel...
2026-03-12 11:43:12.639 17301-17347 [FaselHDV2] [loadLinks] com.lagradost.cloudstream3           I  PHASE 1 complete: 2/2 URLs resolved
2026-03-12 11:43:12.639 17301-17347 [FaselHDV2] [loadLinks] com.lagradost.cloudstream3           I  PHASE 2: Trying standard extractors on 2 URLs in parallel...
2026-03-12 11:43:13.380 17301-17348 FaselHDExtractor        com.lagradost.cloudstream3           D  [getUrl] Fetched 71657 bytes from https://web3126x.faselhdx.xyz/video_player?player_token=NURsSFhtdGN5M1pNMzEvQzhXQnpHUVdSdWcvcElxWndDUGhweXo1cXZkRk9PeEdNN1VEUDIyYWJlWTB2THBLTGF2Z25rS1hRUkdRM1NrQUhIU1g5TExtcjBKOGc1LzZrdkxoNEUwTEtETlBsa1dQbUlNc2ZLMjNodUEyVzV5cHo0R3pDMFlEaEtSQUFhajRob0dwdWFldUJwU2pWTlBmVXRXSFF3ME5NVGU0Ly9yc0hpeDRNWTRBdHNrWU5DVkt0UEJGcWZGMWl4NEswTFdJOVBBbjJ6dnN3TGFBbmRlQTE0NVJrQ3ZUZFMxMnE2cmtzWVhVaHN3UUZISm44cHp1Sjo6JI3Wo2G1alZMJVVUP5qBnA%3D%3D
2026-03-12 11:43:13.380 17301-17348 FaselHDExtractor        com.lagradost.cloudstream3           D  [getUrl] Trying strategy: RhinoJs
2026-03-12 11:43:13.380 17301-17348 FaselHDExtractor        com.lagradost.cloudstream3           W  [getUrl] RhinoJs found no streams, trying next
2026-03-12 11:43:13.381 17301-17348 FaselHDExtractor        com.lagradost.cloudstream3           E  [getUrl] All strategies failed for https://web3126x.faselhdx.xyz/video_player?player_token=NURsSFhtdGN5M1pNMzEvQzhXQnpHUVdSdWcvcElxWndDUGhweXo1cXZkRk9PeEdNN1VEUDIyYWJlWTB2THBLTGF2Z25rS1hRUkdRM1NrQUhIU1g5TExtcjBKOGc1LzZrdkxoNEUwTEtETlBsa1dQbUlNc2ZLMjNodUEyVzV5cHo0R3pDMFlEaEtSQUFhajRob0dwdWFldUJwU2pWTlBmVXRXSFF3ME5NVGU0Ly9yc0hpeDRNWTRBdHNrWU5DVkt0UEJGcWZGMWl4NEswTFdJOVBBbjJ6dnN3TGFBbmRlQTE0NVJrQ3ZUZFMxMnE2cmtzWVhVaHN3UUZISm44cHp1Sjo6JI3Wo2G1alZMJVVUP5qBnA%3D%3D
2026-03-12 11:43:13.587 17301-17348 FaselHDExtractor        com.lagradost.cloudstream3           D  [getUrl] Fetched 102800 bytes from https://web3126x.faselhdx.xyz/video_player?player_token=NmZ3Z1l3ejVFNVY0d1Zya1JpcGlnOFBlVEtoaHVUbXo5T2tjUEQ4MnlZN244NC96cCtFdEErY0Z3TExaZHR3eERUYkl3NVM4MHQyS09BM0tXdUJUWTR5dlk0d1dhbWVwTU8xZVlaeThQQkd6ZUxZMytKUDNOR3laQ2crT3l3a1JrQzlrUmFHL1lDaTBmcDh4NFBDWE5SYXl2QWlDNzBiWXpka2htV2RlU055eGV2bWpZelNFZmExRURxOEZBQlBta2p1VTJzSS9KZzhmWlFZVU1GQWxrbnAxNmxaS3dyWmxQQnFGS1V4dU5HND06Oi2laDYwozq6SuSdEXjnhg0%3D
2026-03-12 11:43:13.587 17301-17348 FaselHDExtractor        com.lagradost.cloudstream3           D  [getUrl] Trying strategy: RhinoJs
2026-03-12 11:43:13.589 17301-17348 FaselHDExtractor        com.lagradost.cloudstream3           E  [RhinoJs] Extraction error | error=Syntax error in regexp pattern near index 56
                                                                                                    function (_0x[a-f0-9]+)\([^)]+\)\{return _0xaa63\([^}]+}
2026-03-12 11:43:13.589 17301-17348 FaselHDExtractor        com.lagradost.cloudstream3           W  [getUrl] RhinoJs found no streams, trying next
2026-03-12 11:43:13.589 17301-17348 FaselHDExtractor        com.lagradost.cloudstream3           E  [getUrl] All strategies failed for https://web3126x.faselhdx.xyz/video_player?player_token=NmZ3Z1l3ejVFNVY0d1Zya1JpcGlnOFBlVEtoaHVUbXo5T2tjUEQ4MnlZN244NC96cCtFdEErY0Z3TExaZHR3eERUYkl3NVM4MHQyS09BM0tXdUJUWTR5dlk0d1dhbWVwTU8xZVlaeThQQkd6ZUxZMytKUDNOR3laQ2crT3l3a1JrQzlrUmFHL1lDaTBmcDh4NFBDWE5SYXl2QWlDNzBiWXpka2htV2RlU055eGV2bWpZelNFZmExRURxOEZBQlBta2p1VTJzSS9KZzhmWlFZVU1GQWxrbnAxNmxaS3dyWmxQQnFGS1V4dU5HND06Oi2laDYwozq6SuSdEXjnhg0%3D
2026-03-12 11:43:13.590 17301-17348 [FaselHDV2] [loadLinks] com.lagradost.cloudstream3           W  PHASE 2-3: No standard extractors succeeded for any URL
2026-03-12 11:43:13.590 17301-17348 [FaselHDV2] [loadLinks] com.lagradost.cloudstream3           I  PHASE 4: Sniffer fallback — trying 2 servers sequentially...
2026-03-12 11:43:13.590 17301-17348 [FaselHDV2] [loadLinks] com.lagradost.cloudstream3           D  PHASE 4: Sniffing [0]: https://web3126x.faselhdx.xyz/video_player?player_token=NmZ3Z1l3ejVFNVY0d1Zya1Jp
2026-03-12 11:43:13.590 17301-17348 [FaselHDV2...ferResult] com.lagradost.cloudstream3           D  === START === target=https://web3126x.faselhdx.xyz/video_player?player_token=NmZ3Z1l3ejVFNVY0d1Zya1Jp, hasSelector=false
2026-03-12 11:43:13.590 17301-17348 [FaselHDV2...ferResult] com.lagradost.cloudstream3           D  Sniffer URL: sniff://https%3A%2F%2Fweb3126x.faselhdx.xyz%2Fvideo_player%3Fplayer_token%3DNmZ3Z1l3ejVFNVY0d1Zya1JpcGlnOFBlVEtoaHVUbXo5T2tjUEQ4MnlZN244NC96cCtFdEErY0Z3TExaZHR3eERUYkl3NVM4MHQyS09BM0tXdUJUWTR5dlk0d1dhbWVwTU8xZVlaeThQQkd6ZUxZMytKUDNOR3laQ2crT3l3a1JrQzlrUmFHL1lDaTBmcDh4NFBDWE5SYXl2QWlDNzBiWXpka2htV2RlU055eGV2bWpZelNFZmExRURxOEZBQlBta2p1VTJzSS9KZzhmWlFZVU1GQWxrbnAxNmxaS3dyWmxQQnFGS1V4dU5HND06Oi2laDYwozq6SuSdEXjnhg0%253D?referer=https%3A%2F%2Fweb3126x.faselhdx.xyz%2F
2026-03-12 11:43:13.590 17301-17348 SnifferExtractor        com.lagradost.cloudstream3           D  getUrl called with url: sniff://https%3A%2F%2Fweb3126x.faselhdx.xyz%2Fvideo_player%3Fplayer_token%3DNmZ3Z1l3ejVFNVY0d1Zya1JpcGlnOFBlVEtoaHVUbXo5T2tjUEQ4MnlZN244NC96cCtFdEErY0Z3TExaZHR3eERUYkl3NVM4MHQyS09BM0tXdUJUWTR5dlk0d1dhbWVwTU8xZVlaeThQQkd6ZUxZMytKUDNOR3laQ2crT3l3a1JrQzlrUmFHL1lDaTBmcDh4NFBDWE5SYXl2QWlDNzBiWXpka2htV2RlU055eGV2bWpZelNFZmExRURxOEZBQlBta2p1VTJzSS9KZzhmWlFZVU1GQWxrbnAxNmxaS3dyWmxQQnFGS1V4dU5HND06Oi2laDYwozq6SuSdEXjnhg0%253D?referer=https%3A%2F%2Fweb3126x.faselhdx.xyz%2F
2026-03-12 11:43:13.590 17301-17348 SnifferExtractor        com.lagradost.cloudstream3           D  [getUrl] Processing sniffer URL | url=sniff://https%3A%2F%2Fweb3126x.faselhdx.xyz%2Fvideo_player%3Fplayer_token%3DNmZ3
2026-03-12 11:43:13.590 17301-17348 SnifferExtractor        com.lagradost.cloudstream3           D  Parsed embed URL: https://web3126x.faselhdx.xyz/video_player?player_token=NmZ3Z1l3ejVFNVY0d1Zya1JpcGlnOFBlVEtoaHVUbXo5T2tjUEQ4MnlZN244NC96cCtFdEErY0Z3TExaZHR3eERUYkl3NVM4MHQyS09BM0tXdUJUWTR5dlk0d1dhbWVwTU8xZVlaeThQQkd6ZUxZMytKUDNOR3laQ2crT3l3a1JrQzlrUmFHL1lDaTBmcDh4NFBDWE5SYXl2QWlDNzBiWXpka2htV2RlU055eGV2bWpZelNFZmExRURxOEZBQlBta2p1VTJzSS9KZzhmWlFZVU1GQWxrbnAxNmxaS3dyWmxQQnFGS1V4dU5HND06Oi2laDYwozq6SuSdEXjnhg0%3D, referer: https://web3126x.faselhdx.xyz/, hasSelector: false
2026-03-12 11:43:13.590 17301-17348 SnifferExtractor        com.lagradost.cloudstream3           D  [getUrl] Parsed embed URL | embedUrl=https://web3126x.faselhdx.xyz/video_player?player_token=NmZ3, embedReferer=https://web3126x.faselhdx.xyz/, hasSelector=false
2026-03-12 11:43:13.590 17301-17348 SessionProvider         com.lagradost.cloudstream3           W  [getUserAgent] No session, using default UA
2026-03-12 11:43:13.590 17301-17348 SnifferExtractor        com.lagradost.cloudstream3           D  Using SessionProvider UA: Mozilla/5.0 (Linux; Android 13; Pixel 7) AppleWebK...
2026-03-12 11:43:13.591 17301-17348 SnifferExtractor        com.lagradost.cloudstream3           D  [getUrl] Using SessionProvider UA | uaHash=-1726961282, hasSession=false
2026-03-12 11:43:13.591 17301-17348 SnifferExtractor        com.lagradost.cloudstream3           I  [getUrl] === STARTING WEBVIEW SNIFF ===
2026-03-12 11:43:13.591 17301-17348 SnifferExtractor        com.lagradost.cloudstream3           I  [getUrl] Target URL: https://web3126x.faselhdx.xyz/video_player?player_token=NmZ3Z1l3ejVFNVY0d1Zya1Jp
2026-03-12 11:43:13.591 17301-17348 SnifferExtractor        com.lagradost.cloudstream3           I  [getUrl] Mode: FULLSCREEN
2026-03-12 11:43:13.591 17301-17348 SnifferExtractor        com.lagradost.cloudstream3           I  [getUrl] Timeout: 3h (sniffer doubles as player)
2026-03-12 11:43:13.591 17301-17348 SnifferExtractor        com.lagradost.cloudstream3           D  [getUrl] Starting VideoSnifferEngine sniffing (Visible)
2026-03-12 11:43:13.591 17301-17301 ActivityProvider        com.lagradost.cloudstream3           D  currentActivity requested: MainActivity
2026-03-12 11:43:13.591 17301-17301 VideoSnifferEngine      com.lagradost.cloudstream3           D  runSession: Session started, capturedLinks cleared. URL: https://web3126x.faselhdx.xyz/video_player?player_token=NmZ3Z1l3ejVFNVY0d1Zya1JpcGlnOFBlVEtoaHVUbXo5T2tjUEQ4MnlZN244NC96cCtFdEErY0Z3TExaZHR3eERUYkl3NVM4MHQyS09BM0tXdUJUWTR5dlk0d1dhbWVwTU8xZVlaeThQQkd6ZUxZMytKUDNOR3laQ2crT3l3a1JrQzlrUmFHL1lDaTBmcDh4NFBDWE5SYXl2QWlDNzBiWXpka2htV2RlU055eGV2bWpZelNFZmExRURxOEZBQlBta2p1VTJzSS9KZzhmWlFZVU1GQWxrbnAxNmxaS3dyWmxQQnFGS1V4dU5HND06Oi2laDYwozq6SuSdEXjnhg0%3D
2026-03-12 11:43:13.652 17301-17301 VideoSnifferEngine      com.lagradost.cloudstream3           D  videoMonitorJob: Started. requiredCount=1
2026-03-12 11:43:13.652 17301-18511 VideoSnifferEngine      com.lagradost.cloudstream3           D  intercept: Request #1 url=https://web3126x.faselhdx.xyz/video_player?player_token=NmZ3Z1l3ejVFNVY0d1Zya1JpcGlnOFBlVEtoaHVUbXo5
2026-03-12 11:43:14.501 17301-17301 VideoSnifferEngine      com.lagradost.cloudstream3           I  onPageStarted: url=https://web3126x.faselhdx.xyz/video_player?player_token=NmZ3Z1l3ejVFNVY0d1Zya1Jp
2026-03-12 11:43:14.958 17301-18511 VideoSnifferEngine      com.lagradost.cloudstream3           D  intercept: Request #8 url=https://web3126x.faselhdx.xyz/video_player?player_token=NmZ3Z1l3ejVFNVY0d1Zya1JpcGlnOFBlVEtoaHVUbXo5
2026-03-12 11:43:15.026 17301-18511 VideoSnifferEngine      com.lagradost.cloudstream3           D  intercept: Request #10 url=https://ssl.p.jwpcdn.com/player/v/8.33.2/vast.js
2026-03-12 11:43:15.529 17301-18511 VideoSnifferEngine      com.lagradost.cloudstream3           D  intercept: Request #20 url=https://browsecoherentunrefined.com/sn/pr/2026398?id=2026398&jp=_clabyatarbvqrnwmnykpmr&dr=49&cuaa=1
2026-03-12 11:43:15.814 17301-17301 VideoSnifferEngine      com.lagradost.cloudstream3           I  onPageFinished: url=https://web3126x.faselhdx.xyz/video_player?player_token=NmZ3Z1l3ejVFNVY0d1Zya1Jp
2026-03-12 11:43:15.816 17301-17301 VideoSnifferJS          com.lagradost.cloudstream3           E  Uncaught SyntaxError: Invalid or unexpected token [https://web3126x.faselhdx.xyz/video_player?player_token=NmZ3Z1l3ejVFNVY0d1Zya1JpcGlnOFBlVEtoaHVUbXo5T2tjUEQ4MnlZN244NC96cCtFdEErY0Z3TExaZHR3eERUYkl3NVM4MHQyS09BM0tXdUJUWTR5dlk0d1dhbWVwTU8xZVlaeThQQkd6ZUxZMytKUDNOR3laQ2crT3l3a1JrQzlrUmFHL1lDaTBmcDh4NFBDWE5SYXl2QWlDNzBiWXpka2htV2RlU055eGV2bWpZelNFZmExRURxOEZBQlBta2p1VTJzSS9KZzhmWlFZVU1GQWxrbnAxNmxaS3dyWmxQQnFGS1V4dU5HND06Oi2laDYwozq6SuSdEXjnhg0%3D:3]
2026-03-12 11:43:15.818 17301-18741 VideoSnifferJS          com.lagradost.cloudstream3           D  BRIDGE: Auto-click system active
2026-03-12 11:43:16.319 17301-18741 VideoSnifferJS          com.lagradost.cloudstream3           D  BRIDGE: Auto-play attempt...
2026-03-12 11:43:16.320 17301-18741 VideoSnifferJS          com.lagradost.cloudstream3           D  BRIDGE: Found play target: .jw-display-icon-container
2026-03-12 11:43:16.320 17301-18741 VideoSnifferJS          com.lagradost.cloudstream3           D  BRIDGE: Click target: DIV.jw-display-icon-container at 398,191
2026-03-12 11:43:16.321 17301-18741 VideoSnifferEngine      com.lagradost.cloudstream3           D  requestNativeClick: x=1494.0001, y=715.00006
2026-03-12 11:43:16.322 17301-18741 VideoSnifferJS          com.lagradost.cloudstream3           D  BRIDGE: Native click dispatched
2026-03-12 11:43:16.322 17301-18741 VideoSnifferJS          com.lagradost.cloudstream3           D  BRIDGE: Play button clicked, will verify playback...
2026-03-12 11:43:16.354 17301-18741 VideoSnifferJS          com.lagradost.cloudstream3           D  BRIDGE: Found play target: .jw-display-icon-container
2026-03-12 11:43:16.355 17301-18741 VideoSnifferJS          com.lagradost.cloudstream3           D  BRIDGE: Click target: DIV.jw-display-icon-container at 398,191
2026-03-12 11:43:16.355 17301-18741 VideoSnifferEngine      com.lagradost.cloudstream3           D  requestNativeClick: x=1494.0001, y=715.00006
2026-03-12 11:43:16.355 17301-18741 VideoSnifferJS          com.lagradost.cloudstream3           D  BRIDGE: Native click dispatched
2026-03-12 11:43:16.358 17301-18741 VideoSnifferJS          com.lagradost.cloudstream3           D  BRIDGE: Found 5 video sources
2026-03-12 11:43:16.359 17301-18741 VideoSnifferEngine      com.lagradost.cloudstream3           I  SnifferBridge: Sources found! jsonLen=1051
2026-03-12 11:43:16.360 17301-18741 VideoSnifferEngine      com.lagradost.cloudstream3           I  [captureLink] LINK CAPTURED #[CapturedLinkData(url=https://master.c.scdns.io/stream/v2/6yUKxmbXl7qFbesSSYc7hg/1773333792/normal/0/5.42.207.6/yes/9f1ae86d1af9031074d5be52c603908b/web3126x.faselhdx.xyz/master.m3u8, qualityLabel=Auto, headers={})].size | url=https://master.c.scdns.io/stream/v2/6yUKxmbXl7qFbesSSYc7hg/1773333792/normal/0/5
2026-03-12 11:43:16.360 17301-18741 VideoSnifferEngine      com.lagradost.cloudstream3           I  [captureLink] High confidence link found, suggesting exit.
2026-03-12 11:43:16.360 17301-18741 VideoSnifferEngine      com.lagradost.cloudstream3           W  [captureLink] Duplicate URL captured (This is expected if page reloads or loops) | url=https://master.c.scdns.io/stream/v2/6yUKxmbXl7qFbesSSYc7hg/1773333792/normal/0/5
2026-03-12 11:43:16.360 17301-18741 VideoSnifferEngine      com.lagradost.cloudstream3           I  [captureLink] LINK CAPTURED #[CapturedLinkData(url=https://master.c.scdns.io/stream/v2/6yUKxmbXl7qFbesSSYc7hg/1773333792/normal/0/5.42.207.6/yes/9f1ae86d1af9031074d5be52c603908b/web3126x.faselhdx.xyz/master.m3u8, qualityLabel=Auto, headers={}), CapturedLinkData(url=https://r466--8katnn5p.c.scdns.io/stream/v1/hls/2mhAU_R3FvEWeHORpvH6ig/1773333792/web3126x.faselhdx.xyz/all/5.42.207.6/yes/DE/0/08-02/1/9f1ae86d1af9031074d5be52c603908b/160_hd1080b_playlist.m3u8, qualityLabel=Data Attr, headers={})].size | url=https://r466--8katnn5p.c.scdns.io/stream/v1/hls/2mhAU_R3FvEWeHORpvH6ig/177333379
2026-03-12 11:43:16.360 17301-18741 VideoSnifferEngine      com.lagradost.cloudstream3           I  [captureLink] LINK CAPTURED #[CapturedLinkData(url=https://master.c.scdns.io/stream/v2/6yUKxmbXl7qFbesSSYc7hg/1773333792/normal/0/5.42.207.6/yes/9f1ae86d1af9031074d5be52c603908b/web3126x.faselhdx.xyz/master.m3u8, qualityLabel=Auto, headers={}), CapturedLinkData(url=https://r466--8katnn5p.c.scdns.io/stream/v1/hls/2mhAU_R3FvEWeHORpvH6ig/1773333792/web3126x.faselhdx.xyz/all/5.42.207.6/yes/DE/0/08-02/1/9f1ae86d1af9031074d5be52c603908b/160_hd1080b_playlist.m3u8, qualityLabel=Data Attr, headers={}), CapturedLinkData(url=https://r466--8katnn5p.c.scdns.io/stream/v1/hls/g3EaaA2Paq7-i00AQm6mRg/1773333792/web3126x.faselhdx.xyz/all/5.42.207.6/yes/DE/0/08-02/1/9f1ae86d1af9031074d5be52c603908b/155_hd720b_playlist.m3u8, qualityLabel=Data Attr, headers={})].size | url=https://r466--8katnn5p.c.scdns.io/stream/v1/hls/g3EaaA2Paq7-i00AQm6mRg/177333379
2026-03-12 11:43:16.360 17301-18741 VideoSnifferEngine      com.lagradost.cloudstream3           I  [captureLink] LINK CAPTURED #[CapturedLinkData(url=https://master.c.scdns.io/stream/v2/6yUKxmbXl7qFbesSSYc7hg/1773333792/normal/0/5.42.207.6/yes/9f1ae86d1af9031074d5be52c603908b/web3126x.faselhdx.xyz/master.m3u8, qualityLabel=Auto, headers={}), CapturedLinkData(url=https://r466--8katnn5p.c.scdns.io/stream/v1/hls/2mhAU_R3FvEWeHORpvH6ig/1773333792/web3126x.faselhdx.xyz/all/5.42.207.6/yes/DE/0/08-02/1/9f1ae86d1af9031074d5be52c603908b/160_hd1080b_playlist.m3u8, qualityLabel=Data Attr, headers={}), CapturedLinkData(url=https://r466--8katnn5p.c.scdns.io/stream/v1/hls/g3EaaA2Paq7-i00AQm6mRg/1773333792/web3126x.faselhdx.xyz/all/5.42.207.6/yes/DE/0/08-02/1/9f1ae86d1af9031074d5be52c603908b/155_hd720b_playlist.m3u8, qualityLabel=Data Attr, headers={}), CapturedLinkData(url=https://r466--8katnn5p.c.scdns.io/stream/v1/hls/78rsW6Xg-VxVhdGC5tJ-Iw/1773333792/web3126x.faselhdx.xyz/all/5.42.207.6/yes/DE/0/08-02/1/9f1ae86d1af9031074d5be52c603908b/140_sd360b_playlist.m3u8, qualityLabel=Data Attr, headers={})].size | url=https://r466--8katnn5p.c.scdns.io/stream/v1/hls/78rsW6Xg-VxVhdGC5tJ-Iw/177333379
2026-03-12 11:43:16.368 17301-17301 VideoSnifferEngine      com.lagradost.cloudstream3           I  [captureLink] Updated UI: Found 4 video stream(s)
2026-03-12 11:43:16.368 17301-17301 VideoSnifferEngine      com.lagradost.cloudstream3           I  [captureLink] Updated UI: Found 4 video stream(s)
2026-03-12 11:43:16.368 17301-17301 VideoSnifferEngine      com.lagradost.cloudstream3           I  [captureLink] Updated UI: Found 4 video stream(s)
2026-03-12 11:43:16.368 17301-17301 VideoSnifferEngine      com.lagradost.cloudstream3           I  [captureLink] Updated UI: Found 4 video stream(s)
2026-03-12 11:43:16.376 17301-18741 VideoSnifferJS          com.lagradost.cloudstream3           D  BRIDGE: Found play target: video
2026-03-12 11:43:16.376 17301-18741 VideoSnifferJS          com.lagradost.cloudstream3           D  BRIDGE: Click target: VIDEO.jw-video at 398,192
2026-03-12 11:43:16.376 17301-18741 VideoSnifferEngine      com.lagradost.cloudstream3           D  requestNativeClick: x=1494.0001, y=720.00006
2026-03-12 11:43:16.377 17301-18741 VideoSnifferJS          com.lagradost.cloudstream3           D  BRIDGE: Native click dispatched
2026-03-12 11:43:16.385 17301-17301 VideoSnifferEngine      com.lagradost.cloudstream3           I  [checkExitCondition] EXITING! Sending 4 links to deferred.
2026-03-12 11:43:16.385 17301-17301 VideoSnifferEngine      com.lagradost.cloudstream3           D   > Link: https://master.c.scdns.io/stream/v2/6yUKxmbXl7qFbesSSYc7hg/1773333792/normal/0/5.42.207.6/yes/9f1ae86d1af9031074d5be52c603908b/web3126x.faselhdx.xyz/master.m3u8
2026-03-12 11:43:16.385 17301-17301 VideoSnifferEngine      com.lagradost.cloudstream3           D   > Link: https://r466--8katnn5p.c.scdns.io/stream/v1/hls/2mhAU_R3FvEWeHORpvH6ig/1773333792/web3126x.faselhdx.xyz/all/5.42.207.6/yes/DE/0/08-02/1/9f1ae86d1af9031074d5be52c603908b/160_hd1080b_playlist.m3u8
2026-03-12 11:43:16.385 17301-17301 VideoSnifferEngine      com.lagradost.cloudstream3           D   > Link: https://r466--8katnn5p.c.scdns.io/stream/v1/hls/g3EaaA2Paq7-i00AQm6mRg/1773333792/web3126x.faselhdx.xyz/all/5.42.207.6/yes/DE/0/08-02/1/9f1ae86d1af9031074d5be52c603908b/155_hd720b_playlist.m3u8
2026-03-12 11:43:16.385 17301-17301 VideoSnifferEngine      com.lagradost.cloudstream3           D   > Link: https://r466--8katnn5p.c.scdns.io/stream/v1/hls/78rsW6Xg-VxVhdGC5tJ-Iw/1773333792/web3126x.faselhdx.xyz/all/5.42.207.6/yes/DE/0/08-02/1/9f1ae86d1af9031074d5be52c603908b/140_sd360b_playlist.m3u8
2026-03-12 11:43:16.400 17301-18741 VideoSnifferJS          com.lagradost.cloudstream3           D  BRIDGE: Found play target: video
2026-03-12 11:43:16.400 17301-18741 VideoSnifferJS          com.lagradost.cloudstream3           D  BRIDGE: Click target: VIDEO.jw-video at 398,192
2026-03-12 11:43:16.401 17301-18741 VideoSnifferEngine      com.lagradost.cloudstream3           D  requestNativeClick: x=1494.0001, y=720.00006
2026-03-12 11:43:16.401 17301-18741 VideoSnifferJS          com.lagradost.cloudstream3           D  BRIDGE: Native click dispatched
2026-03-12 11:43:16.406 17301-17301 VideoSnifferEngine      com.lagradost.cloudstream3           I  [checkExitCondition] Deferred completed.
2026-03-12 11:43:16.423 17301-18152 SnifferExtractor        com.lagradost.cloudstream3           I  [getUrl] === WEBVIEW COMPLETE === elapsed=2832ms
2026-03-12 11:43:16.423 17301-18152 SnifferExtractor        com.lagradost.cloudstream3           I  [getUrl] VideoSnifferEngine returned: Success
2026-03-12 11:43:16.423 17301-18152 SnifferExtractor        com.lagradost.cloudstream3           I  [getUrl] SUCCESS! Found 4 video sources
2026-03-12 11:43:16.423 17301-18152 SnifferExtractor        com.lagradost.cloudstream3           I  [getUrl] Link #0: https://master.c.scdns.io/stream/v2/6yUKxmbXl7qFbesSSYc7hg/1773333792/normal/0/5.42.207.6/yes/9f1ae8
2026-03-12 11:43:16.423 17301-18152 SnifferExtractor        com.lagradost.cloudstream3           I  [getUrl] Link #1: https://r466--8katnn5p.c.scdns.io/stream/v1/hls/2mhAU_R3FvEWeHORpvH6ig/1773333792/web3126x.faselhdx.
2026-03-12 11:43:16.423 17301-18152 SnifferExtractor        com.lagradost.cloudstream3           I  [getUrl] Link #2: https://r466--8katnn5p.c.scdns.io/stream/v1/hls/g3EaaA2Paq7-i00AQm6mRg/1773333792/web3126x.faselhdx.
2026-03-12 11:43:16.423 17301-18152 SnifferExtractor        com.lagradost.cloudstream3           I  [getUrl] Link #3: https://r466--8katnn5p.c.scdns.io/stream/v1/hls/78rsW6Xg-VxVhdGC5tJ-Iw/1773333792/web3126x.faselhdx.
2026-03-12 11:43:16.423 17301-18152 SnifferExtractor        com.lagradost.cloudstream3           D  [getUrl] Found 4 video sources
2026-03-12 11:43:16.425 17301-18152 SnifferExtractor        com.lagradost.cloudstream3           D  CookieManager flushed
2026-03-12 11:43:16.425 17301-18152 SnifferExtractor        com.lagradost.cloudstream3           D  [getUrl] CookieManager flushed
2026-03-12 11:43:16.526 17301-18152 SnifferExtractor        com.lagradost.cloudstream3           I  [getUrl] Processing 4 valid links (sorted)
2026-03-12 11:43:16.526 17301-18152 SnifferExtractor        com.lagradost.cloudstream3           D   > Candidate: https://master.c.scdns.io/stream/v2/6yUKxmbXl7qFbesSSYc7hg/1773333792/normal/0/5.42.207.6/yes/9f1ae86d1af9031074d5be52c603908b/web3126x.faselhdx.xyz/master.m3u8
2026-03-12 11:43:16.526 17301-18152 SnifferExtractor        com.lagradost.cloudstream3           D   > Candidate: https://r466--8katnn5p.c.scdns.io/stream/v1/hls/2mhAU_R3FvEWeHORpvH6ig/1773333792/web3126x.faselhdx.xyz/all/5.42.207.6/yes/DE/0/08-02/1/9f1ae86d1af9031074d5be52c603908b/160_hd1080b_playlist.m3u8
2026-03-12 11:43:16.526 17301-18152 SnifferExtractor        com.lagradost.cloudstream3           D   > Candidate: https://r466--8katnn5p.c.scdns.io/stream/v1/hls/g3EaaA2Paq7-i00AQm6mRg/1773333792/web3126x.faselhdx.xyz/all/5.42.207.6/yes/DE/0/08-02/1/9f1ae86d1af9031074d5be52c603908b/155_hd720b_playlist.m3u8
2026-03-12 11:43:16.526 17301-18152 SnifferExtractor        com.lagradost.cloudstream3           D   > Candidate: https://r466--8katnn5p.c.scdns.io/stream/v1/hls/78rsW6Xg-VxVhdGC5tJ-Iw/1773333792/web3126x.faselhdx.xyz/all/5.42.207.6/yes/DE/0/08-02/1/9f1ae86d1af9031074d5be52c603908b/140_sd360b_playlist.m3u8
2026-03-12 11:43:16.526 17301-18152 SnifferExtractor        com.lagradost.cloudstream3           I  [getUrl] Processing first sorted link: https://master.c.scdns.io/stream/v2/6yUKxmbXl7qFbesSSYc7hg/1773333792/normal/0/5
2026-03-12 11:43:16.526 17301-18152 SnifferExtractor        com.lagradost.cloudstream3           I  [getUrl] Checking URL: https://master.c.scdns.io/stream/v2/6yUKxmbXl7qFbesSSYc7hg/1773333792/normal/0/5.42.207.6/yes/9f1ae8
2026-03-12 11:43:16.526 17301-18152 SnifferExtractor        com.lagradost.cloudstream3           I  [getUrl] URL passed truncation check
2026-03-12 11:43:16.526 17301-18152 SnifferExtractor        com.lagradost.cloudstream3           I  [getUrl] Link type: M3U8
2026-03-12 11:43:16.526 17301-18152 SnifferExtractor        com.lagradost.cloudstream3           I  [getUrl] Set isFinished=true
2026-03-12 11:43:16.527 17301-18152 SnifferExtractor        com.lagradost.cloudstream3           I  [getUrl] Attempting M3U8 quality extraction
2026-03-12 11:43:16.527 17301-18152 SnifferExtractor        com.lagradost.cloudstream3           I  [getUrl] Attempting M3U8 quality extraction | url=https://master.c.scdns.io/stream/v2/6yUKxmbXl7qFbesSSYc7hg/1773333792/normal/0/5.42.207.6/yes/9f1ae86d1af9031074d5be52c603908b/web3126x.faselhdx.xyz/master.m3u8
2026-03-12 11:43:17.002 17301-18152 SnifferExtractor        com.lagradost.cloudstream3           D  [extractM3u8Qualities] M3U8 Content (First 500 chars) | content=#EXTM3U
                                                                                                    #EXT-X-STREAM-INF:PROGRAM-ID=1,BANDWIDTH=2598367,RESOLUTION=1920x800,FRAME-RATE=23.976,CODECS="avc1.640028,mp4a.40.2"
                                                                                                    https://r466--8katnn5p.c.scdns.io/stream/v1/hls/ebJ-WLxLqDecxORkwiFjKA/1773333795/web3126x.faselhdx.xyz/all/5.42.207.6/yes/DE/0/08-02/1/9f1ae86d1af9031074d5be52c603908b/160_hd1080b_playlist.m3u8

                                                                                                    #EXT-X-STREAM-INF:PROGRAM-ID=1,BANDWIDTH=1202205,RESOLUTION=1280x532,FRAME-RATE=23.976,CODECS="avc1.4d401e,mp4a.40.2"
                                                                                                    https://r466--8katnn5p.c.scdns.io/stream/v1/hls/EWKkNOU_5N1T
2026-03-12 11:43:17.003 17301-18152 SnifferExtractor        com.lagradost.cloudstream3           I  [getUrl] Extracted 3 qualities from M3U8
2026-03-12 11:43:17.003 17301-18152 SnifferExtractor        com.lagradost.cloudstream3           I  [getUrl] Extracted 3 qualities from M3U8
2026-03-12 11:43:17.003 17301-18152 SnifferExtractor        com.lagradost.cloudstream3           I  [getUrl] Invoking callback with quality link: https://r466--8katnn5p.c.scdns.io/stream/v1/hls/ebJ-WLxLqDecxORkwiFjKA/177333379
2026-03-12 11:43:17.003 17301-18152 [FaselHDV2...ferResult] com.lagradost.cloudstream3           I  CALLBACK FIRED! URL=https://r466--8katnn5p.c.scdns.io/stream/v1/hls/ebJ-WLxLqDecxORkwiFjKA/177333379
2026-03-12 11:43:17.004 17301-18152 SnifferExtractor        com.lagradost.cloudstream3           I  [getUrl] Quality callback invoked, count=1
2026-03-12 11:43:17.004 17301-18152 SnifferExtractor        com.lagradost.cloudstream3           I  [getUrl] Invoking callback with quality link: https://r466--8katnn5p.c.scdns.io/stream/v1/hls/EWKkNOU_5N1TOKryHgyTlQ/177333379
2026-03-12 11:43:17.004 17301-18152 [FaselHDV2...ferResult] com.lagradost.cloudstream3           I  CALLBACK FIRED! URL=https://r466--8katnn5p.c.scdns.io/stream/v1/hls/EWKkNOU_5N1TOKryHgyTlQ/177333379
2026-03-12 11:43:17.004 17301-18152 SnifferExtractor        com.lagradost.cloudstream3           I  [getUrl] Quality callback invoked, count=2
2026-03-12 11:43:17.004 17301-18152 SnifferExtractor        com.lagradost.cloudstream3           I  [getUrl] Invoking callback with quality link: https://r466--8katnn5p.c.scdns.io/stream/v1/hls/UVND0N6pHIb6UC778fNnDw/177333379
2026-03-12 11:43:17.004 17301-18152 [FaselHDV2...ferResult] com.lagradost.cloudstream3           I  CALLBACK FIRED! URL=https://r466--8katnn5p.c.scdns.io/stream/v1/hls/UVND0N6pHIb6UC778fNnDw/177333379
2026-03-12 11:43:17.004 17301-18152 SnifferExtractor        com.lagradost.cloudstream3           I  [getUrl] Quality callback invoked, count=3
2026-03-12 11:43:17.004 17301-18152 SnifferExtractor        com.lagradost.cloudstream3           I  [getUrl] === LINK PROCESSING COMPLETE === callbacks=3
2026-03-12 11:43:17.004 17301-18152 SnifferExtractor        com.lagradost.cloudstream3           I  [getUrl] === END === totalFound=4 callbacks=3
2026-03-12 11:43:17.004 17301-18152 SnifferExtractor        com.lagradost.cloudstream3           I  [getUrl] === END === | totalFound=4, successfulCallbacks=3
2026-03-12 11:43:17.004 17301-18152 [FaselHDV2...ferResult] com.lagradost.cloudstream3           D  === END === result=true
2026-03-12 11:43:17.005 17301-18152 [FaselHDV2] [loadLinks] com.lagradost.cloudstream3           I  PHASE 4: SUCCESS via sniffer [0]: https://web3126x.faselhdx.xyz/video_player?player_token=NmZ3Z1l3ejVFNVY0d1Zya1Jp
2026-03-12 11:43:17.005 17301-18152 RequestQueue            com.lagradost.cloudstream3           D  [enqueue] Request is LEADER | domain=web3126x.faselhdx.xyz, url=https://web3126x.faselhdx.xyz/movies/%d9%81%d9%8a%d9%84%d9%85-good-luck-fun-dont
2026-03-12 11:43:17.005 17301-18152 ProviderHttp            com.lagradost.cloudstream3           D  [executeDirectRequest] Executing HTTP request | url=https://web3126x.faselhdx.xyz/movies/%d9%81%d9%8a%d9%84%d9%85-good-luck-fun-dont, urlDomain=web3126x.faselhdx.xyz, sessionDomain=web3126x.faselhdx.xyz, isAlias=false, hasCookie=true, cookieCount=1
2026-03-12 11:43:17.279 17301-18152 RequestQueue            com.lagradost.cloudstream3           I  [executeAsLeader] Leader SUCCESS | domain=web3126x.faselhdx.xyz
2026-03-12 11:43:17.288 17301-18152 FaselHDV2Parser         com.lagradost.cloudstream3           D  getPlayerPageUrl: found='null'
2026-03-12 11:43:17.295 17301-17301 CS3ExoPlayer            com.lagradost.cloudstream3           I  loadPlayer
2026-03-12 11:43:17.295 17301-17301 CS3ExoPlayer            com.lagradost.cloudstream3           I  releasePlayer
2026-03-12 11:43:17.295 17301-17301 CS3ExoPlayer            com.lagradost.cloudstream3           I  Handle event: PlayerAttachedEvent(player=null, source=Player)
2026-03-12 11:43:17.295 17301-17301 CS3ExoPlayer            com.lagradost.cloudstream3           I  loadOnlinePlayer ExtractorLink(name=VideoSniffer 800p, url=https://r466--8katnn5p.c.scdns.io/stream/v1/hls/ebJ-WLxLqDecxORkwiFjKA/1773333795/web3126x.faselhdx.xyz/all/5.42.207.6/yes/DE/0/08-02/1/9f1ae86d1af9031074d5be52c603908b/160_hd1080b_playlist.m3u8, referer=https://web3126x.faselhdx.xyz/video_player?player_token=NmZ3Z1l3ejVFNVY0d1Zya1JpcGlnOFBlVEtoaHVUbXo5T2tjUEQ4MnlZN244NC96cCtFdEErY0Z3TExaZHR3eERUYkl3NVM4MHQyS09BM0tXdUJUWTR5dlk0d1dhbWVwTU8xZVlaeThQQkd6ZUxZMytKUDNOR3laQ2crT3l3a1JrQzlrUmFHL1lDaTBmcDh4NFBDWE5SYXl2QWlDNzBiWXpka2htV2RlU055eGV2bWpZelNFZmExRURxOEZBQlBta2p1VTJzSS9KZzhmWlFZVU1GQWxrbnAxNmxaS3dyWmxQQnFGS1V4dU5HND06Oi2laDYwozq6SuSdEXjnhg0%3D, type=M3U8)
2026-03-12 11:43:17.301 17301-17301 CS3ExoPlayer            com.lagradost.cloudstream3           I  loadExo
2026-03-12 11:43:17.308 17301-17301 ExoPlayerImpl           com.lagradost.cloudstream3           I  Init a3d38fa [AndroidXMedia3/1.8.0] [dm3q, SM-S918B, samsung, 36]
2026-03-12 11:43:17.319 17301-17301 CS3ExoPlayer            com.lagradost.cloudstream3           I  Handle event: PlayerAttachedEvent(player=androidx.media3.exoplayer.ExoPlayerImpl@a3d38fa, source=Player)
2026-03-12 11:43:17.321 17301-17301 MediaSessionImpl        com.lagradost.cloudstream3           I  Init 2b72ad9 [AndroidXMedia3/1.8.0] [dm3q, SM-S918B, samsung, 36]
2026-03-12 11:43:17.324 17301-17301 MediaSessionCompat      com.lagradost.cloudstream3           I  Couldn't find a unique registered media button receiver in the given context.
2026-03-12 11:43:17.352 17301-17301 CS3ExoPlayer            com.lagradost.cloudstream3           I  Handle event: StatusEvent(wasPlaying=IsBuffering, isPlaying=IsBuffering, source=Player)
2026-03-12 11:43:17.353 17301-17301 CS3ExoPlayer            com.lagradost.cloudstream3           I  Handle event: PositionEvent(source=Player, fromMs=0, toMs=0, durationMs=-9223372036854775807)
2026-03-12 11:43:17.354 17301-17301 CS3ExoPlayer            com.lagradost.cloudstream3           I  setActiveSubtitles 0
2026-03-12 11:43:17.354 17301-17301 CS3ExoPlayer            com.lagradost.cloudstream3           I  autoSelectFromSettings = null
2026-03-12 11:43:21.175 17301-18869 ExoPlayerImplInternal   com.lagradost.cloudstream3           E  Playback error (Ask Gemini)
                                                                                                      androidx.media3.exoplayer.ExoPlaybackException: Source error
                                                                                                          at androidx.media3.exoplayer.ExoPlayerImplInternal.handleIoException(ExoPlayerImplInternal.java:927)
                                                                                                          at androidx.media3.exoplayer.ExoPlayerImplInternal.handleMessage(ExoPlayerImplInternal.java:899)
                                                                                                          at android.os.Handler.dispatchMessage(Handler.java:106)
                                                                                                          at android.os.Looper.loopOnce(Looper.java:273)
                                                                                                          at android.os.Looper.loop(Looper.java:363)
                                                                                                          at android.os.HandlerThread.run(HandlerThread.java:85)
                                                                                                      Caused by: androidx.media3.datasource.HttpDataSource$InvalidResponseCodeException: Response code: 403
                                                                                                          at androidx.media3.datasource.DefaultHttpDataSource.open(DefaultHttpDataSource.java:400)
                                                                                                          at androidx.media3.datasource.TeeDataSource.open(TeeDataSource.java:54)
                                                                                                          at androidx.media3.datasource.cache.CacheDataSource.openNextSource(CacheDataSource.java:802)
                                                                                                          at androidx.media3.datasource.cache.CacheDataSource.open(CacheDataSource.java:615)
                                                                                                          at androidx.media3.datasource.StatsDataSource.open(StatsDataSource.java:88)
                                                                                                          at androidx.media3.datasource.DataSourceInputStream.checkOpened(DataSourceInputStream.java:101)
                                                                                                          at androidx.media3.datasource.DataSourceInputStream.open(DataSourceInputStream.java:64)
                                                                                                          at androidx.media3.exoplayer.upstream.ParsingLoadable.load(ParsingLoadable.java:182)
                                                                                                          at androidx.media3.exoplayer.upstream.Loader$LoadTask.run(Loader.java:453)
                                                                                                          at java.util.concurrent.ThreadPoolExecutor.runWorker(ThreadPoolExecutor.java:1154)
                                                                                                          at java.util.concurrent.ThreadPoolExecutor$Worker.run(ThreadPoolExecutor.java:652)
                                                                                                          at java.lang.Thread.run(Thread.java:1564)
2026-03-12 11:43:21.179 17301-17301 CS3ExoPlayer            com.lagradost.cloudstream3           I  Handle event: ErrorEvent(error=androidx.media3.exoplayer.ExoPlaybackException: Source error, source=Player)
2026-03-12 11:43:21.180 17301-17301 CS3ExoPlayer            com.lagradost.cloudstream3           E  playerError: (ExtractorLink(name=VideoSniffer 800p, url=https://r466--8katnn5p.c.scdns.io/stream/v1/hls/ebJ-WLxLqDecxORkwiFjKA/1773333795/web3126x.faselhdx.xyz/all/5.42.207.6/yes/DE/0/08-02/1/9f1ae86d1af9031074d5be52c603908b/160_hd1080b_playlist.m3u8, referer=https://web3126x.faselhdx.xyz/video_player?player_token=NmZ3Z1l3ejVFNVY0d1Zya1JpcGlnOFBlVEtoaHVUbXo5T2tjUEQ4MnlZN244NC96cCtFdEErY0Z3TExaZHR3eERUYkl3NVM4MHQyS09BM0tXdUJUWTR5dlk0d1dhbWVwTU8xZVlaeThQQkd6ZUxZMytKUDNOR3laQ2crT3l3a1JrQzlrUmFHL1lDaTBmcDh4NFBDWE5SYXl2QWlDNzBiWXpka2htV2RlU055eGV2bWpZelNFZmExRURxOEZBQlBta2p1VTJzSS9KZzhmWlFZVU1GQWxrbnAxNmxaS3dyWmxQQnFGS1V4dU5HND06Oi2laDYwozq6SuSdEXjnhg0%3D, type=M3U8), null), type=androidx.media3.exoplayer.ExoPlaybackException, message=Source error, url=https://r466--8katnn5p.c.scdns.io/stream/v1/hls/ebJ-WLxLqDecxORkwiFjKA/1773333795/web3126x.faselhdx.xyz/all/5.42.207.6/yes/DE/0/08-02/1/9f1ae86d1af9031074d5be52c603908b/160_hd1080b_playlist.m3u8, headers={Referer=https://web3126x.faselhdx.xyz/video_player?player_token=NmZ3Z1l3ejVFNVY0d1Zya1JpcGlnOFBlVEtoaHVUbXo5T2tjUEQ4MnlZN244NC96cCtFdEErY0Z3TExaZHR3eERUYkl3NVM4MHQyS09BM0tXdUJUWTR5dlk0d1dhbWVwTU8xZVlaeThQQkd6ZUxZMytKUDNOR3laQ2crT3l3a1JrQzlrUmFHL1lDaTBmcDh4NFBDWE5SYXl2QWlDNzBiWXpka2htV2RlU055eGV2bWpZelNFZmExRURxOEZBQlBta2p1VTJzSS9KZzhmWlFZVU1GQWxrbnAxNmxaS3dyWmxQQnFGS1V4dU5HND06Oi2laDYwozq6SuSdEXjnhg0%3D, User-Agent=Mozilla/5.0 (Linux; Android 13; Pixel 7) AppleWebKit/537.36 (KHTML, like Gecko) Chrome/131.0.0.0 Mobile Safari/537.36, Accept=*/*, Origin=https://web3126x.faselhdx.xyz, sec-ch-ua="Not(A:Brand";v="8", "Chromium";v="120", "Google Chrome";v="120", sec-ch-ua-mobile=?1, sec-ch-ua-platform=Android, Sec-Fetch-Dest=empty, Sec-Fetch-Mode=cors, Sec-Fetch-Site=cross-site}, referer=https://web3126x.faselhdx.xyz/video_player?player_token=NmZ3Z1l3ejVFNVY0d1Zya1JpcGlnOFBlVEtoaHVUbXo5T2tjUEQ4MnlZN244NC96cCtFdEErY0Z3TExaZHR3eERUYkl3NVM4MHQyS09BM0tXdUJUWTR5dlk0d1dhbWVwTU8xZVlaeThQQkd6ZUxZMytKUDNOR3laQ2crT3l3a1JrQzlrUmFHL1lDaTBmcDh4NFBDWE5SYXl2QWlDNzBiWXpka2htV2RlU055eGV2bWpZelNFZmExRURxOEZBQlBta2p1VTJzSS9KZzhmWlFZVU1GQWxrbnAxNmxaS3dyWmxQQnFGS1V4dU5HND06Oi2laDYwozq6SuSdEXjnhg0%3D, position=0, duration=-9223372036854775807, isPlaying=false (Ask Gemini)
                                                                                                    androidx.media3.exoplayer.ExoPlaybackException: Source error
                                                                                                    	at androidx.media3.exoplayer.ExoPlayerImplInternal.handleIoException(ExoPlayerImplInternal.java:927)
                                                                                                    	at androidx.media3.exoplayer.ExoPlayerImplInternal.handleMessage(ExoPlayerImplInternal.java:899)
                                                                                                    	at android.os.Handler.dispatchMessage(Handler.java:106)
                                                                                                    	at android.os.Looper.loopOnce(Looper.java:273)
                                                                                                    	at android.os.Looper.loop(Looper.java:363)
                                                                                                    	at android.os.HandlerThread.run(HandlerThread.java:85)
                                                                                                    Caused by: androidx.media3.datasource.HttpDataSource$InvalidResponseCodeException: Response code: 403
                                                                                                    	at androidx.media3.datasource.DefaultHttpDataSource.open(DefaultHttpDataSource.java:400)
                                                                                                    	at androidx.media3.datasource.TeeDataSource.open(TeeDataSource.java:54)
                                                                                                    	at androidx.media3.datasource.cache.CacheDataSource.openNextSource(CacheDataSource.java:802)
                                                                                                    	at androidx.media3.datasource.cache.CacheDataSource.open(CacheDataSource.java:615)
                                                                                                    	at androidx.media3.datasource.StatsDataSource.open(StatsDataSource.java:88)
                                                                                                    	at androidx.media3.datasource.DataSourceInputStream.checkOpened(DataSourceInputStream.java:101)
                                                                                                    	at androidx.media3.datasource.DataSourceInputStream.open(DataSourceInputStream.java:64)
                                                                                                    	at androidx.media3.exoplayer.upstream.ParsingLoadable.load(ParsingLoadable.java:182)
                                                                                                    	at androidx.media3.exoplayer.upstream.Loader$LoadTask.run(Loader.java:453)
                                                                                                    	at java.util.concurrent.ThreadPoolExecutor.runWorker(ThreadPoolExecutor.java:1154)
                                                                                                    	at java.util.concurrent.ThreadPoolExecutor$Worker.run(ThreadPoolExecutor.java:652)
                                                                                                    	at java.lang.Thread.run(Thread.java:1564)
2026-03-12 11:43:21.205 17301-17301 CS3ExoPlayer            com.lagradost.cloudstream3           I  Handle event: StatusEvent(wasPlaying=IsPaused, isPlaying=IsPaused, source=Player)
2026-03-12 11:43:21.252 17301-17301 CS3ExoPlayer            com.lagradost.cloudstream3           I  onStop
2026-03-12 11:43:21.252 17301-17301 CS3ExoPlayer            com.lagradost.cloudstream3           I  saveData
2026-03-12 11:43:21.252 17301-17301 CS3ExoPlayer            com.lagradost.cloudstream3           I  Handle event: PositionEvent(source=Player, fromMs=0, toMs=0, durationMs=-9223372036854775807)
2026-03-12 11:43:21.252 17301-17301 CS3ExoPlayer            com.lagradost.cloudstream3           I  handleEvent Pause
2026-03-12 11:43:21.252 17301-17301 CS3ExoPlayer            com.lagradost.cloudstream3           I  Handle event: PauseEvent(source=Player)
2026-03-12 11:43:21.253 17301-17301 CS3ExoPlayer            com.lagradost.cloudstream3           I  Handle event: StatusEvent(wasPlaying=IsPaused, isPlaying=IsPaused, source=Player)
2026-03-12 11:43:21.365 17301-17301 CS3ExoPlayer            com.lagradost.cloudstream3           I  SET STYLE = SaveCaptionStyle(foregroundColor=-1, backgroundColor=0, windowColor=0, edgeType=1, edgeColor=-16777216, typeface=null, typefaceFilePath=null, elevation=20, fixedTextSize=null, edgeSize=null, removeCaptions=false, removeBloat=true, upperCase=false, bold=false, italic=false, backgroundRadius=null)
2026-03-12 11:43:21.422 17301-17301 CS3ExoPlayer            com.lagradost.cloudstream3           I  reloadPlayer
2026-03-12 11:43:21.422 17301-17301 CS3ExoPlayer            com.lagradost.cloudstream3           I  releasePlayer
2026-03-12 11:43:21.422 17301-17301 CS3ExoPlayer            com.lagradost.cloudstream3           I  Handle event: PlayerAttachedEvent(player=null, source=Player)
2026-03-12 11:43:21.587 17301-17301 CS3ExoPlayer            com.lagradost.cloudstream3           I  releasePlayer
2026-03-12 11:43:21.587 17301-17301 CS3ExoPlayer            com.lagradost.cloudstream3           I  Handle event: PositionEvent(source=Player, fromMs=0, toMs=0, durationMs=-9223372036854775807)
2026-03-12 11:43:21.587 17301-17301 ExoPlayerImpl           com.lagradost.cloudstream3           I  Release a3d38fa [AndroidXMedia3/1.8.0] [dm3q, SM-S918B, samsung, 36] [media3.common, media3.ui, media3.exoplayer.hls, media3.exoplayer, media3.decoder, media3.database, media3.session, media3.datasource]
2026-03-12 11:43:21.588 17301-17301 CS3ExoPlayer            com.lagradost.cloudstream3           I  Handle event: PlayerAttachedEvent(player=null, source=Player)
2026-03-12 11:43:21.591 17301-17301 MediaSessionImpl        com.lagradost.cloudstream3           I  Release 2b72ad9 [AndroidXMedia3/1.8.0] [dm3q, SM-S918B, samsung, 36] [media3.common, media3.ui, media3.exoplayer.hls, media3.exoplayer, media3.decoder, media3.database, media3.session, media3.datasource]
2026-03-12 11:43:21.591 17301-17301 ExoPlayerImplInternal   com.lagradost.cloudstream3           W  Ignoring messages sent after release.
2026-03-12 11:43:25.227 17301-17301 ActivityProvider        com.lagradost.cloudstream3           D  Activity stopped, clearing ref: MainActivity
2026-03-12 11:43:25.227 17301-17301 ActivityProvider        com.lagradost.cloudstream3           D  Activity stopped, clearing ref: MainActivity
2026-03-12 11:43:25.227 17301-17301 ActivityProvider        com.lagradost.cloudstream3           D  Activity stopped, clearing ref: MainActivity
2026-03-12 11:43:25.227 17301-17301 ActivityProvider        com.lagradost.cloudstream3           D  Activity stopped, clearing ref: MainActivity
2026-03-12 11:43:25.227 17301-17301 ActivityProvider        com.lagradost.cloudstream3           D  Activity stopped, clearing ref: MainActivity
2026-03-12 11:43:25.227 17301-17301 ActivityProvider        com.lagradost.cloudstream3           D  Activity stopped, clearing ref: MainActivity
2026-03-12 11:43:25.227 17301-17301 ActivityProvider        com.lagradost.cloudstream3           D  Activity stopped, clearing ref: MainActivity
2026-03-12 11:43:25.239 17301-17301 CS3ExoPlayer            com.lagradost.cloudstream3           I  onStop
2026-03-12 11:43:25.239 17301-17301 CS3ExoPlayer            com.lagradost.cloudstream3           I  saveData
2026-03-12 11:43:25.239 17301-17301 CS3ExoPlayer            com.lagradost.cloudstream3           I  handleEvent Pause
