2026-03-17 16:26:13.156 26063-26295 ProviderHttp            com.lagradost.cloudstream3           D  [executeDirectRequest] Executing HTTP request | url=https://ak.sv/movies?section=33&category=0&rating=0&year=0&language=0&formats=0&, urlDomain=ak.sv, sessionDomain=ak.sv, isAlias=false, hasCookie=true, cookieCount=14
2026-03-17 16:26:13.156 26063-26134 ProviderHttp            com.lagradost.cloudstream3           D  [executeDirectRequest] Executing HTTP request | url=https://ak.sv/series?section=33&category=0&rating=0&year=0&language=0&formats=0&, urlDomain=ak.sv, sessionDomain=ak.sv, isAlias=false, hasCookie=true, cookieCount=14
2026-03-17 16:26:13.156 26063-26136 ProviderHttp            com.lagradost.cloudstream3           I  [solveCloudflareThenRequest] Skipping CF solve — fresh cookies exist (12ms old), retrying HTTP | domain=ak.sv
2026-03-17 16:26:13.156 26063-26140 ProviderHttp            com.lagradost.cloudstream3           I  [solveCloudflareThenRequest] Skipping CF solve — fresh cookies exist (12ms old), retrying HTTP | domain=ak.sv
2026-03-17 16:26:13.156 26063-26136 ProviderHttp            com.lagradost.cloudstream3           D  [executeDirectRequest] Executing HTTP request | url=https://ak.sv/movies, urlDomain=ak.sv, sessionDomain=ak.sv, isAlias=false, hasCookie=true, cookieCount=14
2026-03-17 16:26:13.156 26063-26140 ProviderHttp            com.lagradost.cloudstream3           D  [executeDirectRequest] Executing HTTP request | url=https://ak.sv/movies?section=32&category=0&rating=0&year=0&language=0&formats=0&, urlDomain=ak.sv, sessionDomain=ak.sv, isAlias=false, hasCookie=true, cookieCount=14
2026-03-17 16:26:13.156 26063-26290 ProviderHttp            com.lagradost.cloudstream3           D  [executeDirectRequest] Executing HTTP request | url=https://ak.sv/series?section=30&category=0&rating=0&year=0&language=0&formats=0&, urlDomain=ak.sv, sessionDomain=ak.sv, isAlias=false, hasCookie=true, cookieCount=14
2026-03-17 16:26:13.157 26063-26135 ProviderHttp            com.lagradost.cloudstream3           I  [solveCloudflareThenRequest] Skipping CF solve — fresh cookies exist (11ms old), retrying HTTP | domain=ak.sv
2026-03-17 16:26:13.157 26063-26141 ProviderHttp            com.lagradost.cloudstream3           I  [solveCloudflareThenRequest] Skipping CF solve — fresh cookies exist (12ms old), retrying HTTP | domain=ak.sv
2026-03-17 16:26:13.157 26063-26135 ProviderHttp            com.lagradost.cloudstream3           D  [executeDirectRequest] Executing HTTP request | url=https://ak.sv/series?section=31&category=0&rating=0&year=0&language=0&formats=0&, urlDomain=ak.sv, sessionDomain=ak.sv, isAlias=false, hasCookie=true, cookieCount=14
2026-03-17 16:26:13.157 26063-26141 ProviderHttp            com.lagradost.cloudstream3           D  [executeDirectRequest] Executing HTTP request | url=https://ak.sv/movies?section=31&category=0&rating=0&year=0&language=0&formats=0&, urlDomain=ak.sv, sessionDomain=ak.sv, isAlias=false, hasCookie=true, cookieCount=14
2026-03-17 16:26:13.158 26063-26289 ProviderHttp            com.lagradost.cloudstream3           D  [executeDirectRequest] Executing HTTP request | url=https://ak.sv/movies?section=29&category=0&rating=0&year=0&language=0&formats=0&, urlDomain=ak.sv, sessionDomain=ak.sv, isAlias=false, hasCookie=true, cookieCount=14
2026-03-17 16:26:13.158 26063-26139 ProviderHttp            com.lagradost.cloudstream3           D  [executeDirectRequest] Executing HTTP request | url=https://ak.sv/series?section=29&category=0&rating=0&year=0&language=0&formats=0&, urlDomain=ak.sv, sessionDomain=ak.sv, isAlias=false, hasCookie=true, cookieCount=14
2026-03-17 16:26:13.159 26063-26296 ProviderHttp            com.lagradost.cloudstream3           D  [executeDirectRequest] Executing HTTP request | url=https://ak.sv/series?section=32&category=0&rating=0&year=0&language=0&formats=0&, urlDomain=ak.sv, sessionDomain=ak.sv, isAlias=false, hasCookie=true, cookieCount=14
2026-03-17 16:26:13.387 26063-26136 ProviderHttp            com.lagradost.cloudstream3           D  [solveCloudflareThenRequest] Retry with existing cookies failed, proceeding with full CF solve
2026-03-17 16:26:13.387 26063-26136 ProviderSession         com.lagradost.cloudstream3           D  [save] Saved session | domain=ak.sv, cookies=0
2026-03-17 16:26:13.387 26063-26136 ProviderHttp            com.lagradost.cloudstream3           I  [invalidateSession] Preparing for CF solve
2026-03-17 16:26:13.395 26063-26063 ActivityProvider        com.lagradost.cloudstream3           D  currentActivity requested: MainActivity
2026-03-17 16:26:13.395 26063-26063 WebViewStrategy         com.lagradost.cloudstream3           I  [CfBypassEngine.runSession] Creating WebView | url=https://ak.sv/movies
2026-03-17 16:26:13.408 26063-26063 WebViewStrategy         com.lagradost.cloudstream3           I  [CfBypassEngine.runSession] WebView UA | ua=Mozilla/5.0 (Linux; Android 16; SM-S918B Build/BP2A.250605.031.A3) AppleWebKit/537.36 (KHTML, like Gecko) Version/4.0 Chrome/145.0.7632.159 Mobile Safari/537.36
2026-03-17 16:26:13.408 26063-26063 Dialog                  com.lagradost.cloudstream3           I  mIsDeviceDefault = false, mIsSamsungBasicInteraction = false, isMetaDataInActivity = false
2026-03-17 16:26:13.419 26063-26063 WebViewStrategy         com.lagradost.cloudstream3           D  [CfBypassEngine.runSession] FULLSCREEN mode | url=https://ak.sv/movies
2026-03-17 16:26:13.419 26063-26063 WebViewStrategy         com.lagradost.cloudstream3           I  [CfBypassEngine.runSession] Loading URL | url=https://ak.sv/movies
2026-03-17 16:26:13.570 26063-26063 WebViewStrategy         com.lagradost.cloudstream3           I  [CfBypassEngine.onPageStarted] Page started | url=https://ak.sv/movies
2026-03-17 16:26:13.639 26063-26139 ProviderSession         com.lagradost.cloudstream3           D  [save] Saved session | domain=ak.sv, cookies=3
2026-03-17 16:26:13.639 26063-26139 SessionProvider         com.lagradost.cloudstream3           D  [update] Session updated | domain=ak.sv, hasCookies=true
2026-03-17 16:26:13.643 26063-26139 ProviderHttp            com.lagradost.cloudstream3           D  [solveCloudflareThenRequest] Retry with existing cookies failed, proceeding with full CF solve
2026-03-17 16:26:13.643 26063-26139 ProviderSession         com.lagradost.cloudstream3           D  [save] Saved session | domain=ak.sv, cookies=0
2026-03-17 16:26:13.643 26063-26139 ProviderHttp            com.lagradost.cloudstream3           I  [invalidateSession] Preparing for CF solve
2026-03-17 16:26:13.645 26063-26063 ActivityProvider        com.lagradost.cloudstream3           D  currentActivity requested: MainActivity
2026-03-17 16:26:13.645 26063-26063 WebViewStrategy         com.lagradost.cloudstream3           I  [CfBypassEngine.runSession] Creating WebView | url=https://ak.sv/series?section=29&category=0&rating=0&year=0&language=0&formats=0&
2026-03-17 16:26:13.651 26063-26063 WebViewStrategy         com.lagradost.cloudstream3           I  [CfBypassEngine.runSession] WebView UA | ua=Mozilla/5.0 (Linux; Android 16; SM-S918B Build/BP2A.250605.031.A3) AppleWebKit/537.36 (KHTML, like Gecko) Version/4.0 Chrome/145.0.7632.159 Mobile Safari/537.36
2026-03-17 16:26:13.652 26063-26063 Dialog                  com.lagradost.cloudstream3           I  mIsDeviceDefault = false, mIsSamsungBasicInteraction = false, isMetaDataInActivity = false
2026-03-17 16:26:13.661 26063-26063 WebViewStrategy         com.lagradost.cloudstream3           D  [CfBypassEngine.runSession] FULLSCREEN mode | url=https://ak.sv/series?section=29&category=0&rating=0&year=0&language=0&formats=0&
2026-03-17 16:26:13.662 26063-26063 WebViewStrategy         com.lagradost.cloudstream3           I  [CfBypassEngine.runSession] Loading URL | url=https://ak.sv/series?section=29&category=0&rating=0&year=0&language=0&formats=0&
2026-03-17 16:26:13.751 26063-26135 ProviderSession         com.lagradost.cloudstream3           D  [save] Saved session | domain=ak.sv, cookies=3
2026-03-17 16:26:13.751 26063-26135 SessionProvider         com.lagradost.cloudstream3           D  [update] Session updated | domain=ak.sv, hasCookies=true
2026-03-17 16:26:13.752 26063-26135 ProviderHttp            com.lagradost.cloudstream3           D  [solveCloudflareThenRequest] Retry with existing cookies failed, proceeding with full CF solve
2026-03-17 16:26:13.753 26063-26135 ProviderSession         com.lagradost.cloudstream3           D  [save] Saved session | domain=ak.sv, cookies=0
2026-03-17 16:26:13.753 26063-26135 ProviderHttp            com.lagradost.cloudstream3           I  [invalidateSession] Preparing for CF solve
2026-03-17 16:26:13.754 26063-26063 ActivityProvider        com.lagradost.cloudstream3           D  currentActivity requested: MainActivity
2026-03-17 16:26:13.754 26063-26063 WebViewStrategy         com.lagradost.cloudstream3           I  [CfBypassEngine.runSession] Creating WebView | url=https://ak.sv/series?section=31&category=0&rating=0&year=0&language=0&formats=0&
2026-03-17 16:26:13.760 26063-26063 WebViewStrategy         com.lagradost.cloudstream3           I  [CfBypassEngine.runSession] WebView UA | ua=Mozilla/5.0 (Linux; Android 16; SM-S918B Build/BP2A.250605.031.A3) AppleWebKit/537.36 (KHTML, like Gecko) Version/4.0 Chrome/145.0.7632.159 Mobile Safari/537.36
2026-03-17 16:26:13.760 26063-26063 Dialog                  com.lagradost.cloudstream3           I  mIsDeviceDefault = false, mIsSamsungBasicInteraction = false, isMetaDataInActivity = false
2026-03-17 16:26:13.766 26063-26141 ProviderSession         com.lagradost.cloudstream3           D  [save] Saved session | domain=ak.sv, cookies=3
2026-03-17 16:26:13.766 26063-26141 SessionProvider         com.lagradost.cloudstream3           D  [update] Session updated | domain=ak.sv, hasCookies=true
2026-03-17 16:26:13.768 26063-26295 ProviderSession         com.lagradost.cloudstream3           D  [save] Saved session | domain=ak.sv, cookies=3
2026-03-17 16:26:13.768 26063-26141 ProviderHttp            com.lagradost.cloudstream3           D  [solveCloudflareThenRequest] Retry with existing cookies failed, proceeding with full CF solve
2026-03-17 16:26:13.768 26063-26295 SessionProvider         com.lagradost.cloudstream3           D  [update] Session updated | domain=ak.sv, hasCookies=true
2026-03-17 16:26:13.768 26063-26141 ProviderSession         com.lagradost.cloudstream3           D  [save] Saved session | domain=ak.sv, cookies=0
2026-03-17 16:26:13.768 26063-26141 ProviderHttp            com.lagradost.cloudstream3           I  [invalidateSession] Preparing for CF solve
2026-03-17 16:26:13.769 26063-26295 ProviderHttp            com.lagradost.cloudstream3           D  [solveCloudflareThenRequest] Retry with existing cookies failed, proceeding with full CF solve
2026-03-17 16:26:13.769 26063-26295 ProviderSession         com.lagradost.cloudstream3           D  [save] Saved session | domain=ak.sv, cookies=0
2026-03-17 16:26:13.769 26063-26295 ProviderHttp            com.lagradost.cloudstream3           I  [invalidateSession] Preparing for CF solve
2026-03-17 16:26:13.770 26063-26063 WebViewStrategy         com.lagradost.cloudstream3           D  [CfBypassEngine.runSession] FULLSCREEN mode | url=https://ak.sv/series?section=31&category=0&rating=0&year=0&language=0&formats=0&
2026-03-17 16:26:13.770 26063-26063 WebViewStrategy         com.lagradost.cloudstream3           I  [CfBypassEngine.runSession] Loading URL | url=https://ak.sv/series?section=31&category=0&rating=0&year=0&language=0&formats=0&
2026-03-17 16:26:13.808 26063-26063 ActivityProvider        com.lagradost.cloudstream3           D  currentActivity requested: MainActivity
2026-03-17 16:26:13.808 26063-26063 WebViewStrategy         com.lagradost.cloudstream3           I  [CfBypassEngine.runSession] Creating WebView | url=https://ak.sv/movies?section=31&category=0&rating=0&year=0&language=0&formats=0&
2026-03-17 16:26:13.814 26063-26063 WebViewStrategy         com.lagradost.cloudstream3           I  [CfBypassEngine.runSession] WebView UA | ua=Mozilla/5.0 (Linux; Android 16; SM-S918B Build/BP2A.250605.031.A3) AppleWebKit/537.36 (KHTML, like Gecko) Version/4.0 Chrome/145.0.7632.159 Mobile Safari/537.36
2026-03-17 16:26:13.815 26063-26063 Dialog                  com.lagradost.cloudstream3           I  mIsDeviceDefault = false, mIsSamsungBasicInteraction = false, isMetaDataInActivity = false
2026-03-17 16:26:13.832 26063-26063 WebViewStrategy         com.lagradost.cloudstream3           D  [CfBypassEngine.runSession] FULLSCREEN mode | url=https://ak.sv/movies?section=31&category=0&rating=0&year=0&language=0&formats=0&
2026-03-17 16:26:13.833 26063-26063 WebViewStrategy         com.lagradost.cloudstream3           I  [CfBypassEngine.runSession] Loading URL | url=https://ak.sv/movies?section=31&category=0&rating=0&year=0&language=0&formats=0&
2026-03-17 16:26:13.844 26063-26063 ActivityProvider        com.lagradost.cloudstream3           D  currentActivity requested: MainActivity
2026-03-17 16:26:13.844 26063-26063 WebViewStrategy         com.lagradost.cloudstream3           I  [CfBypassEngine.runSession] Creating WebView | url=https://ak.sv/movies?section=33&category=0&rating=0&year=0&language=0&formats=0&
2026-03-17 16:26:13.849 26063-26063 WebViewStrategy         com.lagradost.cloudstream3           I  [CfBypassEngine.runSession] WebView UA | ua=Mozilla/5.0 (Linux; Android 16; SM-S918B Build/BP2A.250605.031.A3) AppleWebKit/537.36 (KHTML, like Gecko) Version/4.0 Chrome/145.0.7632.159 Mobile Safari/537.36
2026-03-17 16:26:13.850 26063-26063 Dialog                  com.lagradost.cloudstream3           I  mIsDeviceDefault = false, mIsSamsungBasicInteraction = false, isMetaDataInActivity = false
2026-03-17 16:26:13.860 26063-26063 WebViewStrategy         com.lagradost.cloudstream3           D  [CfBypassEngine.runSession] FULLSCREEN mode | url=https://ak.sv/movies?section=33&category=0&rating=0&year=0&language=0&formats=0&
2026-03-17 16:26:13.860 26063-26063 WebViewStrategy         com.lagradost.cloudstream3           I  [CfBypassEngine.runSession] Loading URL | url=https://ak.sv/movies?section=33&category=0&rating=0&year=0&language=0&formats=0&
2026-03-17 16:26:13.896 26063-26296 ProviderSession         com.lagradost.cloudstream3           D  [save] Saved session | domain=ak.sv, cookies=3
2026-03-17 16:26:13.896 26063-26296 SessionProvider         com.lagradost.cloudstream3           D  [update] Session updated | domain=ak.sv, hasCookies=true
2026-03-17 16:26:13.896 26063-26290 ProviderSession         com.lagradost.cloudstream3           D  [save] Saved session | domain=ak.sv, cookies=3
2026-03-17 16:26:13.896 26063-26290 SessionProvider         com.lagradost.cloudstream3           D  [update] Session updated | domain=ak.sv, hasCookies=true
2026-03-17 16:26:13.897 26063-26296 ProviderHttp            com.lagradost.cloudstream3           D  [solveCloudflareThenRequest] Retry with existing cookies failed, proceeding with full CF solve
2026-03-17 16:26:13.897 26063-26290 ProviderHttp            com.lagradost.cloudstream3           D  [solveCloudflareThenRequest] Retry with existing cookies failed, proceeding with full CF solve
2026-03-17 16:26:13.897 26063-26296 ProviderSession         com.lagradost.cloudstream3           D  [save] Saved session | domain=ak.sv, cookies=0
2026-03-17 16:26:13.897 26063-26296 ProviderHttp            com.lagradost.cloudstream3           I  [invalidateSession] Preparing for CF solve
2026-03-17 16:26:13.900 26063-26290 ProviderSession         com.lagradost.cloudstream3           D  [save] Saved session | domain=ak.sv, cookies=0
2026-03-17 16:26:13.900 26063-26290 ProviderHttp            com.lagradost.cloudstream3           I  [invalidateSession] Preparing for CF solve
2026-03-17 16:26:13.901 26063-26134 ProviderSession         com.lagradost.cloudstream3           D  [save] Saved session | domain=ak.sv, cookies=3
2026-03-17 16:26:13.901 26063-26134 SessionProvider         com.lagradost.cloudstream3           D  [update] Session updated | domain=ak.sv, hasCookies=true
2026-03-17 16:26:13.903 26063-26134 ProviderHttp            com.lagradost.cloudstream3           D  [solveCloudflareThenRequest] Retry with existing cookies failed, proceeding with full CF solve
2026-03-17 16:26:13.903 26063-26134 ProviderSession         com.lagradost.cloudstream3           D  [save] Saved session | domain=ak.sv, cookies=0
2026-03-17 16:26:13.903 26063-26134 ProviderHttp            com.lagradost.cloudstream3           I  [invalidateSession] Preparing for CF solve
2026-03-17 16:26:13.933 26063-26289 ProviderSession         com.lagradost.cloudstream3           D  [save] Saved session | domain=ak.sv, cookies=3
2026-03-17 16:26:13.933 26063-26289 SessionProvider         com.lagradost.cloudstream3           D  [update] Session updated | domain=ak.sv, hasCookies=true
2026-03-17 16:26:13.935 26063-26289 ProviderHttp            com.lagradost.cloudstream3           D  [solveCloudflareThenRequest] Retry with existing cookies failed, proceeding with full CF solve
2026-03-17 16:26:13.935 26063-26289 ProviderSession         com.lagradost.cloudstream3           D  [save] Saved session | domain=ak.sv, cookies=0
2026-03-17 16:26:13.935 26063-26289 ProviderHttp            com.lagradost.cloudstream3           I  [invalidateSession] Preparing for CF solve
2026-03-17 16:26:13.965 26063-26291 ProviderSession         com.lagradost.cloudstream3           D  [save] Saved session | domain=ak.sv, cookies=3
2026-03-17 16:26:13.965 26063-26291 SessionProvider         com.lagradost.cloudstream3           D  [update] Session updated | domain=ak.sv, hasCookies=true
2026-03-17 16:26:13.968 26063-26291 ProviderHttp            com.lagradost.cloudstream3           D  [solveCloudflareThenRequest] Retry with existing cookies failed, proceeding with full CF solve
2026-03-17 16:26:13.968 26063-26291 ProviderSession         com.lagradost.cloudstream3           D  [save] Saved session | domain=ak.sv, cookies=0
2026-03-17 16:26:13.968 26063-26291 ProviderHttp            com.lagradost.cloudstream3           I  [invalidateSession] Preparing for CF solve
2026-03-17 16:26:13.988 26063-26063 ActivityProvider        com.lagradost.cloudstream3           D  currentActivity requested: MainActivity
2026-03-17 16:26:13.988 26063-26063 WebViewStrategy         com.lagradost.cloudstream3           I  [CfBypassEngine.runSession] Creating WebView | url=https://ak.sv/series?section=32&category=0&rating=0&year=0&language=0&formats=0&
2026-03-17 16:26:13.989 26063-26140 ProviderSession         com.lagradost.cloudstream3           D  [save] Saved session | domain=ak.sv, cookies=3
2026-03-17 16:26:13.989 26063-26140 SessionProvider         com.lagradost.cloudstream3           D  [update] Session updated | domain=ak.sv, hasCookies=true
2026-03-17 16:26:13.991 26063-26140 ProviderHttp            com.lagradost.cloudstream3           D  [solveCloudflareThenRequest] Retry with existing cookies failed, proceeding with full CF solve
2026-03-17 16:26:13.991 26063-26140 ProviderSession         com.lagradost.cloudstream3           D  [save] Saved session | domain=ak.sv, cookies=0
2026-03-17 16:26:13.991 26063-26140 ProviderHttp            com.lagradost.cloudstream3           I  [invalidateSession] Preparing for CF solve
2026-03-17 16:26:13.993 26063-26063 WebViewStrategy         com.lagradost.cloudstream3           I  [CfBypassEngine.runSession] WebView UA | ua=Mozilla/5.0 (Linux; Android 16; SM-S918B Build/BP2A.250605.031.A3) AppleWebKit/537.36 (KHTML, like Gecko) Version/4.0 Chrome/145.0.7632.159 Mobile Safari/537.36
2026-03-17 16:26:13.993 26063-26063 Dialog                  com.lagradost.cloudstream3           I  mIsDeviceDefault = false, mIsSamsungBasicInteraction = false, isMetaDataInActivity = false
2026-03-17 16:26:14.004 26063-26063 WebViewStrategy         com.lagradost.cloudstream3           D  [CfBypassEngine.runSession] FULLSCREEN mode | url=https://ak.sv/series?section=32&category=0&rating=0&year=0&language=0&formats=0&
2026-03-17 16:26:14.004 26063-26063 WebViewStrategy         com.lagradost.cloudstream3           I  [CfBypassEngine.runSession] Loading URL | url=https://ak.sv/series?section=32&category=0&rating=0&year=0&language=0&formats=0&
2026-03-17 16:26:14.008 26063-26063 ActivityProvider        com.lagradost.cloudstream3           D  currentActivity requested: MainActivity
2026-03-17 16:26:14.008 26063-26063 WebViewStrategy         com.lagradost.cloudstream3           I  [CfBypassEngine.runSession] Creating WebView | url=https://ak.sv/series?section=30&category=0&rating=0&year=0&language=0&formats=0&
2026-03-17 16:26:14.013 26063-26063 WebViewStrategy         com.lagradost.cloudstream3           I  [CfBypassEngine.runSession] WebView UA | ua=Mozilla/5.0 (Linux; Android 16; SM-S918B Build/BP2A.250605.031.A3) AppleWebKit/537.36 (KHTML, like Gecko) Version/4.0 Chrome/145.0.7632.159 Mobile Safari/537.36
2026-03-17 16:26:14.013 26063-26063 Dialog                  com.lagradost.cloudstream3           I  mIsDeviceDefault = false, mIsSamsungBasicInteraction = false, isMetaDataInActivity = false
2026-03-17 16:26:14.024 26063-26063 WebViewStrategy         com.lagradost.cloudstream3           D  [CfBypassEngine.runSession] FULLSCREEN mode | url=https://ak.sv/series?section=30&category=0&rating=0&year=0&language=0&formats=0&
2026-03-17 16:26:14.025 26063-26063 WebViewStrategy         com.lagradost.cloudstream3           I  [CfBypassEngine.runSession] Loading URL | url=https://ak.sv/series?section=30&category=0&rating=0&year=0&language=0&formats=0&
2026-03-17 16:26:14.028 26063-26063 ActivityProvider        com.lagradost.cloudstream3           D  currentActivity requested: MainActivity
2026-03-17 16:26:14.029 26063-26063 WebViewStrategy         com.lagradost.cloudstream3           I  [CfBypassEngine.runSession] Creating WebView | url=https://ak.sv/series?section=33&category=0&rating=0&year=0&language=0&formats=0&
2026-03-17 16:26:14.034 26063-26063 WebViewStrategy         com.lagradost.cloudstream3           I  [CfBypassEngine.runSession] WebView UA | ua=Mozilla/5.0 (Linux; Android 16; SM-S918B Build/BP2A.250605.031.A3) AppleWebKit/537.36 (KHTML, like Gecko) Version/4.0 Chrome/145.0.7632.159 Mobile Safari/537.36
2026-03-17 16:26:14.034 26063-26063 Dialog                  com.lagradost.cloudstream3           I  mIsDeviceDefault = false, mIsSamsungBasicInteraction = false, isMetaDataInActivity = false
2026-03-17 16:26:14.045 26063-26063 WebViewStrategy         com.lagradost.cloudstream3           D  [CfBypassEngine.runSession] FULLSCREEN mode | url=https://ak.sv/series?section=33&category=0&rating=0&year=0&language=0&formats=0&
2026-03-17 16:26:14.045 26063-26063 WebViewStrategy         com.lagradost.cloudstream3           I  [CfBypassEngine.runSession] Loading URL | url=https://ak.sv/series?section=33&category=0&rating=0&year=0&language=0&formats=0&
2026-03-17 16:26:14.052 26063-26063 ActivityProvider        com.lagradost.cloudstream3           D  currentActivity requested: MainActivity
2026-03-17 16:26:14.053 26063-26063 WebViewStrategy         com.lagradost.cloudstream3           I  [CfBypassEngine.runSession] Creating WebView | url=https://ak.sv/movies?section=29&category=0&rating=0&year=0&language=0&formats=0&
2026-03-17 16:26:14.057 26063-26063 WebViewStrategy         com.lagradost.cloudstream3           I  [CfBypassEngine.runSession] WebView UA | ua=Mozilla/5.0 (Linux; Android 16; SM-S918B Build/BP2A.250605.031.A3) AppleWebKit/537.36 (KHTML, like Gecko) Version/4.0 Chrome/145.0.7632.159 Mobile Safari/537.36
2026-03-17 16:26:14.057 26063-26063 Dialog                  com.lagradost.cloudstream3           I  mIsDeviceDefault = false, mIsSamsungBasicInteraction = false, isMetaDataInActivity = false
2026-03-17 16:26:14.069 26063-26063 WebViewStrategy         com.lagradost.cloudstream3           D  [CfBypassEngine.runSession] FULLSCREEN mode | url=https://ak.sv/movies?section=29&category=0&rating=0&year=0&language=0&formats=0&
2026-03-17 16:26:14.069 26063-26063 WebViewStrategy         com.lagradost.cloudstream3           I  [CfBypassEngine.runSession] Loading URL | url=https://ak.sv/movies?section=29&category=0&rating=0&year=0&language=0&formats=0&
2026-03-17 16:26:14.074 26063-26063 WebViewStrategy         com.lagradost.cloudstream3           D  [CfBypassEngine] Loading progress | percent=80
2026-03-17 16:26:14.075 26063-26063 ActivityProvider        com.lagradost.cloudstream3           D  currentActivity requested: MainActivity
2026-03-17 16:26:14.075 26063-26063 WebViewStrategy         com.lagradost.cloudstream3           I  [CfBypassEngine.runSession] Creating WebView | url=https://ak.sv/movies?section=30&category=0&rating=0&year=0&language=0&formats=0&
2026-03-17 16:26:14.079 26063-26063 WebViewStrategy         com.lagradost.cloudstream3           I  [CfBypassEngine.runSession] WebView UA | ua=Mozilla/5.0 (Linux; Android 16; SM-S918B Build/BP2A.250605.031.A3) AppleWebKit/537.36 (KHTML, like Gecko) Version/4.0 Chrome/145.0.7632.159 Mobile Safari/537.36
2026-03-17 16:26:14.080 26063-26063 Dialog                  com.lagradost.cloudstream3           I  mIsDeviceDefault = false, mIsSamsungBasicInteraction = false, isMetaDataInActivity = false
2026-03-17 16:26:14.091 26063-26063 WebViewStrategy         com.lagradost.cloudstream3           D  [CfBypassEngine.runSession] FULLSCREEN mode | url=https://ak.sv/movies?section=30&category=0&rating=0&year=0&language=0&formats=0&
2026-03-17 16:26:14.092 26063-26063 WebViewStrategy         com.lagradost.cloudstream3           I  [CfBypassEngine.runSession] Loading URL | url=https://ak.sv/movies?section=30&category=0&rating=0&year=0&language=0&formats=0&
2026-03-17 16:26:14.463 26063-26063 WebViewStrategy         com.lagradost.cloudstream3           W  [CfBypassEngine.shouldOverrideUrlLoading] Blocked non-HTTP redirect | scheme=intent, url=intent://pyppo.com/4/8503410?var=6351123&intnt_r=true&t_int=true&bs=1acb61fa-586
2026-03-17 16:26:14.476 26063-26063 ActivityProvider        com.lagradost.cloudstream3           D  currentActivity requested: MainActivity
2026-03-17 16:26:14.477 26063-26063 WebViewStrategy         com.lagradost.cloudstream3           I  [CfBypassEngine.runSession] Creating WebView | url=https://ak.sv/movies?section=32&category=0&rating=0&year=0&language=0&formats=0&
2026-03-17 16:26:14.483 26063-26063 WebViewStrategy         com.lagradost.cloudstream3           I  [CfBypassEngine.runSession] WebView UA | ua=Mozilla/5.0 (Linux; Android 16; SM-S918B Build/BP2A.250605.031.A3) AppleWebKit/537.36 (KHTML, like Gecko) Version/4.0 Chrome/145.0.7632.159 Mobile Safari/537.36
2026-03-17 16:26:14.484 26063-26063 Dialog                  com.lagradost.cloudstream3           I  mIsDeviceDefault = false, mIsSamsungBasicInteraction = false, isMetaDataInActivity = false
2026-03-17 16:26:14.504 26063-26063 WebViewStrategy         com.lagradost.cloudstream3           D  [CfBypassEngine.runSession] FULLSCREEN mode | url=https://ak.sv/movies?section=32&category=0&rating=0&year=0&language=0&formats=0&
2026-03-17 16:26:14.504 26063-26063 WebViewStrategy         com.lagradost.cloudstream3           I  [CfBypassEngine.runSession] Loading URL | url=https://ak.sv/movies?section=32&category=0&rating=0&year=0&language=0&formats=0&
2026-03-17 16:26:14.533 26063-26063 WebViewStrategy         com.lagradost.cloudstream3           I  [CfBypassEngine.onPageStarted] Page started | url=https://ak.sv/series?section=29&category=0&rating=0&year=0&language=0&formats=0&
2026-03-17 16:26:14.672 26063-26063 WebViewStrategy         com.lagradost.cloudstream3           D  [CfBypassEngine] Loading progress | percent=100
2026-03-17 16:26:14.672 26063-26063 WebViewStrategy         com.lagradost.cloudstream3           I  [CfBypassEngine.onPageStarted] Page started | url=https://ak.sv/series?section=31&category=0&rating=0&year=0&language=0&formats=0&
2026-03-17 16:26:14.678 26063-26063 WebViewStrategy         com.lagradost.cloudstream3           I  [CfBypassEngine.onPageStarted] Page started | url=https://ak.sv/movies?section=31&category=0&rating=0&year=0&language=0&formats=0&
2026-03-17 16:26:14.678 26063-26063 WebViewStrategy         com.lagradost.cloudstream3           I  [CfBypassEngine.onPageStarted] Page started | url=https://ak.sv/movies?section=33&category=0&rating=0&year=0&language=0&formats=0&
2026-03-17 16:26:14.761 26063-26063 WebViewStrategy         com.lagradost.cloudstream3           I  [CfBypassEngine.onPageStarted] Page started | url=https://ak.sv/series?section=32&category=0&rating=0&year=0&language=0&formats=0&
2026-03-17 16:26:14.761 26063-26063 WebViewStrategy         com.lagradost.cloudstream3           I  [CfBypassEngine.onPageStarted] Page started | url=https://ak.sv/series?section=30&category=0&rating=0&year=0&language=0&formats=0&
2026-03-17 16:26:14.761 26063-26063 WebViewStrategy         com.lagradost.cloudstream3           I  [CfBypassEngine.onPageStarted] Page started | url=https://ak.sv/series?section=33&category=0&rating=0&year=0&language=0&formats=0&
2026-03-17 16:26:14.796 26063-26063 WebViewStrategy         com.lagradost.cloudstream3           I  [CfBypassEngine.onPageStarted] Page started | url=https://ak.sv/movies?section=29&category=0&rating=0&year=0&language=0&formats=0&
2026-03-17 16:26:14.796 26063-26063 WebViewStrategy         com.lagradost.cloudstream3           I  [CfBypassEngine.onPageStarted] Page started | url=https://ak.sv/movies?section=30&category=0&rating=0&year=0&language=0&formats=0&
2026-03-17 16:26:15.145 26063-26063 WebViewStrategy         com.lagradost.cloudstream3           D  [CfBypassEngine] Loading progress | percent=100
2026-03-17 16:26:15.145 26063-26063 WebViewStrategy         com.lagradost.cloudstream3           I  [CfBypassEngine.onPageStarted] Page started | url=https://ak.sv/movies?section=32&category=0&rating=0&year=0&language=0&formats=0&
2026-03-17 16:26:15.208 26063-26063 WebViewStrategy         com.lagradost.cloudstream3           D  [CfBypassEngine] Loading progress | percent=80
2026-03-17 16:26:15.208 26063-26063 WebViewStrategy         com.lagradost.cloudstream3           D  [CfBypassEngine] Loading progress | percent=80
2026-03-17 16:26:15.208 26063-26063 WebViewStrategy         com.lagradost.cloudstream3           D  [CfBypassEngine] Loading progress | percent=80
2026-03-17 16:26:15.400 26063-26063 WebViewStrategy         com.lagradost.cloudstream3           D  [CfBypassEngine] Loading progress | percent=80
2026-03-17 16:26:15.732 26063-26063 WebViewStrategy         com.lagradost.cloudstream3           D  [CfBypassEngine] Loading progress | percent=80
2026-03-17 16:26:16.175 26063-26063 WebViewStrategy         com.lagradost.cloudstream3           D  [CfBypassEngine] Loading progress | percent=100
2026-03-17 16:26:16.175 26063-26063 WebViewStrategy         com.lagradost.cloudstream3           D  [CfBypassEngine] Loading progress | percent=80
2026-03-17 16:26:16.219 26063-26063 WebViewStrategy         com.lagradost.cloudstream3           W  [CfBypassEngine.shouldOverrideUrlLoading] Blocked non-HTTP redirect | scheme=intent, url=intent://pyppo.com/4/8503410?var=6351123&intnt_r=true&t_int=true&bs=bfd877c3-ad7
2026-03-17 16:26:16.251 26063-26063 WebViewStrategy         com.lagradost.cloudstream3           D  [CfBypassEngine] Loading progress | percent=100
2026-03-17 16:26:16.345 26063-26063 WebViewStrategy         com.lagradost.cloudstream3           D  [CfBypassEngine] Loading progress | percent=100
2026-03-17 16:26:16.345 26063-26063 WebViewStrategy         com.lagradost.cloudstream3           D  [CfBypassEngine] Loading progress | percent=80
2026-03-17 16:26:16.833 26063-26063 WebViewStrategy         com.lagradost.cloudstream3           W  [CfBypassEngine.shouldOverrideUrlLoading] Blocked non-HTTP redirect | scheme=intent, url=intent://pyppo.com/4/8503410?var=6351123&intnt_r=true&t_int=true&bs=4149bfcf-c12
2026-03-17 16:26:16.909 26063-26063 WebViewStrategy         com.lagradost.cloudstream3           D  [CfBypassEngine] Loading progress | percent=100
2026-03-17 16:26:17.152 26063-26063 WebViewStrategy         com.lagradost.cloudstream3           D  [CfBypassEngine] Loading progress | percent=80
2026-03-17 16:26:17.271 26063-26063 WebViewStrategy         com.lagradost.cloudstream3           W  [CfBypassEngine.shouldOverrideUrlLoading] Blocked non-HTTP redirect | scheme=intent, url=intent://pyppo.com/4/8503410?var=6351123&intnt_r=true&t_int=true&bs=7174ae27-faf
2026-03-17 16:26:17.274 26063-26063 WebViewStrategy         com.lagradost.cloudstream3           D  [CfBypassEngine] Loading progress | percent=80
2026-03-17 16:26:17.308 26063-26063 WebViewStrategy         com.lagradost.cloudstream3           D  [CfBypassEngine] Loading progress | percent=100
2026-03-17 16:26:17.308 26063-26063 WebViewStrategy         com.lagradost.cloudstream3           D  [CfBypassEngine] Loading progress | percent=100
2026-03-17 16:26:17.358 26063-26063 WebViewStrategy         com.lagradost.cloudstream3           D  [CfBypassEngine] Loading progress | percent=100
2026-03-17 16:26:17.449 26063-26063 WebViewStrategy         com.lagradost.cloudstream3           D  [CfBypassEngine] Loading progress | percent=100
2026-03-17 16:26:17.743 26063-26063 WebViewStrategy         com.lagradost.cloudstream3           D  [CfBypassEngine] Loading progress | percent=100
2026-03-17 16:26:17.820 26063-26063 WebViewStrategy         com.lagradost.cloudstream3           D  [CfBypassEngine] Loading progress | percent=100
2026-03-17 16:26:17.959 26063-26063 WebViewStrategy         com.lagradost.cloudstream3           W  [CfBypassEngine.shouldOverrideUrlLoading] Blocked non-HTTP redirect | scheme=intent, url=intent://pyppo.com/4/8503410?var=6351123&intnt_r=true&t_int=true&bs=a977bc09-4dc
2026-03-17 16:26:17.961 26063-26063 WebViewStrategy         com.lagradost.cloudstream3           D  [CfBypassEngine] Loading progress | percent=100
2026-03-17 16:26:18.002 26063-26063 WebViewStrategy         com.lagradost.cloudstream3           D  [CfBypassEngine] Loading progress | percent=100
2026-03-17 16:26:18.090 26063-26063 WebViewStrategy         com.lagradost.cloudstream3           D  [CfBypassEngine] Loading progress | percent=100
2026-03-17 16:26:18.184 26063-26063 WebViewStrategy         com.lagradost.cloudstream3           W  [CfBypassEngine.shouldOverrideUrlLoading] Blocked non-HTTP redirect | scheme=intent, url=intent://pyppo.com/4/8503410?var=6351123&intnt_r=true&t_int=true&bs=cd8e03a1-9f8
2026-03-17 16:26:18.231 26063-26063 WebViewStrategy         com.lagradost.cloudstream3           D  [CfBypassEngine] Loading progress | percent=100
2026-03-17 16:26:18.341 26063-26063 WebViewStrategy         com.lagradost.cloudstream3           W  [CfBypassEngine.shouldOverrideUrlLoading] Blocked non-HTTP redirect | scheme=intent, url=intent://pyppo.com/4/8503410?var=6351123&intnt_r=true&t_int=true&bs=b0fdf7d6-c16
2026-03-17 16:26:18.342 26063-26063 WebViewStrategy         com.lagradost.cloudstream3           D  [CfBypassEngine] Loading progress | percent=100
2026-03-17 16:26:18.342 26063-26063 WebViewStrategy         com.lagradost.cloudstream3           D  [CfBypassEngine] Loading progress | percent=100
2026-03-17 16:26:18.342 26063-26063 WebViewStrategy         com.lagradost.cloudstream3           I  [CfBypassEngine.onPageFinished] Page finished | url=https://ak.sv/movies
2026-03-17 16:26:18.385 26063-26063 WebViewStrategy         com.lagradost.cloudstream3           D  [CfBypassEngine] Loading progress | percent=100
2026-03-17 16:26:18.466 26063-26063 WebViewStrategy         com.lagradost.cloudstream3           W  [CfBypassEngine.shouldOverrideUrlLoading] Blocked non-HTTP redirect | scheme=intent, url=intent://pyppo.com/4/8503410?var=6351123&intnt_r=true&t_int=true&bs=8f17383a-02e
2026-03-17 16:26:18.516 26063-26063 WebViewStrategy         com.lagradost.cloudstream3           W  [CfBypassEngine.shouldOverrideUrlLoading] Blocked non-HTTP redirect | scheme=intent, url=intent://pyppo.com/4/8503410?var=6351123&intnt_r=true&t_int=true&bs=6593421f-23c
2026-03-17 16:26:18.518 26063-26063 WebViewStrategy         com.lagradost.cloudstream3           D  [CfBypassEngine] Loading progress | percent=100
2026-03-17 16:26:18.548 26063-26063 WebViewStrategy         com.lagradost.cloudstream3           D  [CfBypassEngine] Loading progress | percent=100
2026-03-17 16:26:18.635 26063-26063 WebViewStrategy         com.lagradost.cloudstream3           W  [CfBypassEngine.shouldOverrideUrlLoading] Blocked non-HTTP redirect | scheme=intent, url=intent://pyppo.com/4/8503410?var=6351123&intnt_r=true&t_int=true&bs=1effd016-a94
2026-03-17 16:26:18.665 26063-26063 WebViewStrategy         com.lagradost.cloudstream3           W  [CfBypassEngine.shouldOverrideUrlLoading] Blocked non-HTTP redirect | scheme=intent, url=intent://pyppo.com/4/8503410?var=6351123&intnt_r=true&t_int=true&bs=a69c1311-ec2
2026-03-17 16:26:18.666 26063-26063 WebViewStrategy         com.lagradost.cloudstream3           D  [CfBypassEngine] Loading progress | percent=100
2026-03-17 16:26:18.701 26063-26063 WebViewStrategy         com.lagradost.cloudstream3           D  [CfBypassEngine] Loading progress | percent=100
2026-03-17 16:26:18.828 26063-26063 WebViewStrategy         com.lagradost.cloudstream3           D  [CfBypassEngine] Loading progress | percent=100
2026-03-17 16:26:18.828 26063-26063 WebViewStrategy         com.lagradost.cloudstream3           D  [CfBypassEngine] Loading progress | percent=100
2026-03-17 16:26:18.828 26063-26063 WebViewStrategy         com.lagradost.cloudstream3           I  [CfBypassEngine.onPageFinished] Page finished | url=https://ak.sv/series?section=31&category=0&rating=0&year=0&language=0&formats=0&
2026-03-17 16:26:18.913 26063-26063 WebViewStrategy         com.lagradost.cloudstream3           D  [CfBypassEngine] Loading progress | percent=100
2026-03-17 16:26:18.913 26063-26063 WebViewStrategy         com.lagradost.cloudstream3           D  [CfBypassEngine] Loading progress | percent=100
2026-03-17 16:26:18.913 26063-26063 WebViewStrategy         com.lagradost.cloudstream3           I  [CfBypassEngine.onPageFinished] Page finished | url=https://ak.sv/series?section=29&category=0&rating=0&year=0&language=0&formats=0&
2026-03-17 16:26:19.000 26063-26063 WebViewStrategy         com.lagradost.cloudstream3           D  [CfBypassEngine] Loading progress | percent=100
2026-03-17 16:26:19.000 26063-26063 WebViewStrategy         com.lagradost.cloudstream3           D  [CfBypassEngine] Loading progress | percent=100
2026-03-17 16:26:19.000 26063-26063 WebViewStrategy         com.lagradost.cloudstream3           I  [CfBypassEngine.onPageFinished] Page finished | url=https://ak.sv/movies?section=31&category=0&rating=0&year=0&language=0&formats=0&
2026-03-17 16:26:19.030 26063-26063 WebViewStrategy         com.lagradost.cloudstream3           D  [CfBypassEngine] Loading progress | percent=100
2026-03-17 16:26:19.030 26063-26063 WebViewStrategy         com.lagradost.cloudstream3           D  [CfBypassEngine] Loading progress | percent=100
2026-03-17 16:26:19.030 26063-26063 WebViewStrategy         com.lagradost.cloudstream3           I  [CfBypassEngine.onPageFinished] Page finished | url=https://ak.sv/series?section=32&category=0&rating=0&year=0&language=0&formats=0&
2026-03-17 16:26:19.166 26063-26063 WebViewStrategy         com.lagradost.cloudstream3           D  [CfBypassEngine] Loading progress | percent=100
2026-03-17 16:26:19.166 26063-26063 WebViewStrategy         com.lagradost.cloudstream3           D  [CfBypassEngine] Loading progress | percent=100
2026-03-17 16:26:19.166 26063-26063 WebViewStrategy         com.lagradost.cloudstream3           I  [CfBypassEngine.onPageFinished] Page finished | url=https://ak.sv/movies?section=33&category=0&rating=0&year=0&language=0&formats=0&
2026-03-17 16:26:19.253 26063-26063 WebViewStrategy         com.lagradost.cloudstream3           D  [CfBypassEngine] Loading progress | percent=100
2026-03-17 16:26:19.253 26063-26063 WebViewStrategy         com.lagradost.cloudstream3           D  [CfBypassEngine] Loading progress | percent=100
2026-03-17 16:26:19.253 26063-26063 WebViewStrategy         com.lagradost.cloudstream3           I  [CfBypassEngine.onPageFinished] Page finished | url=https://ak.sv/series?section=30&category=0&rating=0&year=0&language=0&formats=0&
2026-03-17 16:26:19.475 26063-26063 WebViewStrategy         com.lagradost.cloudstream3           D  [CfBypassEngine] Loading progress | percent=100
2026-03-17 16:26:19.475 26063-26063 WebViewStrategy         com.lagradost.cloudstream3           D  [CfBypassEngine] Loading progress | percent=100
2026-03-17 16:26:19.475 26063-26063 WebViewStrategy         com.lagradost.cloudstream3           I  [CfBypassEngine.onPageFinished] Page finished | url=https://ak.sv/movies?section=30&category=0&rating=0&year=0&language=0&formats=0&
2026-03-17 16:26:19.499 26063-26063 WebViewStrategy         com.lagradost.cloudstream3           D  [CfBypassEngine] Loading progress | percent=100
2026-03-17 16:26:19.499 26063-26063 WebViewStrategy         com.lagradost.cloudstream3           D  [CfBypassEngine] Loading progress | percent=100
2026-03-17 16:26:19.499 26063-26063 WebViewStrategy         com.lagradost.cloudstream3           I  [CfBypassEngine.onPageFinished] Page finished | url=https://ak.sv/series?section=33&category=0&rating=0&year=0&language=0&formats=0&
2026-03-17 16:26:19.528 26063-26063 WebViewStrategy         com.lagradost.cloudstream3           D  [CfBypassEngine] Loading progress | percent=100
2026-03-17 16:26:19.528 26063-26063 WebViewStrategy         com.lagradost.cloudstream3           D  [CfBypassEngine] Loading progress | percent=100
2026-03-17 16:26:19.528 26063-26063 WebViewStrategy         com.lagradost.cloudstream3           I  [CfBypassEngine.onPageFinished] Page finished | url=https://ak.sv/movies?section=29&category=0&rating=0&year=0&language=0&formats=0&
2026-03-17 16:26:19.689 26063-26063 WebViewStrategy         com.lagradost.cloudstream3           D  [CfBypassEngine] Loading progress | percent=100
2026-03-17 16:26:19.689 26063-26063 WebViewStrategy         com.lagradost.cloudstream3           D  [CfBypassEngine] Loading progress | percent=100
2026-03-17 16:26:19.689 26063-26063 WebViewStrategy         com.lagradost.cloudstream3           I  [CfBypassEngine.onPageFinished] Page finished | url=https://ak.sv/movies?section=32&category=0&rating=0&year=0&language=0&formats=0&
2026-03-17 16:26:20.135 26063-26063 WebViewStrategy         com.lagradost.cloudstream3           D  [CfBypassEngine.extractCookies] Cookie extraction complete | cmCount=20, jsCount=12, total=20, hasClearance=false
2026-03-17 16:26:20.169 26063-26063 WebViewStrategy         com.lagradost.cloudstream3           I  [CfBypassEngine.onPageFinished] Exit condition met | cookies=20, hasClearance=false
2026-03-17 16:26:20.220 26063-26140 ProviderSession         com.lagradost.cloudstream3           D  [save] Saved session | domain=ak.sv, cookies=20
2026-03-17 16:26:20.220 26063-26140 SessionProvider         com.lagradost.cloudstream3           D  [update] Session updated | domain=ak.sv, hasCookies=true
2026-03-17 16:26:20.231 26063-26140 ProviderHttp            com.lagradost.cloudstream3           D  [updateCookies] Injected 20 cookies into system CookieManager | domain=ak.sv
2026-03-17 16:26:20.254 26063-26140 [Akwam] [getMainPage]   com.lagradost.cloudstream3           D  Document fetched successfully. Parsing...
2026-03-17 16:26:20.254 26063-26140 Akwam                   com.lagradost.cloudstream3           D  getParser called
2026-03-17 16:26:20.256 26063-26140 AkwamParser             com.lagradost.cloudstream3           D  isSeries: title='Hijacked', url='https://ak.sv/movie/10867/hijacked', result=false
2026-03-17 16:26:20.257 26063-26140 AkwamParser             com.lagradost.cloudstream3           D  isSeries: title='A Fisherman's Tale', url='https://ak.sv/movie/10866/a-fisherman-s-tale', result=false
2026-03-17 16:26:20.257 26063-26140 AkwamParser             com.lagradost.cloudstream3           D  isSeries: title='Yoh! Bestie', url='https://ak.sv/movie/10865/yoh-bestie', result=false
2026-03-17 16:26:20.257 26063-26140 AkwamParser             com.lagradost.cloudstream3           D  isSeries: title='The Singers', url='https://ak.sv/movie/10864/the-singers', result=false
2026-03-17 16:26:20.257 26063-26140 AkwamParser             com.lagradost.cloudstream3           D  isSeries: title='Joe's College Road Trip', url='https://ak.sv/movie/10863/joe-s-college-road-trip', result=false
2026-03-17 16:26:20.258 26063-26140 AkwamParser             com.lagradost.cloudstream3           D  isSeries: title='A Young Father's Nightmare', url='https://ak.sv/movie/10862/a-young-father-s-nightmare', result=false
2026-03-17 16:26:20.258 26063-26140 AkwamParser             com.lagradost.cloudstream3           D  isSeries: title='This Is I', url='https://ak.sv/movie/10861/this-is-i', result=false
2026-03-17 16:26:20.258 26063-26140 AkwamParser             com.lagradost.cloudstream3           D  isSeries: title='Happy New Year مدبلج', url='https://ak.sv/movie/10860/happy-new-year-مدبلج', result=false
2026-03-17 16:26:20.258 26063-26140 AkwamParser             com.lagradost.cloudstream3           D  isSeries: title='Vanaveera', url='https://ak.sv/movie/10859/vanaveera', result=false
2026-03-17 16:26:20.259 26063-26140 AkwamParser             com.lagradost.cloudstream3           D  isSeries: title='Reckless', url='https://ak.sv/movie/10858/reckless', result=false
2026-03-17 16:26:20.259 26063-26140 AkwamParser             com.lagradost.cloudstream3           D  isSeries: title='حالة ذعر مدبلج', url='https://ak.sv/movie/10857/حالة-ذعر-مدبلج', result=false
2026-03-17 16:26:20.259 26063-26140 AkwamParser             com.lagradost.cloudstream3           D  isSeries: title='State of Fear', url='https://ak.sv/movie/10856/state-of-fear', result=false
2026-03-17 16:26:20.259 26063-26140 AkwamParser             com.lagradost.cloudstream3           D  isSeries: title='أحبّني... أحبّني مدبلج', url='https://ak.sv/movie/10855/أحبني-أحبني-مدبلج', result=false
2026-03-17 16:26:20.260 26063-26140 AkwamParser             com.lagradost.cloudstream3           D  isSeries: title='Love Me, Love Me', url='https://ak.sv/movie/10854/love-me-love-me', result=false
2026-03-17 16:26:20.260 26063-26140 AkwamParser             com.lagradost.cloudstream3           D  isSeries: title='الرجل العامل مدبلج', url='https://ak.sv/movie/10853/الرجل-العامل-مدبلج', result=false
2026-03-17 16:26:20.260 26063-26140 AkwamParser             com.lagradost.cloudstream3           D  isSeries: title='A Working Man', url='https://ak.sv/movie/10852/a-working-man', result=false
2026-03-17 16:26:20.260 26063-26140 AkwamParser             com.lagradost.cloudstream3           D  isSeries: title='timestalker', url='https://ak.sv/movie/10851/timestalker', result=false
2026-03-17 16:26:20.260 26063-26140 AkwamParser             com.lagradost.cloudstream3           D  isSeries: title='Return to Silent Hill', url='https://ak.sv/movie/10850/return-to-silent-hill', result=false
2026-03-17 16:26:20.261 26063-26140 AkwamParser             com.lagradost.cloudstream3           D  isSeries: title='Matter of Time', url='https://ak.sv/movie/10849/matter-of-time', result=false
2026-03-17 16:26:20.261 26063-26140 AkwamParser             com.lagradost.cloudstream3           D  isSeries: title='F*ck Valentines Day', url='https://ak.sv/movie/10848/fck-valentines-day', result=false
2026-03-17 16:26:20.261 26063-26140 AkwamParser             com.lagradost.cloudstream3           D  isSeries: title='The Investigation of Lucy Letby', url='https://ak.sv/movie/10847/the-investigation-of-lucy-letby', result=false
2026-03-17 16:26:20.261 26063-26140 AkwamParser             com.lagradost.cloudstream3           D  isSeries: title='Night Patrol', url='https://ak.sv/movie/10846/night-patrol', result=false
2026-03-17 16:26:20.262 26063-26140 AkwamParser             com.lagradost.cloudstream3           D  isSeries: title='Primate', url='https://ak.sv/movie/10845/primate', result=false
2026-03-17 16:26:20.262 26063-26140 AkwamParser             com.lagradost.cloudstream3           D  isSeries: title='Star People', url='https://ak.sv/movie/10844/star-people', result=false
2026-03-17 16:26:20.262 26063-26140 AkwamParser             com.lagradost.cloudstream3           D  isSeries: title='GST', url='https://ak.sv/movie/10843/gst', result=false
2026-03-17 16:26:20.262 26063-26140 AkwamParser             com.lagradost.cloudstream3           D  isSeries: title='Sarvam Maya', url='https://ak.sv/movie/10842/sarvam-maya', result=false
2026-03-17 16:26:20.263 26063-26140 AkwamParser             com.lagradost.cloudstream3           D  isSeries: title='Parasakthi', url='https://ak.sv/movie/10841/parasakthi', result=false
2026-03-17 16:26:20.263 26063-26140 AkwamParser             com.lagradost.cloudstream3           D  isSeries: title='Misdirection', url='https://ak.sv/movie/10840/misdirection', result=false
2026-03-17 16:26:20.263 26063-26140 AkwamParser             com.lagradost.cloudstream3           D  isSeries: title='Fabian und die mörderische Hochzeit', url='https://ak.sv/movie/10839/fabian-und-die-mrderische-hochzeit', result=false
2026-03-17 16:26:20.263 26063-26140 AkwamParser             com.lagradost.cloudstream3           D  isSeries: title='Chef's Kiss', url='https://ak.sv/movie/10838/chef-s-kiss', result=false
2026-03-17 16:26:20.263 26063-26140 [Akwam] [getMainPage]   com.lagradost.cloudstream3           D  Parsed 30 items for 'أحدث الأفلام'
2026-03-17 16:26:20.264 26063-26140 [Akwam] [getMainPage]   com.lagradost.cloudstream3           D  Mapped 30 items to SearchResponse
2026-03-17 16:26:20.264 26063-26140 [Akwam] [getMainPage]   com.lagradost.cloudstream3           I  END. Returning 1 sections.
