2026-06-19 10:09:08.892 26889-26889 CS3ExoPlayer            com.lagradost.cloudstream3           I  newInstance = {}
2026-06-19 10:09:08.893 26889-26889 NavComponent            com.lagradost.cloudstream3           I  Navigating to fragment: 2131362306
2026-06-19 10:09:08.895 26889-26889 CS3ExoPlayer            com.lagradost.cloudstream3           I  onStop
2026-06-19 10:09:08.895 26889-26889 CS3ExoPlayer            com.lagradost.cloudstream3           I  saveData
2026-06-19 10:09:08.895 26889-26889 CS3ExoPlayer            com.lagradost.cloudstream3           I  handleEvent Pause
2026-06-19 10:09:08.897 26889-26889 CS3ExoPlayer            com.lagradost.cloudstream3           I  unwrapBundle = null
2026-06-19 10:09:08.897 26889-26889 CS3ExoPlayer            com.lagradost.cloudstream3           I  unwrapBundle = Bundle[{resumePosition=0, syncData={}}]
2026-06-19 10:09:08.935 26889-26889 CS3ExoPlayer            com.lagradost.cloudstream3           I  SET STYLE = SaveCaptionStyle(foregroundColor=-1, backgroundColor=0, windowColor=0, edgeType=1, edgeColor=-16777216, typeface=null, typefaceFilePath=null, elevation=20, fixedTextSize=null, edgeSize=null, removeCaptions=false, removeBloat=true, upperCase=false, bold=false, italic=false, backgroundRadius=null)
2026-06-19 10:09:08.938 26889-26889 CS3ExoPlayer            com.lagradost.cloudstream3           I  unwrapBundle = null
2026-06-19 10:09:08.938 26889-26889 CS3ExoPlayer            com.lagradost.cloudstream3           I  unwrapBundle = Bundle[{resumePosition=0, syncData={}}]
2026-06-19 10:09:08.938 26889-26889 CS3ExoPlayer            com.lagradost.cloudstream3           I  setActiveSubtitles 0
2026-06-19 10:09:08.938 26889-27010 CimaNowLoadLinks        com.lagradost.cloudstream3           I  ================ [START LOADLINKS] ================
2026-06-19 10:09:08.938 26889-27010 CimaNowLoadLinks        com.lagradost.cloudstream3           D  -> Data URL: https://cimanow.cc/%d9%81%d9%8a%d9%84%d9%85-%d9%81%d8%a7%d9%85%d9%8a%d9%84%d9%8a-%d8%a8%d9%8a%d8%b2%d9%86%d8%b3-2026/
2026-06-19 10:09:08.938 26889-27010 CimaNowLoadLinks        com.lagradost.cloudstream3           I  [1/6] Fetching initial movie page...
2026-06-19 10:09:08.938 26889-26889 CS3ExoPlayer            com.lagradost.cloudstream3           I  autoSelectFromSettings = null
2026-06-19 10:09:08.997 26889-27010 CimaNowLoadLinks        com.lagradost.cloudstream3           D     [initial] HTTP 200 -> https://cimanow.cc/%d9%81%d9%8a%d9%84%d9%85-%d9%81%d8%a7%d9%85%d9%8a%d9%84%d9%8a-%d8%a8%d9%8a%d8%b2%d9%86%d8%b3-2026/, body=246445 chars, cookies=0
2026-06-19 10:09:09.001 26889-27010 CimaNowLoadLinks        com.lagradost.cloudstream3           D     Initial page title: فيلم فاميلي بيزنس 2026
2026-06-19 10:09:09.002 26889-27010 CimaNowLoadLinks        com.lagradost.cloudstream3           D     Initial page body length: 1502 chars
2026-06-19 10:09:09.002 26889-27010 CimaNowLoadLinks        com.lagradost.cloudstream3           D     Has freex2line links: 1
2026-06-19 10:09:09.002 26889-27010 CimaNowLoadLinks        com.lagradost.cloudstream3           I  [2/6] Searching for freex2line intermediate link...
2026-06-19 10:09:09.002 26889-27010 CimaNowLoadLinks        com.lagradost.cloudstream3           D     Found via precise selector: https://rm.freex2line.online/loadon/?link=aHR0cHM6Ly9jaW1hbm93LmNjLyVkOSU4MSVkOSU4YSVkOSU4NCVkOSU4NS0lZDklODElZDglYTclZDklODUlZDklOGElZDklODQlZDklOGEtJWQ4JWE4JWQ5JThhJWQ4JWIyJWQ5JTg2JWQ4JWIzLTIwMjYvd2F0Y2hpbmcv
2026-06-19 10:09:09.002 26889-27010 CimaNowDebug            com.lagradost.cloudstream3           D     Found intermediate link: https://rm.freex2line.online/loadon/?link=aHR0cHM6Ly9jaW1hbm93LmNjLyVkOSU4MSVkOSU4YSVkOSU4NCVkOSU4NS0lZDklODElZDglYTclZDklODUlZDklOGElZDklODQlZDklOGEtJWQ4JWE4JWQ5JThhJWQ4JWIyJWQ5JTg2JWQ4JWIzLTIwMjYvd2F0Y2hpbmcv
2026-06-19 10:09:09.002 26889-27010 CimaNowDebug            com.lagradost.cloudstream3           I  [3/6] Attempting WebViewFlowHelper (freex2line → watching page)...
2026-06-19 10:09:09.002 26889-27010 WebViewFlowHelper       com.lagradost.cloudstream3           I  [navigateToWatchPage] ========== FLOW START ========== | intermediateUrl=https://rm.freex2line.online/loadon/?link=aHR0cHM6Ly9jaW1hbm93LmNjLyVkOSU4MSVkOSU4YSVkOSU4NCVkOSU4NS, referer=https://cimanow.cc/%d9%81%d9%8a%d9%84%d9%85-%d9%81%d8%a7%d9%85%d9%8a%d9%84%d9%8a, userAgent=Mozilla/5.0 (Linux; Android 10; K) AppleWebKit/537.36 (KHTML, mode=HEADLESS
2026-06-19 10:09:09.002 26889-27010 WebViewFlowHelper       com.lagradost.cloudstream3           I  [navigateToWatchPage] Phase 1: 8 steps (intermediate → watch page)
2026-06-19 10:09:09.022 26889-26889 CS3ExoPlayer            com.lagradost.cloudstream3           I  reloadPlayer
2026-06-19 10:09:09.022 26889-26889 CS3ExoPlayer            com.lagradost.cloudstream3           I  releasePlayer
2026-06-19 10:09:09.023 26889-26889 CS3ExoPlayer            com.lagradost.cloudstream3           I  Handle event: PlayerAttachedEvent(player=null, source=Player)
2026-06-19 10:09:09.039 26889-26889 CS3ExoPlayer            com.lagradost.cloudstream3           I  setActiveSubtitles 0
2026-06-19 10:09:09.039 26889-26889 CS3ExoPlayer            com.lagradost.cloudstream3           I  autoSelectFromSettings = null
2026-06-19 10:09:09.041 26889-26889 CS3ExoPlayer            com.lagradost.cloudstream3           I  releasePlayer
2026-06-19 10:09:09.044 26889-26889 CS3ExoPlayer            com.lagradost.cloudstream3           I  Handle event: PlayerAttachedEvent(player=null, source=Player)
2026-06-19 10:09:09.084 26889-26889 NavigationEngine        com.lagradost.cloudstream3           I  [execute] Step 0: LoadUrl
2026-06-19 10:09:09.106 26889-26889 NavigationEngine        com.lagradost.cloudstream3           I  [execute] Step 1: WaitForSelector
2026-06-19 10:09:09.321 26889-26889 NavigationEngine        com.lagradost.cloudstream3           D  [onPageStarted] https://rm.freex2line.online/loadon/?link=aHR0cHM6Ly9jaW1hbm93LmNjLyVkOSU4MSVkOS
2026-06-19 10:09:09.432 26889-26889 NavigationEngine        com.lagradost.cloudstream3           D  [onPageStarted] https://href.li/?https://rm.freex2line.online/redirectingfree/
2026-06-19 10:09:09.833 26889-26889 NavigationEngine        com.lagradost.cloudstream3           D  [onPageFinished] https://href.li/?https://rm.freex2line.online/redirectingfree/
2026-06-19 10:09:13.413 26889-26889 NavigationEngine        com.lagradost.cloudstream3           D  [onPageStarted] https://href.li/?https://rm.freex2line.online/redirectingfree/
2026-06-19 10:09:13.453 26889-26889 NavigationEngine        com.lagradost.cloudstream3           D  [onPageStarted] https://rm.freex2line.online/redirectingfree/
2026-06-19 10:09:13.480 26889-26889 NavigationEngine        com.lagradost.cloudstream3           D  [onPageFinished] https://rm.freex2line.online/redirectingfree/
2026-06-19 10:09:54.577 26889-26889 NavigationEngine        com.lagradost.cloudstream3           W  [execute] Step 1: WaitForSelector timed out: a[href*='get-link'], a[href*='download'], a[href*='watch'], a.continue-btn, a[href*='server']
2026-06-19 10:09:54.582 26889-27637 WebViewFlowHelper       com.lagradost.cloudstream3           I  [navigateToWatchPage] Phase 1 result: success=false, finalUrl=https://rm.freex2line.online/redirectingfree/, completedSteps=1, failedAt=1, error=WaitForSelector timed out: a[href*='get-link'], a[href*='download'], a[href*='watch'], a.continue-btn, a[href*='server']
2026-06-19 10:09:54.582 26889-27637 WebViewFlowHelper       com.lagradost.cloudstream3           W  [navigateToWatchPage] Phase 1 failed — returning partial result
2026-06-19 10:09:54.582 26889-27637 CimaNowDebug            com.lagradost.cloudstream3           W     WebViewFlowHelper failed (Phase 1 failed at step 1: WaitForSelector timed out: a[href*='get-link'], a[href*='download'], a[href*='watch'], a.continue-btn, a[href*='server']), falling back to resolveFreex2line...
2026-06-19 10:09:54.582 26889-27637 CimaNowDebug            com.lagradost.cloudstream3           I  [3b/6] Falling back to resolveFreex2line + HTTP fetch + WebView render...
2026-06-19 10:09:55.585 26889-27010 CimaNowDebug            com.lagradost.cloudstream3           D     Found ptr context name: ctx_b0baade4
2026-06-19 10:09:55.587 26889-27010 CimaNowDebug            com.lagradost.cloudstream3           D     New format: ch=8a2b933f2a7a509e, ri=f8e08f70b49ad756ee45ccb55ef646a0, ke=VAMCVQ8HVwsAVF8FBQdX..., se=2af76a18
2026-06-19 10:10:05.589 26889-27637 CimaNowDebug            com.lagradost.cloudstream3           I  Sending final API request...
2026-06-19 10:10:06.033 26889-27637 CimaNowDebug            com.lagradost.cloudstream3           I     Watch page URL obtained: https://cimanow.cc/%d9%81%d9%8a%d9%84%d9%85-%d9%81%d8%a7%d9%85%d9%8a%d9%84%d9%8a-%d8%a8%d9%8a%d8%b2%d9%86%d8%b3-2026/watching/?token=bd066a8f8418c453090f13f391dc8b66aa2243a362fb8afaaeba58f3f5afbd49
2026-06-19 10:10:06.033 26889-27637 CimaNowDebug            com.lagradost.cloudstream3           I  [4/6] Fetching and decoding watch page...
2026-06-19 10:10:06.575 26889-27637 CimaNowDebug            com.lagradost.cloudstream3           D     [watchPage] HTTP 200 -> https://cimanow.cc/%d9%81%d9%8a%d9%84%d9%85-%d9%81%d8%a7%d9%85%d9%8a%d9%84%d9%8a-%d8%a8%d9%8a%d8%b2%d9%86%d8%b3-2026/watching/?token=bd066a8f8418c453090f13f391dc8b66aa2243a362fb8afaaeba58f3f5afbd49, body=3019096 chars
2026-06-19 10:10:06.575 26889-27637 CimaNowDebug            com.lagradost.cloudstream3           D     [watchPage] Raw HTML preview: <script> (function(){'use strict';var _0=['\x65\x7a\x69\x6f','\x62\x79\x70\x61\x73\x73','\x75\x73\x65\x72\x73\x63\x72\x69\x70\x74','\x65\x78\x74\x65\x6e\x73\x69\x6f\x6e','\x68\x72\x65\x66','\x61','\x70\x61\x72\x73\x65\x46\x72\x6f\x6d\x53\x74\x72\x69\x6e\x67','\x74\x65\x78\x74\x2f\x68\x74\x6d\x6c','\
2026-06-19 10:10:06.614 26889-27637 CimaNowDebug            com.lagradost.cloudstream3           D     Watch page body HTML length: 0 chars, empty=true
2026-06-19 10:10:06.614 26889-27637 CimaNowDebug            com.lagradost.cloudstream3           D     Trying decodeHtmlRaw on raw response body...
2026-06-19 10:10:06.614 26889-27637 CimaNowDebug            com.lagradost.cloudstream3           D  decodeHtmlRaw[watchPage]: raw text length=3019096
2026-06-19 10:10:06.624 26889-27637 CimaNowDebug            com.lagradost.cloudstream3           W  decodeHtml[watchPage]: no _r key found
2026-06-19 10:10:06.624 26889-27637 CimaNowDebug            com.lagradost.cloudstream3           D  decodeHtmlRaw[watchPage]: Strategy1 failed, trying Rhino...
2026-06-19 10:10:06.633 26889-27637 CimaNowDebug            com.lagradost.cloudstream3           D  decodeHtml[watchPage]: Strategy2 no function-based script found
2026-06-19 10:10:06.633 26889-27637 CimaNowDebug            com.lagradost.cloudstream3           W  decodeHtmlRaw[watchPage]: ALL strategies failed on raw text
2026-06-19 10:10:06.633 26889-27637 CimaNowDebug            com.lagradost.cloudstream3           D     decodeHtmlRaw returned null, trying WebView render...
2026-06-19 10:10:06.645 26889-26889 CimaNowDebug            com.lagradost.cloudstream3           D     Initial CookieManager cookies for baseUrl: none
2026-06-19 10:10:06.658 26889-26889 CimaNowDebug            com.lagradost.cloudstream3           I     renderHtmlInWebView: Loading HTML (3019915 chars, baseUrl=https://cimanow.cc/%d9%81%d9%8a%d9%84%d9%85-%d9%81%d8%a7%d9%85%d9%8a%d9%84%d9%8a)
2026-06-19 10:10:06.883 26889-27356 CimaNowDebug            com.lagradost.cloudstream3           D     [WV:1] skip non-cimanow https://static.cloudflareinsights.com/beacon.min.js/v833ccba57c9e4d2798f2e76cebd
2026-06-19 10:10:07.132 26889-27356 CimaNowDebug            com.lagradost.cloudstream3           D     [WV:2] proxy https://cimanow.cc/wp-content/themes/Cima%20Now%20New/Assets/css/animate.css?v=1 wvCookies=none
2026-06-19 10:10:07.134 26889-27358 CimaNowDebug            com.lagradost.cloudstream3           D     [WV:4] skip non-cimanow https://cdn.jsdelivr.net/npm/sweetalert2@latest/dist/sweetalert2.min.css
2026-06-19 10:10:07.134 26889-27357 CimaNowDebug            com.lagradost.cloudstream3           D     [WV:6] proxy https://cimanow.cc/wp-content/themes/Cima%20Now%20New/Assets/js/nbm2oHaQcN60y6Oz wvCookies=none
2026-06-19 10:10:07.134 26889-26889 CimaNowWV               com.lagradost.cloudstream3           I  [W] A parser-blocking, cross site (i.e. different eTLD+1) script, https://cdnjs.cloudflare.com/ajax/libs/jquery-cookie/1.4.1/jquery.cookie.min.js, is invoked via document.write. The network request for this script MAY be blocked by the browser in this or a future page load due to poor network connectivity. If blocked in this page load, it will be confirmed in a subsequent console message. See https://www.chromestatus.com/feature/5718547946799104 for more details. [https://cimanow.cc/%d9%81%d9%8a%d9%84%d9%85-%d9%81%d8%a7%d9%85%d9%8a%d9%84%d9%8a-%d8%a8%d9%8a%d8%b2%d9%86%d8%b3-2026/watching/?token=bd066a8f8418c453090f13f391dc8b66aa2243a362fb8afaaeba58f3f5afbd49:3360]
2026-06-19 10:10:07.134 26889-26889 CimaNowWV               com.lagradost.cloudstream3           I  [W] A parser-blocking, cross site (i.e. different eTLD+1) script, https://cdnjs.cloudflare.com/ajax/libs/jquery-cookie/1.4.1/jquery.cookie.min.js, is invoked via document.write. The network request for this script MAY be blocked by the browser in this or a future page load due to poor network connectivity. If blocked in this page load, it will be confirmed in a subsequent console message. See https://www.chromestatus.com/feature/5718547946799104 for more details. [https://cimanow.cc/%d9%81%d9%8a%d9%84%d9%85-%d9%81%d8%a7%d9%85%d9%8a%d9%84%d9%8a-%d8%a8%d9%8a%d8%b2%d9%86%d8%b3-2026/watching/?token=bd066a8f8418c453090f13f391dc8b66aa2243a362fb8afaaeba58f3f5afbd49:3360]
2026-06-19 10:10:07.135 26889-27363 CimaNowDebug            com.lagradost.cloudstream3           D     [WV:6] proxy https://cimanow.cc/wp-content/themes/Cima%20Now%20New/Assets/js/jquery-3.5.1.min wvCookies=none
2026-06-19 10:10:07.135 26889-27366 CimaNowDebug            com.lagradost.cloudstream3           D     [WV:6] proxy https://cimanow.cc/wp-content/themes/Cima%20Now%20New/Assets/js/owl.carousel.min wvCookies=none
2026-06-19 10:10:07.135 26889-26889 CimaNowWV               com.lagradost.cloudstream3           I  [W] A parser-blocking, cross site (i.e. different eTLD+1) script, https://cdn.jsdelivr.net/npm/sweetalert2@latest/dist/sweetalert2.all.min.js, is invoked via document.write. The network request for this script MAY be blocked by the browser in this or a future page load due to poor network connectivity. If blocked in this page load, it will be confirmed in a subsequent console message. See https://www.chromestatus.com/feature/5718547946799104 for more details. [https://cimanow.cc/%d9%81%d9%8a%d9%84%d9%85-%d9%81%d8%a7%d9%85%d9%8a%d9%84%d9%8a-%d8%a8%d9%8a%d8%b2%d9%86%d8%b3-2026/watching/?token=bd066a8f8418c453090f13f391dc8b66aa2243a362fb8afaaeba58f3f5afbd49:3360]
2026-06-19 10:10:07.135 26889-26889 CimaNowWV               com.lagradost.cloudstream3           I  [W] A parser-blocking, cross site (i.e. different eTLD+1) script, https://cdn.jsdelivr.net/npm/sweetalert2@latest/dist/sweetalert2.all.min.js, is invoked via document.write. The network request for this script MAY be blocked by the browser in this or a future page load due to poor network connectivity. If blocked in this page load, it will be confirmed in a subsequent console message. See https://www.chromestatus.com/feature/5718547946799104 for more details. [https://cimanow.cc/%d9%81%d9%8a%d9%84%d9%85-%d9%81%d8%a7%d9%85%d9%8a%d9%84%d9%8a-%d8%a8%d9%8a%d8%b2%d9%86%d8%b3-2026/watching/?token=bd066a8f8418c453090f13f391dc8b66aa2243a362fb8afaaeba58f3f5afbd49:3360]
2026-06-19 10:10:07.135 26889-26889 CimaNowWV               com.lagradost.cloudstream3           I  [W] A parser-blocking, cross site (i.e. different eTLD+1) script, https://cdnjs.cloudflare.com/ajax/libs/vanilla-lazyload/17.8.3/lazyload.min.js, is invoked via document.write. The network request for this script MAY be blocked by the browser in this or a future page load due to poor network connectivity. If blocked in this page load, it will be confirmed in a subsequent console message. See https://www.chromestatus.com/feature/5718547946799104 for more details. [https://cimanow.cc/%d9%81%d9%8a%d9%84%d9%85-%d9%81%d8%a7%d9%85%d9%8a%d9%84%d9%8a-%d8%a8%d9%8a%d8%b2%d9%86%d8%b3-2026/watching/?token=bd066a8f8418c453090f13f391dc8b66aa2243a362fb8afaaeba58f3f5afbd49:3360]
2026-06-19 10:10:07.135 26889-26889 CimaNowWV               com.lagradost.cloudstream3           I  [W] A parser-blocking, cross site (i.e. different eTLD+1) script, https://cdnjs.cloudflare.com/ajax/libs/vanilla-lazyload/17.8.3/lazyload.min.js, is invoked via document.write. The network request for this script MAY be blocked by the browser in this or a future page load due to poor network connectivity. If blocked in this page load, it will be confirmed in a subsequent console message. See https://www.chromestatus.com/feature/5718547946799104 for more details. [https://cimanow.cc/%d9%81%d9%8a%d9%84%d9%85-%d9%81%d8%a7%d9%85%d9%8a%d9%84%d9%8a-%d8%a8%d9%8a%d8%b2%d9%86%d8%b3-2026/watching/?token=bd066a8f8418c453090f13f391dc8b66aa2243a362fb8afaaeba58f3f5afbd49:3360]
2026-06-19 10:10:07.136 26889-27367 CimaNowDebug            com.lagradost.cloudstream3           D     [WV:7] skip non-cimanow https://cdnjs.cloudflare.com/ajax/libs/jquery-cookie/1.4.1/jquery.cookie.min.js
2026-06-19 10:10:07.136 26889-27367 CimaNowDebug            com.lagradost.cloudstream3           D     [WV:8] skip non-cimanow https://cdn.jsdelivr.net/npm/sweetalert2@latest/dist/sweetalert2.all.min.js
2026-06-19 10:10:07.140 26889-28346 CimaNowDebug            com.lagradost.cloudstream3           D     [WV:9] skip non-cimanow https://cdnjs.cloudflare.com/ajax/libs/vanilla-lazyload/17.8.3/lazyload.min.js
2026-06-19 10:10:07.156 26889-27356 CimaNowDebug            com.lagradost.cloudstream3           I     [WV:9] proxy OK https://cimanow.cc/wp-content/themes/Cima%20Now%20New/Assets/css/animate.css?v=1 -> text/css 72090 chars, HTTP 200
2026-06-19 10:10:07.164 26889-27366 CimaNowDebug            com.lagradost.cloudstream3           I     [WV:9] proxy OK https://cimanow.cc/wp-content/themes/Cima%20Now%20New/Assets/js/owl.carousel.min -> application/javascript 44342 chars, HTTP 200
2026-06-19 10:10:07.168 26889-27363 CimaNowDebug            com.lagradost.cloudstream3           I     [WV:9] proxy OK https://cimanow.cc/wp-content/themes/Cima%20Now%20New/Assets/js/jquery-3.5.1.min -> application/javascript 89476 chars, HTTP 200
2026-06-19 10:10:07.279 26889-27357 CimaNowDebug            com.lagradost.cloudstream3           I     [WV:9] proxy OK https://cimanow.cc/wp-content/themes/Cima%20Now%20New/Assets/js/nbm2oHaQcN60y6Oz -> application/javascript 536748 chars, HTTP 200
2026-06-19 10:10:07.363 26889-27356 CimaNowDebug            com.lagradost.cloudstream3           D     [WV:10] skip non-cimanow https://kit-pro.fontawesome.com/releases/v6.7.0/css/pro.min.css
2026-06-19 10:10:07.392 26889-27356 CimaNowDebug            com.lagradost.cloudstream3           D     [WV:11] proxy https://cimanow.cc/wp-content/themes/Cima%20Now%20New/Assets/fonts/Cima%20Now%20 wvCookies=none
2026-06-19 10:10:07.400 26889-26889 CimaNowDebug            com.lagradost.cloudstream3           W     renderHtmlInWebView: BLOCK nav away from watch page -> https://cimanow.cc/home
2026-06-19 10:10:07.411 26889-27356 CimaNowDebug            com.lagradost.cloudstream3           I     [WV:11] proxy OK https://cimanow.cc/wp-content/themes/Cima%20Now%20New/Assets/fonts/Cima%20Now%20 -> font/woff2 15771 chars, HTTP 200
2026-06-19 10:10:07.413 26889-26889 CimaNowWV               com.lagradost.cloudstream3           I  [W] Failed to decode downloaded font: https://cimanow.cc/wp-content/themes/Cima%20Now%20New/Assets/fonts/Cima%20Now%20Medium.woff2 [https://cimanow.cc/%d9%81%d9%8a%d9%84%d9%85-%d9%81%d8%a7%d9%85%d9%8a%d9%84%d9%8a-%d8%a8%d9%8a%d8%b2%d9%86%d8%b3-2026/watching/?token=bd066a8f8418c453090f13f391dc8b66aa2243a362fb8afaaeba58f3f5afbd49:0]
2026-06-19 10:10:07.413 26889-26889 CimaNowWV               com.lagradost.cloudstream3           I  [W] OTS parsing error: Failed to convert WOFF 2.0 font to SFNT [https://cimanow.cc/%d9%81%d9%8a%d9%84%d9%85-%d9%81%d8%a7%d9%85%d9%8a%d9%84%d9%8a-%d8%a8%d9%8a%d8%b2%d9%86%d8%b3-2026/watching/?token=bd066a8f8418c453090f13f391dc8b66aa2243a362fb8afaaeba58f3f5afbd49:0]
2026-06-19 10:10:07.413 26889-26889 CimaNowWV               com.lagradost.cloudstream3           I  [W] Failed to decode downloaded font: https://cimanow.cc/wp-content/themes/Cima%20Now%20New/Assets/fonts/Cima%20Now%20Medium.woff2 [https://cimanow.cc/%d9%81%d9%8a%d9%84%d9%85-%d9%81%d8%a7%d9%85%d9%8a%d9%84%d9%8a-%d8%a8%d9%8a%d8%b2%d9%86%d8%b3-2026/watching/?token=bd066a8f8418c453090f13f391dc8b66aa2243a362fb8afaaeba58f3f5afbd49:0]
2026-06-19 10:10:07.413 26889-26889 CimaNowWV               com.lagradost.cloudstream3           I  [W] OTS parsing error: Failed to convert WOFF 2.0 font to SFNT [https://cimanow.cc/%d9%81%d9%8a%d9%84%d9%85-%d9%81%d8%a7%d9%85%d9%8a%d9%84%d9%8a-%d8%a8%d9%8a%d8%b2%d9%86%d8%b3-2026/watching/?token=bd066a8f8418c453090f13f391dc8b66aa2243a362fb8afaaeba58f3f5afbd49:0]
2026-06-19 10:10:07.413 26889-26889 CimaNowWV               com.lagradost.cloudstream3           I  [W] Failed to decode downloaded font: https://cimanow.cc/wp-content/themes/Cima%20Now%20New/Assets/fonts/Cima%20Now%20Medium.woff2 [https://cimanow.cc/%d9%81%d9%8a%d9%84%d9%85-%d9%81%d8%a7%d9%85%d9%8a%d9%84%d9%8a-%d8%a8%d9%8a%d8%b2%d9%86%d8%b3-2026/watching/?token=bd066a8f8418c453090f13f391dc8b66aa2243a362fb8afaaeba58f3f5afbd49:0]
2026-06-19 10:10:07.413 26889-26889 CimaNowWV               com.lagradost.cloudstream3           I  [W] OTS parsing error: Failed to convert WOFF 2.0 font to SFNT [https://cimanow.cc/%d9%81%d9%8a%d9%84%d9%85-%d9%81%d8%a7%d9%85%d9%8a%d9%84%d9%8a-%d8%a8%d9%8a%d8%b2%d9%86%d8%b3-2026/watching/?token=bd066a8f8418c453090f13f391dc8b66aa2243a362fb8afaaeba58f3f5afbd49:0]
2026-06-19 10:10:07.413 26889-26889 CimaNowWV               com.lagradost.cloudstream3           I  [W] Failed to decode downloaded font: https://cimanow.cc/wp-content/themes/Cima%20Now%20New/Assets/fonts/Cima%20Now%20Medium.woff2 [https://cimanow.cc/%d9%81%d9%8a%d9%84%d9%85-%d9%81%d8%a7%d9%85%d9%8a%d9%84%d9%8a-%d8%a8%d9%8a%d8%b2%d9%86%d8%b3-2026/watching/?token=bd066a8f8418c453090f13f391dc8b66aa2243a362fb8afaaeba58f3f5afbd49:0]
2026-06-19 10:10:07.413 26889-26889 CimaNowWV               com.lagradost.cloudstream3           I  [W] OTS parsing error: Failed to convert WOFF 2.0 font to SFNT [https://cimanow.cc/%d9%81%d9%8a%d9%84%d9%85-%d9%81%d8%a7%d9%85%d9%8a%d9%84%d9%8a-%d8%a8%d9%8a%d8%b2%d9%86%d8%b3-2026/watching/?token=bd066a8f8418c453090f13f391dc8b66aa2243a362fb8afaaeba58f3f5afbd49:0]
2026-06-19 10:10:07.414 26889-27356 CimaNowDebug            com.lagradost.cloudstream3           D     [WV:12] proxy https://cimanow.cc/wp-content/themes/Cima%20Now%20New/Assets/fonts/Cima%20Now%20 wvCookies=none
2026-06-19 10:10:07.451 26889-27356 CimaNowDebug            com.lagradost.cloudstream3           I     [WV:12] proxy OK https://cimanow.cc/wp-content/themes/Cima%20Now%20New/Assets/fonts/Cima%20Now%20 -> font/woff2 22713 chars, HTTP 200
2026-06-19 10:10:07.455 26889-26889 CimaNowWV               com.lagradost.cloudstream3           I  [W] Failed to decode downloaded font: https://cimanow.cc/wp-content/themes/Cima%20Now%20New/Assets/fonts/Cima%20Now%20Medium.woff [https://cimanow.cc/%d9%81%d9%8a%d9%84%d9%85-%d9%81%d8%a7%d9%85%d9%8a%d9%84%d9%8a-%d8%a8%d9%8a%d8%b2%d9%86%d8%b3-2026/watching/?token=bd066a8f8418c453090f13f391dc8b66aa2243a362fb8afaaeba58f3f5afbd49:0]
2026-06-19 10:10:07.455 26889-26889 CimaNowWV               com.lagradost.cloudstream3           I  [W] OTS parsing error: incorrect file size in WOFF header [https://cimanow.cc/%d9%81%d9%8a%d9%84%d9%85-%d9%81%d8%a7%d9%85%d9%8a%d9%84%d9%8a-%d8%a8%d9%8a%d8%b2%d9%86%d8%b3-2026/watching/?token=bd066a8f8418c453090f13f391dc8b66aa2243a362fb8afaaeba58f3f5afbd49:0]
2026-06-19 10:10:07.455 26889-26889 CimaNowWV               com.lagradost.cloudstream3           I  [W] Failed to decode downloaded font: https://cimanow.cc/wp-content/themes/Cima%20Now%20New/Assets/fonts/Cima%20Now%20Medium.woff [https://cimanow.cc/%d9%81%d9%8a%d9%84%d9%85-%d9%81%d8%a7%d9%85%d9%8a%d9%84%d9%8a-%d8%a8%d9%8a%d8%b2%d9%86%d8%b3-2026/watching/?token=bd066a8f8418c453090f13f391dc8b66aa2243a362fb8afaaeba58f3f5afbd49:0]
2026-06-19 10:10:07.455 26889-26889 CimaNowWV               com.lagradost.cloudstream3           I  [W] OTS parsing error: incorrect file size in WOFF header [https://cimanow.cc/%d9%81%d9%8a%d9%84%d9%85-%d9%81%d8%a7%d9%85%d9%8a%d9%84%d9%8a-%d8%a8%d9%8a%d8%b2%d9%86%d8%b3-2026/watching/?token=bd066a8f8418c453090f13f391dc8b66aa2243a362fb8afaaeba58f3f5afbd49:0]
2026-06-19 10:10:07.456 26889-27356 CimaNowDebug            com.lagradost.cloudstream3           D     [WV:13] proxy https://cimanow.cc/wp-content/themes/Cima%20Now%20New/Assets/fonts/Cima%20Now%20 wvCookies=none
2026-06-19 10:10:07.497 26889-27356 CimaNowDebug            com.lagradost.cloudstream3           I     [WV:13] proxy OK https://cimanow.cc/wp-content/themes/Cima%20Now%20New/Assets/fonts/Cima%20Now%20 -> text/html 53261 chars, HTTP 200
2026-06-19 10:10:07.502 26889-26889 CimaNowWV               com.lagradost.cloudstream3           I  [W] Failed to decode downloaded font: https://cimanow.cc/wp-content/themes/Cima%20Now%20New/Assets/fonts/Cima%20Now%20Medium.ttf [https://cimanow.cc/%d9%81%d9%8a%d9%84%d9%85-%d9%81%d8%a7%d9%85%d9%8a%d9%84%d9%8a-%d8%a8%d9%8a%d8%b2%d9%86%d8%b3-2026/watching/?token=bd066a8f8418c453090f13f391dc8b66aa2243a362fb8afaaeba58f3f5afbd49:0]
2026-06-19 10:10:07.502 26889-26889 CimaNowWV               com.lagradost.cloudstream3           I  [W] OTS parsing error: bad table directory searchRange
                                                                                                    bad table directory entrySelector
                                                                                                    bad table directory rangeShift
                                                                                                    Invalid table tag: 0x504646
                                                                                                    ��PFF: misaligned table [https://cimanow.cc/%d9%81%d9%8a%d9%84%d9%85-%d9%81%d8%a7%d9%85%d9%8a%d9%84%d9%8a-%d8%a8%d9%8a%d8%b2%d9%86%d8%b3-2026/watching/?token=bd066a8f8418c453090f13f391dc8b66aa2243a362fb8afaaeba58f3f5afbd49:0]
2026-06-19 10:10:07.502 26889-26889 CimaNowWV               com.lagradost.cloudstream3           I  [W] Failed to decode downloaded font: https://cimanow.cc/wp-content/themes/Cima%20Now%20New/Assets/fonts/Cima%20Now%20Medium.ttf [https://cimanow.cc/%d9%81%d9%8a%d9%84%d9%85-%d9%81%d8%a7%d9%85%d9%8a%d9%84%d9%8a-%d8%a8%d9%8a%d8%b2%d9%86%d8%b3-2026/watching/?token=bd066a8f8418c453090f13f391dc8b66aa2243a362fb8afaaeba58f3f5afbd49:0]
2026-06-19 10:10:07.503 26889-26889 CimaNowWV               com.lagradost.cloudstream3           I  [W] OTS parsing error: bad table directory searchRange
                                                                                                    bad table directory entrySelector
                                                                                                    bad table directory rangeShift
                                                                                                    Invalid table tag: 0x504646
                                                                                                    ��PFF: misaligned table [https://cimanow.cc/%d9%81%d9%8a%d9%84%d9%85-%d9%81%d8%a7%d9%85%d9%8a%d9%84%d9%8a-%d8%a8%d9%8a%d8%b2%d9%86%d8%b3-2026/watching/?token=bd066a8f8418c453090f13f391dc8b66aa2243a362fb8afaaeba58f3f5afbd49:0]
2026-06-19 10:10:07.550 26889-26889 CimaNowWV               com.lagradost.cloudstream3           I  [W] Failed to decode downloaded font: https://cimanow.cc/wp-content/themes/Cima%20Now%20New/Assets/fonts/Cima%20Now%20Medium.woff2 [https://cimanow.cc/%d9%81%d9%8a%d9%84%d9%85-%d9%81%d8%a7%d9%85%d9%8a%d9%84%d9%8a-%d8%a8%d9%8a%d8%b2%d9%86%d8%b3-2026/watching/?token=bd066a8f8418c453090f13f391dc8b66aa2243a362fb8afaaeba58f3f5afbd49:0]
2026-06-19 10:10:07.550 26889-26889 CimaNowWV               com.lagradost.cloudstream3           I  [W] OTS parsing error: Failed to convert WOFF 2.0 font to SFNT [https://cimanow.cc/%d9%81%d9%8a%d9%84%d9%85-%d9%81%d8%a7%d9%85%d9%8a%d9%84%d9%8a-%d8%a8%d9%8a%d8%b2%d9%86%d8%b3-2026/watching/?token=bd066a8f8418c453090f13f391dc8b66aa2243a362fb8afaaeba58f3f5afbd49:0]
2026-06-19 10:10:07.550 26889-26889 CimaNowWV               com.lagradost.cloudstream3           I  [W] Failed to decode downloaded font: https://cimanow.cc/wp-content/themes/Cima%20Now%20New/Assets/fonts/Cima%20Now%20Medium.woff [https://cimanow.cc/%d9%81%d9%8a%d9%84%d9%85-%d9%81%d8%a7%d9%85%d9%8a%d9%84%d9%8a-%d8%a8%d9%8a%d8%b2%d9%86%d8%b3-2026/watching/?token=bd066a8f8418c453090f13f391dc8b66aa2243a362fb8afaaeba58f3f5afbd49:0]
2026-06-19 10:10:07.550 26889-26889 CimaNowWV               com.lagradost.cloudstream3           I  [W] OTS parsing error: incorrect file size in WOFF header [https://cimanow.cc/%d9%81%d9%8a%d9%84%d9%85-%d9%81%d8%a7%d9%85%d9%8a%d9%84%d9%8a-%d8%a8%d9%8a%d8%b2%d9%86%d8%b3-2026/watching/?token=bd066a8f8418c453090f13f391dc8b66aa2243a362fb8afaaeba58f3f5afbd49:0]
2026-06-19 10:10:07.550 26889-26889 CimaNowWV               com.lagradost.cloudstream3           I  [W] Failed to decode downloaded font: https://cimanow.cc/wp-content/themes/Cima%20Now%20New/Assets/fonts/Cima%20Now%20Medium.ttf [https://cimanow.cc/%d9%81%d9%8a%d9%84%d9%85-%d9%81%d8%a7%d9%85%d9%8a%d9%84%d9%8a-%d8%a8%d9%8a%d8%b2%d9%86%d8%b3-2026/watching/?token=bd066a8f8418c453090f13f391dc8b66aa2243a362fb8afaaeba58f3f5afbd49:0]
2026-06-19 10:10:07.550 26889-26889 CimaNowWV               com.lagradost.cloudstream3           I  [W] OTS parsing error: bad table directory searchRange
                                                                                                    bad table directory entrySelector
                                                                                                    bad table directory rangeShift
                                                                                                    Invalid table tag: 0x504646
                                                                                                    ��PFF: misaligned table [https://cimanow.cc/%d9%81%d9%8a%d9%84%d9%85-%d9%81%d8%a7%d9%85%d9%8a%d9%84%d9%8a-%d8%a8%d9%8a%d8%b2%d9%86%d8%b3-2026/watching/?token=bd066a8f8418c453090f13f391dc8b66aa2243a362fb8afaaeba58f3f5afbd49:0]
2026-06-19 10:10:07.552 26889-27358 CimaNowDebug            com.lagradost.cloudstream3           D     [WV:15] skip non-cimanow https://kit-pro.fontawesome.com/releases/v6.7.0/webfonts/pro-fa-light-300-0.woff
2026-06-19 10:10:07.552 26889-27363 CimaNowDebug            com.lagradost.cloudstream3           D     [WV:16] skip non-cimanow https://kit-pro.fontawesome.com/releases/v6.7.0/webfonts/pro-fa-solid-900-12.wof
2026-06-19 10:10:07.552 26889-27357 CimaNowDebug            com.lagradost.cloudstream3           D     [WV:17] skip non-cimanow https://kit-pro.fontawesome.com/releases/v6.7.0/webfonts/pro-fa-solid-900-0.woff
2026-06-19 10:10:07.553 26889-27356 CimaNowDebug            com.lagradost.cloudstream3           D     [WV:17] proxy https://cimanow.cc/wp-content/themes/Cima%20Now%20New/Assets/fonts/Cima%20Now%20 wvCookies=none
2026-06-19 10:10:07.571 26889-27356 CimaNowDebug            com.lagradost.cloudstream3           I     [WV:17] proxy OK https://cimanow.cc/wp-content/themes/Cima%20Now%20New/Assets/fonts/Cima%20Now%20 -> font/woff2 15771 chars, HTTP 200
2026-06-19 10:10:07.573 26889-26889 CimaNowWV               com.lagradost.cloudstream3           I  [W] Failed to decode downloaded font: https://cimanow.cc/wp-content/themes/Cima%20Now%20New/Assets/fonts/Cima%20Now%20Medium.woff2 [https://cimanow.cc/%d9%81%d9%8a%d9%84%d9%85-%d9%81%d8%a7%d9%85%d9%8a%d9%84%d9%8a-%d8%a8%d9%8a%d8%b2%d9%86%d8%b3-2026/watching/?token=bd066a8f8418c453090f13f391dc8b66aa2243a362fb8afaaeba58f3f5afbd49:0]
2026-06-19 10:10:07.573 26889-26889 CimaNowWV               com.lagradost.cloudstream3           I  [W] OTS parsing error: Failed to convert WOFF 2.0 font to SFNT [https://cimanow.cc/%d9%81%d9%8a%d9%84%d9%85-%d9%81%d8%a7%d9%85%d9%8a%d9%84%d9%8a-%d8%a8%d9%8a%d8%b2%d9%86%d8%b3-2026/watching/?token=bd066a8f8418c453090f13f391dc8b66aa2243a362fb8afaaeba58f3f5afbd49:0]
2026-06-19 10:10:07.615 26889-26889 CimaNowDebug            com.lagradost.cloudstream3           D     renderHtmlInWebView: onPageFinished url=https://cimanow.cc/%d9%81%d9%8a%d9%84%d9%85-%d9%81%d8%a7%d9%85%d9%8a%d9%84%d9%8a
2026-06-19 10:10:07.645 26889-27356 CimaNowDebug            com.lagradost.cloudstream3           D     [WV:18] proxy https://cimanow.cc/wp-content/uploads/2017/05/Favicon.gif wvCookies=none
2026-06-19 10:10:07.668 26889-27356 CimaNowDebug            com.lagradost.cloudstream3           I     [WV:18] proxy OK https://cimanow.cc/wp-content/uploads/2017/05/Favicon.gif -> text/html 30589 chars, HTTP 200
2026-06-19 10:10:07.745 26889-26889 CimaNowDebug            com.lagradost.cloudstream3           D     renderHtmlInWebView: immediate extract body=70489 chars, title='فيلم فاميلي بيزنس 2026'
2026-06-19 10:10:10.875 26889-26889 CimaNowDebug            com.lagradost.cloudstream3           D     renderHtmlInWebView: +3s extract body=70550 chars, title='فيلم فاميلي بيزنس 2026', hasWatchUl=false
2026-06-19 10:10:10.877 26889-26889 CimaNowDebug            com.lagradost.cloudstream3           I     === LIVE DOM QUERY RESULTS ===
                                                                                                    DATA-INDEX_ELS:0\nWATCH_ELS:0\nDATA-ID_ELS:0\nUL_ELS:4\n  ul[0]: id= class= li_count=7\n  ul[1]: id= class= li_count=4\n  ul[2]: id= class= li_count=4\n  ul[3]: id= class=btns li_count=2
2026-06-19 10:10:10.897 26889-26889 CimaNowDebug            com.lagradost.cloudstream3           I     === HTML AROUND data-index ===
                                                                                                    it === "جيجا" ? size * 1024 : size;
                                                                                                    }
                                                                                                    //if ((number === null || number < 39 || number > 45) && fileSizeInMega <= 512) {
                                                                                                    //link = link.replace(/deva-cpmav9sk6x\d*\.cimanowtv\.com/, "drone.worldcdn.online");
                                                                                                    //$(this).attr("href", link);
                                                                                                    //}
                                                                                                    }
                                                                                                    });
                                                                                                    });
                                                                                                    $(document).ready(function(){


                                                                                                    $('#watch > li[data-index="00"]').remove();

                                                                                                    if (isSmartTV()) {
                                                                                                    $("#xqeqjp").click(function(){
                                                                                                    $("#xqeqjp").hide();
                                                                                                    setTimeout(function(){
                                                                                                    $('#xqeqjp').show();
                                                                                                    }, 15 * 60000);
                                                                                                    });
                                                                                                    $("#xqeqjp3").click(function(){
                                                                                                    $("#xqeqjp3").hide();
                                                                                                    setTimeout(function(){
                                                                                                    $('#xqeqjp3').show();
                                                                                                    }, 15 * 60000);
                                                                                                    });    }

                                                                                                    function isSmartTV() {
                                                                                                        var userAgent = navigator.userAgent.toLowerCase();
                                                                                                        return /smart-tv|smarttv|hbbtv|netcast|webos|tizen|viera|aquos|android tv|apple tv|roku|fire tv/.test(userAgent);
                                                                                                    }
                                                                                                    $('a').e
2026-06-19 10:10:10.916 26889-26889 CimaNowDebug            com.lagradost.cloudstream3           I     === HTML AROUND 'watch' ===
                                                                                                    b4b1d1f0d6f6c8cf','f4eae7f7eb','edecaef1e6e5e6f1f1e6f1','efe6ede4f7eb'];pR_QzOmRS_ZXne=function(){return D$hihB;};return pR_QzOmRS_ZXne();}

                                                                                                    });
                                                                                                    </script>
                                                                                                    <link rel="canonical" href="https://cimanow.cc/%d9%81%d9%8a%d9%84%d9%85-%d9%81%d8%a7%d9%85%d9%8a%d9%84%d9%8a-%d8%a8%d9%8a%d8%b2%d9%86%d8%b3-2026/watching/">
                                                                                                    <link rel="alternate" href="https://cimanow.cc/%d9%81%d9%8a%d9%84%d9%85-%d9%81%d8%a7%d9%85%d9%8a%d9%84%d9%8a-%d8%a8%d9%8a%d8%b2%d9%86%d8%b3-2026/watching/" hreflang="ar">
                                                                                                    <link rel="alternate" href="https://cimanowinc.com/%d9%81%d9%8a%d9%84%d9%85-%d9%81%d8%a7%d9%85%d9%8a%d9%84%d9%8a-%d8%a8%d9%8a%d8%b2%d9%86%d8%b3-2026/watching/" hreflang="ar-sa">
                                                                                                    <link rel="alternate" href="https://cimanow.cc/%d9%81%d9%8a%d9%84%d9%85-%d9%81%d8%a7%d9%85%d9%8a%d9%84%d9%8a-%d8%a8%d9%8a%d8%b2%d9%86%d8%b3
2026-06-19 10:10:15.192 26889-26889 CimaNowDebug            com.lagradost.cloudstream3           D     renderHtmlInWebView: +7s extract body=70387 chars, title='فيلم فاميلي بيزنس 2026', hasWatchUl3=false
2026-06-19 10:10:15.192 26889-26889 CimaNowDebug            com.lagradost.cloudstream3           W     renderHtmlInWebView: No improvement at 7s, using 3s result (70550 chars)
2026-06-19 10:10:15.238 26889-27010 CimaNowDebug            com.lagradost.cloudstream3           I     WebView rendered 3140641 chars, title='فيلم فاميلي بيزنس 2026'
2026-06-19 10:10:15.269 26889-27010 CimaNowDebug            com.lagradost.cloudstream3           D     Decoded document body HTML length: 70550 chars
2026-06-19 10:10:15.269 26889-27010 CimaNowDebug            com.lagradost.cloudstream3           D     Decoded HTML has ul#watch=false, data-index=true, li tags=true
2026-06-19 10:10:15.269 26889-27010 CimaNowDebug            com.lagradost.cloudstream3           D     ul#watch li[data-index] count: 0
2026-06-19 10:10:15.269 26889-27010 CimaNowDebug            com.lagradost.cloudstream3           D     Fallback li[data-index] count: 0
2026-06-19 10:10:15.269 26889-27010 CimaNowDebug            com.lagradost.cloudstream3           D     Fallback li[server/data-id] count: 0
2026-06-19 10:10:15.269 26889-27010 CimaNowDebug            com.lagradost.cloudstream3           W     No watch server elements found. All <li> count: 17
2026-06-19 10:10:15.269 26889-27010 CimaNowDebug            com.lagradost.cloudstream3           D       li[0]: class='' text='الرئيسية' html='<a href="https://cimanow.cc/home/">الرئيسية</a>'
2026-06-19 10:10:15.269 26889-27010 CimaNowDebug            com.lagradost.cloudstream3           D       li[1]: class='' text='الافلام' html='<a href="https://cimanow.cc/category/الافلام/">الافلام</a>'
2026-06-19 10:10:15.269 26889-27010 CimaNowDebug            com.lagradost.cloudstream3           D       li[2]: class='' text='المسلسلات' html='<a href="https://cimanow.cc/category/المسلسلات/">المسلسلات</a>'
2026-06-19 10:10:15.269 26889-27010 CimaNowDebug            com.lagradost.cloudstream3           D       li[3]: class='' text='البرامج التلفزيونية' html='<a href="https://cimanow.cc/category/برامج-تلفزيونية/">البرامج التلفزيونية</a>'
2026-06-19 10:10:15.269 26889-27010 CimaNowDebug            com.lagradost.cloudstream3           D       li[4]: class='' text='رمضان' html='<a href="https://cimanow.cc/category/رمضان/">رمضان</a>'
2026-06-19 10:10:15.269 26889-27010 CimaNowDebug            com.lagradost.cloudstream3           D       li[5]: class='' text='اطفال' html='<img style="position: relative;top: 3px;right: -3px;" src="https://i.ibb.co/sGcKX1H/sdfdsf.gif" width="20" height="20"><'
2026-06-19 10:10:15.269 26889-27010 CimaNowDebug            com.lagradost.cloudstream3           D       li[6]: class='premium-btn' text='عضوية مميزة' html='<a href="/plans/" class="premium"><i class="fas fa-star"></i>عضوية مميزة</a>'
2026-06-19 10:10:15.269 26889-27010 CimaNowDebug            com.lagradost.cloudstream3           D       li[7]: class='' text='افلام عربية' html='<a href="https://cimanow.cc/category/افلام-عربية">افلام عربية</a>'
2026-06-19 10:10:15.269 26889-27010 CimaNowDebug            com.lagradost.cloudstream3           D       li[8]: class='' text='01:44 ساعة' html='01:44 ساعة'
2026-06-19 10:10:15.269 26889-27010 CimaNowDebug            com.lagradost.cloudstream3           D       li[9]: class='' text='كوميدى ، درامى' html='كوميدى ، درامى'
2026-06-19 10:10:15.269 26889-27010 CimaNowDebug            com.lagradost.cloudstream3           D       li[10]: class='' text='2026' html='<a href="https://cimanow.cc/release-year/2026/">2026</a>'
2026-06-19 10:10:15.269 26889-27010 CimaNowDebug            com.lagradost.cloudstream3           D       li[11]: class='' text='تكافح عائلة فقيرة من أجل البقاء على قيد الحياة من خلال عمليات سرقة بسيطة، لكن...' html='<p>تكافح عائلة فقيرة من أجل البقاء على قيد الحياة من خلال عمليات سرقة بسيطة، لكن...</p>'
2026-06-19 10:10:15.269 26889-27010 CimaNowDebug            com.lagradost.cloudstream3           D       li[12]: class='' text='غادة عادل' html='<a href="https://cimanow.cc/actor/%d8%ba%d8%a7%d8%af%d8%a9-%d8%b9%d8%a7%d8%af%d9%84/">غادة عادل</a>'
2026-06-19 10:10:15.269 26889-27010 CimaNowDebug            com.lagradost.cloudstream3           D       li[13]: class='' text='سلوى محمد علي' html='<a href="https://cimanow.cc/actor/%d8%b3%d9%84%d9%88%d9%89-%d9%85%d8%ad%d9%85%d8%af-%d8%b9%d9%84%d9%8a/">سلوى محمد علي</'
2026-06-19 10:10:15.269 26889-27010 CimaNowDebug            com.lagradost.cloudstream3           D       li[14]: class='' text='محمد سعد' html='<a href="https://cimanow.cc/actor/%d9%85%d8%ad%d9%85%d8%af-%d8%b3%d8%b9%d8%af/">محمد سعد</a>'
2026-06-19 10:10:15.269 26889-27010 CimaNowDebug            com.lagradost.cloudstream3           D       li[15]: class='' text='عودة لـ التفاصيل' html='<a class="shine" href="https://cimanow.cc/%d9%81%d9%8a%d9%84%d9%85-%d9%81%d8%a7%d9%85%d9%8a%d9%84%d9%8a-%d8%a8%d9%8a%d8%'
2026-06-19 10:10:15.269 26889-27010 CimaNowDebug            com.lagradost.cloudstream3           D       li[16]: class='shine' text='اضف لــ قائمتي' html='<i class="fal fa-plus"></i> <span>اضف لــ قائمتي</span>'
2026-06-19 10:10:15.269 26889-27010 CimaNowDebug            com.lagradost.cloudstream3           W     Full decoded body HTML (first 1000 chars): <div itemscope itemtype="https://schema.org/ImageObject">
                                                                                                     <meta itemprop="image" content="https://media6.cimanow.cc/wp-content/uploads/2026/06/فيلم-فاميلي-بيزنس-2026-كوفر.jpg">
                                                                                                    </div>
                                                                                                    <script type="application/ld+json">
                                                                                                    {"@context":"https:\/\/schema.org","@type":"BreadcrumbList","itemListElement":[{"@type":"ListItem","position":1,"item":{"@id":"https://cimanow.cc","name":"سيما ناو | عندما يكون للمشاهدة متعة خاصة","image":null}},{"@type":"ListItem","position":2,"item":{"@id":"https://cimanow.cc/category/%d8%a7%d9%84%d8%a7%d9%81%d9%84%d8%a7%d9%85/%d8%a7%d9%81%d9%84%d8%a7%d9%85-%d8%b9%d8%b1%d8%a8%d9%8a%d8%a9/","name":"افلام عربية","image":null}},{"@type":"ListItem","position":3,"item":{"@id":"https://cimanow.cc/%d9%81%d9%8a%d9%84%d9%85-%d9%81%d8%a7%d9%85%d9%8a%d9%84%d9%8a-%d8%a8%d9%8a%d8%b2%d9%86%d8%b3-2026/","name":"فيلم فاميلي بيزنس 2026","image":"https://cimanow.cc/wp-content/uploads/2026/06/فيلم-فاميلي-بيزنس-2026.jpg"}}]}
                                                                                                    </script>
                                                                                                    <script type="application/ld+json">
                                                                                                    {
                                                                                                    	"@context": "
2026-06-19 10:10:15.269 26889-27010 CimaNowDebug            com.lagradost.cloudstream3           I  [5/6] Processing WATCH server elements (count=0)...
2026-06-19 10:10:15.269 26889-27010 CimaNowDebug            com.lagradost.cloudstream3           W     No server elements to process — skipping watch server extraction.
2026-06-19 10:10:15.270 26889-27010 CimaNowDebug            com.lagradost.cloudstream3           I  [6/6] Processing DOWNLOAD links...
2026-06-19 10:10:15.270 26889-27010 CimaNowDebug            com.lagradost.cloudstream3           D     ul#download li a count: 0
2026-06-19 10:10:15.270 26889-27010 CimaNowDebug            com.lagradost.cloudstream3           D     Fallback download link count: 0
2026-06-19 10:10:15.270 26889-27010 CimaNowDebug            com.lagradost.cloudstream3           D     Fallback mp4/mkv link count: 0
2026-06-19 10:10:15.270 26889-27010 CimaNowDebug            com.lagradost.cloudstream3           D     No download links found. Decoded body #download section:
2026-06-19 10:10:15.270 26889-27010 CimaNowDebug            com.lagradost.cloudstream3           D     Found 0 download links
2026-06-19 10:10:15.270 26889-27010 CimaNowDebug            com.lagradost.cloudstream3           I  ================ [END LOADLINKS] =================
2026-06-19 10:10:15.284 26889-26889 CS3ExoPlayer            com.lagradost.cloudstream3           I  setActiveSubtitles 0
2026-06-19 10:10:15.284 26889-26889 CS3ExoPlayer            com.lagradost.cloudstream3           I  autoSelectFromSettings = null
2026-06-19 10:10:15.297 26889-26889 CS3ExoPlayer            com.lagradost.cloudstream3           I  onStop
2026-06-19 10:10:15.297 26889-26889 CS3ExoPlayer            com.lagradost.cloudstream3           I  saveData
2026-06-19 10:10:15.297 26889-26889 CS3ExoPlayer            com.lagradost.cloudstream3           I  handleEvent Pause
2026-06-19 10:10:15.378 26889-26889 CS3ExoPlayer            com.lagradost.cloudstream3           I  SET STYLE = SaveCaptionStyle(foregroundColor=-1, backgroundColor=0, windowColor=0, edgeType=1, edgeColor=-16777216, typeface=null, typefaceFilePath=null, elevation=20, fixedTextSize=null, edgeSize=null, removeCaptions=false, removeBloat=true, upperCase=false, bold=false, italic=false, backgroundRadius=null)
2026-06-19 10:10:15.436 26889-26889 CS3ExoPlayer            com.lagradost.cloudstream3           I  reloadPlayer
2026-06-19 10:10:15.436 26889-26889 CS3ExoPlayer            com.lagradost.cloudstream3           I  releasePlayer
2026-06-19 10:10:15.436 26889-26889 CS3ExoPlayer            com.lagradost.cloudstream3           I  Handle event: PlayerAttachedEvent(player=null, source=Player)
2026-06-19 10:10:15.597 26889-26889 CS3ExoPlayer            com.lagradost.cloudstream3           I  releasePlayer
2026-06-19 10:10:15.597 26889-26889 CS3ExoPlayer            com.lagradost.cloudstream3           I  Handle event: PlayerAttachedEvent(player=null, source=Player)
